64.00 56.00 -478702825.85 57.00 77.00 29.00
43.00 94.00
725101466.89 -29164856628099465014824970166555623403358158775575743488281561657470499439668267993510226609125113774640676187672486181143108726554624.00 -721639938.91
4126690812867468123638561041971145641682519719936.00 29.00
14.00 -362570331989277269387034285309952.00
83.00 -2663018426143411683481939769192315913450898493364086889223824469091026196385747762169899396111890426180719239756769412843320260524244992.00 inf -375153792588245197666393132130707514743970594816.00 14.00
22.00 26.00 77.00 -nan 83.00 1203790825577047132188231214301184.00
26.00 inf 52.00 1203790825577047132188231214301184.00 4.00 63.00
83.00 -2663018426143411683481939769192315913450898493364086889223824469091026196385747762169899396111890426180719239756769412843320260524244992.00 -1692752746060798381780227210563878315940051331995729660013778433394479295437438302746201883790808532133158806696536767987991390034719598955935629362396877815808.00
-inf 57.00 -nan -375153792588245197666393132130707514743970594816.00
51.00 -375153792588245197666393132130707514743970594816.00 29.00
-nan -29164856628099465014824970166555623403358158775575743488281561657470499439668267993510226609125113774640676187672486181143108726554624.00 88.00 -nan
-inf 66.00 14.00 -nan 51.00
29.00 63.00 -nan
29.00 -nan 66.00 57.00 57175944403292779797491265568082415845376.00 -375153792588245197666393132130707514743970594816.00
-1692752746060798381780227210563878315940051331995729660013778433394479295437438302746201883790808532133158806696536767987991390034719598955935629362396877815808.00 61.00 88.00 -nan
-nan -nan 15.00 -nan
-nan -nan -375153792588245197666393132130707514743970594816.00 -nan -inf -nan
-nan -nan
14.00 -nan -nan -nan 66.00
29.00 83.00 88.00 -inf
37.00 -nan 57.00 52.00 -nan
-375153792588245197666393132130707514743970594816.00 66.00 -nan 29.00
-375153792588245197666393132130707514743970594816.00 -nan -nan 3.00 -nan
-nan -nan 3.00 -nan -nan -nan
-nan 3.00 -nan -nan -nan 37.00
52.00 21.00 -nan
-nan -nan -nan 21.00 -nan
-nan -nan -nan -nan 3.00
