80.00 100.00 51.00 3.00 17.00 56.00
78.00 18.00 80.00 -201744877566052064.00
35.00 86.00 56.00 100.00
2759833603468992706019074244608.00 3.00 35.00 35.00
100.00 75.00
17.00 80.00
11.00 14.00
56.00 184326458324658653228284984792958653304007356497792119903252862401535769092963208547998165665578616282451248537663113325902300092711992981754844193467370366658872304187859248329655595605741253458657280.00 206673520157446068263653782663192860775115122889150502747245901996011086559911411592317675388853271640069495198166031652512935572262329074021934295163753783703454810552422708249364758784116524240260802641611173506026925665208296152005559871776010296282166147359319913834748322802786513480089463685120.00
86.00 17.00 1375218469172960744727471148475382522928695625506848966812746302239878938624.00 83.00
-nan -inf 184326458324658653228284984792958653304007356497792119903252862401535769092963208547998165665578616282451248537663113325902300092711992981754844193467370366658872304187859248329655595605741253458657280.00
206673520157446068263653782663192860775115122889150502747245901996011086559911411592317675388853271640069495198166031652512935572262329074021934295163753783703454810552422708249364758784116524240260802641611173506026925665208296152005559871776010296282166147359319913834748322802786513480089463685120.00 370150885309864642409549232419626945609728.00 -nan
88.00 5564.67 370150885309864642409549232419626945609728.00 40.00 -inf 17.00
29.00 -nan
51.00 49.00 100.00 -nan 29.00
-nan 30.00 370150885309864642409549232419626945609728.00
-nan 370150885309864642409549232419626945609728.00 -nan 70.00 100.00
88.00 -nan -nan 30.00 -nan 40.00
70.00 -nan -inf
24.00 49.00 -nan 30.00
42.00 83.00 -nan
-nan -nan -nan 30.00 -nan
42.00 -nan -nan
88.00 -nan
-nan -nan
-nan -nan 88.00 -nan
-nan -nan
-nan 88.00
