32.00 15.00
17.00 37.00 83.00
23.00 -53123954104971066081280.00 51.00
73.00 52.00 17.00 3.00 76.00 3.00
3.00 74.00 -98410104377597341664004939333396070400.00 19.00
61.00 37.00 52.00 -53123954104971066081280.00
80.00 15.00 61.00
5296037746250180779794964544901790697937573340861540859904.00 -225122673661447771900910501888.00 3851917691848133229240541137316287527991638755377152.00
3.00 4814897114810002543046696457649539902793486356709376.00 -3986876691167534099932824734817541388064342287967940514527213490147607369286418384727180515393487973670916144489844919991940787807977472.00 30.00 61.00 -487412888645361.19
4814897114810002543046696457649539902793486356709376.00 73.00
605714471526968113695812778365369613514067937052086781762830475140677521689679467201771508328610282546468216706769747196845455056364262574887133601830882553914637644835460288422543387953333473853602864303941762416640.00 -487412888645361.19
52.00 65.00 73.00 46.00
35.00 19.00 82.00
3.00 inf
-nan -nan -inf
73.00 -487412888645361.19 -98410104377597341664004939333396070400.00 -nan inf 4814897114810002543046696457649539902793486356709376.00
-53123954104971066081280.00 -nan 74.00 19.00 3.00
19.00 -98410104377597341664004939333396070400.00 -nan 82.00
6455751195747647426151855668739186881790834016926365956500142440106907378176496637472668324083066751032492032.00 52.00 -487412888645361.19 -nan
-nan -inf inf
inf -nan -nan
-nan -nan -3986876691167534099932824734817541388064342287967940514527213490147607369286418384727180515393487973670916144489844919991940787807977472.00
-nan -53123954104971066081280.00
49.00 30.00 -98410104377597341664004939333396070400.00
-nan 30.00 49.00 -nan -nan -nan
58.00 -nan -nan
-nan -nan
