                                                               #
                                                            ####
                                                                
                                                            #   
                                                   #   #   #   #
                                                ################
                                                                
                                                #   #   #   #   
                                                                
                                                                
                                                                
                                                                
                                                   #            
                                                ####            
                                                                
                                                #               
               #               #               #               #
            ####            ####            ####            ####
                                                                
            #               #               #               #   
   #   #   #   #   #   #   #   #   #   #   #   #   #   #   #   #
################################################################
                                                                
#   #   #   #   #   #   #   #   #   #   #   #   #   #   #   #   
                                                                
                                                                
                                                                
                                                                
   #               #               #               #            
####            ####            ####            ####            
                                                                
#               #               #               #               
                                                                
                                                                
                                                                
                                                                
                                                                
                                                                
                                                                
                                                                
                                                                
                                                                
                                                                
                                                                
                                                                
                                                                
                                                                
                                                                
               #                                                
            ####                                                
                                                                
            #                                                   
   #   #   #   #                                                
################                                                
                                                                
#   #   #   #                                                   
                                                                
                                                                
                                                                
                                                                
   #                                                            
####                                                            
                                                                
#                                                               
                                          ++  ++          ++  ++
                                                                
                                           +   +           +   +
                                                                
                                                                
                                                                
                                                                
                                                                
                                              ++              ++
                                                                
                                               +               +
                                                                
                                                                
                                                                
                                                                
                                                                
                                                                
                                                                
                                                                
                                                                
                                                                
                                                                
                                                                
                                                                
                                                                
                                                                
                                                                
                                                                
                                                                
                                                                
                                                                
                                                                
                                                          ++  ++
                                                                
                                                           +   +
                                                                
                                                                
                                                                
                                                                
                                                                
                                                              ++
                                                                
                                                               +
                                                                
                                                                
                                                                
                                                                
                                                                
                                                                
                                                                
                                                                
                                                                
                                                                
                                                                
                                                                
                                                                
                                                                
                                                                
                                                                
                                                                
                                                                
                                                                
                                                                
                                                                
XX XXXX XX     XX XXXX XX
XXXXXXXXXX     XXXXXXXXXX
XXX XXXX X     XXX XXXX X
 X X  X X       X X  X X 
  XXX  XXX       XXX  XXX
XX XXXX XXXX XXXX XXXX XX
XXXXXXXXXXXXXXXXXXXXXXXXX
XXX XXXX XXXX XXXX XXXX X
 X X  X X  X X  X X  X X 
  XXX  XXX  XXX  XXX  XXX
XX XXXX XXXX XX     XX XX
XXXXXXXXXXXXXXX     XXXXX
XXX XXXX XXXX X     XXX X
 X X  X X  X X       X X 
  XXX  XXX  XXX       XXX
     XX XX     XX XX     
     XXXXX     XXXXX     
     XXX X     XXX X     
      X X       X X      
       XXX       XXX     
          XX XXXX XXXX XX
          XXXXXXXXXXXXXXX
          XXX XXXX XXXX X
           X X  X X  X X 
            XXX  XXX  XXX
                           
                           
                           
                           
                           
                           
                           
                           
                           
                           
                           
                           
                           
*                          
 *                         
                           
   *                       
    *                      
                           
                           
                           
                           
         *                 
          *                
                           
            *              
             *             
