# #     # #                     # #     # #                                                                                     # #     # #                     # #     # #                                                                                     
####    ####                    ####    ####                                                                                    ####    ####                    ####    ####                                                                                    
####    ####                    ####    ####                                                                                    ####    ####                    ####    ####                                                                                    
####    ####                    ####    ####                                                                                    ####    ####                    ####    ####                                                                                    
# # # # # # # #                 # # # # # # # #                                                                                 # # # # # # # #                 # # # # # # # #                                                                                 
################                ################                                                                                ################                ################                                                                                
################                ################                                                                                ################                ################                                                                                
################                ################                                                                                ################                ################                                                                                
# # # # # # # #                 # # # # # # # #                                                                                 # # # # # # # #                 # # # # # # # #                                                                                 
################                ################                                                                                ################                ################                                                                                
################                ################                                                                                ################                ################                                                                                
################                ################                                                                                ################                ################                                                                                
# # # # # # # #                 # # # # # # # #                                                                                 # # # # # # # #                 # # # # # # # #                                                                                 
################                ################                                                                                ################                ################                                                                                
################                ################                                                                                ################                ################                                                                                
################                ################                                                                                ################                ################                                                                                
# #     # #     # #     # #     # #     # #     # #     # #                                                                     # #     # #     # #     # #     # #     # #     # #     # #                                                                     
####    ####    ####    ####    ####    ####    ####    ####                                                                    ####    ####    ####    ####    ####    ####    ####    ####                                                                    
####    ####    ####    ####    ####    ####    ####    ####                                                                    ####    ####    ####    ####    ####    ####    ####    ####                                                                    
####    ####    ####    ####    ####    ####    ####    ####                                                                    ####    ####    ####    ####    ####    ####    ####    ####                                                                    
# # # # # # # # # # # # # # # # # # # # # # # # # # # # # # # #                                                                 # # # # # # # # # # # # # # # # # # # # # # # # # # # # # # # #                                                                 
################################################################                                                                ################################################################                                                                
################################################################                                                                ################################################################                                                                
################################################################                                                                ################################################################                                                                
# # # # # # # # # # # # # # # # # # # # # # # # # # # # # # # #                                                                 # # # # # # # # # # # # # # # # # # # # # # # # # # # # # # # #                                                                 
################################################################                                                                ################################################################                                                                
################################################################                                                                ################################################################                                                                
################################################################                                                                ################################################################                                                                
# # # # # # # # # # # # # # # # # # # # # # # # # # # # # # # #                                                                 # # # # # # # # # # # # # # # # # # # # # # # # # # # # # # # #                                                                 
################################################################                                                                ################################################################                                                                
################################################################                                                                ################################################################                                                                
################################################################                                                                ################################################################                                                                
# #     # #     # #     # #     # #     # #     # #     # #                                                                     # #     # #     # #     # #     # #     # #     # #     # #                                                                     
####    ####    ####    ####    ####    ####    ####    ####                                                                    ####    ####    ####    ####    ####    ####    ####    ####                                                                    
####    ####    ####    ####    ####    ####    ####    ####                                                                    ####    ####    ####    ####    ####    ####    ####    ####                                                                    
####    ####    ####    ####    ####    ####    ####    ####                                                                    ####    ####    ####    ####    ####    ####    ####    ####                                                                    
# # # # # # # # # # # # # # # # # # # # # # # # # # # # # # # #                                                                 # # # # # # # # # # # # # # # # # # # # # # # # # # # # # # # #                                                                 
################################################################                                                                ################################################################                                                                
################################################################                                                                ################################################################                                                                
################################################################                                                                ################################################################                                                                
# # # # # # # # # # # # # # # # # # # # # # # # # # # # # # # #                                                                 # # # # # # # # # # # # # # # # # # # # # # # # # # # # # # # #                                                                 
################################################################                                                                ################################################################                                                                
################################################################                                                                ################################################################                                                                
################################################################                                                                ################################################################                                                                
# # # # # # # # # # # # # # # # # # # # # # # # # # # # # # # #                                                                 # # # # # # # # # # # # # # # # # # # # # # # # # # # # # # # #                                                                 
################################################################                                                                ################################################################                                                                
################################################################                                                                ################################################################                                                                
################################################################                                                                ################################################################                                                                
# #     # #     # #     # #     # #     # #     # #     # #                                                                     # #     # #     # #     # #     # #     # #     # #     # #                                                                     
####    ####    ####    ####    ####    ####    ####    ####                                                                    ####    ####    ####    ####    ####    ####    ####    ####                                                                    
####    ####    ####    ####    ####    ####    ####    ####                                                                    ####    ####    ####    ####    ####    ####    ####    ####                                                                    
####    ####    ####    ####    ####    ####    ####    ####                                                                    ####    ####    ####    ####    ####    ####    ####    ####                                                                    
# # # # # # # # # # # # # # # # # # # # # # # # # # # # # # # #                                                                 # # # # # # # # # # # # # # # # # # # # # # # # # # # # # # # #                                                                 
################################################################                                                                ################################################################                                                                
################################################################                                                                ################################################################                                                                
################################################################                                                                ################################################################                                                                
# # # # # # # # # # # # # # # # # # # # # # # # # # # # # # # #                                                                 # # # # # # # # # # # # # # # # # # # # # # # # # # # # # # # #                                                                 
################################################################                                                                ################################################################                                                                
################################################################                                                                ################################################################                                                                
################################################################                                                                ################################################################                                                                
# # # # # # # # # # # # # # # # # # # # # # # # # # # # # # # #                                                                 # # # # # # # # # # # # # # # # # # # # # # # # # # # # # # # #                                                                 
################################################################                                                                ################################################################                                                                
################################################################                                                                ################################################################                                                                
################################################################                                                                ################################################################                                                                
# #     # #                     # #     # #                     # #     # #                     # #     # #                     # #     # #                     # #     # #                     # #     # #                     # #     # #                     
####    ####                    ####    ####                    ####    ####                    ####    ####                    ####    ####                    ####    ####                    ####    ####                    ####    ####                    
####    ####                    ####    ####                    ####    ####                    ####    ####                    ####    ####                    ####    ####                    ####    ####                    ####    ####                    
####    ####                    ####    ####                    ####    ####                    ####    ####                    ####    ####                    ####    ####                    ####    ####                    ####    ####                    
# # # # # # # #                 # # # # # # # #                 # # # # # # # #                 # # # # # # # #                 # # # # # # # #                 # # # # # # # #                 # # # # # # # #                 # # # # # # # #                 
################                ################                ################                ################                ################                ################                ################                ################                
################                ################                ################                ################                ################                ################                ################                ################                
################                ################                ################                ################                ################                ################                ################                ################                
# # # # # # # #                 # # # # # # # #                 # # # # # # # #                 # # # # # # # #                 # # # # # # # #                 # # # # # # # #                 # # # # # # # #                 # # # # # # # #                 
################                ################                ################                ################                ################                ################                ################                ################                
################                ################                ################                ################                ################                ################                ################                ################                
################                ################                ################                ################                ################                ################                ################                ################                
# # # # # # # #                 # # # # # # # #                 # # # # # # # #                 # # # # # # # #                 # # # # # # # #                 # # # # # # # #                 # # # # # # # #                 # # # # # # # #                 
################                ################                ################                ################                ################                ################                ################                ################                
################                ################                ################                ################                ################                ################                ################                ################                
################                ################                ################                ################                ################                ################                ################                ################                
# #     # #     # #     # #     # #     # #     # #     # #     # #     # #     # #     # #     # #     # #     # #     # #     # #     # #     # #     # #     # #     # #     # #     # #     # #     # #     # #     # #     # #     # #     # #     # #     
####    ####    ####    ####    ####    ####    ####    ####    ####    ####    ####    ####    ####    ####    ####    ####    ####    ####    ####    ####    ####    ####    ####    ####    ####    ####    ####    ####    ####    ####    ####    ####    
####    ####    ####    ####    ####    ####    ####    ####    ####    ####    ####    ####    ####    ####    ####    ####    ####    ####    ####    ####    ####    ####    ####    ####    ####    ####    ####    ####    ####    ####    ####    ####    
####    ####    ####    ####    ####    ####    ####    ####    ####    ####    ####    ####    ####    ####    ####    ####    ####    ####    ####    ####    ####    ####    ####    ####    ####    ####    ####    ####    ####    ####    ####    ####    
# # # # # # # # # # # # # # # # # # # # # # # # # # # # # # # # # # # # # # # # # # # # # # # # # # # # # # # # # # # # # # # # # # # # # # # # # # # # # # # # # # # # # # # # # # # # # # # # # # # # # # # # # # # # # # # # # # # # # # # # # # # # # # # # 
################################################################################################################################################################################################################################################################
################################################################################################################################################################################################################################################################
################################################################################################################################################################################################################################################################
# # # # # # # # # # # # # # # # # # # # # # # # # # # # # # # # # # # # # # # # # # # # # # # # # # # # # # # # # # # # # # # # # # # # # # # # # # # # # # # # # # # # # # # # # # # # # # # # # # # # # # # # # # # # # # # # # # # # # # # # # # # # # # # # 
################################################################################################################################################################################################################################################################
################################################################################################################################################################################################################################################################
################################################################################################################################################################################################################################################################
# # # # # # # # # # # # # # # # # # # # # # # # # # # # # # # # # # # # # # # # # # # # # # # # # # # # # # # # # # # # # # # # # # # # # # # # # # # # # # # # # # # # # # # # # # # # # # # # # # # # # # # # # # # # # # # # # # # # # # # # # # # # # # # # 
################################################################################################################################################################################################################################################################
################################################################################################################################################################################################################################################################
################################################################################################################################################################################################################################################################
# #     # #     # #     # #     # #     # #     # #     # #     # #     # #     # #     # #     # #     # #     # #     # #     # #     # #     # #     # #     # #     # #     # #     # #     # #     # #     # #     # #     # #     # #     # #     # #     
####    ####    ####    ####    ####    ####    ####    ####    ####    ####    ####    ####    ####    ####    ####    ####    ####    ####    ####    ####    ####    ####    ####    ####    ####    ####    ####    ####    ####    ####    ####    ####    
####    ####    ####    ####    ####    ####    ####    ####    ####    ####    ####    ####    ####    ####    ####    ####    ####    ####    ####    ####    ####    ####    ####    ####    ####    ####    ####    ####    ####    ####    ####    ####    
####    ####    ####    ####    ####    ####    ####    ####    ####    ####    ####    ####    ####    ####    ####    ####    ####    ####    ####    ####    ####    ####    ####    ####    ####    ####    ####    ####    ####    ####    ####    ####    
# # # # # # # # # # # # # # # # # # # # # # # # # # # # # # # # # # # # # # # # # # # # # # # # # # # # # # # # # # # # # # # # # # # # # # # # # # # # # # # # # # # # # # # # # # # # # # # # # # # # # # # # # # # # # # # # # # # # # # # # # # # # # # # # 
################################################################################################################################################################################################################################################################
################################################################################################################################################################################################################################################################
################################################################################################################################################################################################################################################################
# # # # # # # # # # # # # # # # # # # # # # # # # # # # # # # # # # # # # # # # # # # # # # # # # # # # # # # # # # # # # # # # # # # # # # # # # # # # # # # # # # # # # # # # # # # # # # # # # # # # # # # # # # # # # # # # # # # # # # # # # # # # # # # # 
################################################################################################################################################################################################################################################################
################################################################################################################################################################################################################################################################
################################################################################################################################################################################################################################################################
# # # # # # # # # # # # # # # # # # # # # # # # # # # # # # # # # # # # # # # # # # # # # # # # # # # # # # # # # # # # # # # # # # # # # # # # # # # # # # # # # # # # # # # # # # # # # # # # # # # # # # # # # # # # # # # # # # # # # # # # # # # # # # # # 
################################################################################################################################################################################################################################################################
################################################################################################################################################################################################################################################################
################################################################################################################################################################################################################################################################
# #     # #     # #     # #     # #     # #     # #     # #     # #     # #     # #     # #     # #     # #     # #     # #     # #     # #     # #     # #     # #     # #     # #     # #     # #     # #     # #     # #     # #     # #     # #     # #     
####    ####    ####    ####    ####    ####    ####    ####    ####    ####    ####    ####    ####    ####    ####    ####    ####    ####    ####    ####    ####    ####    ####    ####    ####    ####    ####    ####    ####    ####    ####    ####    
####    ####    ####    ####    ####    ####    ####    ####    ####    ####    ####    ####    ####    ####    ####    ####    ####    ####    ####    ####    ####    ####    ####    ####    ####    ####    ####    ####    ####    ####    ####    ####    
####    ####    ####    ####    ####    ####    ####    ####    ####    ####    ####    ####    ####    ####    ####    ####    ####    ####    ####    ####    ####    ####    ####    ####    ####    ####    ####    ####    ####    ####    ####    ####    
# # # # # # # # # # # # # # # # # # # # # # # # # # # # # # # # # # # # # # # # # # # # # # # # # # # # # # # # # # # # # # # # # # # # # # # # # # # # # # # # # # # # # # # # # # # # # # # # # # # # # # # # # # # # # # # # # # # # # # # # # # # # # # # # 
################################################################################################################################################################################################################################################################
################################################################################################################################################################################################################################################################
################################################################################################################################################################################################################################################################
# # # # # # # # # # # # # # # # # # # # # # # # # # # # # # # # # # # # # # # # # # # # # # # # # # # # # # # # # # # # # # # # # # # # # # # # # # # # # # # # # # # # # # # # # # # # # # # # # # # # # # # # # # # # # # # # # # # # # # # # # # # # # # # # 
################################################################################################################################################################################################################################################################
################################################################################################################################################################################################################################################################
################################################################################################################################################################################################################################################################
# # # # # # # # # # # # # # # # # # # # # # # # # # # # # # # # # # # # # # # # # # # # # # # # # # # # # # # # # # # # # # # # # # # # # # # # # # # # # # # # # # # # # # # # # # # # # # # # # # # # # # # # # # # # # # # # # # # # # # # # # # # # # # # # 
################################################################################################################################################################################################################################################################
################################################################################################################################################################################################################################################################
################################################################################################################################################################################################################################################################
# #     # #                     # #     # #                     # #     # #                     # #     # #                     # #     # #                     # #     # #                     # #     # #                     # #     # #                     
####    ####                    ####    ####                    ####    ####                    ####    ####                    ####    ####                    ####    ####                    ####    ####                    ####    ####                    
####    ####                    ####    ####                    ####    ####                    ####    ####                    ####    ####                    ####    ####                    ####    ####                    ####    ####                    
####    ####                    ####    ####                    ####    ####                    ####    ####                    ####    ####                    ####    ####                    ####    ####                    ####    ####                    
# # # # # # # #                 # # # # # # # #                 # # # # # # # #                 # # # # # # # #                 # # # # # # # #                 # # # # # # # #                 # # # # # # # #                 # # # # # # # #                 
################                ################                ################                ################                ################                ################                ################                ################                
################                ################                ################                ################                ################                ################                ################                ################                
################                ################                ################                ################                ################                ################                ################                ################                
# # # # # # # #                 # # # # # # # #                 # # # # # # # #                 # # # # # # # #                 # # # # # # # #                 # # # # # # # #                 # # # # # # # #                 # # # # # # # #                 
################                ################                ################                ################                ################                ################                ################                ################                
################                ################                ################                ################                ################                ################                ################                ################                
################                ################                ################                ################                ################                ################                ################                ################                
# # # # # # # #                 # # # # # # # #                 # # # # # # # #                 # # # # # # # #                 # # # # # # # #                 # # # # # # # #                 # # # # # # # #                 # # # # # # # #                 
################                ################                ################                ################                ################                ################                ################                ################                
################                ################                ################                ################                ################                ################                ################                ################                
################                ################                ################                ################                ################                ################                ################                ################                
# #     # #     # #     # #     # #     # #     # #     # #     # #     # #     # #     # #     # #     # #     # #     # #     # #     # #     # #     # #     # #     # #     # #     # #     # #     # #     # #     # #     # #     # #     # #     # #     
####    ####    ####    ####    ####    ####    ####    ####    ####    ####    ####    ####    ####    ####    ####    ####    ####    ####    ####    ####    ####    ####    ####    ####    ####    ####    ####    ####    ####    ####    ####    ####    
####    ####    ####    ####    ####    ####    ####    ####    ####    ####    ####    ####    ####    ####    ####    ####    ####    ####    ####    ####    ####    ####    ####    ####    ####    ####    ####    ####    ####    ####    ####    ####    
####    ####    ####    ####    ####    ####    ####    ####    ####    ####    ####    ####    ####    ####    ####    ####    ####    ####    ####    ####    ####    ####    ####    ####    ####    ####    ####    ####    ####    ####    ####    ####    
# # # # # # # # # # # # # # # # # # # # # # # # # # # # # # # # # # # # # # # # # # # # # # # # # # # # # # # # # # # # # # # # # # # # # # # # # # # # # # # # # # # # # # # # # # # # # # # # # # # # # # # # # # # # # # # # # # # # # # # # # # # # # # # # 
################################################################################################################################################################################################################################################################
################################################################################################################################################################################################################################################################
################################################################################################################################################################################################################################################################
# # # # # # # # # # # # # # # # # # # # # # # # # # # # # # # # # # # # # # # # # # # # # # # # # # # # # # # # # # # # # # # # # # # # # # # # # # # # # # # # # # # # # # # # # # # # # # # # # # # # # # # # # # # # # # # # # # # # # # # # # # # # # # # # 
################################################################################################################################################################################################################################################################
################################################################################################################################################################################################################################################################
################################################################################################################################################################################################################################################################
# # # # # # # # # # # # # # # # # # # # # # # # # # # # # # # # # # # # # # # # # # # # # # # # # # # # # # # # # # # # # # # # # # # # # # # # # # # # # # # # # # # # # # # # # # # # # # # # # # # # # # # # # # # # # # # # # # # # # # # # # # # # # # # # 
################################################################################################################################################################################################################################################################
################################################################################################################################################################################################################################################################
################################################################################################################################################################################################################################################################
# #     # #     # #     # #     # #     # #     # #     # #     # #     # #     # #     # #     # #     # #     # #     # #     # #     # #     # #     # #     # #     # #     # #     # #     # #     # #     # #     # #     # #     # #     # #     # #     
####    ####    ####    ####    ####    ####    ####    ####    ####    ####    ####    ####    ####    ####    ####    ####    ####    ####    ####    ####    ####    ####    ####    ####    ####    ####    ####    ####    ####    ####    ####    ####    
####    ####    ####    ####    ####    ####    ####    ####    ####    ####    ####    ####    ####    ####    ####    ####    ####    ####    ####    ####    ####    ####    ####    ####    ####    ####    ####    ####    ####    ####    ####    ####    
####    ####    ####    ####    ####    ####    ####    ####    ####    ####    ####    ####    ####    ####    ####    ####    ####    ####    ####    ####    ####    ####    ####    ####    ####    ####    ####    ####    ####    ####    ####    ####    
# # # # # # # # # # # # # # # # # # # # # # # # # # # # # # # # # # # # # # # # # # # # # # # # # # # # # # # # # # # # # # # # # # # # # # # # # # # # # # # # # # # # # # # # # # # # # # # # # # # # # # # # # # # # # # # # # # # # # # # # # # # # # # # # 
################################################################################################################################################################################################################################################################
################################################################################################################################################################################################################################################################
################################################################################################################################################################################################################################################################
# # # # # # # # # # # # # # # # # # # # # # # # # # # # # # # # # # # # # # # # # # # # # # # # # # # # # # # # # # # # # # # # # # # # # # # # # # # # # # # # # # # # # # # # # # # # # # # # # # # # # # # # # # # # # # # # # # # # # # # # # # # # # # # # 
################################################################################################################################################################################################################################################################
################################################################################################################################################################################################################################################################
################################################################################################################################################################################################################################################################
# # # # # # # # # # # # # # # # # # # # # # # # # # # # # # # # # # # # # # # # # # # # # # # # # # # # # # # # # # # # # # # # # # # # # # # # # # # # # # # # # # # # # # # # # # # # # # # # # # # # # # # # # # # # # # # # # # # # # # # # # # # # # # # # 
################################################################################################################################################################################################################################################################
################################################################################################################################################################################################################################################################
################################################################################################################################################################################################################################################################
# #     # #     # #     # #     # #     # #     # #     # #     # #     # #     # #     # #     # #     # #     # #     # #     # #     # #     # #     # #     # #     # #     # #     # #     # #     # #     # #     # #     # #     # #     # #     # #     
####    ####    ####    ####    ####    ####    ####    ####    ####    ####    ####    ####    ####    ####    ####    ####    ####    ####    ####    ####    ####    ####    ####    ####    ####    ####    ####    ####    ####    ####    ####    ####    
####    ####    ####    ####    ####    ####    ####    ####    ####    ####    ####    ####    ####    ####    ####    ####    ####    ####    ####    ####    ####    ####    ####    ####    ####    ####    ####    ####    ####    ####    ####    ####    
####    ####    ####    ####    ####    ####    ####    ####    ####    ####    ####    ####    ####    ####    ####    ####    ####    ####    ####    ####    ####    ####    ####    ####    ####    ####    ####    ####    ####    ####    ####    ####    
# # # # # # # # # # # # # # # # # # # # # # # # # # # # # # # # # # # # # # # # # # # # # # # # # # # # # # # # # # # # # # # # # # # # # # # # # # # # # # # # # # # # # # # # # # # # # # # # # # # # # # # # # # # # # # # # # # # # # # # # # # # # # # # # 
################################################################################################################################################################################################################################################################
################################################################################################################################################################################################################################################################
################################################################################################################################################################################################################################################################
# # # # # # # # # # # # # # # # # # # # # # # # # # # # # # # # # # # # # # # # # # # # # # # # # # # # # # # # # # # # # # # # # # # # # # # # # # # # # # # # # # # # # # # # # # # # # # # # # # # # # # # # # # # # # # # # # # # # # # # # # # # # # # # # 
################################################################################################################################################################################################################################################################
################################################################################################################################################################################################################################################################
################################################################################################################################################################################################################################################################
# # # # # # # # # # # # # # # # # # # # # # # # # # # # # # # # # # # # # # # # # # # # # # # # # # # # # # # # # # # # # # # # # # # # # # # # # # # # # # # # # # # # # # # # # # # # # # # # # # # # # # # # # # # # # # # # # # # # # # # # # # # # # # # # 
################################################################################################################################################################################################################################################################
################################################################################################################################################################################################################################################################
################################################################################################################################################################################################################################################################
# #     # #                     # #     # #                     # #     # #                     # #     # #                     # #     # #                     # #     # #                     # #     # #                     # #     # #                     
####    ####                    ####    ####                    ####    ####                    ####    ####                    ####    ####                    ####    ####                    ####    ####                    ####    ####                    
####    ####                    ####    ####                    ####    ####                    ####    ####                    ####    ####                    ####    ####                    ####    ####                    ####    ####                    
####    ####                    ####    ####                    ####    ####                    ####    ####                    ####    ####                    ####    ####                    ####    ####                    ####    ####                    
# # # # # # # #                 # # # # # # # #                 # # # # # # # #                 # # # # # # # #                 # # # # # # # #                 # # # # # # # #                 # # # # # # # #                 # # # # # # # #                 
################                ################                ################                ################                ################                ################                ################                ################                
################                ################                ################                ################                ################                ################                ################                ################                
################                ################                ################                ################                ################                ################                ################                ################                
# # # # # # # #                 # # # # # # # #                 # # # # # # # #                 # # # # # # # #                 # # # # # # # #                 # # # # # # # #                 # # # # # # # #                 # # # # # # # #                 
################                ################                ################                ################                ################                ################                ################                ################                
################                ################                ################                ################                ################                ################                ################                ################                
################                ################                ################                ################                ################                ################                ################                ################                
# # # # # # # #                 # # # # # # # #                 # # # # # # # #                 # # # # # # # #                 # # # # # # # #                 # # # # # # # #                 # # # # # # # #                 # # # # # # # #                 
################                ################                ################                ################                ################                ################                ################                ################                
################                ################                ################                ################                ################                ################                ################                ################                
################                ################                ################                ################                ################                ################                ################                ################                
# #     # #     # #     # #     # #     # #     # #     # #     # #     # #     # #     # #     # #     # #     # #     # #     # #     # #     # #     # #     # #     # #     # #     # #     # #     # #     # #     # #     # #     # #     # #     # #     
####    ####    ####    ####    ####    ####    ####    ####    ####    ####    ####    ####    ####    ####    ####    ####    ####    ####    ####    ####    ####    ####    ####    ####    ####    ####    ####    ####    ####    ####    ####    ####    
####    ####    ####    ####    ####    ####    ####    ####    ####    ####    ####    ####    ####    ####    ####    ####    ####    ####    ####    ####    ####    ####    ####    ####    ####    ####    ####    ####    ####    ####    ####    ####    
####    ####    ####    ####    ####    ####    ####    ####    ####    ####    ####    ####    ####    ####    ####    ####    ####    ####    ####    ####    ####    ####    ####    ####    ####    ####    ####    ####    ####    ####    ####    ####    
# # # # # # # # # # # # # # # # # # # # # # # # # # # # # # # # # # # # # # # # # # # # # # # # # # # # # # # # # # # # # # # # # # # # # # # # # # # # # # # # # # # # # # # # # # # # # # # # # # # # # # # # # # # # # # # # # # # # # # # # # # # # # # # # 
################################################################################################################################################################################################################################################################
################################################################################################################################################################################################################################################################
################################################################################################################################################################################################################################################################
# # # # # # # # # # # # # # # # # # # # # # # # # # # # # # # # # # # # # # # # # # # # # # # # # # # # # # # # # # # # # # # # # # # # # # # # # # # # # # # # # # # # # # # # # # # # # # # # # # # # # # # # # # # # # # # # # # # # # # # # # # # # # # # # 
################################################################################################################################################################################################################################################################
################################################################################################################################################################################################################################################################
################################################################################################################################################################################################################################################################
# # # # # # # # # # # # # # # # # # # # # # # # # # # # # # # # # # # # # # # # # # # # # # # # # # # # # # # # # # # # # # # # # # # # # # # # # # # # # # # # # # # # # # # # # # # # # # # # # # # # # # # # # # # # # # # # # # # # # # # # # # # # # # # # 
################################################################################################################################################################################################################################################################
################################################################################################################################################################################################################################################################
################################################################################################################################################################################################################################################################
# #     # #     # #     # #     # #     # #     # #     # #     # #     # #     # #     # #     # #     # #     # #     # #     # #     # #     # #     # #     # #     # #     # #     # #     # #     # #     # #     # #     # #     # #     # #     # #     
####    ####    ####    ####    ####    ####    ####    ####    ####    ####    ####    ####    ####    ####    ####    ####    ####    ####    ####    ####    ####    ####    ####    ####    ####    ####    ####    ####    ####    ####    ####    ####    
####    ####    ####    ####    ####    ####    ####    ####    ####    ####    ####    ####    ####    ####    ####    ####    ####    ####    ####    ####    ####    ####    ####    ####    ####    ####    ####    ####    ####    ####    ####    ####    
####    ####    ####    ####    ####    ####    ####    ####    ####    ####    ####    ####    ####    ####    ####    ####    ####    ####    ####    ####    ####    ####    ####    ####    ####    ####    ####    ####    ####    ####    ####    ####    
# # # # # # # # # # # # # # # # # # # # # # # # # # # # # # # # # # # # # # # # # # # # # # # # # # # # # # # # # # # # # # # # # # # # # # # # # # # # # # # # # # # # # # # # # # # # # # # # # # # # # # # # # # # # # # # # # # # # # # # # # # # # # # # # 
################################################################################################################################################################################################################################################################
################################################################################################################################################################################################################################################################
################################################################################################################################################################################################################################################################
# # # # # # # # # # # # # # # # # # # # # # # # # # # # # # # # # # # # # # # # # # # # # # # # # # # # # # # # # # # # # # # # # # # # # # # # # # # # # # # # # # # # # # # # # # # # # # # # # # # # # # # # # # # # # # # # # # # # # # # # # # # # # # # # 
################################################################################################################################################################################################################################################################
################################################################################################################################################################################################################################################################
################################################################################################################################################################################################################################################################
# # # # # # # # # # # # # # # # # # # # # # # # # # # # # # # # # # # # # # # # # # # # # # # # # # # # # # # # # # # # # # # # # # # # # # # # # # # # # # # # # # # # # # # # # # # # # # # # # # # # # # # # # # # # # # # # # # # # # # # # # # # # # # # # 
################################################################################################################################################################################################################################################################
################################################################################################################################################################################################################################################################
################################################################################################################################################################################################################################################################
# #     # #     # #     # #     # #     # #     # #     # #     # #     # #     # #     # #     # #     # #     # #     # #     # #     # #     # #     # #     # #     # #     # #     # #     # #     # #     # #     # #     # #     # #     # #     # #     
####    ####    ####    ####    ####    ####    ####    ####    ####    ####    ####    ####    ####    ####    ####    ####    ####    ####    ####    ####    ####    ####    ####    ####    ####    ####    ####    ####    ####    ####    ####    ####    
####    ####    ####    ####    ####    ####    ####    ####    ####    ####    ####    ####    ####    ####    ####    ####    ####    ####    ####    ####    ####    ####    ####    ####    ####    ####    ####    ####    ####    ####    ####    ####    
####    ####    ####    ####    ####    ####    ####    ####    ####    ####    ####    ####    ####    ####    ####    ####    ####    ####    ####    ####    ####    ####    ####    ####    ####    ####    ####    ####    ####    ####    ####    ####    
# # # # # # # # # # # # # # # # # # # # # # # # # # # # # # # # # # # # # # # # # # # # # # # # # # # # # # # # # # # # # # # # # # # # # # # # # # # # # # # # # # # # # # # # # # # # # # # # # # # # # # # # # # # # # # # # # # # # # # # # # # # # # # # # 
################################################################################################################################################################################################################################################################
################################################################################################################################################################################################################################################################
################################################################################################################################################################################################################################################################
# # # # # # # # # # # # # # # # # # # # # # # # # # # # # # # # # # # # # # # # # # # # # # # # # # # # # # # # # # # # # # # # # # # # # # # # # # # # # # # # # # # # # # # # # # # # # # # # # # # # # # # # # # # # # # # # # # # # # # # # # # # # # # # # 
################################################################################################################################################################################################################################################################
################################################################################################################################################################################################################################################################
################################################################################################################################################################################################################################################################
# # # # # # # # # # # # # # # # # # # # # # # # # # # # # # # # # # # # # # # # # # # # # # # # # # # # # # # # # # # # # # # # # # # # # # # # # # # # # # # # # # # # # # # # # # # # # # # # # # # # # # # # # # # # # # # # # # # # # # # # # # # # # # # # 
################################################################################################################################################################################################################################################################
################################################################################################################################################################################################################################################################
################################################################################################################################################################################################################################################################
                                                               @
                                                            @@  
                                                             @@@
                                                            @ @ 
                                                   @   @        
                                                @@  @@          
                                                 @@@ @@@        
                                                @ @ @ @         
                                                       @   @   @
                                                    @@  @@  @@  
                                                     @@@ @@@ @@@
                                                    @ @ @ @ @ @ 
                                                   @       @    
                                                @@      @@      
                                                 @@@     @@@    
                                                @ @     @ @     
               @               @                                
            @@              @@                                  
             @@@             @@@                                
            @ @             @ @                                 
   @   @           @   @                                        
@@  @@          @@  @@                                          
 @@@ @@@         @@@ @@@                                        
@ @ @ @         @ @ @ @                                         
       @   @   @       @   @   @                                
    @@  @@  @@      @@  @@  @@                                  
     @@@ @@@ @@@     @@@ @@@ @@@                                
    @ @ @ @ @ @     @ @ @ @ @ @                                 
   @       @       @       @                                    
@@      @@      @@      @@                                      
 @@@     @@@     @@@     @@@                                    
@ @     @ @     @ @     @ @                                     
                               @               @               @
                            @@              @@              @@  
                             @@@             @@@             @@@
                            @ @             @ @             @ @ 
                   @   @           @   @           @   @        
                @@  @@          @@  @@          @@  @@          
                 @@@ @@@         @@@ @@@         @@@ @@@        
                @ @ @ @         @ @ @ @         @ @ @ @         
                       @   @   @       @   @   @       @   @   @
                    @@  @@  @@      @@  @@  @@      @@  @@  @@  
                     @@@ @@@ @@@     @@@ @@@ @@@     @@@ @@@ @@@
                    @ @ @ @ @ @     @ @ @ @ @ @     @ @ @ @ @ @ 
                   @       @       @       @       @       @    
                @@      @@      @@      @@      @@      @@      
                 @@@     @@@     @@@     @@@     @@@     @@@    
                @ @     @ @     @ @     @ @     @ @     @ @     
               @                               @                
            @@                              @@                  
             @@@                             @@@                
            @ @                             @ @                 
   @   @                           @   @                        
@@  @@                          @@  @@                          
 @@@ @@@                         @@@ @@@                        
@ @ @ @                         @ @ @ @                         
       @   @   @                       @   @   @                
    @@  @@  @@                      @@  @@  @@                  
     @@@ @@@ @@@                     @@@ @@@ @@@                
    @ @ @ @ @ @                     @ @ @ @ @ @                 
   @       @                       @       @                    
@@      @@                      @@      @@                      
 @@@     @@@                     @@@     @@@                    
@ @     @ @                     @ @     @ @                     
