+  ++          +  +++  ++
+ + +          + + ++ + +
 +              +    +   
+  ++          +  +++  ++
  + +            + +  + +
+  ++     +  ++     +  ++
+ + +     + + +     + + +
 +         +         +   
+  ++     +  ++     +  ++
  + +       + +       + +
     +  ++               
     + + +               
      +                  
     +  ++               
       + +               
+  ++          +  +++  ++
+ + +          + + ++ + +
 +              +    +   
+  ++          +  +++  ++
  + +            + +  + +
          +  ++     +  ++
          + + +     + + +
           +         +   
          +  ++     +  ++
            + +       + +
                                                                                                                                                                          ##  ##          ##  ##                                          ##  ##          ##  ##
                                                                                                                                                                        ## ### #        ## ### #                                        ## ### #        ## ### #
                                                                                                                                                                        ## ### #        ## ### #                                        ## ### #        ## ### #
                                                                                                                                                                        ### ###         ### ###                                         ### ###         ### ### 
                                                                                                                                                                  ##  ##      ##  ##  ##      ##                                  ##  ##      ##  ##  ##      ##
                                                                                                                                                                ## ### #    ## ### ### #    ## #                                ## ### #    ## ### ### #    ## #
                                                                                                                                                                ## ### #    ## ### ### #    ## #                                ## ### #    ## ### ### #    ## #
                                                                                                                                                                ### ###     ### ### ###     ###                                 ### ###     ### ### ###     ### 
                                                                                                                                                                  ##  ##      ##  ##  ##      ##                                  ##  ##      ##  ##  ##      ##
                                                                                                                                                                ## ### #    ## ### ### #    ## #                                ## ### #    ## ### ### #    ## #
                                                                                                                                                                ## ### #    ## ### ### #    ## #                                ## ### #    ## ### ### #    ## #
                                                                                                                                                                ### ###     ### ### ###     ###                                 ### ###     ### ### ###     ### 
                                                                                                                                                                  ##  ##  ##      ##  ##  ##                                      ##  ##  ##      ##  ##  ##    
                                                                                                                                                                ## ### ### #    ## ### ### #                                    ## ### ### #    ## ### ### #    
                                                                                                                                                                ## ### ### #    ## ### ### #                                    ## ### ### #    ## ### ### #    
                                                                                                                                                                ### ### ###     ### ### ###                                     ### ### ###     ### ### ###     
                                                                                                                                          ##  ##          ##  ##                          ##  ##          ##  ##          ##  ##                          ##  ##
                                                                                                                                        ## ### #        ## ### #                        ## ### #        ## ### #        ## ### #                        ## ### #
                                                                                                                                        ## ### #        ## ### #                        ## ### #        ## ### #        ## ### #                        ## ### #
                                                                                                                                        ### ###         ### ###                         ### ###         ### ###         ### ###                         ### ### 
                                                                                                                                  ##  ##      ##  ##  ##      ##                  ##  ##      ##  ##  ##      ##  ##  ##      ##                  ##  ##      ##
                                                                                                                                ## ### #    ## ### ### #    ## #                ## ### #    ## ### ### #    ## ### ### #    ## #                ## ### #    ## #
                                                                                                                                ## ### #    ## ### ### #    ## #                ## ### #    ## ### ### #    ## ### ### #    ## #                ## ### #    ## #
                                                                                                                                ### ###     ### ### ###     ###                 ### ###     ### ### ###     ### ### ###     ###                 ### ###     ### 
                                                                                                                                  ##  ##      ##  ##  ##      ##                  ##  ##      ##  ##  ##      ##  ##  ##      ##                  ##  ##      ##
                                                                                                                                ## ### #    ## ### ### #    ## #                ## ### #    ## ### ### #    ## ### ### #    ## #                ## ### #    ## #
                                                                                                                                ## ### #    ## ### ### #    ## #                ## ### #    ## ### ### #    ## ### ### #    ## #                ## ### #    ## #
                                                                                                                                ### ###     ### ### ###     ###                 ### ###     ### ### ###     ### ### ###     ###                 ### ###     ### 
                                                                                                                                  ##  ##  ##      ##  ##  ##                      ##  ##  ##      ##  ##  ##      ##  ##  ##                      ##  ##  ##    
                                                                                                                                ## ### ### #    ## ### ### #                    ## ### ### #    ## ### ### #    ## ### ### #                    ## ### ### #    
                                                                                                                                ## ### ### #    ## ### ### #                    ## ### ### #    ## ### ### #    ## ### ### #                    ## ### ### #    
                                                                                                                                ### ### ###     ### ### ###                     ### ### ###     ### ### ###     ### ### ###                     ### ### ###     
                                                                                                                                          ##  ##          ##  ##                          ##  ##          ##  ##          ##  ##                          ##  ##
                                                                                                                                        ## ### #        ## ### #                        ## ### #        ## ### #        ## ### #                        ## ### #
                                                                                                                                        ## ### #        ## ### #                        ## ### #        ## ### #        ## ### #                        ## ### #
                                                                                                                                        ### ###         ### ###                         ### ###         ### ###         ### ###                         ### ### 
                                                                                                                                  ##  ##      ##  ##  ##      ##                  ##  ##      ##  ##  ##      ##  ##  ##      ##                  ##  ##      ##
                                                                                                                                ## ### #    ## ### ### #    ## #                ## ### #    ## ### ### #    ## ### ### #    ## #                ## ### #    ## #
                                                                                                                                ## ### #    ## ### ### #    ## #                ## ### #    ## ### ### #    ## ### ### #    ## #                ## ### #    ## #
                                                                                                                                ### ###     ### ### ###     ###                 ### ###     ### ### ###     ### ### ###     ###                 ### ###     ### 
                                                                                                                                  ##  ##      ##  ##  ##      ##                  ##  ##      ##  ##  ##      ##  ##  ##      ##                  ##  ##      ##
                                                                                                                                ## ### #    ## ### ### #    ## #                ## ### #    ## ### ### #    ## ### ### #    ## #                ## ### #    ## #
                                                                                                                                ## ### #    ## ### ### #    ## #                ## ### #    ## ### ### #    ## ### ### #    ## #                ## ### #    ## #
                                                                                                                                ### ###     ### ### ###     ###                 ### ###     ### ### ###     ### ### ###     ###                 ### ###     ### 
                                                                                                                                  ##  ##  ##      ##  ##  ##                      ##  ##  ##      ##  ##  ##      ##  ##  ##                      ##  ##  ##    
                                                                                                                                ## ### ### #    ## ### ### #                    ## ### ### #    ## ### ### #    ## ### ### #                    ## ### ### #    
                                                                                                                                ## ### ### #    ## ### ### #                    ## ### ### #    ## ### ### #    ## ### ### #                    ## ### ### #    
                                                                                                                                ### ### ###     ### ### ###                     ### ### ###     ### ### ###     ### ### ###                     ### ### ###     
                                                                                                                                          ##  ##          ##  ##          ##  ##                          ##  ##          ##  ##          ##  ##                
                                                                                                                                        ## ### #        ## ### #        ## ### #                        ## ### #        ## ### #        ## ### #                
                                                                                                                                        ## ### #        ## ### #        ## ### #                        ## ### #        ## ### #        ## ### #                
                                                                                                                                        ### ###         ### ###         ### ###                         ### ###         ### ###         ### ###                 
                                                                                                                                  ##  ##      ##  ##  ##      ##  ##  ##      ##                  ##  ##      ##  ##  ##      ##  ##  ##      ##                
                                                                                                                                ## ### #    ## ### ### #    ## ### ### #    ## #                ## ### #    ## ### ### #    ## ### ### #    ## #                
                                                                                                                                ## ### #    ## ### ### #    ## ### ### #    ## #                ## ### #    ## ### ### #    ## ### ### #    ## #                
                                                                                                                                ### ###     ### ### ###     ### ### ###     ###                 ### ###     ### ### ###     ### ### ###     ###                 
                                                                                                                                  ##  ##      ##  ##  ##      ##  ##  ##      ##                  ##  ##      ##  ##  ##      ##  ##  ##      ##                
                                                                                                                                ## ### #    ## ### ### #    ## ### ### #    ## #                ## ### #    ## ### ### #    ## ### ### #    ## #                
                                                                                                                                ## ### #    ## ### ### #    ## ### ### #    ## #                ## ### #    ## ### ### #    ## ### ### #    ## #                
                                                                                                                                ### ###     ### ### ###     ### ### ###     ###                 ### ###     ### ### ###     ### ### ###     ###                 
                                                                                                                                  ##  ##  ##      ##  ##  ##      ##  ##  ##                      ##  ##  ##      ##  ##  ##      ##  ##  ##                    
                                                                                                                                ## ### ### #    ## ### ### #    ## ### ### #                    ## ### ### #    ## ### ### #    ## ### ### #                    
                                                                                                                                ## ### ### #    ## ### ### #    ## ### ### #                    ## ### ### #    ## ### ### #    ## ### ### #                    
                                                                                                                                ### ### ###     ### ### ###     ### ### ###                     ### ### ###     ### ### ###     ### ### ###                     
                                          ##  ##          ##  ##                                          ##  ##          ##  ##                                                                                                          ##  ##          ##  ##
                                        ## ### #        ## ### #                                        ## ### #        ## ### #                                                                                                        ## ### #        ## ### #
                                        ## ### #        ## ### #                                        ## ### #        ## ### #                                                                                                        ## ### #        ## ### #
                                        ### ###         ### ###                                         ### ###         ### ###                                                                                                         ### ###         ### ### 
                                  ##  ##      ##  ##  ##      ##                                  ##  ##      ##  ##  ##      ##                                                                                                  ##  ##      ##  ##  ##      ##
                                ## ### #    ## ### ### #    ## #                                ## ### #    ## ### ### #    ## #                                                                                                ## ### #    ## ### ### #    ## #
                                ## ### #    ## ### ### #    ## #                                ## ### #    ## ### ### #    ## #                                                                                                ## ### #    ## ### ### #    ## #
                                ### ###     ### ### ###     ###                                 ### ###     ### ### ###     ###                                                                                                 ### ###     ### ### ###     ### 
                                  ##  ##      ##  ##  ##      ##                                  ##  ##      ##  ##  ##      ##                                                                                                  ##  ##      ##  ##  ##      ##
                                ## ### #    ## ### ### #    ## #                                ## ### #    ## ### ### #    ## #                                                                                                ## ### #    ## ### ### #    ## #
                                ## ### #    ## ### ### #    ## #                                ## ### #    ## ### ### #    ## #                                                                                                ## ### #    ## ### ### #    ## #
                                ### ###     ### ### ###     ###                                 ### ###     ### ### ###     ###                                                                                                 ### ###     ### ### ###     ### 
                                  ##  ##  ##      ##  ##  ##                                      ##  ##  ##      ##  ##  ##                                                                                                      ##  ##  ##      ##  ##  ##    
                                ## ### ### #    ## ### ### #                                    ## ### ### #    ## ### ### #                                                                                                    ## ### ### #    ## ### ### #    
                                ## ### ### #    ## ### ### #                                    ## ### ### #    ## ### ### #                                                                                                    ## ### ### #    ## ### ### #    
                                ### ### ###     ### ### ###                                     ### ### ###     ### ### ###                                                                                                     ### ### ###     ### ### ###     
          ##  ##          ##  ##                          ##  ##          ##  ##          ##  ##                          ##  ##                                                                          ##  ##          ##  ##                          ##  ##
        ## ### #        ## ### #                        ## ### #        ## ### #        ## ### #                        ## ### #                                                                        ## ### #        ## ### #                        ## ### #
        ## ### #        ## ### #                        ## ### #        ## ### #        ## ### #                        ## ### #                                                                        ## ### #        ## ### #                        ## ### #
        ### ###         ### ###                         ### ###         ### ###         ### ###                         ### ###                                                                         ### ###         ### ###                         ### ### 
  ##  ##      ##  ##  ##      ##                  ##  ##      ##  ##  ##      ##  ##  ##      ##                  ##  ##      ##                                                                  ##  ##      ##  ##  ##      ##                  ##  ##      ##
## ### #    ## ### ### #    ## #                ## ### #    ## ### ### #    ## ### ### #    ## #                ## ### #    ## #                                                                ## ### #    ## ### ### #    ## #                ## ### #    ## #
## ### #    ## ### ### #    ## #                ## ### #    ## ### ### #    ## ### ### #    ## #                ## ### #    ## #                                                                ## ### #    ## ### ### #    ## #                ## ### #    ## #
### ###     ### ### ###     ###                 ### ###     ### ### ###     ### ### ###     ###                 ### ###     ###                                                                 ### ###     ### ### ###     ###                 ### ###     ### 
  ##  ##      ##  ##  ##      ##                  ##  ##      ##  ##  ##      ##  ##  ##      ##                  ##  ##      ##                                                                  ##  ##      ##  ##  ##      ##                  ##  ##      ##
## ### #    ## ### ### #    ## #                ## ### #    ## ### ### #    ## ### ### #    ## #                ## ### #    ## #                                                                ## ### #    ## ### ### #    ## #                ## ### #    ## #
## ### #    ## ### ### #    ## #                ## ### #    ## ### ### #    ## ### ### #    ## #                ## ### #    ## #                                                                ## ### #    ## ### ### #    ## #                ## ### #    ## #
### ###     ### ### ###     ###                 ### ###     ### ### ###     ### ### ###     ###                 ### ###     ###                                                                 ### ###     ### ### ###     ###                 ### ###     ### 
  ##  ##  ##      ##  ##  ##                      ##  ##  ##      ##  ##  ##      ##  ##  ##                      ##  ##  ##                                                                      ##  ##  ##      ##  ##  ##                      ##  ##  ##    
## ### ### #    ## ### ### #                    ## ### ### #    ## ### ### #    ## ### ### #                    ## ### ### #                                                                    ## ### ### #    ## ### ### #                    ## ### ### #    
## ### ### #    ## ### ### #                    ## ### ### #    ## ### ### #    ## ### ### #                    ## ### ### #                                                                    ## ### ### #    ## ### ### #                    ## ### ### #    
### ### ###     ### ### ###                     ### ### ###     ### ### ###     ### ### ###                     ### ### ###                                                                     ### ### ###     ### ### ###                     ### ### ###     
          ##  ##          ##  ##                          ##  ##          ##  ##          ##  ##                          ##  ##                                                                          ##  ##          ##  ##                          ##  ##
        ## ### #        ## ### #                        ## ### #        ## ### #        ## ### #                        ## ### #                                                                        ## ### #        ## ### #                        ## ### #
        ## ### #        ## ### #                        ## ### #        ## ### #        ## ### #                        ## ### #                                                                        ## ### #        ## ### #                        ## ### #
        ### ###         ### ###                         ### ###         ### ###         ### ###                         ### ###                                                                         ### ###         ### ###                         ### ### 
  ##  ##      ##  ##  ##      ##                  ##  ##      ##  ##  ##      ##  ##  ##      ##                  ##  ##      ##                                                                  ##  ##      ##  ##  ##      ##                  ##  ##      ##
## ### #    ## ### ### #    ## #                ## ### #    ## ### ### #    ## ### ### #    ## #                ## ### #    ## #                                                                ## ### #    ## ### ### #    ## #                ## ### #    ## #
## ### #    ## ### ### #    ## #                ## ### #    ## ### ### #    ## ### ### #    ## #                ## ### #    ## #                                                                ## ### #    ## ### ### #    ## #                ## ### #    ## #
### ###     ### ### ###     ###                 ### ###     ### ### ###     ### ### ###     ###                 ### ###     ###                                                                 ### ###     ### ### ###     ###                 ### ###     ### 
  ##  ##      ##  ##  ##      ##                  ##  ##      ##  ##  ##      ##  ##  ##      ##                  ##  ##      ##                                                                  ##  ##      ##  ##  ##      ##                  ##  ##      ##
## ### #    ## ### ### #    ## #                ## ### #    ## ### ### #    ## ### ### #    ## #                ## ### #    ## #                                                                ## ### #    ## ### ### #    ## #                ## ### #    ## #
## ### #    ## ### ### #    ## #                ## ### #    ## ### ### #    ## ### ### #    ## #                ## ### #    ## #                                                                ## ### #    ## ### ### #    ## #                ## ### #    ## #
### ###     ### ### ###     ###                 ### ###     ### ### ###     ### ### ###     ###                 ### ###     ###                                                                 ### ###     ### ### ###     ###                 ### ###     ### 
  ##  ##  ##      ##  ##  ##                      ##  ##  ##      ##  ##  ##      ##  ##  ##                      ##  ##  ##                                                                      ##  ##  ##      ##  ##  ##                      ##  ##  ##    
## ### ### #    ## ### ### #                    ## ### ### #    ## ### ### #    ## ### ### #                    ## ### ### #                                                                    ## ### ### #    ## ### ### #                    ## ### ### #    
## ### ### #    ## ### ### #                    ## ### ### #    ## ### ### #    ## ### ### #                    ## ### ### #                                                                    ## ### ### #    ## ### ### #                    ## ### ### #    
### ### ###     ### ### ###                     ### ### ###     ### ### ###     ### ### ###                     ### ### ###                                                                     ### ### ###     ### ### ###                     ### ### ###     
          ##  ##          ##  ##          ##  ##                          ##  ##          ##  ##          ##  ##                                                                                          ##  ##          ##  ##          ##  ##                
        ## ### #        ## ### #        ## ### #                        ## ### #        ## ### #        ## ### #                                                                                        ## ### #        ## ### #        ## ### #                
        ## ### #        ## ### #        ## ### #                        ## ### #        ## ### #        ## ### #                                                                                        ## ### #        ## ### #        ## ### #                
        ### ###         ### ###         ### ###                         ### ###         ### ###         ### ###                                                                                         ### ###         ### ###         ### ###                 
  ##  ##      ##  ##  ##      ##  ##  ##      ##                  ##  ##      ##  ##  ##      ##  ##  ##      ##                                                                                  ##  ##      ##  ##  ##      ##  ##  ##      ##                
## ### #    ## ### ### #    ## ### ### #    ## #                ## ### #    ## ### ### #    ## ### ### #    ## #                                                                                ## ### #    ## ### ### #    ## ### ### #    ## #                
## ### #    ## ### ### #    ## ### ### #    ## #                ## ### #    ## ### ### #    ## ### ### #    ## #                                                                                ## ### #    ## ### ### #    ## ### ### #    ## #                
### ###     ### ### ###     ### ### ###     ###                 ### ###     ### ### ###     ### ### ###     ###                                                                                 ### ###     ### ### ###     ### ### ###     ###                 
  ##  ##      ##  ##  ##      ##  ##  ##      ##                  ##  ##      ##  ##  ##      ##  ##  ##      ##                                                                                  ##  ##      ##  ##  ##      ##  ##  ##      ##                
## ### #    ## ### ### #    ## ### ### #    ## #                ## ### #    ## ### ### #    ## ### ### #    ## #                                                                                ## ### #    ## ### ### #    ## ### ### #    ## #                
## ### #    ## ### ### #    ## ### ### #    ## #                ## ### #    ## ### ### #    ## ### ### #    ## #                                                                                ## ### #    ## ### ### #    ## ### ### #    ## #                
### ###     ### ### ###     ### ### ###     ###                 ### ###     ### ### ###     ### ### ###     ###                                                                                 ### ###     ### ### ###     ### ### ###     ###                 
  ##  ##  ##      ##  ##  ##      ##  ##  ##                      ##  ##  ##      ##  ##  ##      ##  ##  ##                                                                                      ##  ##  ##      ##  ##  ##      ##  ##  ##                    
## ### ### #    ## ### ### #    ## ### ### #                    ## ### ### #    ## ### ### #    ## ### ### #                                                                                    ## ### ### #    ## ### ### #    ## ### ### #                    
## ### ### #    ## ### ### #    ## ### ### #                    ## ### ### #    ## ### ### #    ## ### ### #                                                                                    ## ### ### #    ## ### ### #    ## ### ### #                    
### ### ###     ### ### ###     ### ### ###                     ### ### ###     ### ### ###     ### ### ###                                                                                     ### ### ###     ### ### ###     ### ### ###                     
                                          ##  ##          ##  ##                                          ##  ##          ##  ##                                                                                                          ##  ##          ##  ##
                                        ## ### #        ## ### #                                        ## ### #        ## ### #                                                                                                        ## ### #        ## ### #
                                        ## ### #        ## ### #                                        ## ### #        ## ### #                                                                                                        ## ### #        ## ### #
                                        ### ###         ### ###                                         ### ###         ### ###                                                                                                         ### ###         ### ### 
                                  ##  ##      ##  ##  ##      ##                                  ##  ##      ##  ##  ##      ##                                                                                                  ##  ##      ##  ##  ##      ##
                                ## ### #    ## ### ### #    ## #                                ## ### #    ## ### ### #    ## #                                                                                                ## ### #    ## ### ### #    ## #
                                ## ### #    ## ### ### #    ## #                                ## ### #    ## ### ### #    ## #                                                                                                ## ### #    ## ### ### #    ## #
                                ### ###     ### ### ###     ###                                 ### ###     ### ### ###     ###                                                                                                 ### ###     ### ### ###     ### 
                                  ##  ##      ##  ##  ##      ##                                  ##  ##      ##  ##  ##      ##                                                                                                  ##  ##      ##  ##  ##      ##
                                ## ### #    ## ### ### #    ## #                                ## ### #    ## ### ### #    ## #                                                                                                ## ### #    ## ### ### #    ## #
                                ## ### #    ## ### ### #    ## #                                ## ### #    ## ### ### #    ## #                                                                                                ## ### #    ## ### ### #    ## #
                                ### ###     ### ### ###     ###                                 ### ###     ### ### ###     ###                                                                                                 ### ###     ### ### ###     ### 
                                  ##  ##  ##      ##  ##  ##                                      ##  ##  ##      ##  ##  ##                                                                                                      ##  ##  ##      ##  ##  ##    
                                ## ### ### #    ## ### ### #                                    ## ### ### #    ## ### ### #                                                                                                    ## ### ### #    ## ### ### #    
                                ## ### ### #    ## ### ### #                                    ## ### ### #    ## ### ### #                                                                                                    ## ### ### #    ## ### ### #    
                                ### ### ###     ### ### ###                                     ### ### ###     ### ### ###                                                                                                     ### ### ###     ### ### ###     
          ##  ##          ##  ##                          ##  ##          ##  ##          ##  ##                          ##  ##                                                                          ##  ##          ##  ##                          ##  ##
        ## ### #        ## ### #                        ## ### #        ## ### #        ## ### #                        ## ### #                                                                        ## ### #        ## ### #                        ## ### #
        ## ### #        ## ### #                        ## ### #        ## ### #        ## ### #                        ## ### #                                                                        ## ### #        ## ### #                        ## ### #
        ### ###         ### ###                         ### ###         ### ###         ### ###                         ### ###                                                                         ### ###         ### ###                         ### ### 
  ##  ##      ##  ##  ##      ##                  ##  ##      ##  ##  ##      ##  ##  ##      ##                  ##  ##      ##                                                                  ##  ##      ##  ##  ##      ##                  ##  ##      ##
## ### #    ## ### ### #    ## #                ## ### #    ## ### ### #    ## ### ### #    ## #                ## ### #    ## #                                                                ## ### #    ## ### ### #    ## #                ## ### #    ## #
## ### #    ## ### ### #    ## #                ## ### #    ## ### ### #    ## ### ### #    ## #                ## ### #    ## #                                                                ## ### #    ## ### ### #    ## #                ## ### #    ## #
### ###     ### ### ###     ###                 ### ###     ### ### ###     ### ### ###     ###                 ### ###     ###                                                                 ### ###     ### ### ###     ###                 ### ###     ### 
  ##  ##      ##  ##  ##      ##                  ##  ##      ##  ##  ##      ##  ##  ##      ##                  ##  ##      ##                                                                  ##  ##      ##  ##  ##      ##                  ##  ##      ##
## ### #    ## ### ### #    ## #                ## ### #    ## ### ### #    ## ### ### #    ## #                ## ### #    ## #                                                                ## ### #    ## ### ### #    ## #                ## ### #    ## #
## ### #    ## ### ### #    ## #                ## ### #    ## ### ### #    ## ### ### #    ## #                ## ### #    ## #                                                                ## ### #    ## ### ### #    ## #                ## ### #    ## #
### ###     ### ### ###     ###                 ### ###     ### ### ###     ### ### ###     ###                 ### ###     ###                                                                 ### ###     ### ### ###     ###                 ### ###     ### 
  ##  ##  ##      ##  ##  ##                      ##  ##  ##      ##  ##  ##      ##  ##  ##                      ##  ##  ##                                                                      ##  ##  ##      ##  ##  ##                      ##  ##  ##    
## ### ### #    ## ### ### #                    ## ### ### #    ## ### ### #    ## ### ### #                    ## ### ### #                                                                    ## ### ### #    ## ### ### #                    ## ### ### #    
## ### ### #    ## ### ### #                    ## ### ### #    ## ### ### #    ## ### ### #                    ## ### ### #                                                                    ## ### ### #    ## ### ### #                    ## ### ### #    
### ### ###     ### ### ###                     ### ### ###     ### ### ###     ### ### ###                     ### ### ###                                                                     ### ### ###     ### ### ###                     ### ### ###     
          ##  ##          ##  ##                          ##  ##          ##  ##          ##  ##                          ##  ##                                                                          ##  ##          ##  ##                          ##  ##
        ## ### #        ## ### #                        ## ### #        ## ### #        ## ### #                        ## ### #                                                                        ## ### #        ## ### #                        ## ### #
        ## ### #        ## ### #                        ## ### #        ## ### #        ## ### #                        ## ### #                                                                        ## ### #        ## ### #                        ## ### #
        ### ###         ### ###                         ### ###         ### ###         ### ###                         ### ###                                                                         ### ###         ### ###                         ### ### 
  ##  ##      ##  ##  ##      ##                  ##  ##      ##  ##  ##      ##  ##  ##      ##                  ##  ##      ##                                                                  ##  ##      ##  ##  ##      ##                  ##  ##      ##
## ### #    ## ### ### #    ## #                ## ### #    ## ### ### #    ## ### ### #    ## #                ## ### #    ## #                                                                ## ### #    ## ### ### #    ## #                ## ### #    ## #
## ### #    ## ### ### #    ## #                ## ### #    ## ### ### #    ## ### ### #    ## #                ## ### #    ## #                                                                ## ### #    ## ### ### #    ## #                ## ### #    ## #
### ###     ### ### ###     ###                 ### ###     ### ### ###     ### ### ###     ###                 ### ###     ###                                                                 ### ###     ### ### ###     ###                 ### ###     ### 
  ##  ##      ##  ##  ##      ##                  ##  ##      ##  ##  ##      ##  ##  ##      ##                  ##  ##      ##                                                                  ##  ##      ##  ##  ##      ##                  ##  ##      ##
## ### #    ## ### ### #    ## #                ## ### #    ## ### ### #    ## ### ### #    ## #                ## ### #    ## #                                                                ## ### #    ## ### ### #    ## #                ## ### #    ## #
## ### #    ## ### ### #    ## #                ## ### #    ## ### ### #    ## ### ### #    ## #                ## ### #    ## #                                                                ## ### #    ## ### ### #    ## #                ## ### #    ## #
### ###     ### ### ###     ###                 ### ###     ### ### ###     ### ### ###     ###                 ### ###     ###                                                                 ### ###     ### ### ###     ###                 ### ###     ### 
  ##  ##  ##      ##  ##  ##                      ##  ##  ##      ##  ##  ##      ##  ##  ##                      ##  ##  ##                                                                      ##  ##  ##      ##  ##  ##                      ##  ##  ##    
## ### ### #    ## ### ### #                    ## ### ### #    ## ### ### #    ## ### ### #                    ## ### ### #                                                                    ## ### ### #    ## ### ### #                    ## ### ### #    
## ### ### #    ## ### ### #                    ## ### ### #    ## ### ### #    ## ### ### #                    ## ### ### #                                                                    ## ### ### #    ## ### ### #                    ## ### ### #    
### ### ###     ### ### ###                     ### ### ###     ### ### ###     ### ### ###                     ### ### ###                                                                     ### ### ###     ### ### ###                     ### ### ###     
          ##  ##          ##  ##          ##  ##                          ##  ##          ##  ##          ##  ##                                                                                          ##  ##          ##  ##          ##  ##                
        ## ### #        ## ### #        ## ### #                        ## ### #        ## ### #        ## ### #                                                                                        ## ### #        ## ### #        ## ### #                
        ## ### #        ## ### #        ## ### #                        ## ### #        ## ### #        ## ### #                                                                                        ## ### #        ## ### #        ## ### #                
        ### ###         ### ###         ### ###                         ### ###         ### ###         ### ###                                                                                         ### ###         ### ###         ### ###                 
  ##  ##      ##  ##  ##      ##  ##  ##      ##                  ##  ##      ##  ##  ##      ##  ##  ##      ##                                                                                  ##  ##      ##  ##  ##      ##  ##  ##      ##                
## ### #    ## ### ### #    ## ### ### #    ## #                ## ### #    ## ### ### #    ## ### ### #    ## #                                                                                ## ### #    ## ### ### #    ## ### ### #    ## #                
## ### #    ## ### ### #    ## ### ### #    ## #                ## ### #    ## ### ### #    ## ### ### #    ## #                                                                                ## ### #    ## ### ### #    ## ### ### #    ## #                
### ###     ### ### ###     ### ### ###     ###                 ### ###     ### ### ###     ### ### ###     ###                                                                                 ### ###     ### ### ###     ### ### ###     ###                 
  ##  ##      ##  ##  ##      ##  ##  ##      ##                  ##  ##      ##  ##  ##      ##  ##  ##      ##                                                                                  ##  ##      ##  ##  ##      ##  ##  ##      ##                
## ### #    ## ### ### #    ## ### ### #    ## #                ## ### #    ## ### ### #    ## ### ### #    ## #                                                                                ## ### #    ## ### ### #    ## ### ### #    ## #                
## ### #    ## ### ### #    ## ### ### #    ## #                ## ### #    ## ### ### #    ## ### ### #    ## #                                                                                ## ### #    ## ### ### #    ## ### ### #    ## #                
### ###     ### ### ###     ### ### ###     ###                 ### ###     ### ### ###     ### ### ###     ###                                                                                 ### ###     ### ### ###     ### ### ###     ###                 
  ##  ##  ##      ##  ##  ##      ##  ##  ##                      ##  ##  ##      ##  ##  ##      ##  ##  ##                                                                                      ##  ##  ##      ##  ##  ##      ##  ##  ##                    
## ### ### #    ## ### ### #    ## ### ### #                    ## ### ### #    ## ### ### #    ## ### ### #                                                                                    ## ### ### #    ## ### ### #    ## ### ### #                    
## ### ### #    ## ### ### #    ## ### ### #                    ## ### ### #    ## ### ### #    ## ### ### #                                                                                    ## ### ### #    ## ### ### #    ## ### ### #                    
### ### ###     ### ### ###     ### ### ###                     ### ### ###     ### ### ###     ### ### ###                                                                                     ### ### ###     ### ### ###     ### ### ###                     
                                          ##  ##          ##  ##                                          ##  ##          ##  ##                                          ##  ##          ##  ##                                                                
                                        ## ### #        ## ### #                                        ## ### #        ## ### #                                        ## ### #        ## ### #                                                                
                                        ## ### #        ## ### #                                        ## ### #        ## ### #                                        ## ### #        ## ### #                                                                
                                        ### ###         ### ###                                         ### ###         ### ###                                         ### ###         ### ###                                                                 
                                  ##  ##      ##  ##  ##      ##                                  ##  ##      ##  ##  ##      ##                                  ##  ##      ##  ##  ##      ##                                                                
                                ## ### #    ## ### ### #    ## #                                ## ### #    ## ### ### #    ## #                                ## ### #    ## ### ### #    ## #                                                                
                                ## ### #    ## ### ### #    ## #                                ## ### #    ## ### ### #    ## #                                ## ### #    ## ### ### #    ## #                                                                
                                ### ###     ### ### ###     ###                                 ### ###     ### ### ###     ###                                 ### ###     ### ### ###     ###                                                                 
                                  ##  ##      ##  ##  ##      ##                                  ##  ##      ##  ##  ##      ##                                  ##  ##      ##  ##  ##      ##                                                                
                                ## ### #    ## ### ### #    ## #                                ## ### #    ## ### ### #    ## #                                ## ### #    ## ### ### #    ## #                                                                
                                ## ### #    ## ### ### #    ## #                                ## ### #    ## ### ### #    ## #                                ## ### #    ## ### ### #    ## #                                                                
                                ### ###     ### ### ###     ###                                 ### ###     ### ### ###     ###                                 ### ###     ### ### ###     ###                                                                 
                                  ##  ##  ##      ##  ##  ##                                      ##  ##  ##      ##  ##  ##                                      ##  ##  ##      ##  ##  ##                                                                    
                                ## ### ### #    ## ### ### #                                    ## ### ### #    ## ### ### #                                    ## ### ### #    ## ### ### #                                                                    
                                ## ### ### #    ## ### ### #                                    ## ### ### #    ## ### ### #                                    ## ### ### #    ## ### ### #                                                                    
                                ### ### ###     ### ### ###                                     ### ### ###     ### ### ###                                     ### ### ###     ### ### ###                                                                     
          ##  ##          ##  ##                          ##  ##          ##  ##          ##  ##                          ##  ##          ##  ##          ##  ##                          ##  ##                                                                
        ## ### #        ## ### #                        ## ### #        ## ### #        ## ### #                        ## ### #        ## ### #        ## ### #                        ## ### #                                                                
        ## ### #        ## ### #                        ## ### #        ## ### #        ## ### #                        ## ### #        ## ### #        ## ### #                        ## ### #                                                                
        ### ###         ### ###                         ### ###         ### ###         ### ###                         ### ###         ### ###         ### ###                         ### ###                                                                 
  ##  ##      ##  ##  ##      ##                  ##  ##      ##  ##  ##      ##  ##  ##      ##                  ##  ##      ##  ##  ##      ##  ##  ##      ##                  ##  ##      ##                                                                
## ### #    ## ### ### #    ## #                ## ### #    ## ### ### #    ## ### ### #    ## #                ## ### #    ## ### ### #    ## ### ### #    ## #                ## ### #    ## #                                                                
## ### #    ## ### ### #    ## #                ## ### #    ## ### ### #    ## ### ### #    ## #                ## ### #    ## ### ### #    ## ### ### #    ## #                ## ### #    ## #                                                                
### ###     ### ### ###     ###                 ### ###     ### ### ###     ### ### ###     ###                 ### ###     ### ### ###     ### ### ###     ###                 ### ###     ###                                                                 
  ##  ##      ##  ##  ##      ##                  ##  ##      ##  ##  ##      ##  ##  ##      ##                  ##  ##      ##  ##  ##      ##  ##  ##      ##                  ##  ##      ##                                                                
## ### #    ## ### ### #    ## #                ## ### #    ## ### ### #    ## ### ### #    ## #                ## ### #    ## ### ### #    ## ### ### #    ## #                ## ### #    ## #                                                                
## ### #    ## ### ### #    ## #                ## ### #    ## ### ### #    ## ### ### #    ## #                ## ### #    ## ### ### #    ## ### ### #    ## #                ## ### #    ## #                                                                
### ###     ### ### ###     ###                 ### ###     ### ### ###     ### ### ###     ###                 ### ###     ### ### ###     ### ### ###     ###                 ### ###     ###                                                                 
  ##  ##  ##      ##  ##  ##                      ##  ##  ##      ##  ##  ##      ##  ##  ##                      ##  ##  ##      ##  ##  ##      ##  ##  ##                      ##  ##  ##                                                                    
## ### ### #    ## ### ### #                    ## ### ### #    ## ### ### #    ## ### ### #                    ## ### ### #    ## ### ### #    ## ### ### #                    ## ### ### #                                                                    
## ### ### #    ## ### ### #                    ## ### ### #    ## ### ### #    ## ### ### #                    ## ### ### #    ## ### ### #    ## ### ### #                    ## ### ### #                                                                    
### ### ###     ### ### ###                     ### ### ###     ### ### ###     ### ### ###                     ### ### ###     ### ### ###     ### ### ###                     ### ### ###                                                                     
          ##  ##          ##  ##                          ##  ##          ##  ##          ##  ##                          ##  ##          ##  ##          ##  ##                          ##  ##                                                                
        ## ### #        ## ### #                        ## ### #        ## ### #        ## ### #                        ## ### #        ## ### #        ## ### #                        ## ### #                                                                
        ## ### #        ## ### #                        ## ### #        ## ### #        ## ### #                        ## ### #        ## ### #        ## ### #                        ## ### #                                                                
        ### ###         ### ###                         ### ###         ### ###         ### ###                         ### ###         ### ###         ### ###                         ### ###                                                                 
  ##  ##      ##  ##  ##      ##                  ##  ##      ##  ##  ##      ##  ##  ##      ##                  ##  ##      ##  ##  ##      ##  ##  ##      ##                  ##  ##      ##                                                                
## ### #    ## ### ### #    ## #                ## ### #    ## ### ### #    ## ### ### #    ## #                ## ### #    ## ### ### #    ## ### ### #    ## #                ## ### #    ## #                                                                
## ### #    ## ### ### #    ## #                ## ### #    ## ### ### #    ## ### ### #    ## #                ## ### #    ## ### ### #    ## ### ### #    ## #                ## ### #    ## #                                                                
### ###     ### ### ###     ###                 ### ###     ### ### ###     ### ### ###     ###                 ### ###     ### ### ###     ### ### ###     ###                 ### ###     ###                                                                 
  ##  ##      ##  ##  ##      ##                  ##  ##      ##  ##  ##      ##  ##  ##      ##                  ##  ##      ##  ##  ##      ##  ##  ##      ##                  ##  ##      ##                                                                
## ### #    ## ### ### #    ## #                ## ### #    ## ### ### #    ## ### ### #    ## #                ## ### #    ## ### ### #    ## ### ### #    ## #                ## ### #    ## #                                                                
## ### #    ## ### ### #    ## #                ## ### #    ## ### ### #    ## ### ### #    ## #                ## ### #    ## ### ### #    ## ### ### #    ## #                ## ### #    ## #                                                                
### ###     ### ### ###     ###                 ### ###     ### ### ###     ### ### ###     ###                 ### ###     ### ### ###     ### ### ###     ###                 ### ###     ###                                                                 
  ##  ##  ##      ##  ##  ##                      ##  ##  ##      ##  ##  ##      ##  ##  ##                      ##  ##  ##      ##  ##  ##      ##  ##  ##                      ##  ##  ##                                                                    
## ### ### #    ## ### ### #                    ## ### ### #    ## ### ### #    ## ### ### #                    ## ### ### #    ## ### ### #    ## ### ### #                    ## ### ### #                                                                    
## ### ### #    ## ### ### #                    ## ### ### #    ## ### ### #    ## ### ### #                    ## ### ### #    ## ### ### #    ## ### ### #                    ## ### ### #                                                                    
### ### ###     ### ### ###                     ### ### ###     ### ### ###     ### ### ###                     ### ### ###     ### ### ###     ### ### ###                     ### ### ###                                                                     
          ##  ##          ##  ##          ##  ##                          ##  ##          ##  ##          ##  ##                          ##  ##          ##  ##          ##  ##                                                                                
        ## ### #        ## ### #        ## ### #                        ## ### #        ## ### #        ## ### #                        ## ### #        ## ### #        ## ### #                                                                                
        ## ### #        ## ### #        ## ### #                        ## ### #        ## ### #        ## ### #                        ## ### #        ## ### #        ## ### #                                                                                
        ### ###         ### ###         ### ###                         ### ###         ### ###         ### ###                         ### ###         ### ###         ### ###                                                                                 
  ##  ##      ##  ##  ##      ##  ##  ##      ##                  ##  ##      ##  ##  ##      ##  ##  ##      ##                  ##  ##      ##  ##  ##      ##  ##  ##      ##                                                                                
## ### #    ## ### ### #    ## ### ### #    ## #                ## ### #    ## ### ### #    ## ### ### #    ## #                ## ### #    ## ### ### #    ## ### ### #    ## #                                                                                
## ### #    ## ### ### #    ## ### ### #    ## #                ## ### #    ## ### ### #    ## ### ### #    ## #                ## ### #    ## ### ### #    ## ### ### #    ## #                                                                                
### ###     ### ### ###     ### ### ###     ###                 ### ###     ### ### ###     ### ### ###     ###                 ### ###     ### ### ###     ### ### ###     ###                                                                                 
  ##  ##      ##  ##  ##      ##  ##  ##      ##                  ##  ##      ##  ##  ##      ##  ##  ##      ##                  ##  ##      ##  ##  ##      ##  ##  ##      ##                                                                                
## ### #    ## ### ### #    ## ### ### #    ## #                ## ### #    ## ### ### #    ## ### ### #    ## #                ## ### #    ## ### ### #    ## ### ### #    ## #                                                                                
## ### #    ## ### ### #    ## ### ### #    ## #                ## ### #    ## ### ### #    ## ### ### #    ## #                ## ### #    ## ### ### #    ## ### ### #    ## #                                                                                
### ###     ### ### ###     ### ### ###     ###                 ### ###     ### ### ###     ### ### ###     ###                 ### ###     ### ### ###     ### ### ###     ###                                                                                 
  ##  ##  ##      ##  ##  ##      ##  ##  ##                      ##  ##  ##      ##  ##  ##      ##  ##  ##                      ##  ##  ##      ##  ##  ##      ##  ##  ##                                                                                    
## ### ### #    ## ### ### #    ## ### ### #                    ## ### ### #    ## ### ### #    ## ### ### #                    ## ### ### #    ## ### ### #    ## ### ### #                                                                                    
## ### ### #    ## ### ### #    ## ### ### #                    ## ### ### #    ## ### ### #    ## ### ### #                    ## ### ### #    ## ### ### #    ## ### ### #                                                                                    
### ### ###     ### ### ###     ### ### ###                     ### ### ###     ### ### ###     ### ### ###                     ### ### ###     ### ### ###     ### ### ###                                                                                     
## #### ##     ## #### ##
  ###  ###       ###  ###
#  ###  ##     #  ###  ##
## #### ##     ## #### ##
# #### ###     # #### ###
          ## #### #### ##
            ###  ###  ###
          #  ###  ###  ##
          ## #### #### ##
          # #### #### ###
## ##          ## #### ##
  ###            ###  ###
#  ##          #  ###  ##
## ##          ## #### ##
# ###          # #### ###
## #### ##     ## #### ##
  ###  ###       ###  ###
#  ###  ##     #  ###  ##
## #### ##     ## #### ##
# #### ###     # #### ###
## ##     ## #### #### ##
  ###       ###  ###  ###
#  ##     #  ###  ###  ##
## ##     ## #### #### ##
# ###     # #### #### ###
