-32763 -32762 -32760 -32731
-32729 -32708 -32674 -32674
-32652 -32645 -32638 -32635
-32630 -32617 -32615 -32591
-32573 -32569 -32552 -32549
-32543 -32529 -32527 -32526
-32513 -32482 -32477 -32455
-32428 -32426 -32426 -32424
-32418 -32416 -32406 -32376
-32372 -32314 -32308 -32294
-32292 -32288 -32268 -32267
-32255 -32242 -32218 -32216
-32196 -32193 -32180 -32180
-32171 -32168 -32158 -32154
-32144 -32117 -32081 -32061
-32006 -32000 -31994 -31984
-31972 -31965 -31955 -31954
-31949 -31940 -31921 -31904
-31855 -31802 -31798 -31774
-31771 -31768 -31757 -31753
-31736 -31728 -31725 -31724
-31711 -31701 -31668 -31657
-31649 -31649 -31645 -31641
-31634 -31631 -31626 -31622
-31620 -31619 -31614 -31599
-31597 -31588 -31587 -31580
-31573 -31572 -31563 -31543
-31542 -31529 -31524 -31516
-31497 -31485 -31477 -31468
-31457 -31436 -31435 -31430
-31427 -31406 -31400 -31396
-31383 -31381 -31381 -31364
-31361 -31355 -31348 -31332
-31328 -31324 -31322 -31320
-31305 -31295 -31294 -31284
-31271 -31253 -31246 -31236
-31215 -31210 -31182 -31166
-31159 -31154 -31140 -31132
-31130 -31126 -31121 -31110
-31106 -31101 -31098 -31094
-31090 -31087 -31062 -31040
-31040 -31036 -31016 -31013
-30984 -30979 -30963 -30944
-30925 -30901 -30861 -30858
-30828 -30825 -30821 -30815
-30799 -30792 -30791 -30790
-30786 -30783 -30745 -30742
-30732 -30725 -30719 -30708
-30702 -30688 -30658 -30618
-30613 -30607 -30584 -30581
-30576 -30557 -30539 -30532
-30526 -30522 -30521 -30517
-30503 -30497 -30493 -30488
-30438 -30422 -30348 -30342
-30320 -30304 -30285 -30255
-30253 -30247 -30243 -30224
-30221 -30212 -30202 -30198
-30196 -30187 -30182 -30182
-30162 -30154 -30132 -30087
-30055 -30053 -30043 -30033
-30033 -30020 -30013 -30001
-29996 -29996 -29966 -29964
-29960 -29940 -29933 -29931
-29929 -29927 -29921 -29914
-29914 -29896 -29890 -29889
-29885 -29881 -29860 -29858
-29858 -29833 -29830 -29803
-29800 -29774 -29773 -29767
-29749 -29745 -29727 -29727
-29726 -29711 -29701 -29676
-29673 -29673 -29663 -29659
-29648 -29641 -29635 -29620
-29606 -29595 -29588 -29575
-29554 -29539 -29531 -29523
-29522 -29515 -29496 -29465
-29459 -29457 -29425 -29414
-29405 -29401 -29400 -29389
-29385 -29384 -29379 -29367
-29335 -29310 -29283 -29273
-29260 -29248 -29240 -29218
-29210 -29203 -29188 -29176
-29168 -29165 -29162 -29144
-29131 -29123 -29114 -29105
-29096 -29090 -29086 -29071
-29068 -29061 -29053 -29051
-29042 -29033 -29017 -29009
-28997 -28960 -28957 -28939
-28934 -28898 -28894 -28891
-28869 -28857 -28853 -28849
-28827 -28826 -28791 -28790
-28767 -28750 -28736 -28732
-28715 -28702 -28697 -28697
-28679 -28678 -28676 -28673
-28665 -28656 -28652 -28606
-28591 -28583 -28582 -28571
-28567 -28558 -28558 -28548
-28539 -28520 -28519 -28511
-28480 -28480 -28477 -28472
-28464 -28450 -28449 -28447
-28441 -28427 -28411 -28398
-28386 -28386 -28384 -28377
-28373 -28371 -28357 -28331
-28312 -28291 -28243 -28236
-28217 -28213 -28210 -28193
-28164 -28163 -28153 -28149
-28147 -28145 -28114 -28100
-28093 -28078 -28059 -28055
-28042 -28023 -28011 -28008
-28004 -27978 -27974 -27966
-27952 -27951 -27946 -27938
-27926 -27902 -27900 -27885
-27878 -27864 -27857 -27854
-27817 -27815 -27787 -27760
-27758 -27747 -27742 -27701
-27698 -27697 -27689 -27680
-27673 -27636 -27619 -27601
-27600 -27569 -27551 -27550
-27544 -27525 -27497 -27492
-27486 -27472 -27465 -27444
-27433 -27433 -27421 -27408
-27379 -27379 -27375 -27371
-27367 -27338 -27304 -27300
-27298 -27278 -27277 -27270
-27270 -27268 -27266 -27256
-27239 -27231 -27223 -27217
-27210 -27189 -27168 -27155
-27153 -27109 -27062 -27055
-27054 -27050 -27036 -27027
-27016 -27016 -27014 -26992
-26986 -26983 -26972 -26967
-26899 -26898 -26896 -26891
-26854 -26822 -26819 -26810
-26792 -26790 -26770 -26764
-26756 -26750 -26735 -26702
-26692 -26678 -26644 -26623
-26613 -26600 -26586 -26585
-26563 -26554 -26538 -26529
-26517 -26496 -26490 -26484
-26481 -26464 -26457 -26442
-26408 -26399 -26398 -26397
-26383 -26364 -26362 -26354
-26252 -26248 -26242 -26231
-26229 -26217 -26213 -26204
-26177 -26138 -26130 -26120
-26101 -26101 -26091 -26082
-26080 -26058 -26058 -26057
-25997 -25979 -25974 -25969
-25965 -25952 -25951 -25944
-25942 -25935 -25920 -25905
-25897 -25894 -25880 -25864
-25858 -25839 -25838 -25828
-25820 -25811 -25800 -25794
-25783 -25757 -25719 -25705
-25705 -25704 -25702 -25698
-25690 -25673 -25667 -25659
-25620 -25602 -25583 -25566
-25549 -25543 -25530 -25513
-25513 -25511 -25474 -25470
-25452 -25445 -25437 -25427
-25415 -25414 -25354 -25324
-25317 -25273 -25261 -25234
-25234 -25222 -25203 -25191
-25187 -25176 -25175 -25170
-25164 -25163 -25125 -25116
-25114 -25114 -25102 -25088
-25081 -25077 -25065 -25051
-25048 -25043 -25028 -25027
-25026 -25014 -24976 -24975
-24970 -24962 -24961 -24958
-24952 -24950 -24934 -24931
-24909 -24885 -24871 -24858
-24849 -24844 -24843 -24843
-24820 -24812 -24805 -24801
-24797 -24796 -24781 -24765
-24757 -24736 -24724 -24715
-24694 -24688 -24663 -24657
-24650 -24641 -24628 -24616
-24609 -24580 -24579 -24531
-24518 -24517 -24493 -24483
-24478 -24469 -24446 -24438
-24410 -24398 -24351 -24347
-24335 -24332 -24315 -24312
-24283 -24276 -24269 -24265
-24264 -24259 -24257 -24253
-24251 -24248 -24246 -24245
-24227 -24216 -24204 -24203
-24200 -24199 -24190 -24182
-24166 -24146 -24143 -24127
-24117 -24105 -24074 -24067
-24061 -24058 -24042 -24035
-24017 -24001 -23994 -23977
-23955 -23943 -23939 -23902
-23888 -23883 -23873 -23864
-23852 -23849 -23846 -23843
-23834 -23831 -23810 -23806
-23748 -23744 -23740 -23737
-23726 -23705 -23690 -23689
-23673 -23670 -23663 -23662
-23649 -23648 -23645 -23636
-23625 -23609 -23594 -23593
-23591 -23556 -23552 -23519
-23519 -23513 -23498 -23487
-23461 -23449 -23437 -23436
-23423 -23405 -23396 -23388
-23349 -23348 -23315 -23313
-23312 -23310 -23299 -23299
-23285 -23263 -23238 -23226
-23223 -23197 -23193 -23175
-23166 -23152 -23144 -23141
-23137 -23101 -23093 -23056
-23052 -23043 -23036 -23030
-23026 -22993 -22990 -22980
-22977 -22973 -22959 -22957
-22945 -22932 -22929 -22926
-22890 -22890 -22882 -22765
-22758 -22752 -22751 -22730
-22717 -22643 -22640 -22635
-22622 -22574 -22567 -22565
-22563 -22552 -22543 -22508
-22502 -22486 -22463 -22441
-22394 -22393 -22393 -22379
-22379 -22375 -22344 -22326
-22309 -22304 -22304 -22302
-22274 -22256 -22255 -22252
-22233 -22223 -22172 -22172
-22163 -22147 -22140 -22134
-22131 -22116 -22113 -22105
-22105 -22092 -22056 -22048
-22044 -22043 -22039 -22032
-22031 -22031 -22008 -22004
-21998 -21993 -21964 -21960
-21907 -21898 -21897 -21881
-21867 -21851 -21842 -21833
-21826 -21817 -21804 -21799
-21799 -21794 -21788 -21769
-21743 -21732 -21731 -21695
-21693 -21693 -21687 -21677
-21666 -21650 -21648 -21626
-21607 -21595 -21589 -21589
-21582 -21577 -21539 -21534
-21526 -21508 -21498 -21495
-21495 -21483 -21479 -21475
-21458 -21454 -21453 -21445
-21445 -21393 -21363 -21362
-21351 -21347 -21339 -21336
-21332 -21331 -21311 -21306
-21279 -21276 -21260 -21258
-21250 -21239 -21224 -21209
-21183 -21174 -21116 -21103
-21089 -21083 -21082 -21082
-21079 -21047 -21035 -21033
-21025 -20978 -20975 -20968
-20967 -20964 -20956 -20949
-20947 -20931 -20903 -20894
-20893 -20880 -20876 -20854
-20853 -20842 -20841 -20831
-20831 -20803 -20797 -20789
-20787 -20782 -20773 -20769
-20753 -20753 -20745 -20729
-20727 -20715 -20711 -20705
-20682 -20680 -20678 -20655
-20654 -20651 -20639 -20624
-20613 -20595 -20568 -20561
-20558 -20554 -20552 -20551
-20549 -20522 -20502 -20499
-20453 -20426 -20424 -20410
-20407 -20385 -20359 -20307
-20306 -20282 -20275 -20273
-20265 -20263 -20256 -20242
-20190 -20187 -20176 -20147
-20139 -20139 -20138 -20135
-20099 -20092 -20089 -20077
-20069 -20069 -20045 -20035
-19992 -19982 -19954 -19951
-19947 -19945 -19933 -19899
-19888 -19837 -19834 -19829
-19821 -19817 -19809 -19800
-19758 -19752 -19743 -19728
-19727 -19718 -19714 -19693
-19689 -19687 -19656 -19653
-19653 -19649 -19615 -19612
-19587 -19585 -19578 -19568
-19550 -19547 -19524 -19520
-19476 -19458 -19455 -19441
-19431 -19430 -19427 -19426
-19426 -19425 -19407 -19397
-19397 -19379 -19366 -19358
-19354 -19345 -19344 -19336
-19330 -19327 -19325 -19313
-19305 -19304 -19285 -19277
-19255 -19248 -19238 -19236
-19225 -19223 -19189 -19184
-19178 -19168 -19164 -19147
-19106 -19086 -19065 -19047
-19030 -19020 -19006 -19004
-19002 -18992 -18991 -18987
-18983 -18980 -18960 -18949
-18922 -18914 -18912 -18910
-18884 -18870 -18852 -18841
-18836 -18833 -18831 -18829
-18819 -18811 -18788 -18776
-18748 -18721 -18717 -18712
-18677 -18661 -18611 -18602
-18573 -18571 -18567 -18567
-18561 -18533 -18519 -18475
-18471 -18460 -18439 -18430
-18429 -18425 -18407 -18405
-18403 -18396 -18390 -18388
-18378 -18341 -18317 -18316
-18310 -18307 -18305 -18298
-18293 -18290 -18287 -18263
-18251 -18251 -18233 -18221
-18179 -18174 -18170 -18152
-18148 -18133 -18120 -18105
-18097 -18087 -18075 -18053
-18049 -18044 -18004 -17979
-17975 -17949 -17946 -17940
-17932 -17916 -17915 -17911
-17906 -17878 -17868 -17859
-17853 -17843 -17822 -17821
-17813 -17812 -17801 -17799
-17770 -17758 -17740 -17734
-17712 -17704 -17671 -17646
-17627 -17579 -17561 -17533
-17504 -17496 -17489 -17488
-17478 -17474 -17465 -17461
-17444 -17439 -17424 -17424
-17402 -17362 -17361 -17350
-17349 -17347 -17336 -17270
-17246 -17234 -17224 -17194
-17185 -17175 -17151 -17141
-17140 -17124 -17121 -17095
-17085 -17058 -17035 -17005
-16989 -16989 -16982 -16968
-16967 -16957 -16957 -16946
-16943 -16913 -16896 -16872
-16846 -16804 -16787 -16774
-16763 -16761 -16755 -16753
-16752 -16749 -16733 -16730
-16727 -16717 -16716 -16706
-16701 -16695 -16694 -16693
-16679 -16671 -16670 -16656
-16632 -16629 -16626 -16620
-16617 -16599 -16597 -16597
-16573 -16563 -16562 -16560
-16553 -16525 -16503 -16497
-16493 -16486 -16474 -16469
-16448 -16444 -16442 -16425
-16409 -16407 -16392 -16377
-16364 -16344 -16337 -16332
-16306 -16305 -16289 -16204
-16195 -16142 -16141 -16110
-16108 -16093 -16050 -16014
-16005 -15961 -15960 -15945
-15945 -15944 -15938 -15930
-15925 -15925 -15924 -15912
-15911 -15906 -15902 -15898
-15897 -15851 -15851 -15836
-15812 -15808 -15792 -15770
-15769 -15759 -15753 -15727
-15712 -15711 -15697 -15688
-15681 -15675 -15668 -15633
-15632 -15620 -15601 -15598
-15597 -15563 -15554 -15545
-15532 -15532 -15531 -15529
-15528 -15516 -15507 -15493
-15487 -15477 -15453 -15441
-15440 -15435 -15434 -15433
-15404 -15382 -15379 -15375
-15366 -15357 -15352 -15342
-15340 -15336 -15329 -15325
-15314 -15310 -15310 -15308
-15277 -15273 -15266 -15245
-15239 -15234 -15230 -15209
-15208 -15207 -15195 -15160
-15157 -15152 -15151 -15148
-15134 -15119 -15118 -15112
-15103 -15098 -15087 -15076
-15065 -15064 -15049 -15034
-15017 -15016 -15006 -14991
-14980 -14966 -14951 -14922
-14922 -14900 -14900 -14886
-14878 -14873 -14863 -14855
-14850 -14847 -14846 -14770
-14734 -14726 -14722 -14704
-14691 -14682 -14681 -14648
-14647 -14642 -14639 -14626
-14621 -14616 -14612 -14589
-14587 -14580 -14575 -14569
-14568 -14562 -14561 -14547
-14545 -14541 -14525 -14498
-14497 -14497 -14493 -14475
-14471 -14453 -14437 -14409
-14409 -14403 -14399 -14395
-14384 -14365 -14363 -14353
-14353 -14339 -14321 -14284
-14267 -14266 -14239 -14238
-14229 -14226 -14225 -14215
-14214 -14210 -14199 -14195
-14189 -14180 -14179 -14170
-14136 -14122 -14118 -14113
-14097 -14091 -14090 -14079
-14077 -14063 -14061 -14059
-14040 -14014 -13990 -13983
-13973 -13971 -13960 -13957
-13934 -13917 -13912 -13887
-13882 -13871 -13868 -13864
-13850 -13849 -13849 -13842
-13818 -13810 -13801 -13779
-13735 -13722 -13716 -13701
-13692 -13661 -13650 -13646
-13635 -13624 -13615 -13612
-13610 -13599 -13572 -13566
-13556 -13547 -13544 -13538
-13515 -13514 -13483 -13460
-13450 -13441 -13439 -13438
-13435 -13431 -13362 -13353
-13348 -13345 -13332 -13329
-13325 -13293 -13267 -13261
-13235 -13225 -13203 -13191
-13156 -13147 -13140 -13129
-13114 -13096 -13095 -13089
-13038 -13031 -13030 -13018
-13016 -13000 -12995 -12936
-12926 -12925 -12922 -12883
-12852 -12845 -12830 -12829
-12815 -12810 -12808 -12798
-12796 -12777 -12777 -12694
-12692 -12690 -12676 -12668
-12610 -12607 -12590 -12578
-12554 -12549 -12549 -12536
-12483 -12483 -12475 -12458
-12451 -12438 -12426 -12422
-12412 -12407 -12396 -12393
-12386 -12366 -12359 -12339
-12331 -12273 -12263 -12241
-12236 -12230 -12218 -12214
-12198 -12193 -12186 -12153
-12147 -12137 -12121 -12117
-12116 -12111 -12106 -12102
-12092 -12076 -12076 -12075
-12055 -12012 -12000 -11981
-11969 -11944 -11938 -11928
-11907 -11898 -11898 -11877
-11863 -11855 -11843 -11842
-11836 -11833 -11833 -11811
-11804 -11794 -11792 -11786
-11779 -11774 -11765 -11746
-11739 -11717 -11713 -11686
-11668 -11631 -11624 -11624
-11600 -11597 -11535 -11518
-11509 -11482 -11479 -11461
-11451 -11430 -11412 -11404
-11381 -11381 -11354 -11344
-11334 -11310 -11284 -11280
-11277 -11269 -11241 -11223
-11206 -11178 -11130 -11114
-11103 -11097 -11096 -11092
-11032 -11028 -11025 -10975
-10968 -10957 -10938 -10928
-10922 -10917 -10912 -10910
-10906 -10892 -10891 -10885
-10883 -10861 -10859 -10812
-10801 -10794 -10790 -10771
-10761 -10755 -10745 -10720
-10703 -10700 -10651 -10650
-10635 -10629 -10620 -10616
-10611 -10587 -10583 -10581
-10567 -10554 -10541 -10516
-10512 -10501 -10483 -10473
-10457 -10435 -10422 -10389
-10381 -10370 -10349 -10344
-10335 -10305 -10299 -10296
-10278 -10276 -10261 -10256
-10249 -10239 -10239 -10231
-10222 -10211 -10209 -10201
-10194 -10178 -10169 -10167
-10154 -10139 -10134 -10104
-10098 -10098 -10087 -10082
-10078 -10065 -10062 -10062
-10049 -10025 -9997 -9945
-9942 -9942 -9912 -9908
-9905 -9902 -9883 -9878
-9844 -9844 -9826 -9826
-9818 -9812 -9796 -9783
-9761 -9755 -9754 -9749
-9734 -9730 -9709 -9700
-9690 -9670 -9663 -9661
-9643 -9639 -9633 -9625
-9623 -9620 -9616 -9602
-9594 -9591 -9531 -9529
-9524 -9514 -9511 -9509
-9503 -9475 -9474 -9472
-9448 -9437 -9434 -9430
-9429 -9418 -9410 -9382
-9382 -9380 -9373 -9372
-9359 -9356 -9356 -9338
-9335 -9319 -9294 -9277
-9267 -9263 -9245 -9217
-9213 -9200 -9197 -9187
-9168 -9152 -9144 -9136
-9129 -9122 -9113 -9087
-9079 -9055 -9055 -9043
-9043 -8998 -8996 -8967
-8944 -8880 -8875 -8860
-8847 -8843 -8826 -8812
-8806 -8805 -8796 -8789
-8779 -8768 -8763 -8755
-8742 -8731 -8725 -8684
-8673 -8643 -8625 -8580
-8565 -8558 -8558 -8548
-8544 -8543 -8528 -8503
-8494 -8453 -8439 -8437
-8422 -8418 -8375 -8369
-8357 -8330 -8307 -8295
-8293 -8276 -8270 -8256
-8218 -8202 -8200 -8166
-8160 -8152 -8147 -8129
-8117 -8112 -8091 -8079
-8061 -8057 -8042 -7984
-7982 -7973 -7972 -7969
-7963 -7947 -7929 -7905
-7901 -7888 -7871 -7868
-7846 -7824 -7820 -7817
-7815 -7803 -7798 -7768
-7762 -7746 -7746 -7716
-7683 -7682 -7672 -7665
-7625 -7622 -7622 -7603
-7598 -7585 -7582 -7520
-7513 -7505 -7505 -7499
-7496 -7481 -7472 -7464
-7459 -7437 -7423 -7412
-7412 -7409 -7383 -7376
-7332 -7292 -7290 -7289
-7270 -7264 -7261 -7248
-7201 -7197 -7159 -7153
-7114 -7092 -7087 -7068
-7065 -7043 -7040 -7017
-7006 -7004 -6988 -6977
-6969 -6956 -6951 -6947
-6933 -6919 -6855 -6847
-6836 -6833 -6824 -6820
-6803 -6803 -6794 -6787
-6779 -6767 -6761 -6758
-6752 -6721 -6717 -6693
-6693 -6686 -6686 -6679
-6646 -6627 -6616 -6577
-6555 -6555 -6539 -6534
-6532 -6527 -6515 -6510
-6475 -6466 -6464 -6452
-6443 -6442 -6439 -6437
-6405 -6389 -6386 -6383
-6370 -6369 -6365 -6343
-6342 -6337 -6335 -6304
-6301 -6289 -6273 -6270
-6268 -6253 -6243 -6239
-6230 -6204 -6192 -6185
-6183 -6181 -6179 -6138
-6118 -6104 -6102 -6102
-6100 -6097 -6096 -6094
-6093 -6084 -6055 -6051
-6047 -6028 -6009 -6005
-6004 -5982 -5961 -5954
-5935 -5918 -5912 -5909
-5907 -5905 -5894 -5892
-5875 -5873 -5841 -5818
-5788 -5780 -5765 -5758
-5755 -5707 -5688 -5682
-5637 -5632 -5632 -5630
-5630 -5624 -5624 -5622
-5616 -5613 -5603 -5602
-5602 -5599 -5593 -5590
-5555 -5548 -5545 -5535
-5517 -5514 -5506 -5488
-5459 -5443 -5422 -5413
-5408 -5381 -5360 -5349
-5339 -5336 -5336 -5312
-5306 -5306 -5275 -5262
-5256 -5238 -5231 -5225
-5224 -5198 -5180 -5178
-5175 -5166 -5159 -5088
-5068 -5060 -5005 -4991
-4980 -4942 -4936 -4933
-4928 -4921 -4917 -4911
-4909 -4886 -4886 -4860
-4850 -4846 -4835 -4827
-4814 -4796 -4791 -4786
-4782 -4780 -4773 -4764
-4760 -4756 -4731 -4716
-4703 -4701 -4699 -4697
-4622 -4616 -4598 -4582
-4552 -4548 -4533 -4523
-4523 -4520 -4504 -4502
-4502 -4483 -4483 -4471
-4471 -4456 -4435 -4429
-4413 -4410 -4402 -4365
-4353 -4350 -4343 -4340
-4301 -4299 -4292 -4288
-4259 -4245 -4243 -4240
-4215 -4185 -4183 -4181
-4177 -4154 -4149 -4146
-4143 -4143 -4113 -4113
-4092 -4090 -4073 -4067
-4062 -4052 -4037 -4030
-4008 -3994 -3990 -3988
-3963 -3951 -3951 -3950
-3942 -3942 -3921 -3918
-3912 -3906 -3901 -3889
-3885 -3881 -3865 -3863
-3862 -3833 -3822 -3812
-3811 -3807 -3797 -3795
-3779 -3767 -3752 -3735
-3723 -3723 -3710 -3703
-3690 -3679 -3677 -3670
-3665 -3639 -3638 -3625
-3620 -3604 -3602 -3554
-3517 -3512 -3502 -3497
-3488 -3480 -3468 -3463
-3461 -3411 -3411 -3404
-3393 -3389 -3355 -3344
-3343 -3305 -3302 -3279
-3253 -3248 -3246 -3232
-3190 -3183 -3163 -3155
-3136 -3136 -3131 -3130
-3125 -3048 -3043 -3028
-3027 -3009 -2998 -2993
-2991 -2978 -2957 -2946
-2942 -2941 -2906 -2905
-2901 -2898 -2884 -2868
-2865 -2858 -2858 -2851
-2828 -2795 -2771 -2767
-2731 -2729 -2724 -2720
-2715 -2707 -2677 -2668
-2666 -2664 -2648 -2647
-2646 -2625 -2613 -2607
-2587 -2576 -2551 -2540
-2512 -2508 -2478 -2476
-2468 -2465 -2425 -2425
-2364 -2333 -2319 -2303
-2299 -2229 -2211 -2199
-2189 -2173 -2171 -2167
-2150 -2137 -2087 -2072
-2063 -2062 -2059 -2058
-2049 -2003 -1961 -1938
-1926 -1915 -1905 -1890
-1879 -1844 -1822 -1820
-1808 -1804 -1799 -1791
-1782 -1764 -1684 -1665
-1650 -1630 -1612 -1610
-1609 -1603 -1585 -1580
-1579 -1567 -1563 -1561
-1558 -1544 -1539 -1502
-1488 -1470 -1442 -1432
-1425 -1417 -1409 -1382
-1364 -1336 -1336 -1335
-1331 -1331 -1327 -1326
-1309 -1273 -1266 -1253
-1219 -1192 -1183 -1145
-1144 -1142 -1140 -1120
-1118 -1080 -1079 -1078
-1076 -1052 -1049 -1047
-1043 -1031 -1022 -1020
-1007 -995 -992 -982
-972 -968 -963 -948
-946 -936 -925 -917
-903 -877 -855 -853
-841 -838 -826 -810
-809 -769 -765 -760
-745 -733 -732 -729
-724 -714 -702 -699
-674 -653 -639 -633
-618 -604 -578 -574
-561 -552 -549 -546
-530 -506 -493 -492
-446 -423 -418 -412
-406 -403 -396 -378
-354 -350 -334 -322
-316 -300 -297 -267
-263 -261 -248 -247
-244 -228 -206 -193
-181 -178 -162 -151
-138 -125 -122 -120
-108 -97 -67 -65
-56 -51 -42 -31
-26 -9 -1 4
40 55 72 92
93 123 131 133
144 146 166 177
202 214 228 234
236 241 248 255
270 287 299 351
368 388 400 406
441 449 459 460
491 503 528 531
542 556 572 577
577 585 595 597
599 618 623 624
639 654 664 677
700 713 722 727
728 735 740 760
763 769 770 771
778 791 798 800
804 809 833 837
844 847 863 867
879 899 900 921
943 951 959 963
976 986 989 990
994 1013 1036 1055
1057 1062 1078 1106
1110 1112 1113 1122
1125 1126 1127 1149
1167 1173 1193 1199
1203 1203 1231 1313
1331 1337 1350 1356
1367 1367 1375 1413
1426 1435 1440 1460
1464 1472 1482 1487
1524 1530 1563 1567
1571 1573 1583 1583
1603 1633 1638 1649
1650 1659 1663 1664
1671 1684 1694 1730
1734 1741 1743 1755
1766 1769 1776 1779
1779 1816 1850 1850
1859 1863 1864 1877
1884 1890 1897 1905
1922 1942 1945 1968
1973 1980 1985 2001
2025 2068 2093 2094
2095 2097 2144 2150
2163 2167 2168 2187
2188 2202 2207 2230
2247 2250 2255 2258
2284 2289 2290 2308
2315 2319 2334 2335
2339 2339 2354 2365
2383 2392 2392 2408
2412 2419 2440 2491
2492 2493 2501 2522
2523 2529 2532 2542
2545 2551 2552 2561
2567 2567 2581 2588
2588 2597 2611 2615
2617 2642 2675 2680
2685 2690 2691 2700
2725 2734 2759 2774
2816 2841 2843 2843
2852 2883 2891 2897
2928 2940 2970 3020
3040 3044 3051 3058
3083 3085 3086 3089
3100 3135 3140 3147
3160 3164 3170 3174
3176 3176 3190 3192
3198 3201 3207 3210
3211 3226 3228 3233
3235 3238 3240 3246
3247 3320 3335 3349
3352 3364 3365 3368
3404 3452 3483 3502
3514 3531 3541 3555
3594 3599 3622 3624
3669 3690 3702 3707
3708 3728 3739 3745
3756 3775 3797 3798
3817 3832 3836 3841
3863 3884 3897 3918
3928 3954 3957 3964
3975 3979 3986 3992
4001 4001 4002 4023
4029 4038 4054 4076
4085 4097 4104 4114
4120 4124 4135 4138
4145 4149 4179 4186
4192 4199 4203 4245
4249 4282 4283 4294
4295 4304 4306 4306
4324 4329 4372 4373
4377 4397 4405 4422
4429 4441 4466 4487
4491 4493 4515 4521
4523 4531 4544 4558
4560 4562 4569 4598
4601 4603 4614 4619
4643 4652 4653 4668
4670 4712 4748 4751
4754 4762 4766 4777
4784 4803 4810 4828
4830 4851 4858 4915
4928 4933 4938 4957
4966 4969 4976 4994
5018 5025 5038 5058
5063 5075 5076 5081
5081 5082 5087 5103
5113 5125 5133 5137
5138 5147 5160 5192
5194 5206 5215 5217
5233 5257 5263 5292
5296 5305 5312 5326
5331 5334 5345 5363
5376 5470 5476 5482
5486 5496 5512 5531
5532 5541 5544 5545
5545 5558 5559 5564
5570 5581 5587 5625
5642 5646 5692 5722
5722 5724 5736 5746
5751 5762 5766 5797
5807 5817 5824 5868
5880 5891 5893 5927
5937 5941 5960 5977
5978 5981 5985 5994
6009 6015 6023 6034
6038 6052 6053 6102
6104 6126 6158 6161
6186 6192 6210 6244
6254 6257 6260 6263
6266 6267 6273 6276
6277 6280 6298 6314
6326 6354 6358 6366
6373 6391 6392 6444
6466 6491 6493 6497
6498 6508 6537 6549
6557 6561 6578 6592
6594 6594 6601 6626
6634 6635 6662 6669
6673 6677 6695 6713
6715 6726 6761 6771
6779 6784 6800 6804
6808 6811 6819 6830
6847 6855 6865 6874
6881 6887 6911 6920
6957 6962 6998 6999
7000 7002 7004 7009
7021 7052 7061 7081
7082 7084 7106 7108
7121 7128 7136 7156
7195 7196 7205 7214
7236 7248 7268 7270
7314 7322 7325 7332
7345 7345 7357 7365
7366 7384 7426 7427
7456 7471 7472 7473
7475 7508 7537 7538
7543 7553 7559 7573
7578 7616 7645 7683
7692 7692 7695 7704
7705 7712 7743 7753
7770 7814 7814 7842
7843 7845 7849 7871
7893 7894 7901 7908
7914 7923 7923 7936
7958 7973 7984 7985
7991 7998 8005 8009
8027 8030 8031 8034
8042 8045 8062 8073
8078 8081 8129 8143
8184 8194 8212 8238
8240 8240 8247 8256
8257 8258 8261 8263
8269 8286 8287 8288
8293 8304 8319 8331
8335 8367 8367 8401
8409 8415 8415 8455
8461 8493 8498 8517
8593 8608 8620 8631
8655 8692 8700 8707
8718 8727 8730 8742
8753 8772 8773 8778
8799 8801 8815 8820
8826 8826 8832 8841
8898 8906 8924 8941
8993 9000 9019 9025
9038 9072 9076 9081
9099 9131 9140 9149
9170 9171 9178 9184
9186 9214 9215 9222
9228 9259 9262 9269
9289 9305 9307 9310
9311 9314 9328 9387
9387 9390 9397 9401
9402 9426 9430 9437
9447 9474 9495 9528
9541 9550 9557 9564
9566 9586 9589 9594
9603 9632 9637 9643
9650 9669 9688 9692
9694 9695 9707 9734
9755 9758 9767 9772
9783 9791 9822 9835
9837 9865 9878 9899
9905 9928 9930 9950
9950 9958 9986 10004
10020 10084 10092 10117
10124 10125 10125 10134
10140 10146 10171 10185
10189 10190 10197 10199
10224 10227 10230 10247
10248 10273 10278 10282
10289 10297 10340 10345
10346 10347 10348 10351
10399 10406 10415 10420
10438 10447 10461 10506
10508 10560 10561 10567
10578 10580 10619 10620
10624 10630 10633 10640
10641 10650 10675 10684
10684 10688 10696 10702
10706 10710 10714 10722
10784 10796 10798 10800
10811 10812 10825 10856
10877 10886 10897 10918
10938 10938 10939 10948
10973 10996 10997 11001
11009 11032 11043 11049
11054 11112 11128 11131
11164 11238 11246 11286
11297 11309 11311 11356
11357 11361 11364 11381
11394 11409 11433 11444
11450 11482 11482 11484
11485 11503 11510 11517
11523 11554 11585 11631
11657 11682 11685 11689
11691 11708 11714 11716
11716 11718 11720 11738
11741 11750 11764 11773
11773 11783 11796 11832
11834 11851 11878 11894
11901 11937 11972 11985
11988 12061 12064 12067
12082 12095 12097 12103
12111 12114 12148 12156
12177 12179 12183 12195
12197 12198 12243 12250
12260 12281 12286 12299
12329 12337 12370 12383
12384 12415 12455 12480
12483 12501 12514 12554
12596 12603 12621 12621
12629 12635 12640 12651
12667 12672 12701 12718
12746 12755 12770 12779
12786 12786 12791 12816
12816 12818 12821 12854
12874 12933 12937 12976
12991 12995 12999 13001
13004 13012 13019 13022
13037 13062 13068 13074
13081 13082 13090 13122
13129 13134 13138 13154
13184 13195 13197 13201
13221 13227 13246 13249
13250 13266 13266 13281
13281 13294 13305 13328
13337 13339 13343 13344
13346 13354 13374 13399
13402 13404 13406 13450
13464 13465 13492 13494
13512 13530 13535 13559
13574 13578 13585 13597
13600 13602 13603 13604
13609 13610 13630 13639
13681 13727 13741 13753
13801 13815 13828 13839
13867 13870 13885 13920
13923 13938 13942 13963
13972 13992 14020 14024
14050 14055 14069 14071
14079 14086 14093 14103
14110 14120 14138 14164
14166 14192 14216 14225
14232 14242 14247 14253
14287 14300 14307 14308
14351 14377 14377 14392
14397 14399 14399 14406
14440 14441 14482 14505
14511 14524 14546 14554
14574 14580 14588 14599
14605 14616 14618 14640
14642 14654 14674 14674
14684 14707 14707 14719
14723 14736 14743 14756
14767 14767 14769 14770
14785 14792 14793 14797
14802 14824 14849 14869
14890 14906 14911 14918
14937 14941 14949 14950
14951 14976 14983 14984
15002 15009 15020 15021
15023 15041 15044 15056
15059 15074 15078 15079
15105 15108 15137 15146
15162 15173 15182 15186
15200 15214 15216 15236
15248 15289 15291 15308
15312 15314 15328 15329
15351 15363 15365 15366
15368 15373 15403 15411
15413 15413 15414 15422
15423 15449 15463 15468
15502 15512 15517 15518
15526 15541 15552 15571
15598 15605 15606 15609
15620 15638 15644 15647
15656 15671 15691 15719
15760 15762 15783 15791
15792 15800 15802 15826
15833 15839 15875 15896
15898 15905 15928 15944
15957 15959 15972 15994
16025 16028 16035 16043
16062 16063 16063 16083
16086 16093 16094 16117
16124 16125 16125 16126
16128 16132 16132 16148
16152 16155 16158 16163
16174 16175 16187 16218
16241 16260 16291 16298
16312 16320 16320 16329
16423 16454 16461 16470
16471 16478 16482 16490
16491 16504 16522 16524
16543 16552 16564 16578
16580 16613 16634 16685
16686 16687 16693 16694
16694 16706 16707 16725
16726 16737 16755 16757
16770 16773 16782 16793
16810 16827 16848 16851
16852 16860 16862 16875
16919 16930 16932 16940
16954 16966 16974 16991
16992 16994 17030 17045
17055 17060 17067 17075
17082 17104 17116 17132
17147 17160 17176 17186
17189 17202 17209 17265
17273 17277 17287 17307
17322 17343 17358 17359
17359 17373 17386 17389
17399 17403 17425 17446
17457 17463 17477 17487
17489 17490 17497 17513
17516 17535 17536 17538
17550 17555 17558 17577
17583 17587 17601 17670
17672 17692 17700 17705
17712 17712 17736 17742
17749 17754 17756 17775
17779 17783 17790 17791
17796 17801 17809 17821
17827 17832 17870 17899
17913 17929 17941 17996
18035 18045 18058 18067
18068 18089 18103 18108
18109 18127 18135 18137
18156 18157 18169 18173
18193 18194 18204 18213
18218 18224 18264 18267
18269 18274 18279 18282
18288 18293 18322 18323
18348 18355 18382 18385
18388 18401 18440 18441
18450 18472 18473 18482
18499 18511 18514 18549
18549 18563 18565 18581
18630 18669 18669 18673
18678 18688 18735 18752
18766 18773 18858 18865
18875 18947 18964 18971
18983 18991 18997 19001
19008 19008 19024 19076
19110 19112 19124 19139
19142 19147 19159 19187
19192 19208 19215 19217
19220 19229 19259 19273
19281 19294 19335 19335
19337 19341 19355 19359
19360 19372 19384 19392
19396 19400 19410 19415
19436 19446 19457 19466
19476 19488 19495 19507
19509 19533 19545 19563
19584 19603 19603 19622
19647 19651 19672 19673
19699 19725 19729 19754
19755 19769 19777 19778
19784 19796 19820 19825
19825 19834 19836 19851
19876 19880 19918 19921
19924 19939 19940 19950
19975 20008 20010 20043
20056 20058 20068 20070
20080 20084 20086 20089
20097 20102 20117 20142
20150 20179 20184 20197
20205 20220 20233 20233
20254 20265 20271 20271
20274 20292 20333 20334
20336 20343 20365 20382
20408 20421 20422 20434
20457 20470 20470 20487
20533 20537 20538 20548
20558 20563 20587 20590
20592 20599 20607 20616
20675 20711 20717 20741
20743 20744 20751 20755
20769 20779 20783 20787
20789 20801 20801 20802
20835 20842 20845 20866
20867 20876 20879 20883
20905 20943 20944 20949
20963 20963 21012 21051
21095 21098 21099 21103
21115 21119 21124 21152
21152 21172 21176 21184
21185 21190 21198 21209
21241 21249 21249 21260
21282 21298 21304 21315
21353 21356 21375 21377
21384 21435 21458 21459
21462 21463 21468 21491
21492 21495 21502 21523
21531 21564 21581 21586
21608 21619 21642 21652
21691 21696 21697 21698
21707 21739 21765 21766
21772 21786 21801 21809
21815 21832 21849 21854
21893 21895 21907 21912
21935 21943 21966 21975
21982 22032 22033 22050
22058 22086 22088 22095
22106 22107 22114 22122
22123 22135 22181 22205
22213 22224 22234 22268
22271 22274 22297 22303
22321 22335 22352 22373
22374 22384 22388 22424
22436 22451 22453 22457
22464 22466 22488 22496
22501 22502 22512 22513
22527 22529 22560 22568
22574 22598 22608 22659
22703 22737 22796 22808
22816 22835 22852 22862
22871 22877 22880 22897
22913 22933 22938 22942
22978 22987 23010 23021
23035 23036 23060 23068
23084 23089 23101 23115
23118 23118 23146 23148
23157 23218 23222 23224
23230 23230 23234 23243
23257 23264 23288 23306
23313 23320 23328 23350
23358 23365 23366 23368
23371 23395 23397 23397
23400 23404 23433 23452
23453 23474 23490 23494
23514 23552 23560 23563
23566 23576 23585 23609
23616 23622 23623 23625
23640 23644 23657 23676
23697 23722 23726 23727
23731 23747 23751 23753
23773 23810 23822 23833
23863 23864 23890 23893
23894 23903 23908 23910
23919 23924 23938 23946
23948 23950 23955 23965
23971 24039 24040 24048
24083 24108 24109 24129
24132 24135 24135 24142
24146 24146 24160 24184
24188 24193 24193 24195
24206 24218 24224 24276
24279 24288 24296 24319
24320 24342 24361 24368
24374 24399 24399 24410
24434 24455 24461 24499
24502 24506 24512 24535
24545 24547 24569 24594
24610 24613 24624 24626
24628 24629 24687 24695
24695 24701 24702 24704
24712 24723 24756 24760
24780 24783 24788 24790
24807 24816 24819 24827
24861 24863 24865 24871
24887 24891 24905 24905
24907 24910 24931 24933
24962 24974 24975 24994
25005 25018 25019 25036
25038 25056 25065 25072
25076 25083 25086 25111
25113 25124 25131 25131
25140 25143 25155 25166
25174 25195 25227 25239
25239 25251 25323 25325
25365 25398 25413 25422
25424 25429 25434 25439
25450 25460 25488 25509
25511 25540 25558 25585
25591 25599 25632 25634
25652 25654 25664 25674
25680 25700 25702 25728
25729 25743 25749 25759
25773 25773 25817 25821
25831 25845 25861 25863
25875 25889 25899 25916
25950 25972 25973 26010
26020 26026 26026 26053
26058 26058 26059 26069
26094 26100 26104 26106
26110 26130 26152 26156
26171 26177 26189 26193
26203 26208 26231 26244
26258 26265 26272 26313
26320 26325 26330 26358
26372 26375 26379 26383
26383 26397 26414 26423
26458 26459 26462 26471
26530 26550 26563 26575
26586 26592 26636 26639
26656 26668 26668 26675
26676 26678 26689 26701
26734 26734 26760 26774
26783 26792 26800 26820
26822 26823 26876 26876
26878 26911 26916 26917
26919 26931 26934 26939
26942 26944 26945 26954
26971 26981 26982 26983
27018 27050 27051 27061
27061 27062 27069 27080
27089 27098 27106 27113
27118 27131 27143 27144
27147 27199 27200 27202
27203 27219 27223 27237
27242 27254 27279 27297
27297 27316 27333 27335
27343 27349 27357 27360
27400 27410 27437 27443
27461 27476 27478 27482
27488 27501 27504 27531
27542 27553 27559 27567
27575 27588 27603 27604
27615 27629 27642 27683
27716 27731 27753 27773
27776 27782 27793 27793
27835 27837 27850 27861
27877 27883 27892 27907
27938 27942 27954 27969
27972 28003 28003 28008
28010 28015 28040 28050
28050 28057 28066 28099
28129 28133 28134 28139
28165 28174 28183 28214
28226 28226 28278 28282
28288 28302 28303 28306
28321 28325 28336 28340
28357 28371 28373 28376
28391 28406 28449 28477
28478 28487 28497 28525
28527 28539 28580 28594
28604 28647 28660 28676
28697 28703 28709 28715
28738 28743 28756 28768
28787 28805 28807 28857
28865 28884 28897 28908
28925 28936 28947 28947
28962 28998 29004 29014
29030 29033 29035 29045
29049 29068 29078 29102
29103 29108 29115 29126
29135 29137 29139 29163
29201 29212 29217 29219
29230 29231 29240 29256
29258 29266 29266 29270
29272 29337 29343 29345
29353 29356 29358 29365
29371 29391 29397 29408
29417 29425 29434 29445
29458 29460 29470 29483
29485 29506 29517 29568
29571 29587 29588 29590
29595 29610 29614 29628
29657 29688 29699 29718
29738 29747 29774 29787
29789 29808 29826 29839
29843 29849 29882 29883
29886 29894 29904 29925
29937 29938 29945 29949
29950 29971 29971 29976
29986 29986 29989 30007
30053 30054 30055 30108
30123 30133 30162 30163
30173 30175 30193 30205
30224 30230 30284 30285
30285 30288 30297 30318
30327 30348 30355 30355
30388 30394 30409 30417
30417 30420 30423 30424
30438 30441 30444 30448
30463 30474 30476 30476
30488 30582 30599 30602
30612 30628 30638 30651
30665 30677 30678 30683
30685 30699 30699 30715
30738 30747 30749 30761
30765 30766 30794 30797
30814 30831 30845 30869
30873 30878 30889 30898
30902 30916 30916 30917
30932 30942 30951 30959
30959 30968 31002 31006
31019 31033 31040 31041
31050 31051 31066 31083
31088 31096 31105 31119
31128 31134 31148 31153
31167 31188 31191 31201
31204 31207 31211 31212
31223 31225 31241 31251
31257 31286 31334 31352
31353 31381 31408 31409
31417 31427 31432 31444
31444 31475 31488 31525
31528 31542 31559 31561
31569 31578 31584 31598
31612 31614 31617 31620
31628 31634 31644 31657
31697 31702 31710 31722
31750 31757 31762 31776
31780 31781 31792 31812
31817 31835 31836 31859
31869 31869 31883 31891
31907 31932 31938 31942
31951 31960 31989 32023
32074 32080 32112 32128
32134 32144 32175 32189
32219 32223 32274 32277
32308 32320 32324 32347
32351 32355 32363 32371
32385 32409 32415 32427
32440 32450 32453 32469
32478 32526 32551 32552
32587 32598 32613 32659
32661 32682 32683 32684
32687 32695 32701 32701
32718 32722 32723 32724
32733 32735 32736 32738
