-32738 -32738 -32735 -32730
-32717 -32705 -32696 -32688
-32653 -32619 -32579 -32572
-32537 -32537 -32535 -32535
-32528 -32481 -32466 -32455
-32428 -32375 -32371 -32370
-32346 -32340 -32319 -32318
-32313 -32298 -32261 -32247
-32177 -32173 -32155 -32119
-32118 -32115 -32106 -32098
-32088 -31929 -31915 -31896
-31886 -31882 -31864 -31858
-31829 -31811 -31802 -31801
-31784 -31759 -31724 -31706
-31655 -31649 -31625 -31621
-31596 -31592 -31589 -31585
-31564 -31564 -31558 -31552
-31550 -31526 -31519 -31487
-31473 -31450 -31446 -31432
-31432 -31399 -31382 -31371
-31348 -31335 -31323 -31323
-31320 -31315 -31304 -31290
-31275 -31234 -31213 -31146
-31105 -31105 -31099 -31090
-31085 -31071 -31066 -31065
-31058 -31041 -30999 -30990
-30967 -30961 -30956 -30944
-30917 -30913 -30912 -30885
-30871 -30850 -30845 -30810
-30783 -30764 -30747 -30714
-30671 -30640 -30596 -30595
-30550 -30548 -30539 -30527
-30521 -30503 -30472 -30471
-30396 -30390 -30373 -30353
-30334 -30313 -30302 -30291
-30275 -30250 -30244 -30228
-30212 -30171 -30165 -30153
-30152 -30150 -30147 -30145
-30144 -30136 -30109 -30080
-30031 -29983 -29983 -29981
-29976 -29966 -29960 -29960
-29920 -29902 -29876 -29822
-29820 -29818 -29805 -29797
-29788 -29768 -29757 -29757
-29751 -29735 -29734 -29715
-29714 -29709 -29703 -29698
-29697 -29694 -29660 -29653
-29651 -29622 -29613 -29606
-29550 -29535 -29508 -29502
-29492 -29484 -29480 -29474
-29473 -29451 -29428 -29422
-29362 -29361 -29347 -29310
-29294 -29286 -29280 -29234
-29154 -29150 -29104 -29103
-29081 -29040 -29038 -29001
-28977 -28963 -28960 -28952
-28944 -28912 -28903 -28898
-28871 -28869 -28826 -28800
-28794 -28786 -28768 -28755
-28741 -28740 -28720 -28714
-28706 -28691 -28676 -28632
-28603 -28597 -28584 -28576
-28550 -28521 -28518 -28506
-28470 -28450 -28417 -28412
-28378 -28351 -28333 -28320
-28319 -28306 -28303 -28272
-28232 -28225 -28204 -28199
-28199 -28127 -28108 -28099
-28077 -28071 -28052 -28012
-28007 -27980 -27978 -27951
-27939 -27926 -27912 -27908
-27906 -27904 -27893 -27889
-27885 -27859 -27857 -27856
-27819 -27798 -27798 -27797
-27751 -27746 -27737 -27732
-27731 -27686 -27680 -27660
-27651 -27626 -27620 -27602
-27600 -27598 -27595 -27560
-27558 -27533 -27507 -27507
-27497 -27486 -27481 -27474
-27438 -27399 -27341 -27341
-27334 -27322 -27318 -27313
-27312 -27299 -27273 -27272
-27270 -27267 -27244 -27239
-27237 -27230 -27215 -27202
-27198 -27175 -27166 -27158
-27071 -27070 -27064 -27056
-27047 -27028 -27026 -27018
-27015 -26994 -26972 -26966
-26949 -26934 -26921 -26919
-26917 -26902 -26887 -26878
-26856 -26817 -26817 -26795
-26790 -26780 -26763 -26748
-26745 -26740 -26735 -26729
-26708 -26643 -26580 -26575
-26570 -26567 -26548 -26536
-26500 -26480 -26479 -26443
-26435 -26420 -26393 -26391
-26391 -26376 -26363 -26355
-26328 -26295 -26287 -26277
-26269 -26245 -26171 -26130
-26130 -26124 -26120 -26107
-26104 -26102 -26101 -26096
-26095 -26071 -26051 -26043
-26032 -26011 -26008 -25981
-25976 -25947 -25937 -25920
-25914 -25901 -25875 -25849
-25845 -25835 -25832 -25819
-25805 -25793 -25790 -25767
-25764 -25739 -25717 -25708
-25682 -25656 -25607 -25584
-25561 -25554 -25539 -25524
-25517 -25503 -25466 -25450
-25446 -25435 -25433 -25429
-25395 -25384 -25377 -25369
-25364 -25303 -25292 -25285
-25279 -25276 -25267 -25262
-25238 -25228 -25212 -25194
-25175 -25146 -25137 -25135
-25135 -25134 -25118 -25105
-25101 -25093 -25073 -25065
-25026 -24997 -24989 -24978
-24943 -24913 -24910 -24875
-24871 -24834 -24827 -24808
-24804 -24798 -24766 -24764
-24752 -24737 -24721 -24712
-24685 -24671 -24669 -24659
-24654 -24628 -24610 -24559
-24522 -24486 -24459 -24421
-24413 -24395 -24364 -24356
-24298 -24284 -24283 -24182
-24170 -24145 -24126 -24121
-24095 -24067 -24063 -24049
-24023 -24000 -23988 -23987
-23960 -23915 -23876 -23854
-23846 -23835 -23805 -23788
-23783 -23717 -23703 -23697
-23657 -23654 -23650 -23643
-23631 -23626 -23612 -23588
-23575 -23551 -23537 -23536
-23513 -23504 -23492 -23486
-23454 -23451 -23450 -23429
-23414 -23413 -23412 -23410
-23408 -23402 -23389 -23327
-23291 -23265 -23247 -23234
-23201 -23177 -23115 -23108
-23080 -23063 -23061 -23060
-23060 -23055 -23046 -23042
-23042 -23017 -23015 -23009
-23008 -22978 -22934 -22928
-22920 -22909 -22907 -22886
-22872 -22863 -22840 -22833
-22810 -22805 -22801 -22794
-22793 -22757 -22741 -22740
-22704 -22695 -22680 -22679
-22676 -22674 -22635 -22615
-22605 -22599 -22587 -22576
-22564 -22563 -22511 -22508
-22496 -22492 -22489 -22422
-22379 -22363 -22329 -22300
-22298 -22291 -22268 -22263
-22254 -22242 -22237 -22192
-22183 -22157 -22156 -22152
-22143 -22120 -22110 -22110
-22089 -22071 -22063 -22057
-22046 -22030 -22012 -22007
-21992 -21989 -21980 -21975
-21947 -21927 -21882 -21878
-21874 -21874 -21857 -21855
-21847 -21844 -21841 -21828
-21815 -21806 -21795 -21792
-21782 -21773 -21773 -21761
-21755 -21742 -21738 -21734
-21731 -21716 -21702 -21695
-21692 -21672 -21667 -21663
-21662 -21639 -21635 -21623
-21622 -21561 -21559 -21542
-21531 -21512 -21467 -21449
-21427 -21398 -21369 -21364
-21354 -21323 -21318 -21295
-21281 -21257 -21233 -21216
-21157 -21153 -21118 -21115
-21099 -21097 -21093 -21057
-21050 -21034 -21033 -21006
-21005 -20997 -20992 -20991
-20988 -20973 -20972 -20952
-20924 -20918 -20906 -20902
-20901 -20898 -20890 -20888
-20887 -20874 -20865 -20842
-20827 -20811 -20797 -20794
-20772 -20760 -20753 -20712
-20671 -20654 -20652 -20640
-20640 -20630 -20625 -20620
-20619 -20601 -20596 -20591
-20567 -20492 -20487 -20477
-20472 -20447 -20406 -20390
-20370 -20363 -20356 -20327
-20320 -20315 -20310 -20303
-20284 -20281 -20265 -20251
-20207 -20193 -20186 -20167
-20163 -20163 -20157 -20154
-20151 -20147 -20136 -20129
-20115 -20105 -20071 -20034
-20027 -19997 -19939 -19935
-19923 -19917 -19904 -19887
-19857 -19827 -19803 -19788
-19782 -19770 -19767 -19750
-19733 -19722 -19719 -19714
-19698 -19696 -19660 -19633
-19632 -19620 -19600 -19561
-19522 -19501 -19486 -19465
-19457 -19451 -19432 -19422
-19406 -19373 -19358 -19305
-19268 -19259 -19259 -19238
-19217 -19214 -19178 -19137
-19116 -19102 -19082 -19078
-19056 -19050 -18998 -18984
-18935 -18908 -18877 -18862
-18839 -18833 -18747 -18736
-18735 -18724 -18721 -18678
-18669 -18648 -18636 -18636
-18616 -18614 -18614 -18610
-18605 -18602 -18592 -18589
-18580 -18573 -18566 -18560
-18513 -18454 -18451 -18445
-18444 -18415 -18413 -18398
-18392 -18373 -18367 -18351
-18344 -18342 -18327 -18326
-18325 -18319 -18310 -18283
-18270 -18259 -18256 -18243
-18199 -18185 -18184 -18120
-18118 -18110 -18098 -18076
-18061 -18036 -18018 -18000
-17995 -17951 -17935 -17920
-17907 -17895 -17882 -17880
-17841 -17823 -17821 -17820
-17813 -17770 -17751 -17739
-17699 -17698 -17664 -17647
-17611 -17583 -17560 -17547
-17482 -17446 -17440 -17422
-17422 -17408 -17407 -17385
-17341 -17330 -17330 -17329
-17318 -17305 -17290 -17289
-17266 -17264 -17235 -17227
-17217 -17217 -17214 -17211
-17181 -17177 -17150 -17144
-17135 -17057 -17027 -17006
-16979 -16974 -16969 -16964
-16954 -16927 -16903 -16834
-16818 -16797 -16782 -16779
-16753 -16747 -16741 -16737
-16729 -16729 -16707 -16698
-16698 -16677 -16664 -16658
-16656 -16653 -16640 -16631
-16629 -16607 -16605 -16603
-16590 -16569 -16531 -16519
-16506 -16480 -16445 -16436
-16432 -16410 -16398 -16395
-16387 -16349 -16347 -16325
-16322 -16297 -16291 -16273
-16222 -16188 -16186 -16184
-16176 -16155 -16148 -16146
-16137 -16128 -16114 -16109
-16097 -16096 -16094 -16062
-16055 -16053 -16001 -15950
-15949 -15934 -15923 -15864
-15842 -15840 -15788 -15775
-15770 -15765 -15754 -15752
-15750 -15738 -15736 -15731
-15689 -15688 -15667 -15647
-15647 -15643 -15632 -15626
-15623 -15586 -15564 -15558
-15541 -15505 -15499 -15484
-15452 -15434 -15427 -15403
-15403 -15324 -15299 -15283
-15279 -15234 -15213 -15194
-15188 -15169 -15164 -15157
-15154 -15144 -15091 -15065
-15063 -15037 -15026 -15014
-14984 -14956 -14933 -14929
-14921 -14913 -14907 -14901
-14892 -14886 -14877 -14864
-14859 -14848 -14846 -14839
-14834 -14830 -14798 -14793
-14775 -14757 -14756 -14754
-14714 -14660 -14621 -14620
-14611 -14606 -14592 -14576
-14566 -14559 -14534 -14514
-14450 -14442 -14423 -14414
-14368 -14366 -14355 -14333
-14316 -14295 -14290 -14285
-14284 -14282 -14267 -14247
-14209 -14186 -14185 -14097
-14097 -14091 -14080 -14068
-14033 -14011 -13994 -13984
-13957 -13953 -13949 -13935
-13855 -13854 -13844 -13827
-13827 -13811 -13811 -13801
-13782 -13754 -13746 -13733
-13653 -13611 -13556 -13548
-13543 -13520 -13515 -13515
-13511 -13511 -13461 -13460
-13443 -13426 -13398 -13394
-13362 -13341 -13334 -13322
-13320 -13312 -13232 -13222
-13219 -13218 -13209 -13196
-13189 -13150 -13146 -13144
-13137 -13128 -13106 -13072
-13061 -13039 -13000 -12980
-12942 -12938 -12904 -12894
-12875 -12845 -12843 -12836
-12805 -12804 -12794 -12772
-12741 -12732 -12711 -12698
-12665 -12641 -12601 -12586
-12582 -12537 -12528 -12488
-12460 -12426 -12368 -12364
-12351 -12351 -12308 -12307
-12290 -12285 -12270 -12266
-12261 -12250 -12224 -12221
-12208 -12193 -12188 -12172
-12150 -12125 -12052 -12051
-12012 -12011 -12003 -11994
-11963 -11955 -11954 -11952
-11928 -11881 -11849 -11849
-11835 -11809 -11808 -11794
-11784 -11760 -11742 -11702
-11701 -11686 -11631 -11623
-11615 -11606 -11602 -11507
-11496 -11483 -11447 -11446
-11417 -11414 -11377 -11348
-11342 -11301 -11290 -11280
-11279 -11262 -11186 -11159
-11158 -11147 -11147 -11141
-11141 -11099 -11090 -11063
-11052 -11042 -11041 -11039
-11026 -11012 -11008 -11007
-10976 -10965 -10916 -10900
-10892 -10885 -10811 -10807
-10757 -10750 -10741 -10726
-10679 -10640 -10603 -10601
-10592 -10592 -10548 -10509
-10502 -10480 -10444 -10424
-10399 -10376 -10374 -10343
-10290 -10284 -10277 -10248
-10234 -10209 -10178 -10166
-10150 -10139 -10134 -10128
-10125 -10118 -10071 -10071
-10060 -10029 -10023 -9994
-9993 -9944 -9925 -9919
-9917 -9880 -9814 -9797
-9796 -9778 -9757 -9732
-9719 -9714 -9710 -9665
-9649 -9647 -9632 -9598
-9556 -9523 -9516 -9507
-9491 -9484 -9475 -9464
-9455 -9412 -9404 -9395
-9390 -9387 -9387 -9366
-9345 -9344 -9343 -9323
-9226 -9205 -9179 -9149
-9146 -9102 -9090 -9081
-9076 -9074 -9070 -9066
-9050 -9046 -9043 -9038
-9029 -9013 -9006 -9006
-8965 -8950 -8948 -8934
-8917 -8915 -8891 -8878
-8867 -8836 -8835 -8814
-8782 -8776 -8765 -8754
-8729 -8724 -8712 -8701
-8683 -8671 -8653 -8653
-8652 -8631 -8631 -8628
-8611 -8596 -8573 -8548
-8537 -8531 -8525 -8498
-8484 -8457 -8457 -8424
-8417 -8414 -8395 -8376
-8376 -8374 -8352 -8351
-8349 -8345 -8344 -8340
-8325 -8313 -8309 -8304
-8271 -8246 -8242 -8240
-8239 -8210 -8201 -8184
-8182 -8169 -8163 -8160
-8097 -8080 -8063 -8051
-8050 -8025 -8024 -8023
-8009 -7994 -7980 -7916
-7898 -7885 -7875 -7869
-7840 -7811 -7811 -7798
-7756 -7742 -7737 -7722
-7718 -7715 -7706 -7705
-7701 -7674 -7627 -7620
-7618 -7615 -7614 -7607
-7604 -7600 -7553 -7534
-7530 -7522 -7516 -7492
-7425 -7424 -7418 -7391
-7342 -7336 -7320 -7306
-7297 -7260 -7254 -7242
-7239 -7214 -7194 -7148
-7147 -7143 -7126 -7116
-7113 -7112 -7071 -7052
-7045 -7034 -7014 -7008
-6998 -6993 -6980 -6967
-6961 -6932 -6907 -6891
-6879 -6878 -6873 -6841
-6834 -6829 -6817 -6815
-6789 -6776 -6746 -6731
-6725 -6721 -6705 -6698
-6655 -6646 -6608 -6590
-6588 -6586 -6570 -6563
-6559 -6554 -6504 -6492
-6487 -6482 -6466 -6443
-6437 -6395 -6361 -6354
-6337 -6331 -6331 -6310
-6299 -6294 -6274 -6256
-6239 -6195 -6176 -6170
-6160 -6151 -6143 -6141
-6134 -6113 -6090 -6076
-6070 -6022 -6000 -5997
-5995 -5992 -5965 -5952
-5950 -5921 -5914 -5897
-5873 -5863 -5861 -5856
-5854 -5824 -5820 -5808
-5797 -5748 -5742 -5742
-5735 -5704 -5697 -5670
-5669 -5659 -5634 -5604
-5581 -5578 -5536 -5531
-5528 -5492 -5475 -5468
-5466 -5446 -5441 -5431
-5413 -5404 -5387 -5384
-5372 -5361 -5334 -5334
-5325 -5325 -5299 -5269
-5262 -5262 -5215 -5215
-5206 -5205 -5186 -5177
-5175 -5170 -5164 -5144
-5128 -5115 -5108 -5089
-5087 -5079 -5047 -5021
-4990 -4967 -4956 -4946
-4938 -4935 -4913 -4911
-4906 -4878 -4862 -4831
-4812 -4777 -4764 -4764
-4739 -4737 -4730 -4715
-4709 -4705 -4659 -4656
-4651 -4641 -4629 -4580
-4574 -4559 -4523 -4520
-4515 -4483 -4473 -4440
-4434 -4405 -4400 -4399
-4396 -4392 -4357 -4353
-4285 -4276 -4273 -4273
-4270 -4248 -4244 -4223
-4210 -4169 -4168 -4147
-4109 -4109 -4064 -4062
-4030 -4018 -3978 -3956
-3954 -3936 -3916 -3906
-3879 -3869 -3868 -3864
-3862 -3832 -3831 -3813
-3794 -3770 -3768 -3708
-3688 -3688 -3678 -3655
-3642 -3634 -3628 -3627
-3596 -3591 -3542 -3536
-3509 -3497 -3471 -3433
-3416 -3414 -3402 -3402
-3401 -3399 -3385 -3378
-3369 -3338 -3299 -3297
-3281 -3278 -3257 -3246
-3239 -3232 -3231 -3139
-3136 -3127 -3105 -3083
-3077 -3076 -3074 -3044
-2999 -2972 -2959 -2924
-2877 -2859 -2853 -2853
-2807 -2766 -2754 -2726
-2710 -2689 -2680 -2661
-2614 -2606 -2604 -2578
-2577 -2559 -2556 -2552
-2547 -2519 -2518 -2508
-2464 -2458 -2448 -2407
-2363 -2347 -2336 -2292
-2284 -2261 -2239 -2234
-2185 -2174 -2137 -2123
-2062 -2054 -2034 -2034
-1978 -1953 -1951 -1947
-1947 -1918 -1911 -1897
-1896 -1876 -1860 -1812
-1811 -1804 -1792 -1791
-1789 -1775 -1774 -1758
-1755 -1742 -1730 -1728
-1676 -1674 -1646 -1640
-1623 -1599 -1597 -1595
-1588 -1567 -1557 -1538
-1489 -1486 -1482 -1447
-1440 -1429 -1425 -1404
-1350 -1312 -1301 -1299
-1290 -1270 -1206 -1205
-1204 -1177 -1164 -1118
-1110 -1085 -1079 -1078
-1065 -1050 -1047 -992
-989 -967 -959 -941
-901 -901 -872 -847
-836 -833 -819 -813
-813 -785 -775 -766
-751 -750 -733 -732
-726 -707 -706 -634
-567 -515 -501 -494
-491 -482 -474 -464
-454 -426 -421 -410
-380 -376 -373 -364
-362 -362 -360 -301
-295 -277 -246 -244
-209 -186 -180 -158
-139 -74 -57 -53
-36 -20 -1 1
7 13 27 43
77 82 111 119
134 159 175 175
226 252 272 282
286 297 329 356
361 364 375 386
434 447 460 488
512 549 568 593
597 599 603 627
628 634 635 640
652 652 654 658
679 720 723 726
754 787 789 801
801 819 826 863
870 875 881 886
903 937 938 947
964 976 1034 1076
1089 1137 1158 1164
1175 1198 1219 1219
1228 1237 1242 1247
1261 1268 1293 1313
1328 1346 1353 1407
1411 1416 1423 1424
1429 1437 1442 1473
1493 1514 1530 1553
1557 1591 1595 1622
1630 1632 1648 1662
1664 1677 1705 1736
1740 1762 1788 1793
1795 1825 1829 1830
1831 1833 1862 1863
1910 1917 1938 1960
1989 1992 1996 1997
2046 2047 2050 2067
2084 2105 2125 2126
2140 2153 2177 2226
2250 2308 2358 2369
2373 2388 2392 2424
2475 2483 2498 2540
2544 2555 2564 2583
2594 2628 2639 2679
2710 2715 2724 2725
2739 2785 2797 2803
2825 2829 2854 2864
2868 2870 2888 2936
2946 2998 3002 3016
3042 3072 3140 3197
3253 3295 3317 3340
3343 3360 3400 3405
3420 3424 3429 3476
3490 3497 3502 3506
3539 3549 3549 3556
3557 3559 3569 3622
3639 3660 3660 3684
3687 3718 3744 3748
3757 3787 3802 3826
3878 3879 3908 3916
3976 3979 3981 4008
4042 4051 4064 4069
4156 4195 4199 4205
4207 4210 4287 4292
4310 4318 4326 4327
4332 4346 4356 4360
4361 4365 4374 4431
4438 4447 4457 4478
4484 4488 4521 4571
4578 4600 4621 4679
4692 4737 4737 4753
4755 4775 4809 4839
4872 4911 4936 4943
4958 5000 5016 5022
5054 5083 5089 5100
5107 5110 5141 5145
5151 5193 5230 5248
5271 5277 5293 5315
5320 5344 5345 5350
5352 5363 5368 5373
5380 5418 5428 5447
5458 5480 5487 5515
5522 5540 5581 5604
5605 5608 5609 5643
5644 5673 5679 5692
5706 5710 5782 5791
5805 5805 5821 5822
5878 5887 5895 5899
5900 5915 5934 5946
5957 5969 5980 5981
5986 6006 6009 6079
6081 6084 6137 6138
6151 6152 6155 6157
6160 6176 6178 6205
6212 6214 6216 6258
6258 6261 6262 6265
6271 6304 6311 6316
6326 6328 6349 6377
6398 6403 6439 6449
6477 6512 6525 6547
6571 6597 6620 6632
6650 6653 6676 6690
6692 6710 6718 6719
6741 6758 6788 6795
6876 6881 6909 6910
6966 6968 6986 7007
7007 7027 7037 7072
7093 7100 7102 7115
7129 7139 7159 7166
7168 7171 7173 7174
7183 7186 7189 7234
7264 7271 7280 7325
7345 7345 7362 7365
7368 7373 7374 7379
7382 7389 7400 7407
7458 7461 7462 7473
7473 7484 7492 7514
7534 7543 7545 7550
7569 7580 7585 7606
7613 7626 7627 7637
7644 7646 7678 7682
7718 7752 7756 7757
7789 7798 7828 7847
7860 7866 7871 7894
7902 7920 7928 7931
7941 7950 7959 7965
7967 8049 8060 8067
8073 8084 8097 8119
8141 8145 8157 8175
8187 8202 8258 8287
8300 8306 8320 8338
8400 8402 8404 8422
8450 8450 8464 8477
8479 8520 8543 8574
8579 8590 8601 8606
8676 8686 8705 8716
8736 8744 8745 8767
8774 8790 8811 8818
8829 8830 8838 8842
8845 8857 8859 8864
8864 8880 8887 8924
8943 8951 8961 8964
9001 9015 9019 9021
9060 9063 9083 9094
9128 9152 9156 9175
9196 9215 9216 9219
9220 9223 9235 9270
9272 9279 9288 9299
9334 9342 9348 9383
9390 9404 9405 9408
9421 9446 9455 9459
9468 9510 9534 9546
9565 9625 9639 9646
9657 9662 9673 9703
9706 9708 9709 9725
9748 9750 9756 9872
9910 9913 9916 9940
9981 9996 10003 10009
10022 10037 10086 10096
10099 10101 10112 10119
10156 10175 10175 10203
10217 10265 10267 10287
10300 10304 10317 10356
10359 10376 10395 10396
10402 10410 10437 10439
10459 10496 10587 10589
10592 10600 10631 10637
10659 10687 10711 10713
10725 10730 10730 10733
10763 10803 10810 10841
10844 10876 10882 10903
10905 10906 10920 10922
10942 10946 11003 11020
11025 11059 11060 11073
11090 11100 11102 11113
11121 11147 11153 11191
11197 11198 11216 11227
11262 11263 11279 11321
11354 11378 11389 11390
11406 11411 11432 11450
11455 11482 11492 11498
11519 11519 11527 11544
11582 11598 11621 11641
11649 11664 11670 11685
11694 11702 11707 11724
11729 11763 11769 11786
11794 11822 11826 11828
11848 11870 11871 11888
11894 11894 11930 11946
11967 11969 11976 11992
12006 12027 12052 12054
12056 12061 12129 12131
12135 12135 12163 12197
12205 12212 12226 12255
12258 12264 12280 12304
12317 12330 12334 12342
12408 12410 12470 12482
12483 12494 12505 12507
12536 12541 12541 12595
12599 12607 12716 12744
12784 12803 12815 12822
12844 12849 12858 12877
12892 12907 12913 12962
12962 12968 13006 13039
13042 13064 13076 13088
13091 13116 13122 13172
13179 13180 13186 13197
13218 13258 13283 13295
13303 13304 13338 13375
13389 13470 13480 13518
13534 13549 13553 13562
13589 13631 13631 13639
13645 13669 13712 13712
13721 13732 13736 13757
13777 13777 13817 13845
13860 13865 13884 13892
13899 13968 13971 13985
14023 14026 14028 14048
14065 14109 14117 14158
14170 14230 14264 14279
14288 14297 14298 14308
14327 14345 14355 14355
14356 14360 14375 14385
14444 14464 14470 14476
14476 14483 14511 14515
14576 14608 14646 14678
14679 14701 14701 14721
14721 14724 14734 14743
14766 14778 14789 14791
14794 14807 14807 14813
14823 14834 14836 14864
14864 14874 14876 14913
14922 14939 14943 14944
14948 14952 14962 14971
14981 14987 15009 15017
15034 15038 15043 15047
15079 15092 15092 15111
15144 15162 15172 15210
15221 15225 15229 15241
15244 15253 15280 15296
15360 15371 15374 15395
15397 15415 15444 15452
15456 15492 15528 15546
15548 15553 15563 15567
15571 15588 15605 15609
15616 15637 15642 15668
15717 15738 15744 15749
15761 15778 15812 15828
15919 15935 15944 15953
15962 16002 16005 16021
16032 16038 16067 16080
16083 16097 16204 16218
16219 16231 16262 16274
16288 16296 16297 16355
16373 16381 16412 16416
16419 16453 16455 16481
16487 16491 16498 16520
16524 16541 16558 16564
16566 16582 16608 16627
16666 16674 16675 16676
16706 16711 16713 16721
16728 16761 16775 16782
16786 16841 16846 16871
16885 16904 16928 16941
16960 16961 16973 16974
17019 17049 17065 17085
17114 17130 17132 17151
17176 17182 17211 17223
17239 17249 17262 17289
17296 17317 17330 17346
17352 17356 17360 17385
17391 17392 17408 17411
17475 17482 17550 17552
17554 17577 17579 17597
17666 17676 17685 17693
17699 17713 17723 17742
17747 17756 17806 17810
17814 17819 17828 17839
17846 17855 17867 17868
17894 17902 17910 17931
17933 17947 17956 17970
17973 17984 17990 18013
18026 18043 18076 18081
18108 18115 18146 18153
18156 18181 18191 18195
18213 18234 18247 18259
18268 18285 18285 18302
18311 18311 18314 18322
18341 18360 18380 18414
18417 18440 18469 18481
18494 18585 18605 18621
18623 18628 18634 18657
18663 18673 18676 18686
18687 18699 18725 18727
18736 18737 18761 18764
18784 18800 18807 18832
18853 18863 18872 18882
18889 18898 18910 18953
18961 18966 18971 19017
19024 19041 19044 19068
19079 19115 19134 19148
19167 19228 19260 19266
19271 19293 19315 19316
19326 19329 19340 19412
19416 19422 19431 19448
19458 19475 19508 19510
19511 19527 19540 19542
19565 19571 19575 19577
19595 19619 19624 19658
19679 19683 19691 19699
19706 19709 19710 19750
19766 19778 19802 19803
19810 19811 19825 19840
19895 19960 19969 19986
20000 20019 20037 20050
20089 20103 20104 20104
20137 20140 20140 20158
20164 20172 20186 20196
20212 20217 20218 20222
20251 20300 20315 20317
20325 20326 20328 20334
20392 20401 20419 20432
20437 20443 20446 20455
20457 20476 20511 20538
20577 20579 20587 20592
20638 20684 20700 20708
20734 20735 20795 20815
20826 20858 20860 20865
20870 20874 20878 20909
20939 20974 21005 21012
21027 21060 21077 21088
21099 21106 21145 21145
21149 21154 21163 21183
21192 21204 21235 21243
21266 21320 21323 21421
21427 21482 21484 21496
21496 21518 21528 21531
21557 21586 21622 21623
21624 21665 21685 21757
21785 21786 21795 21802
21804 21807 21813 21818
21869 21884 21890 21917
21923 21936 21955 21957
21988 21991 22006 22025
22082 22100 22108 22125
22144 22153 22161 22164
22169 22181 22182 22190
22194 22198 22208 22254
22258 22272 22277 22305
22323 22330 22346 22403
22413 22418 22424 22430
22443 22459 22469 22484
22486 22487 22495 22502
22509 22512 22566 22574
22602 22607 22615 22643
22643 22652 22656 22657
22659 22684 22705 22719
22722 22725 22737 22790
22796 22802 22837 22867
22896 22901 22904 22919
22951 22957 22966 22996
23020 23057 23070 23078
23079 23107 23123 23171
23188 23196 23205 23239
23246 23250 23272 23289
23307 23315 23316 23344
23367 23367 23369 23389
23397 23425 23437 23446
23463 23464 23465 23528
23537 23576 23578 23599
23618 23621 23627 23629
23686 23701 23739 23761
23768 23775 23798 23822
23870 23898 23925 23932
23940 23951 23954 23973
23983 24020 24024 24051
24069 24092 24119 24154
24207 24253 24320 24330
24351 24353 24354 24365
24368 24370 24398 24453
24453 24473 24480 24488
24491 24498 24522 24571
24595 24615 24645 24675
24680 24708 24762 24783
24815 24836 24842 24867
24886 24913 24934 24982
25004 25005 25005 25035
25088 25118 25125 25125
25139 25145 25148 25178
25182 25211 25219 25246
25257 25267 25300 25301
25313 25336 25351 25357
25407 25469 25476 25485
25508 25616 25619 25667
25679 25689 25700 25714
25723 25762 25773 25779
25804 25808 25809 25812
25847 25854 25867 25870
25878 25886 25893 25902
25908 25920 25926 25930
25950 25991 26007 26036
26082 26097 26100 26116
26117 26128 26133 26135
26135 26135 26164 26183
26211 26222 26252 26284
26286 26297 26351 26358
26368 26372 26374 26381
26386 26400 26401 26403
26410 26452 26462 26464
26518 26527 26527 26537
26539 26545 26560 26561
26567 26583 26631 26692
26698 26725 26732 26733
26746 26811 26834 26872
26878 26886 26887 26892
26892 26901 26914 26916
26940 26953 26970 27083
27099 27113 27113 27127
27153 27182 27210 27219
27246 27247 27269 27287
27314 27316 27342 27346
27367 27396 27403 27410
27470 27488 27494 27503
27504 27526 27528 27546
27548 27579 27647 27658
27669 27683 27699 27713
27735 27738 27748 27752
27755 27761 27775 27788
27834 27847 27855 27878
27891 27896 27908 27941
27950 27959 27964 27965
27975 28003 28009 28011
28017 28061 28061 28080
28083 28097 28123 28135
28136 28153 28200 28215
28240 28259 28289 28299
28307 28313 28347 28357
28358 28418 28426 28451
28462 28471 28487 28496
28536 28576 28576 28595
28665 28682 28686 28737
28745 28749 28749 28762
28785 28801 28805 28832
28836 28870 28904 28911
29027 29037 29052 29052
29062 29098 29104 29125
29139 29149 29159 29194
29219 29238 29246 29266
29290 29336 29345 29352
29369 29379 29419 29422
29425 29444 29448 29454
29477 29505 29520 29530
29608 29622 29654 29654
29665 29673 29693 29704
29718 29721 29733 29739
29783 29786 29796 29820
29847 29853 29877 29916
29959 29964 29991 30004
30005 30026 30033 30043
30046 30089 30090 30119
30127 30141 30152 30153
30156 30171 30209 30214
30227 30227 30253 30257
30268 30281 30287 30306
30344 30374 30379 30388
30389 30398 30398 30410
30414 30441 30462 30480
30517 30524 30534 30536
30539 30549 30558 30565
30572 30601 30617 30619
30619 30632 30634 30653
30667 30673 30697 30725
30749 30760 30782 30803
30812 30821 30824 30875
30879 30931 30935 31015
31021 31027 31039 31059
31060 31074 31088 31094
31094 31142 31154 31199
31219 31245 31261 31261
31264 31305 31354 31386
31392 31412 31422 31429
31432 31460 31462 31486
31491 31495 31503 31506
31530 31555 31557 31586
31614 31618 31620 31642
31650 31662 31677 31689
31695 31699 31702 31707
31713 31714 31716 31736
31739 31754 31793 31817
31821 31836 31849 31852
31853 31870 31890 31894
31935 31947 31956 31959
31969 31992 32024 32050
32086 32093 32116 32148
32151 32153 32156 32161
32196 32210 32211 32230
32234 32236 32247 32299
32314 32337 32356 32361
32374 32390 32391 32401
32430 32459 32473 32495
32507 32525 32529 32532
32553 32568 32590 32593
32607 32684 32688 32702
32704 32741
