-32664 -32510 -32474 -32445
-31950 -31617 -31249 -30014
-29865 -29675 -29562 -29397
-29008 -28807 -28414 -28178
-28173 -28059 -27938 -27792
-27207 -27156 -26726 -26584
-26235 -25987 -25803 -25693
-25189 -24988 -24690 -24486
-24287 -23680 -23483 -23471
-23275 -22965 -22710 -22419
-22129 -21709 -21293 -21086
-21002 -20892 -20259 -20225
-20196 -19605 -19336 -19189
-19124 -19097 -18561 -18468
-18382 -18023 -17979 -17898
-17792 -17699 -17640 -17122
-16512 -16486 -16024 -15671
-15573 -15508 -15422 -15417
-15409 -14926 -14577 -13827
-13405 -13262 -13102 -12965
-12670 -12593 -11764 -11715
-11581 -11407 -11291 -11247
-11037 -10963 -10609 -10491
-10274 -9657 -9600 -9427
-9328 -8903 -8804 -8508
-8256 -8166 -8153 -8076
-7869 -7610 -7579 -7136
-6418 -6170 -6057 -5996
-5392 -5392 -5133 -4947
-4794 -4498 -4445 -3684
-3590 -3473 -2905 -2867
-2812 -2599 -1549 -1050
-303 -301 383 1224
1263 1386 1419 1691
1844 1860 1875 1926
2395 2486 3167 3223
3698 3902 3997 4088
4217 4670 4676 4927
5764 5902 5912 6593
6680 6818 6931 7351
7426 7897 8036 8288
8434 8671 8790 8966
9108 9514 9641 9684
9765 10642 11027 11860
12740 12932 13034 13342
13372 13700 13878 14343
14449 14859 15449 15658
15804 16703 17021 17031
17151 17170 17252 17777
17822 19801 19924 19961
20288 20332 20900 21156
21469 21776 22416 22523
22782 23165 23341 23515
23954 24109 24473 24910
24974 25324 26357 26662
26837 27168 27364 27654
28011 28409 28818 29635
30264 30363 30564 30612
30802 31018 31206 31246
31390 32172 32620 32720
32748
