-32764 -32762 -32761 -32723
-32698 -32681 -32671 -32671
-32642 -32638 -32627 -32597
-32595 -32594 -32588 -32586
-32586 -32584 -32581 -32579
-32575 -32574 -32565 -32565
-32560 -32560 -32543 -32542
-32538 -32524 -32523 -32502
-32498 -32497 -32495 -32483
-32481 -32480 -32473 -32471
-32470 -32454 -32450 -32450
-32440 -32439 -32437 -32430
-32427 -32426 -32421 -32414
-32403 -32402 -32386 -32386
-32385 -32381 -32366 -32348
-32348 -32341 -32339 -32328
-32316 -32313 -32311 -32303
-32301 -32298 -32296 -32272
-32270 -32270 -32256 -32225
-32221 -32217 -32215 -32203
-32182 -32173 -32169 -32169
-32153 -32150 -32126 -32122
-32116 -32113 -32111 -32109
-32105 -32100 -32096 -32079
-32057 -32043 -32038 -32020
-32019 -32018 -32014 -32009
-32006 -32004 -32000 -31998
-31998 -31996 -31994 -31989
-31989 -31984 -31982 -31975
-31965 -31963 -31960 -31957
-31949 -31946 -31938 -31937
-31932 -31930 -31927 -31918
-31899 -31893 -31891 -31882
-31879 -31879 -31876 -31869
-31863 -31858 -31847 -31847
-31843 -31835 -31834 -31822
-31820 -31811 -31801 -31800
-31779 -31776 -31775 -31757
-31753 -31753 -31731 -31717
-31713 -31713 -31709 -31698
-31695 -31695 -31655 -31654
-31637 -31633 -31625 -31621
-31604 -31584 -31565 -31563
-31561 -31533 -31529 -31514
-31509 -31497 -31494 -31491
-31475 -31474 -31468 -31465
-31463 -31462 -31459 -31453
-31433 -31431 -31425 -31397
-31394 -31386 -31386 -31386
-31374 -31369 -31366 -31350
-31340 -31336 -31329 -31312
-31296 -31279 -31276 -31271
-31252 -31248 -31237 -31235
-31231 -31229 -31227 -31198
-31183 -31170 -31159 -31152
-31141 -31125 -31119 -31115
-31114 -31112 -31100 -31096
-31065 -31055 -31046 -31037
-31033 -31030 -31019 -31019
-31005 -31004 -30995 -30993
-30941 -30927 -30924 -30915
-30911 -30909 -30904 -30881
-30868 -30856 -30856 -30816
-30809 -30808 -30802 -30802
-30792 -30792 -30792 -30784
-30775 -30770 -30764 -30759
-30745 -30744 -30743 -30741
-30733 -30730 -30722 -30704
-30702 -30695 -30685 -30680
-30679 -30675 -30655 -30655
-30648 -30646 -30641 -30619
-30615 -30594 -30591 -30587
-30575 -30572 -30562 -30562
-30556 -30544 -30535 -30527
-30522 -30521 -30505 -30489
-30488 -30473 -30462 -30454
-30452 -30442 -30441 -30427
-30413 -30404 -30384 -30359
-30356 -30354 -30342 -30329
-30322 -30319 -30318 -30307
-30300 -30295 -30295 -30294
-30288 -30264 -30256 -30248
-30247 -30242 -30231 -30224
-30223 -30209 -30200 -30192
-30180 -30169 -30164 -30154
-30154 -30146 -30145 -30140
-30116 -30107 -30102 -30080
-30047 -30044 -30043 -30032
-30028 -30020 -30019 -29997
-29985 -29974 -29951 -29942
-29929 -29926 -29922 -29922
-29903 -29899 -29882 -29880
-29878 -29871 -29870 -29865
-29862 -29861 -29857 -29856
-29828 -29820 -29819 -29803
-29802 -29802 -29800 -29796
-29793 -29787 -29779 -29776
-29773 -29771 -29756 -29747
-29743 -29743 -29742 -29741
-29737 -29715 -29714 -29708
-29672 -29659 -29653 -29640
-29631 -29626 -29625 -29624
-29623 -29621 -29614 -29610
-29586 -29547 -29543 -29541
-29540 -29531 -29529 -29527
-29527 -29513 -29503 -29499
-29478 -29474 -29461 -29452
-29450 -29450 -29435 -29423
-29419 -29418 -29404 -29403
-29396 -29379 -29378 -29376
-29362 -29353 -29352 -29343
-29331 -29330 -29325 -29314
-29313 -29309 -29307 -29298
-29291 -29288 -29251 -29243
-29242 -29235 -29231 -29229
-29227 -29223 -29214 -29203
-29171 -29169 -29157 -29148
-29123 -29112 -29097 -29083
-29081 -29078 -29073 -29057
-29050 -29049 -29028 -29027
-29024 -29022 -29018 -29010
-28989 -28987 -28984 -28982
-28975 -28946 -28935 -28935
-28933 -28919 -28918 -28904
-28904 -28897 -28895 -28893
-28891 -28890 -28885 -28868
-28867 -28862 -28856 -28847
-28823 -28822 -28820 -28812
-28805 -28799 -28798 -28790
-28787 -28776 -28764 -28750
-28743 -28730 -28719 -28714
-28699 -28697 -28680 -28680
-28672 -28642 -28620 -28617
-28598 -28590 -28581 -28580
-28577 -28552 -28548 -28541
-28529 -28529 -28524 -28501
-28483 -28477 -28474 -28464
-28428 -28407 -28392 -28377
-28368 -28367 -28363 -28347
-28327 -28321 -28320 -28318
-28317 -28310 -28307 -28302
-28301 -28292 -28288 -28278
-28276 -28276 -28269 -28268
-28238 -28236 -28212 -28209
-28203 -28202 -28201 -28200
-28197 -28193 -28192 -28187
-28181 -28178 -28177 -28143
-28141 -28134 -28134 -28130
-28124 -28123 -28121 -28114
-28108 -28105 -28097 -28091
-28086 -28081 -28074 -28070
-28069 -28047 -28031 -28030
-28020 -28012 -28010 -28008
-27999 -27988 -27976 -27976
-27972 -27953 -27918 -27912
-27909 -27871 -27862 -27856
-27851 -27844 -27839 -27832
-27828 -27821 -27802 -27800
-27797 -27791 -27790 -27788
-27769 -27751 -27742 -27740
-27730 -27728 -27724 -27705
-27697 -27689 -27685 -27683
-27681 -27657 -27653 -27651
-27631 -27623 -27621 -27621
-27615 -27602 -27596 -27594
-27592 -27583 -27576 -27568
-27565 -27561 -27561 -27557
-27555 -27554 -27553 -27537
-27518 -27518 -27517 -27516
-27512 -27506 -27505 -27495
-27479 -27473 -27467 -27464
-27463 -27453 -27451 -27449
-27448 -27441 -27433 -27431
-27422 -27382 -27372 -27362
-27353 -27352 -27325 -27319
-27316 -27306 -27304 -27292
-27288 -27281 -27277 -27273
-27273 -27271 -27265 -27257
-27256 -27255 -27255 -27251
-27246 -27242 -27221 -27208
-27198 -27176 -27174 -27167
-27151 -27146 -27142 -27134
-27110 -27067 -27049 -27031
-27007 -26999 -26991 -26988
-26985 -26984 -26970 -26961
-26958 -26953 -26941 -26930
-26925 -26922 -26921 -26918
-26896 -26892 -26890 -26867
-26864 -26863 -26856 -26854
-26846 -26843 -26836 -26830
-26829 -26828 -26823 -26805
-26793 -26792 -26791 -26785
-26783 -26781 -26776 -26766
-26763 -26761 -26750 -26750
-26750 -26742 -26740 -26680
-26678 -26659 -26650 -26643
-26635 -26634 -26629 -26627
-26627 -26615 -26597 -26596
-26592 -26591 -26591 -26582
-26576 -26572 -26565 -26535
-26518 -26484 -26482 -26462
-26460 -26455 -26453 -26447
-26444 -26432 -26428 -26423
-26407 -26379 -26368 -26352
-26352 -26352 -26348 -26347
-26336 -26330 -26328 -26322
-26309 -26301 -26300 -26294
-26288 -26282 -26280 -26276
-26275 -26265 -26240 -26232
-26232 -26227 -26216 -26207
-26206 -26190 -26179 -26174
-26162 -26160 -26159 -26154
-26146 -26142 -26141 -26127
-26122 -26118 -26113 -26109
-26099 -26073 -26057 -26056
-26050 -26045 -26036 -26030
-26028 -26027 -26007 -25998
-25986 -25963 -25944 -25931
-25905 -25905 -25858 -25857
-25853 -25850 -25839 -25832
-25820 -25815 -25815 -25814
-25813 -25810 -25804 -25803
-25791 -25789 -25782 -25775
-25770 -25769 -25756 -25744
-25736 -25724 -25719 -25707
-25701 -25696 -25690 -25690
-25689 -25684 -25680 -25674
-25662 -25656 -25656 -25651
-25649 -25646 -25641 -25637
-25626 -25611 -25604 -25600
-25597 -25595 -25592 -25588
-25584 -25583 -25579 -25576
-25574 -25565 -25559 -25551
-25534 -25533 -25531 -25527
-25520 -25504 -25503 -25499
-25491 -25481 -25438 -25438
-25437 -25434 -25426 -25421
-25409 -25408 -25403 -25376
-25370 -25360 -25354 -25342
-25340 -25334 -25319 -25316
-25307 -25301 -25298 -25297
-25296 -25290 -25282 -25274
-25269 -25250 -25248 -25244
-25241 -25224 -25208 -25201
-25193 -25189 -25175 -25164
-25162 -25157 -25124 -25101
-25101 -25097 -25087 -25076
-25063 -25046 -25016 -25009
-25006 -24996 -24986 -24985
-24965 -24960 -24959 -24955
-24952 -24949 -24948 -24945
-24944 -24941 -24937 -24931
-24930 -24924 -24909 -24908
-24884 -24872 -24871 -24864
-24855 -24850 -24825 -24823
-24815 -24793 -24789 -24789
-24787 -24781 -24756 -24755
-24743 -24735 -24727 -24720
-24717 -24717 -24713 -24710
-24700 -24696 -24689 -24687
-24686 -24669 -24659 -24656
-24654 -24654 -24646 -24643
-24640 -24624 -24603 -24596
-24578 -24577 -24577 -24576
-24560 -24551 -24546 -24542
-24535 -24528 -24526 -24521
-24519 -24513 -24511 -24506
-24499 -24496 -24467 -24466
-24461 -24459 -24458 -24450
-24444 -24439 -24438 -24437
-24429 -24408 -24392 -24364
-24356 -24352 -24346 -24343
-24342 -24339 -24333 -24303
-24300 -24299 -24293 -24291
-24289 -24283 -24282 -24279
-24272 -24266 -24264 -24219
-24217 -24194 -24179 -24178
-24176 -24168 -24167 -24154
-24153 -24136 -24131 -24130
-24124 -24115 -24104 -24100
-24083 -24072 -24046 -24041
-24040 -24029 -24021 -24017
-23996 -23993 -23991 -23980
-23963 -23956 -23934 -23926
-23916 -23910 -23901 -23892
-23878 -23872 -23867 -23861
-23850 -23832 -23830 -23830
-23823 -23806 -23795 -23790
-23787 -23779 -23768 -23760
-23756 -23752 -23746 -23741
-23736 -23735 -23723 -23702
-23700 -23686 -23686 -23683
-23679 -23675 -23671 -23669
-23662 -23657 -23654 -23653
-23651 -23637 -23635 -23633
-23608 -23597 -23584 -23574
-23573 -23572 -23563 -23554
-23549 -23538 -23535 -23532
-23522 -23516 -23510 -23500
-23494 -23492 -23490 -23470
-23462 -23460 -23435 -23432
-23429 -23418 -23414 -23395
-23392 -23387 -23382 -23364
-23349 -23342 -23338 -23332
-23330 -23326 -23303 -23298
-23295 -23292 -23291 -23290
-23288 -23272 -23258 -23257
-23256 -23255 -23251 -23249
-23239 -23231 -23223 -23219
-23212 -23211 -23201 -23201
-23196 -23196 -23191 -23181
-23180 -23179 -23176 -23160
-23156 -23150 -23131 -23130
-23128 -23125 -23123 -23114
-23113 -23113 -23096 -23093
-23087 -23081 -23062 -23058
-23055 -23053 -23048 -23028
-23021 -23017 -23016 -23011
-23003 -22996 -22996 -22996
-22983 -22975 -22972 -22959
-22958 -22948 -22938 -22935
-22933 -22927 -22916 -22899
-22892 -22885 -22883 -22864
-22850 -22849 -22836 -22835
-22835 -22832 -22825 -22819
-22806 -22803 -22780 -22769
-22755 -22742 -22732 -22731
-22707 -22705 -22700 -22694
-22687 -22682 -22681 -22673
-22669 -22668 -22654 -22650
-22646 -22630 -22621 -22618
-22600 -22591 -22588 -22584
-22583 -22577 -22569 -22567
-22567 -22565 -22565 -22550
-22546 -22535 -22531 -22529
-22526 -22526 -22524 -22514
-22513 -22479 -22476 -22475
-22473 -22467 -22466 -22465
-22458 -22454 -22453 -22447
-22440 -22436 -22433 -22427
-22425 -22417 -22397 -22395
-22356 -22344 -22343 -22311
-22308 -22307 -22307 -22297
-22291 -22288 -22286 -22278
-22276 -22275 -22275 -22268
-22264 -22263 -22255 -22254
-22248 -22244 -22241 -22240
-22232 -22227 -22224 -22215
-22214 -22205 -22193 -22186
-22185 -22185 -22180 -22178
-22145 -22135 -22129 -22119
-22111 -22100 -22100 -22099
-22096 -22073 -22054 -22049
-22045 -22042 -22041 -22019
-21999 -21994 -21991 -21945
-21941 -21939 -21937 -21936
-21927 -21927 -21921 -21919
-21914 -21911 -21908 -21905
-21894 -21892 -21886 -21885
-21884 -21883 -21879 -21871
-21859 -21859 -21854 -21845
-21842 -21840 -21834 -21833
-21766 -21764 -21757 -21747
-21739 -21737 -21734 -21729
-21717 -21713 -21712 -21701
-21701 -21695 -21692 -21687
-21675 -21665 -21661 -21653
-21647 -21646 -21629 -21628
-21625 -21616 -21609 -21602
-21596 -21588 -21580 -21580
-21576 -21575 -21574 -21556
-21553 -21545 -21536 -21531
-21520 -21508 -21506 -21506
-21505 -21495 -21460 -21457
-21457 -21455 -21433 -21431
-21423 -21418 -21409 -21384
-21357 -21350 -21350 -21347
-21308 -21305 -21296 -21292
-21285 -21278 -21254 -21252
-21245 -21245 -21238 -21233
-21214 -21203 -21195 -21184
-21179 -21177 -21175 -21170
-21168 -21165 -21158 -21158
-21153 -21148 -21143 -21142
-21138 -21136 -21111 -21107
-21106 -21104 -21078 -21076
-21072 -21057 -21055 -21043
-21039 -21035 -21017 -21015
-21013 -21011 -21009 -21005
-20999 -20986 -20980 -20978
-20973 -20971 -20970 -20967
-20964 -20948 -20948 -20938
-20914 -20908 -20900 -20886
-20876 -20861 -20858 -20856
-20851 -20850 -20849 -20842
-20842 -20795 -20790 -20785
-20780 -20774 -20773 -20760
-20756 -20748 -20743 -20735
-20731 -20729 -20712 -20712
-20701 -20691 -20687 -20652
-20630 -20625 -20625 -20620
-20620 -20605 -20578 -20567
-20560 -20540 -20539 -20537
-20537 -20535 -20526 -20517
-20516 -20507 -20501 -20493
-20493 -20488 -20486 -20458
-20454 -20443 -20424 -20408
-20408 -20391 -20369 -20362
-20361 -20348 -20347 -20332
-20324 -20314 -20303 -20300
-20300 -20280 -20239 -20234
-20229 -20224 -20202 -20194
-20182 -20178 -20171 -20171
-20164 -20164 -20156 -20153
-20153 -20133 -20132 -20129
-20114 -20113 -20113 -20112
-20105 -20105 -20094 -20093
-20088 -20077 -20065 -20065
-20064 -20059 -20045 -20043
-20041 -20040 -20036 -20034
-20033 -20027 -20027 -20026
-20013 -20012 -20004 -20000
-19998 -19996 -19994 -19985
-19983 -19959 -19959 -19944
-19926 -19924 -19914 -19912
-19909 -19898 -19885 -19881
-19867 -19857 -19855 -19839
-19838 -19834 -19812 -19803
-19801 -19797 -19785 -19774
-19770 -19765 -19752 -19751
-19701 -19686 -19668 -19668
-19654 -19651 -19644 -19641
-19637 -19626 -19619 -19610
-19589 -19563 -19560 -19540
-19528 -19519 -19500 -19498
-19496 -19493 -19489 -19488
-19482 -19469 -19455 -19443
-19434 -19426 -19423 -19416
-19392 -19389 -19369 -19367
-19338 -19329 -19313 -19303
-19290 -19289 -19287 -19284
-19282 -19277 -19276 -19269
-19256 -19240 -19234 -19230
-19229 -19205 -19203 -19200
-19181 -19177 -19173 -19137
-19136 -19127 -19113 -19113
-19101 -19098 -19093 -19092
-19089 -19082 -19078 -19062
-19049 -19045 -19044 -19044
-19035 -19030 -19026 -19026
-19023 -19016 -19007 -19005
-18992 -18982 -18979 -18978
-18917 -18913 -18910 -18908
-18906 -18899 -18895 -18891
-18869 -18851 -18834 -18831
-18828 -18825 -18819 -18817
-18801 -18794 -18791 -18790
-18783 -18783 -18778 -18775
-18774 -18767 -18754 -18742
-18726 -18722 -18712 -18700
-18699 -18696 -18695 -18685
-18684 -18684 -18683 -18683
-18668 -18651 -18646 -18642
-18635 -18633 -18632 -18622
-18600 -18599 -18599 -18598
-18585 -18581 -18580 -18578
-18569 -18568 -18566 -18564
-18533 -18531 -18520 -18490
-18484 -18482 -18468 -18444
-18442 -18441 -18430 -18429
-18418 -18413 -18413 -18405
-18400 -18398 -18395 -18384
-18379 -18348 -18328 -18302
-18301 -18295 -18294 -18288
-18284 -18283 -18271 -18271
-18269 -18254 -18251 -18229
-18228 -18227 -18223 -18199
-18192 -18188 -18182 -18181
-18173 -18160 -18159 -18137
-18136 -18134 -18130 -18125
-18120 -18114 -18100 -18099
-18097 -18084 -18075 -18072
-18056 -18045 -18027 -18023
-18004 -18001 -17997 -17997
-17996 -17991 -17991 -17988
-17988 -17985 -17983 -17977
-17973 -17972 -17957 -17955
-17952 -17945 -17934 -17913
-17906 -17892 -17891 -17855
-17846 -17837 -17833 -17817
-17816 -17811 -17810 -17779
-17774 -17761 -17758 -17757
-17752 -17747 -17747 -17744
-17739 -17708 -17700 -17688
-17681 -17677 -17676 -17672
-17657 -17650 -17639 -17628
-17627 -17618 -17615 -17600
-17599 -17594 -17592 -17586
-17576 -17572 -17571 -17559
-17557 -17550 -17545 -17529
-17522 -17517 -17504 -17498
-17481 -17478 -17459 -17449
-17440 -17439 -17438 -17435
-17423 -17420 -17406 -17378
-17372 -17359 -17356 -17355
-17353 -17347 -17344 -17335
-17329 -17328 -17327 -17325
-17317 -17315 -17311 -17304
-17294 -17289 -17282 -17280
-17278 -17276 -17275 -17263
-17262 -17262 -17261 -17234
-17234 -17232 -17228 -17227
-17226 -17225 -17221 -17219
-17201 -17176 -17166 -17166
-17160 -17155 -17126 -17122
-17105 -17080 -17051 -17036
-17018 -16972 -16967 -16960
-16952 -16948 -16942 -16941
-16938 -16937 -16934 -16931
-16921 -16916 -16903 -16877
-16874 -16859 -16857 -16836
-16833 -16818 -16817 -16814
-16814 -16802 -16799 -16772
-16767 -16764 -16757 -16756
-16750 -16749 -16746 -16737
-16733 -16729 -16727 -16716
-16706 -16702 -16699 -16691
-16688 -16675 -16675 -16670
-16669 -16668 -16664 -16655
-16653 -16641 -16616 -16613
-16596 -16592 -16592 -16585
-16563 -16560 -16557 -16555
-16548 -16546 -16526 -16513
-16481 -16470 -16453 -16452
-16451 -16451 -16423 -16389
-16388 -16383 -16380 -16359
-16359 -16347 -16312 -16303
-16302 -16270 -16259 -16254
-16253 -16250 -16241 -16217
-16213 -16209 -16201 -16190
-16181 -16176 -16166 -16150
-16135 -16111 -16105 -16097
-16090 -16083 -16077 -16075
-16065 -16061 -16054 -16054
-16052 -16047 -16040 -16012
-16009 -16007 -15990 -15978
-15976 -15973 -15970 -15970
-15965 -15944 -15938 -15936
-15932 -15922 -15911 -15909
-15900 -15894 -15894 -15883
-15870 -15846 -15841 -15837
-15832 -15822 -15809 -15803
-15796 -15786 -15780 -15777
-15773 -15772 -15772 -15755
-15752 -15746 -15742 -15726
-15716 -15712 -15703 -15685
-15680 -15662 -15651 -15651
-15644 -15626 -15609 -15584
-15584 -15580 -15580 -15574
-15572 -15569 -15564 -15551
-15551 -15545 -15540 -15539
-15525 -15525 -15510 -15504
-15499 -15493 -15482 -15468
-15460 -15454 -15452 -15447
-15443 -15443 -15436 -15424
-15421 -15416 -15410 -15407
-15406 -15387 -15385 -15378
-15366 -15333 -15332 -15305
-15303 -15300 -15300 -15290
-15285 -15280 -15278 -15273
-15271 -15270 -15258 -15243
-15238 -15230 -15228 -15203
-15203 -15191 -15188 -15168
-15158 -15152 -15150 -15142
-15122 -15118 -15114 -15112
-15112 -15100 -15088 -15080
-15064 -15062 -15036 -15034
-15010 -15007 -14990 -14987
-14975 -14967 -14966 -14962
-14960 -14946 -14922 -14916
-14898 -14895 -14876 -14869
-14868 -14863 -14863 -14862
-14844 -14827 -14825 -14825
-14820 -14799 -14789 -14782
-14778 -14766 -14749 -14748
-14726 -14715 -14710 -14703
-14699 -14693 -14659 -14654
-14653 -14648 -14620 -14618
-14615 -14603 -14586 -14574
-14571 -14571 -14565 -14561
-14560 -14548 -14540 -14527
-14521 -14520 -14515 -14506
-14498 -14490 -14475 -14471
-14470 -14468 -14468 -14456
-14449 -14433 -14428 -14426
-14419 -14405 -14393 -14377
-14371 -14352 -14350 -14334
-14333 -14319 -14318 -14308
-14295 -14288 -14285 -14283
-14276 -14273 -14268 -14267
-14264 -14260 -14254 -14235
-14232 -14230 -14212 -14198
-14197 -14187 -14187 -14187
-14177 -14175 -14163 -14154
-14150 -14150 -14144 -14134
-14126 -14126 -14125 -14122
-14115 -14110 -14100 -14083
-14079 -14073 -14058 -14047
-14038 -14033 -14032 -14013
-14005 -14005 -13979 -13977
-13975 -13972 -13969 -13951
-13940 -13929 -13922 -13922
-13918 -13909 -13905 -13887
-13882 -13868 -13846 -13844
-13826 -13825 -13821 -13818
-13817 -13802 -13799 -13798
-13798 -13779 -13755 -13725
-13715 -13711 -13706 -13706
-13683 -13681 -13673 -13673
-13671 -13668 -13659 -13640
-13638 -13628 -13623 -13609
-13571 -13564 -13561 -13554
-13549 -13531 -13528 -13523
-13518 -13514 -13512 -13508
-13507 -13492 -13483 -13483
-13475 -13467 -13467 -13467
-13462 -13445 -13425 -13398
-13384 -13383 -13370 -13366
-13364 -13351 -13317 -13299
-13272 -13271 -13263 -13262
-13257 -13234 -13224 -13217
-13206 -13187 -13186 -13184
-13184 -13176 -13175 -13156
-13154 -13145 -13145 -13142
-13124 -13113 -13104 -13099
-13097 -13093 -13086 -13078
-12992 -12991 -12983 -12982
-12964 -12957 -12954 -12952
-12925 -12922 -12919 -12913
-12910 -12907 -12891 -12839
-12839 -12828 -12818 -12814
-12806 -12803 -12801 -12798
-12782 -12773 -12770 -12763
-12762 -12760 -12759 -12757
-12757 -12721 -12718 -12706
-12698 -12696 -12695 -12689
-12663 -12654 -12633 -12631
-12625 -12601 -12597 -12589
-12584 -12582 -12572 -12569
-12551 -12551 -12535 -12534
-12530 -12527 -12524 -12499
-12491 -12490 -12488 -12486
-12484 -12484 -12480 -12477
-12475 -12475 -12466 -12458
-12450 -12444 -12429 -12424
-12416 -12406 -12394 -12394
-12394 -12372 -12367 -12359
-12345 -12325 -12316 -12314
-12313 -12313 -12303 -12303
-12293 -12288 -12282 -12275
-12241 -12231 -12213 -12206
-12205 -12195 -12179 -12174
-12172 -12164 -12163 -12161
-12141 -12121 -12117 -12114
-12106 -12091 -12085 -12085
-12082 -12082 -12074 -12071
-12054 -12046 -12035 -12032
-12020 -12017 -11991 -11986
-11981 -11956 -11929 -11926
-11925 -11923 -11922 -11914
-11898 -11890 -11883 -11882
-11880 -11866 -11863 -11856
-11855 -11853 -11852 -11849
-11847 -11847 -11841 -11832
-11831 -11831 -11830 -11824
-11817 -11814 -11814 -11801
-11800 -11795 -11789 -11772
-11765 -11757 -11750 -11747
-11743 -11740 -11721 -11710
-11705 -11705 -11684 -11674
-11645 -11643 -11610 -11609
-11606 -11568 -11565 -11556
-11555 -11554 -11526 -11525
-11517 -11517 -11512 -11510
-11499 -11497 -11481 -11475
-11462 -11425 -11412 -11409
-11406 -11390 -11389 -11387
-11372 -11363 -11336 -11336
-11330 -11329 -11284 -11279
-11278 -11270 -11269 -11268
-11267 -11266 -11246 -11233
-11232 -11230 -11225 -11224
-11218 -11202 -11201 -11190
-11188 -11171 -11161 -11158
-11140 -11127 -11112 -11111
-11096 -11074 -11071 -11061
-11033 -11027 -11023 -11023
-11018 -11010 -11010 -10992
-10989 -10987 -10974 -10952
-10950 -10925 -10918 -10912
-10912 -10910 -10906 -10905
-10898 -10895 -10878 -10870
-10864 -10853 -10848 -10846
-10842 -10837 -10829 -10823
-10813 -10811 -10810 -10806
-10789 -10786 -10778 -10778
-10773 -10772 -10772 -10770
-10768 -10764 -10763 -10762
-10754 -10749 -10744 -10730
-10730 -10729 -10725 -10709
-10706 -10703 -10699 -10698
-10685 -10681 -10680 -10679
-10674 -10663 -10658 -10656
-10652 -10644 -10631 -10627
-10615 -10597 -10596 -10585
-10581 -10581 -10577 -10566
-10549 -10545 -10539 -10536
-10534 -10512 -10510 -10508
-10488 -10477 -10464 -10463
-10463 -10458 -10454 -10442
-10438 -10435 -10417 -10405
-10403 -10402 -10401 -10388
-10381 -10378 -10369 -10349
-10339 -10316 -10305 -10294
-10293 -10278 -10274 -10273
-10273 -10270 -10268 -10260
-10259 -10249 -10238 -10227
-10217 -10210 -10208 -10207
-10205 -10193 -10173 -10168
-10167 -10164 -10163 -10133
-10132 -10126 -10124 -10119
-10113 -10113 -10095 -10092
-10092 -10077 -10070 -10069
-10068 -10058 -10056 -10051
-10033 -10029 -10027 -10021
-10017 -10003 -9993 -9985
-9985 -9982 -9959 -9949
-9944 -9942 -9921 -9913
-9907 -9892 -9877 -9868
-9860 -9859 -9830 -9824
-9823 -9821 -9803 -9798
-9794 -9788 -9785 -9781
-9768 -9766 -9753 -9723
-9720 -9717 -9714 -9713
-9710 -9703 -9701 -9693
-9686 -9678 -9666 -9657
-9640 -9632 -9623 -9589
-9579 -9579 -9569 -9558
-9552 -9536 -9533 -9530
-9527 -9522 -9521 -9507
-9489 -9482 -9479 -9473
-9460 -9452 -9446 -9443
-9436 -9422 -9419 -9411
-9408 -9407 -9383 -9378
-9374 -9374 -9363 -9341
-9324 -9324 -9304 -9284
-9282 -9281 -9275 -9266
-9260 -9249 -9245 -9234
-9225 -9213 -9200 -9198
-9194 -9192 -9188 -9174
-9162 -9156 -9148 -9147
-9142 -9131 -9123 -9113
-9101 -9101 -9091 -9086
-9058 -9054 -9035 -9033
-9031 -9024 -9015 -9005
-9002 -8994 -8990 -8984
-8983 -8973 -8967 -8964
-8958 -8954 -8917 -8903
-8897 -8896 -8888 -8887
-8879 -8873 -8870 -8868
-8866 -8861 -8857 -8855
-8851 -8849 -8847 -8836
-8816 -8793 -8791 -8772
-8762 -8738 -8737 -8736
-8736 -8714 -8712 -8710
-8700 -8700 -8686 -8676
-8664 -8629 -8622 -8611
-8603 -8598 -8589 -8575
-8575 -8569 -8566 -8559
-8556 -8551 -8548 -8544
-8543 -8538 -8528 -8526
-8525 -8516 -8513 -8511
-8510 -8503 -8499 -8490
-8488 -8486 -8485 -8468
-8465 -8462 -8461 -8455
-8454 -8450 -8447 -8438
-8405 -8398 -8397 -8396
-8389 -8383 -8372 -8365
-8343 -8323 -8317 -8316
-8308 -8303 -8300 -8293
-8289 -8275 -8270 -8255
-8247 -8225 -8221 -8216
-8204 -8197 -8170 -8168
-8168 -8158 -8151 -8150
-8145 -8140 -8136 -8127
-8125 -8120 -8101 -8101
-8094 -8090 -8089 -8084
-8077 -8073 -8065 -8055
-8038 -8035 -8033 -8000
-7996 -7996 -7990 -7986
-7982 -7979 -7978 -7970
-7960 -7956 -7953 -7945
-7930 -7913 -7912 -7899
-7896 -7892 -7877 -7862
-7847 -7839 -7827 -7821
-7811 -7790 -7788 -7787
-7782 -7765 -7761 -7759
-7732 -7723 -7721 -7721
-7717 -7708 -7706 -7701
-7685 -7682 -7680 -7671
-7669 -7645 -7644 -7638
-7632 -7617 -7609 -7605
-7599 -7599 -7591 -7585
-7578 -7572 -7569 -7548
-7546 -7540 -7539 -7530
-7522 -7521 -7520 -7512
-7511 -7502 -7470 -7455
-7428 -7417 -7408 -7407
-7404 -7400 -7394 -7362
-7356 -7353 -7353 -7335
-7331 -7329 -7321 -7312
-7306 -7300 -7290 -7285
-7283 -7280 -7277 -7273
-7272 -7267 -7266 -7242
-7235 -7232 -7229 -7215
-7195 -7181 -7174 -7173
-7162 -7160 -7152 -7152
-7150 -7136 -7127 -7122
-7117 -7110 -7090 -7086
-7086 -7058 -7058 -7039
-7037 -7016 -7003 -7002
-6982 -6973 -6969 -6967
-6951 -6949 -6948 -6946
-6946 -6930 -6929 -6925
-6924 -6905 -6904 -6896
-6889 -6885 -6884 -6879
-6875 -6861 -6852 -6842
-6830 -6817 -6816 -6811
-6801 -6799 -6790 -6790
-6789 -6779 -6773 -6757
-6755 -6745 -6745 -6742
-6721 -6716 -6698 -6695
-6690 -6689 -6686 -6668
-6667 -6665 -6653 -6645
-6622 -6610 -6606 -6604
-6598 -6597 -6597 -6595
-6592 -6577 -6574 -6573
-6553 -6536 -6518 -6511
-6510 -6503 -6503 -6499
-6498 -6496 -6486 -6448
-6447 -6424 -6421 -6408
-6397 -6385 -6375 -6352
-6341 -6334 -6329 -6315
-6313 -6306 -6302 -6294
-6291 -6269 -6248 -6246
-6239 -6232 -6226 -6209
-6207 -6203 -6202 -6201
-6200 -6198 -6197 -6197
-6190 -6182 -6177 -6173
-6170 -6167 -6166 -6162
-6162 -6146 -6129 -6124
-6123 -6115 -6113 -6112
-6093 -6088 -6075 -6073
-6068 -6068 -6059 -6048
-6044 -6037 -6037 -6036
-6024 -6016 -5999 -5995
-5988 -5988 -5987 -5979
-5972 -5952 -5950 -5948
-5946 -5944 -5942 -5922
-5920 -5918 -5914 -5912
-5910 -5907 -5906 -5900
-5893 -5889 -5870 -5860
-5851 -5849 -5849 -5823
-5822 -5815 -5809 -5772
-5770 -5762 -5761 -5761
-5748 -5741 -5737 -5729
-5716 -5708 -5705 -5699
-5696 -5676 -5673 -5672
-5670 -5667 -5665 -5659
-5641 -5634 -5630 -5612
-5611 -5596 -5591 -5584
-5578 -5575 -5571 -5532
-5532 -5530 -5511 -5499
-5493 -5489 -5480 -5469
-5468 -5446 -5445 -5445
-5440 -5434 -5431 -5423
-5417 -5413 -5411 -5411
-5403 -5396 -5390 -5386
-5385 -5381 -5377 -5366
-5357 -5357 -5354 -5345
-5342 -5339 -5336 -5332
-5322 -5313 -5299 -5289
-5273 -5248 -5234 -5233
-5227 -5225 -5225 -5222
-5217 -5213 -5210 -5209
-5207 -5206 -5191 -5183
-5177 -5155 -5151 -5136
-5136 -5132 -5128 -5118
-5115 -5111 -5108 -5108
-5106 -5102 -5071 -5070
-5067 -5067 -5057 -5056
-5038 -5029 -5003 -4998
-4997 -4996 -4980 -4973
-4967 -4966 -4944 -4941
-4940 -4940 -4930 -4929
-4920 -4914 -4911 -4911
-4897 -4897 -4876 -4873
-4872 -4855 -4854 -4849
-4845 -4838 -4824 -4823
-4802 -4800 -4775 -4768
-4767 -4764 -4758 -4757
-4756 -4740 -4735 -4709
-4693 -4684 -4678 -4670
-4665 -4664 -4664 -4663
-4660 -4658 -4652 -4647
-4634 -4629 -4614 -4578
-4568 -4567 -4560 -4546
-4545 -4538 -4537 -4528
-4509 -4507 -4497 -4494
-4488 -4481 -4480 -4475
-4473 -4466 -4456 -4446
-4442 -4432 -4428 -4426
-4423 -4406 -4402 -4383
-4372 -4360 -4346 -4331
-4331 -4318 -4296 -4294
-4292 -4282 -4258 -4256
-4252 -4251 -4247 -4244
-4243 -4235 -4235 -4234
-4233 -4228 -4224 -4217
-4216 -4199 -4173 -4169
-4168 -4145 -4137 -4136
-4128 -4110 -4109 -4107
-4090 -4088 -4084 -4080
-4064 -4063 -4047 -4039
-4034 -4016 -4006 -3997
-3994 -3986 -3981 -3981
-3957 -3953 -3946 -3935
-3935 -3929 -3928 -3920
-3908 -3896 -3889 -3881
-3879 -3876 -3852 -3826
-3814 -3797 -3796 -3792
-3782 -3779 -3774 -3752
-3747 -3746 -3740 -3739
-3738 -3727 -3724 -3721
-3721 -3716 -3714 -3700
-3693 -3684 -3682 -3662
-3661 -3655 -3653 -3652
-3646 -3643 -3634 -3628
-3608 -3603 -3598 -3596
-3588 -3577 -3557 -3552
-3533 -3523 -3495 -3477
-3476 -3453 -3437 -3434
-3427 -3425 -3425 -3422
-3419 -3416 -3415 -3414
-3410 -3400 -3397 -3388
-3370 -3368 -3363 -3355
-3352 -3348 -3346 -3337
-3329 -3314 -3313 -3308
-3306 -3281 -3275 -3265
-3260 -3227 -3226 -3218
-3210 -3207 -3203 -3202
-3192 -3189 -3188 -3183
-3182 -3174 -3165 -3159
-3156 -3132 -3121 -3106
-3104 -3087 -3084 -3059
-3051 -3045 -3021 -3018
-3016 -3007 -3007 -3007
-2995 -2994 -2978 -2974
-2962 -2959 -2936 -2923
-2911 -2911 -2901 -2901
-2898 -2887 -2886 -2884
-2880 -2878 -2874 -2871
-2860 -2852 -2847 -2839
-2834 -2831 -2814 -2811
-2809 -2797 -2790 -2785
-2777 -2775 -2774 -2755
-2735 -2734 -2730 -2719
-2715 -2708 -2697 -2695
-2686 -2668 -2661 -2655
-2648 -2635 -2623 -2616
-2608 -2603 -2575 -2565
-2562 -2555 -2551 -2541
-2526 -2506 -2505 -2503
-2490 -2483 -2464 -2458
-2452 -2450 -2450 -2444
-2436 -2425 -2421 -2418
-2406 -2385 -2385 -2385
-2376 -2373 -2366 -2366
-2365 -2338 -2335 -2332
-2320 -2313 -2287 -2283
-2282 -2278 -2264 -2220
-2218 -2209 -2202 -2195
-2189 -2181 -2173 -2170
-2166 -2146 -2142 -2128
-2126 -2125 -2124 -2123
-2115 -2103 -2098 -2098
-2091 -2082 -2077 -2073
-2067 -2063 -2052 -2036
-2026 -2017 -2011 -2010
-2004 -1984 -1978 -1974
-1972 -1971 -1944 -1935
-1925 -1902 -1900 -1887
-1885 -1878 -1877 -1871
-1854 -1853 -1843 -1836
-1834 -1826 -1823 -1820
-1799 -1779 -1769 -1769
-1762 -1758 -1752 -1743
-1738 -1734 -1733 -1727
-1723 -1721 -1716 -1715
-1714 -1706 -1686 -1674
-1673 -1671 -1671 -1662
-1643 -1637 -1633 -1628
-1615 -1608 -1599 -1591
-1588 -1584 -1581 -1565
-1555 -1553 -1552 -1548
-1545 -1538 -1522 -1518
-1504 -1499 -1490 -1489
-1479 -1478 -1471 -1469
-1462 -1451 -1450 -1447
-1437 -1434 -1407 -1380
-1377 -1368 -1367 -1367
-1351 -1334 -1329 -1328
-1328 -1326 -1312 -1310
-1299 -1296 -1295 -1291
-1290 -1284 -1276 -1272
-1272 -1271 -1268 -1247
-1240 -1237 -1223 -1218
-1206 -1184 -1181 -1179
-1173 -1170 -1169 -1164
-1162 -1159 -1154 -1152
-1151 -1148 -1148 -1145
-1144 -1129 -1122 -1113
-1091 -1091 -1089 -1080
-1077 -1077 -1060 -1050
-1046 -1045 -1044 -1035
-1034 -1026 -1019 -1011
-1004 -1002 -983 -977
-971 -961 -919 -917
-914 -908 -902 -901
-892 -889 -888 -888
-888 -884 -880 -862
-851 -846 -844 -835
-817 -800 -786 -783
-781 -778 -774 -771
-759 -750 -747 -746
-745 -739 -733 -716
-715 -713 -712 -705
-704 -692 -677 -663
-662 -661 -646 -644
-637 -627 -623 -602
-602 -599 -598 -593
-591 -586 -574 -572
-562 -557 -551 -527
-523 -513 -501 -484
-473 -469 -463 -456
-456 -447 -444 -443
-442 -435 -432 -430
-423 -411 -404 -401
-394 -387 -376 -376
-369 -366 -359 -352
-349 -349 -346 -343
-324 -324 -318 -314
-311 -303 -302 -299
-297 -286 -278 -266
-254 -235 -232 -231
-228 -225 -221 -218
-214 -192 -192 -174
-172 -165 -164 -160
-144 -132 -123 -105
-105 -101 -92 -87
-86 -84 -83 -81
-67 -64 -58 -40
-29 -24 -24 -13
-9 4 21 44
45 46 53 55
79 84 94 94
96 106 108 113
115 118 127 138
154 154 158 168
175 206 207 208
214 218 226 226
238 264 265 267
274 290 301 311
319 320 325 333
335 338 338 362
366 367 369 380
382 388 425 429
430 436 437 440
450 450 450 451
452 470 471 498
506 512 513 517
522 527 536 541
544 557 558 560
574 580 590 593
601 609 609 616
619 619 621 629
634 638 640 649
659 661 665 678
678 680 683 686
687 696 710 711
717 724 729 740
740 742 744 767
778 780 797 801
811 820 840 850
854 860 877 880
886 891 916 918
921 921 929 933
943 943 954 956
957 959 961 964
966 977 980 991
996 1001 1005 1019
1025 1033 1034 1072
1075 1079 1081 1088
1091 1111 1140 1141
1143 1149 1158 1169
1171 1177 1188 1196
1198 1208 1221 1233
1246 1249 1253 1260
1275 1295 1301 1301
1304 1323 1329 1345
1347 1349 1356 1357
1371 1383 1384 1392
1398 1408 1417 1423
1427 1430 1434 1437
1454 1459 1467 1468
1482 1486 1488 1494
1497 1501 1508 1515
1518 1545 1553 1565
1567 1568 1570 1570
1579 1580 1589 1593
1594 1600 1620 1656
1657 1660 1662 1665
1671 1673 1674 1677
1677 1682 1685 1703
1711 1713 1723 1725
1725 1728 1732 1734
1741 1758 1774 1789
1807 1813 1814 1817
1823 1837 1839 1849
1860 1878 1879 1884
1887 1902 1920 1921
1926 1938 1946 1947
1949 1962 1964 1964
2006 2010 2014 2041
2041 2046 2046 2046
2051 2056 2057 2060
2062 2073 2076 2076
2096 2105 2115 2118
2122 2150 2153 2163
2174 2181 2188 2203
2212 2225 2235 2247
2264 2275 2284 2292
2296 2325 2329 2329
2333 2338 2342 2350
2352 2353 2357 2369
2369 2388 2394 2399
2404 2415 2425 2443
2444 2446 2458 2462
2470 2473 2483 2486
2507 2509 2509 2528
2547 2549 2552 2554
2558 2560 2562 2568
2578 2589 2599 2610
2611 2612 2622 2622
2626 2641 2643 2644
2645 2645 2647 2648
2651 2690 2696 2698
2711 2715 2727 2728
2730 2741 2746 2749
2750 2762 2766 2770
2798 2798 2804 2807
2807 2810 2812 2816
2819 2821 2827 2839
2845 2853 2858 2861
2864 2875 2886 2887
2888 2899 2907 2916
2927 2939 2940 2947
2949 2955 2960 2985
2989 2996 3001 3006
3006 3011 3012 3016
3022 3022 3024 3027
3044 3050 3051 3056
3062 3078 3086 3091
3101 3112 3125 3127
3130 3141 3141 3144
3149 3153 3171 3181
3210 3217 3220 3226
3237 3246 3258 3285
3306 3314 3327 3336
3340 3348 3361 3380
3397 3401 3403 3407
3414 3418 3433 3437
3438 3446 3462 3480
3484 3488 3488 3496
3500 3501 3503 3539
3552 3562 3567 3567
3575 3579 3590 3595
3597 3603 3605 3607
3609 3621 3631 3643
3644 3648 3653 3655
3662 3671 3673 3674
3681 3692 3699 3706
3718 3736 3744 3752
3753 3777 3780 3784
3786 3793 3794 3798
3798 3811 3820 3827
3834 3850 3853 3859
3860 3873 3882 3917
3919 3928 3929 3936
3937 3952 3956 3968
3973 3983 3989 3992
3994 3994 3995 4010
4018 4019 4024 4028
4038 4041 4044 4046
4047 4048 4051 4052
4065 4067 4075 4079
4082 4090 4099 4108
4113 4117 4119 4127
4141 4157 4161 4169
4175 4198 4223 4227
4227 4232 4243 4244
4246 4255 4255 4290
4295 4301 4301 4302
4302 4320 4320 4326
4340 4342 4344 4350
4355 4363 4385 4390
4391 4398 4411 4414
4439 4454 4461 4464
4464 4466 4479 4486
4492 4495 4500 4506
4510 4530 4530 4531
4531 4546 4555 4562
4564 4566 4582 4591
4591 4596 4601 4602
4606 4609 4611 4623
4625 4641 4657 4675
4683 4685 4685 4698
4698 4709 4716 4739
4739 4752 4754 4757
4767 4767 4773 4786
4793 4810 4812 4826
4833 4841 4841 4854
4865 4867 4870 4882
4894 4895 4897 4931
4935 4937 4941 4949
4953 4964 4966 4972
4977 4982 4995 4998
4999 5003 5012 5017
5021 5021 5027 5039
5047 5049 5051 5059
5079 5094 5098 5102
5113 5117 5129 5140
5144 5159 5165 5176
5200 5210 5217 5224
5224 5239 5245 5251
5258 5269 5270 5280
5286 5289 5298 5299
5299 5299 5311 5337
5344 5353 5358 5370
5370 5375 5375 5435
5445 5451 5452 5453
5477 5480 5484 5497
5500 5502 5505 5505
5519 5519 5524 5539
5546 5548 5548 5552
5569 5570 5574 5593
5597 5613 5613 5632
5634 5641 5649 5650
5665 5669 5677 5684
5703 5706 5720 5730
5733 5734 5750 5755
5756 5789 5790 5790
5791 5797 5805 5838
5839 5840 5844 5867
5875 5880 5882 5883
5889 5896 5905 5910
5921 5941 5949 5962
5966 5979 5981 5983
5993 6001 6008 6011
6017 6018 6024 6033
6043 6055 6073 6078
6081 6119 6120 6122
6131 6135 6136 6139
6149 6150 6150 6160
6162 6164 6166 6168
6169 6189 6189 6190
6202 6210 6247 6253
6257 6261 6268 6295
6295 6311 6320 6326
6332 6332 6355 6377
6382 6393 6408 6409
6414 6419 6466 6480
6483 6484 6500 6546
6551 6559 6563 6570
6572 6580 6584 6584
6585 6587 6596 6596
6611 6621 6639 6642
6665 6689 6696 6696
6696 6706 6714 6715
6723 6740 6742 6748
6767 6780 6784 6790
6800 6807 6808 6822
6824 6828 6856 6864
6875 6876 6876 6877
6878 6882 6893 6909
6915 6943 6945 6948
6949 6959 6980 6989
6994 6994 7002 7009
7021 7038 7043 7048
7053 7054 7055 7057
7061 7066 7089 7104
7114 7123 7129 7134
7140 7155 7186 7191
7197 7198 7203 7219
7219 7229 7237 7262
7264 7266 7266 7275
7280 7283 7284 7290
7296 7320 7345 7375
7384 7386 7413 7418
7418 7455 7461 7477
7481 7516 7517 7517
7521 7534 7547 7554
7560 7561 7565 7577
7579 7586 7597 7598
7599 7601 7602 7607
7607 7614 7634 7637
7643 7650 7652 7655
7657 7660 7666 7672
7678 7683 7686 7689
7690 7697 7699 7702
7702 7731 7734 7740
7746 7752 7754 7759
7774 7807 7808 7808
7824 7825 7829 7835
7845 7862 7872 7885
7890 7903 7903 7908
7917 7922 7935 7941
7949 7949 7956 7957
7962 7970 7981 7983
7987 8000 8010 8018
8028 8030 8032 8034
8037 8037 8040 8042
8044 8045 8055 8069
8095 8095 8099 8101
8101 8109 8113 8113
8141 8149 8166 8171
8173 8199 8209 8234
8235 8239 8243 8251
8260 8260 8297 8300
8301 8301 8308 8308
8314 8321 8342 8345
8353 8357 8360 8369
8391 8395 8399 8414
8421 8421 8423 8429
8443 8459 8460 8472
8472 8490 8515 8520
8533 8542 8552 8563
8565 8566 8568 8572
8581 8590 8590 8590
8600 8605 8624 8628
8632 8653 8667 8676
8696 8701 8702 8714
8717 8720 8736 8751
8766 8768 8774 8776
8776 8784 8791 8808
8808 8812 8822 8829
8837 8863 8864 8866
8869 8870 8873 8876
8884 8902 8903 8904
8909 8914 8924 8934
8940 8943 8952 8962
8973 9002 9010 9015
9027 9028 9034 9035
9039 9051 9076 9095
9101 9106 9115 9134
9136 9138 9154 9155
9171 9172 9178 9183
9190 9193 9219 9221
9228 9242 9260 9265
9275 9284 9292 9295
9308 9316 9343 9346
9355 9367 9372 9374
9375 9380 9388 9403
9421 9426 9429 9454
9463 9480 9487 9492
9496 9499 9500 9507
9513 9516 9516 9517
9519 9523 9524 9543
9560 9571 9576 9577
9579 9579 9628 9634
9652 9658 9664 9664
9688 9692 9696 9711
9719 9721 9723 9729
9735 9767 9768 9775
9813 9816 9819 9822
9835 9836 9840 9841
9842 9844 9846 9864
9880 9891 9905 9907
9909 9911 9917 9920
9927 9938 9951 9964
9969 9969 9976 9982
9993 9999 10002 10011
10020 10021 10022 10042
10043 10047 10065 10069
10070 10078 10079 10089
10099 10103 10121 10123
10148 10157 10158 10159
10170 10180 10197 10201
10202 10202 10203 10210
10214 10215 10224 10238
10246 10250 10252 10255
10265 10267 10278 10279
10291 10294 10295 10298
10299 10301 10320 10331
10334 10338 10341 10348
10368 10388 10413 10420
10432 10442 10448 10450
10454 10467 10471 10473
10486 10494 10506 10507
10520 10528 10528 10543
10547 10569 10571 10577
10577 10579 10584 10602
10617 10619 10637 10640
10644 10644 10660 10667
10672 10672 10680 10690
10713 10716 10716 10725
10727 10749 10752 10758
10759 10761 10774 10792
10793 10819 10833 10840
10841 10841 10847 10860
10867 10870 10887 10900
10926 10940 10943 10945
10946 10955 10958 10965
10970 10971 10979 10985
10995 11006 11014 11024
11026 11031 11032 11036
11044 11047 11073 11073
11077 11093 11093 11100
11100 11109 11110 11111
11122 11123 11129 11178
11185 11188 11193 11194
11194 11239 11249 11263
11266 11273 11279 11287
11298 11307 11309 11312
11336 11338 11352 11365
11369 11373 11379 11381
11385 11397 11406 11406
11408 11428 11435 11440
11442 11452 11456 11457
11457 11474 11481 11495
11497 11502 11507 11509
11530 11531 11540 11544
11551 11555 11564 11565
11565 11566 11600 11631
11633 11652 11653 11656
11661 11662 11672 11684
11687 11696 11701 11706
11715 11719 11720 11730
11731 11743 11749 11752
11754 11756 11758 11759
11767 11777 11779 11788
11798 11808 11811 11816
11820 11826 11830 11853
11862 11867 11902 11908
11920 11941 11943 11953
11953 11960 11975 11981
11981 11986 12027 12035
12037 12038 12041 12044
12061 12064 12067 12067
12068 12072 12088 12089
12090 12090 12091 12098
12103 12105 12107 12151
12158 12180 12188 12199
12199 12221 12225 12226
12228 12234 12240 12260
12263 12275 12283 12284
12298 12324 12329 12344
12345 12348 12362 12370
12374 12381 12394 12397
12406 12418 12431 12444
12450 12451 12476 12487
12497 12500 12508 12519
12530 12540 12547 12552
12555 12559 12560 12575
12578 12579 12590 12599
12608 12612 12622 12632
12634 12635 12642 12647
12656 12662 12666 12667
12673 12673 12674 12684
12693 12702 12737 12744
12747 12756 12807 12815
12816 12847 12852 12863
12878 12887 12888 12896
12902 12914 12915 12920
12965 12973 12991 12997
13022 13029 13029 13038
13041 13043 13063 13085
13086 13092 13093 13100
13101 13109 13116 13120
13122 13127 13130 13140
13147 13152 13160 13163
13179 13192 13192 13196
13199 13204 13206 13213
13213 13215 13217 13228
13252 13253 13262 13282
13299 13306 13307 13308
13309 13320 13326 13326
13327 13340 13346 13365
13371 13384 13394 13396
13401 13403 13404 13419
13427 13442 13449 13450
13459 13473 13497 13498
13499 13503 13508 13516
13522 13530 13530 13531
13535 13545 13555 13561
13571 13575 13584 13592
13602 13604 13616 13619
13626 13629 13631 13634
13650 13658 13671 13672
13674 13676 13682 13687
13689 13695 13707 13709
13712 13718 13718 13721
13721 13742 13747 13749
13751 13761 13768 13768
13773 13778 13780 13787
13798 13816 13842 13868
13869 13919 13920 13940
13950 13957 13960 13982
14007 14013 14018 14019
14044 14048 14053 14059
14075 14082 14091 14094
14095 14100 14104 14106
14112 14136 14141 14143
14152 14162 14180 14193
14198 14202 14205 14214
14216 14227 14238 14247
14247 14258 14260 14278
14289 14309 14315 14316
14317 14320 14325 14336
14353 14372 14380 14382
14385 14387 14391 14396
14406 14417 14419 14421
14437 14441 14445 14455
14464 14473 14473 14474
14475 14477 14480 14484
14505 14512 14514 14521
14522 14533 14548 14552
14553 14556 14575 14611
14623 14627 14636 14642
14651 14653 14663 14667
14674 14694 14696 14696
14716 14729 14747 14751
14753 14757 14767 14780
14787 14793 14794 14843
14844 14850 14860 14867
14871 14885 14893 14894
14895 14910 14910 14934
14943 14981 14991 14994
14996 15009 15012 15014
15019 15025 15027 15032
15056 15062 15068 15070
15070 15082 15096 15099
15106 15114 15123 15138
15151 15154 15169 15170
15179 15189 15192 15199
15209 15210 15210 15220
15225 15228 15235 15252
15252 15254 15267 15284
15289 15290 15297 15305
15314 15318 15329 15340
15342 15344 15347 15352
15352 15364 15373 15378
15380 15381 15386 15389
15396 15396 15455 15460
15466 15478 15486 15490
15512 15531 15533 15539
15545 15546 15548 15552
15553 15554 15564 15572
15586 15588 15597 15609
15613 15613 15633 15636
15641 15642 15652 15652
15666 15671 15673 15676
15713 15715 15728 15732
15750 15760 15775 15779
15785 15811 15837 15842
15845 15880 15894 15897
15900 15903 15914 15923
15930 15934 15949 15963
15968 15974 15983 15988
15993 15995 16016 16026
16037 16053 16055 16056
16060 16064 16065 16071
16072 16078 16111 16120
16134 16141 16158 16158
16168 16186 16194 16201
16210 16214 16225 16231
16232 16241 16253 16258
16263 16269 16271 16286
16286 16307 16309 16316
16320 16324 16327 16328
16334 16347 16356 16359
16359 16376 16398 16399
16425 16426 16431 16432
16433 16439 16441 16446
16450 16456 16458 16483
16502 16510 16522 16522
16526 16540 16543 16556
16572 16584 16588 16596
16607 16609 16614 16624
16625 16630 16636 16668
16668 16672 16677 16678
16681 16681 16684 16687
16687 16690 16694 16694
16697 16710 16718 16723
16729 16735 16742 16768
16774 16796 16803 16808
16809 16819 16831 16837
16840 16847 16850 16855
16872 16883 16889 16891
16909 16919 16940 16947
16950 16969 16973 16979
16984 16985 16987 16989
16996 16997 16999 17001
17016 17018 17019 17022
17034 17038 17040 17042
17047 17049 17056 17057
17062 17067 17073 17079
17100 17112 17137 17142
17143 17150 17152 17153
17158 17161 17164 17167
17174 17175 17176 17182
17183 17183 17189 17199
17204 17209 17231 17242
17246 17249 17249 17250
17256 17257 17260 17275
17281 17286 17291 17297
17307 17329 17362 17364
17380 17384 17394 17395
17399 17422 17423 17433
17459 17462 17462 17462
17465 17470 17472 17480
17498 17498 17500 17507
17522 17524 17529 17549
17571 17577 17589 17590
17594 17601 17605 17605
17620 17633 17645 17666
17677 17714 17714 17718
17720 17728 17736 17737
17737 17738 17743 17757
17768 17772 17777 17788
17797 17799 17813 17816
17822 17829 17829 17836
17852 17855 17857 17865
17878 17882 17883 17888
17893 17894 17894 17897
17904 17908 17913 17916
17917 17921 17974 17976
17979 18000 18003 18009
18016 18080 18084 18084
18090 18092 18095 18113
18119 18119 18122 18125
18147 18164 18170 18220
18227 18235 18236 18239
18246 18255 18273 18275
18276 18295 18306 18322
18325 18326 18327 18363
18365 18366 18395 18424
18428 18429 18445 18447
18470 18475 18481 18485
18486 18487 18510 18515
18519 18521 18537 18545
18559 18561 18565 18569
18572 18581 18604 18610
18610 18626 18628 18644
18656 18666 18674 18680
18681 18684 18701 18709
18718 18728 18729 18740
18744 18748 18758 18776
18777 18789 18805 18805
18805 18808 18817 18819
18822 18824 18825 18830
18835 18839 18847 18847
18863 18883 18884 18895
18900 18910 18912 18922
18924 18945 18949 18956
18974 18988 18993 18996
19001 19006 19007 19020
19026 19048 19064 19065
19069 19089 19090 19090
19100 19100 19106 19106
19119 19126 19129 19136
19152 19164 19167 19168
19173 19185 19188 19226
19232 19239 19243 19253
19263 19269 19272 19279
19286 19325 19335 19345
19350 19360 19385 19390
19403 19404 19414 19419
19431 19432 19436 19439
19443 19445 19465 19467
19469 19469 19471 19475
19481 19484 19484 19488
19489 19489 19490 19502
19503 19517 19524 19541
19556 19569 19585 19596
19600 19609 19635 19637
19646 19652 19659 19664
19665 19666 19666 19674
19695 19706 19714 19717
19730 19743 19746 19759
19774 19785 19788 19795
19808 19855 19862 19874
19896 19902 19904 19915
19922 19925 19936 19940
19940 19943 19951 19960
19997 20031 20040 20049
20054 20055 20057 20061
20070 20072 20075 20079
20088 20092 20093 20125
20126 20139 20148 20153
20160 20182 20187 20192
20193 20198 20199 20201
20202 20209 20224 20227
20236 20243 20257 20258
20265 20277 20305 20312
20316 20333 20342 20345
20346 20354 20357 20371
20380 20387 20414 20420
20449 20456 20457 20459
20468 20481 20511 20515
20534 20535 20541 20548
20552 20554 20561 20563
20567 20585 20588 20604
20612 20625 20628 20632
20639 20648 20659 20660
20683 20690 20708 20717
20718 20722 20737 20760
20779 20780 20784 20813
20822 20822 20825 20841
20842 20842 20844 20849
20856 20862 20867 20871
20875 20877 20882 20910
20910 20914 20925 20927
20929 20937 20945 20953
20956 20964 20969 20971
20973 20978 20993 20997
21011 21017 21020 21028
21031 21031 21037 21040
21045 21046 21061 21071
21071 21080 21084 21102
21105 21123 21129 21163
21171 21173 21185 21186
21187 21194 21195 21200
21206 21222 21222 21226
21255 21266 21269 21277
21280 21296 21298 21302
21333 21336 21358 21359
21364 21380 21381 21382
21390 21428 21434 21441
21447 21449 21452 21462
21499 21504 21511 21512
21520 21525 21532 21539
21545 21554 21555 21561
21566 21587 21599 21608
21619 21658 21671 21675
21675 21680 21686 21709
21710 21721 21723 21737
21740 21748 21760 21775
21780 21782 21785 21793
21798 21801 21817 21836
21856 21875 21875 21905
21909 21920 21930 21941
21949 21950 21953 21954
21959 21962 21967 21971
21985 21988 21997 22001
22009 22013 22018 22027
22044 22056 22062 22064
22070 22075 22078 22079
22087 22088 22088 22089
22092 22116 22149 22150
22153 22156 22169 22176
22178 22212 22221 22245
22246 22254 22258 22260
22282 22297 22297 22321
22330 22332 22340 22359
22372 22398 22412 22416
22417 22428 22429 22445
22469 22476 22484 22490
22505 22507 22511 22513
22516 22516 22534 22547
22561 22563 22576 22578
22590 22591 22597 22598
22616 22626 22632 22633
22636 22642 22643 22646
22648 22659 22660 22662
22674 22681 22692 22697
22709 22724 22743 22757
22758 22759 22769 22809
22816 22835 22836 22838
22852 22854 22866 22866
22869 22875 22876 22886
22889 22891 22898 22899
22912 22917 22923 22923
22928 22931 22932 22939
22941 22948 22961 22966
22968 22978 22981 22988
23009 23021 23022 23030
23050 23057 23060 23079
23085 23090 23091 23101
23118 23136 23143 23146
23178 23183 23201 23216
23231 23231 23239 23242
23248 23266 23273 23281
23318 23318 23321 23329
23339 23339 23339 23357
23363 23365 23370 23391
23402 23410 23411 23423
23424 23433 23453 23457
23466 23472 23481 23486
23487 23495 23511 23512
23512 23514 23517 23519
23522 23530 23538 23556
23558 23574 23577 23578
23590 23607 23608 23609
23618 23629 23644 23653
23657 23659 23667 23694
23717 23717 23719 23738
23739 23759 23761 23762
23773 23794 23794 23816
23838 23849 23859 23867
23882 23887 23890 23901
23910 23925 23927 23953
23957 23960 23961 23963
23986 24014 24047 24049
24052 24055 24061 24079
24081 24083 24086 24099
24132 24161 24171 24175
24182 24184 24184 24193
24196 24220 24235 24254
24261 24270 24273 24277
24282 24299 24300 24308
24318 24328 24338 24350
24352 24360 24364 24382
24391 24397 24404 24417
24425 24432 24451 24458
24475 24486 24487 24495
24522 24538 24538 24540
24550 24559 24560 24565
24585 24605 24633 24636
24643 24650 24657 24657
24657 24671 24672 24674
24676 24729 24734 24739
24744 24747 24749 24759
24764 24767 24803 24811
24819 24822 24826 24841
24855 24861 24866 24880
24882 24885 24891 24892
24907 24917 24929 24933
24945 24959 24959 24966
24974 24979 24981 24984
24990 24990 24998 25006
25020 25027 25035 25042
25051 25057 25061 25093
25093 25105 25120 25124
25126 25127 25135 25157
25170 25177 25185 25200
25203 25206 25216 25220
25220 25221 25225 25251
25275 25278 25279 25284
25287 25294 25303 25306
25311 25322 25323 25327
25327 25332 25336 25353
25358 25371 25371 25375
25396 25398 25406 25423
25431 25434 25434 25444
25457 25459 25465 25477
25505 25516 25524 25530
25533 25536 25542 25544
25552 25573 25582 25582
25583 25583 25599 25599
25599 25611 25612 25615
25629 25638 25643 25648
25650 25650 25653 25656
25674 25675 25677 25681
25689 25691 25695 25697
25698 25702 25713 25718
25719 25729 25736 25739
25743 25750 25751 25753
25768 25770 25777 25779
25804 25813 25816 25819
25822 25837 25847 25848
25879 25879 25889 25895
25899 25908 25913 25917
25925 25931 25950 25956
25964 25964 25964 25971
25971 25976 25977 25987
26000 26001 26031 26035
26042 26048 26058 26062
26079 26089 26100 26102
26105 26108 26116 26116
26126 26141 26142 26150
26155 26161 26183 26208
26208 26220 26223 26225
26225 26225 26228 26232
26245 26271 26275 26278
26288 26318 26319 26333
26334 26337 26346 26371
26394 26400 26405 26407
26421 26426 26432 26432
26432 26434 26452 26472
26480 26487 26494 26506
26533 26537 26541 26551
26557 26581 26596 26602
26604 26621 26624 26626
26645 26655 26658 26659
26660 26660 26663 26669
26692 26707 26713 26719
26727 26728 26732 26748
26752 26756 26759 26768
26776 26778 26782 26783
26787 26801 26808 26811
26834 26855 26857 26865
26878 26885 26897 26900
26904 26905 26920 26921
26933 26939 26945 26949
26966 26967 26977 26988
27002 27003 27007 27014
27014 27024 27028 27038
27040 27043 27045 27064
27081 27087 27088 27144
27145 27153 27189 27210
27247 27250 27254 27268
27286 27333 27342 27343
27359 27376 27383 27395
27416 27426 27456 27459
27470 27472 27475 27477
27480 27485 27488 27498
27513 27533 27539 27544
27549 27552 27561 27570
27571 27573 27574 27585
27606 27610 27624 27638
27653 27662 27679 27681
27699 27702 27704 27709
27715 27717 27718 27725
27727 27728 27729 27732
27744 27749 27761 27765
27766 27769 27770 27774
27782 27784 27787 27808
27810 27819 27828 27835
27836 27838 27839 27849
27864 27885 27887 27890
27900 27904 27912 27921
27925 27946 27948 27951
27970 27970 27989 28001
28002 28002 28006 28015
28021 28022 28034 28047
28067 28068 28068 28080
28093 28094 28097 28098
28099 28101 28108 28112
28114 28119 28156 28165
28213 28225 28231 28242
28242 28251 28284 28285
28287 28289 28291 28293
28298 28300 28300 28313
28316 28320 28322 28327
28333 28346 28359 28361
28366 28391 28393 28398
28404 28405 28406 28409
28416 28418 28423 28429
28430 28433 28437 28439
28445 28468 28484 28485
28486 28491 28495 28497
28504 28514 28535 28550
28564 28570 28572 28578
28589 28591 28593 28597
28602 28609 28611 28619
28623 28649 28653 28660
28660 28663 28663 28669
28670 28675 28676 28685
28715 28720 28724 28729
28737 28745 28749 28765
28770 28785 28798 28813
28815 28827 28837 28838
28840 28872 28874 28897
28899 28904 28940 28948
28957 28974 28999 29011
29016 29018 29025 29025
29032 29034 29035 29037
29046 29050 29051 29056
29067 29081 29085 29093
29100 29104 29109 29111
29114 29116 29117 29125
29149 29152 29153 29162
29163 29180 29182 29185
29188 29190 29190 29191
29211 29224 29238 29241
29249 29252 29258 29267
29283 29294 29301 29307
29307 29307 29310 29312
29317 29325 29344 29345
29351 29353 29355 29359
29369 29369 29393 29421
29427 29437 29439 29445
29469 29469 29474 29478
29482 29483 29492 29497
29499 29501 29503 29515
29518 29520 29522 29524
29526 29533 29539 29550
29568 29584 29589 29593
29595 29600 29601 29601
29611 29614 29620 29620
29628 29633 29646 29660
29663 29670 29680 29683
29683 29687 29698 29698
29700 29700 29703 29705
29723 29728 29730 29735
29737 29752 29769 29772
29774 29775 29779 29786
29806 29806 29809 29812
29816 29819 29820 29821
29845 29847 29850 29880
29898 29901 29902 29902
29903 29906 29918 29921
29924 29929 29930 29931
29945 29959 29971 29976
30012 30013 30021 30052
30054 30066 30088 30097
30106 30107 30112 30113
30114 30125 30138 30141
30143 30144 30144 30145
30162 30173 30180 30183
30187 30188 30199 30201
30203 30207 30211 30211
30223 30242 30257 30261
30269 30278 30280 30285
30286 30304 30308 30344
30348 30369 30384 30398
30442 30443 30457 30466
30468 30480 30482 30482
30496 30513 30516 30518
30519 30528 30540 30549
30551 30553 30554 30559
30570 30578 30585 30592
30599 30608 30612 30614
30636 30638 30644 30663
30668 30692 30702 30707
30708 30715 30726 30728
30736 30745 30748 30766
30767 30773 30778 30786
30794 30797 30812 30822
30826 30833 30836 30842
30844 30850 30862 30875
30880 30880 30882 30886
30890 30896 30898 30908
30909 30917 30919 30934
30942 30962 30977 30982
30984 30991 30998 31004
31010 31016 31032 31046
31060 31064 31064 31067
31084 31085 31089 31089
31093 31093 31095 31101
31109 31111 31115 31119
31129 31136 31137 31137
31141 31148 31154 31162
31176 31176 31184 31193
31217 31219 31230 31230
31231 31234 31240 31241
31247 31248 31250 31257
31258 31267 31267 31269
31271 31273 31289 31306
31307 31309 31315 31318
31337 31365 31372 31373
31380 31382 31385 31388
31392 31392 31403 31404
31411 31418 31426 31438
31444 31448 31450 31455
31456 31461 31472 31483
31486 31488 31492 31500
31503 31509 31510 31519
31534 31548 31557 31562
31570 31582 31588 31599
31607 31616 31618 31622
31623 31624 31641 31650
31659 31678 31682 31687
31688 31696 31714 31716
31719 31725 31727 31730
31754 31766 31767 31771
31776 31801 31806 31807
31808 31811 31838 31852
31854 31857 31878 31879
31886 31906 31924 31927
31966 31977 31991 31998
31999 32000 32013 32017
32024 32028 32036 32046
32048 32050 32053 32060
32066 32070 32084 32120
32127 32128 32128 32129
32166 32168 32170 32173
32173 32184 32188 32201
32214 32246 32248 32249
32261 32261 32273 32279
32333 32359 32375 32392
32400 32404 32437 32440
32444 32450 32455 32468
32473 32473 32486 32488
32495 32505 32506 32512
32521 32543 32547 32547
32573 32590 32611 32618
32645 32651 32669 32688
32705 32721 32730 32735
32758 32760 32762
