-32728 -32694 -32665 -31931
-31581 -31520 -31263 -30677
-30570 -30016 -29870 -29834
-29593 -29565 -29361 -28948
-28676 -28518 -28486 -28210
-28189 -28094 -28042 -27912
-27852 -27812 -27597 -27283
-27208 -27183 -27168 -27161
-27078 -26646 -26424 -26399
-26231 -25905 -25735 -25734
-25435 -25195 -25144 -25074
-24994 -24676 -24448 -24375
-24319 -24193 -24106 -24016
-23756 -23568 -23503 -23310
-23107 -23034 -22817 -22736
-22724 -22385 -22262 -21987
-21399 -21123 -21110 -21109
-21012 -20806 -20799 -20792
-20770 -20568 -20552 -20489
-20473 -20428 -20339 -20029
-19979 -19965 -19949 -19512
-19497 -19190 -18850 -18847
-18828 -18736 -18405 -18324
-18302 -18265 -17999 -17701
-17509 -17458 -17313 -17069
-16972 -16821 -16810 -16748
-16656 -16614 -16446 -16308
-15957 -15914 -15844 -15723
-15542 -15478 -15363 -15117
-14501 -14416 -14160 -13882
-13763 -13669 -13441 -13307
-13133 -12883 -12870 -12383
-12303 -12175 -11677 -11419
-11389 -11107 -10969 -10905
-10167 -10164 -9967 -9885
-9818 -9586 -8956 -8953
-8881 -8720 -8640 -8591
-8584 -8425 -8409 -8311
-8309 -7980 -7922 -7749
-7528 -7336 -7273 -7212
-7129 -7016 -6891 -6879
-6788 -6373 -6242 -6174
-6087 -6042 -5788 -5723
-5706 -5548 -5536 -5535
-5315 -4913 -4856 -4608
-4467 -4454 -4295 -4173
-4148 -4141 -4116 -4085
-3658 -3582 -3216 -3170
-3006 -2970 -2824 -2546
-2493 -2357 -2156 -2089
-1962 -1875 -1687 -1592
-1583 -1563 -1470 -1230
-1192 -1020 -136 -15
175 246 531 672
745 772 833 936
1059 1163 1465 1677
1690 2070 2154 2442
3311 3337 3462 3516
3610 4135 4510 4677
4882 4955 5105 5240
5442 5536 5618 6003
6120 6475 6824 6854
6909 7713 7815 7924
8015 8320 8368 8613
8655 8804 8984 9143
9241 9702 9789 10084
10115 10214 10502 11049
11266 11624 11888 11966
11991 12229 12273 13006
13037 13288 13834 13877
13895 14014 14273 14351
14670 14991 14993 15178
15274 15413 15440 15667
15785 15846 16661 16790
16945 17208 17494 17829
17841 17869 18167 18240
18390 18568 18604 18819
18950 18969 19018 19173
19533 19861 20125 20302
20354 20425 20567 20579
20767 20885 21046 21290
21354 21357 21479 21651
21668 21811 21960 22150
22251 22289 22326 22345
22766 23010 23443 23576
23735 23877 23904 24124
24219 24335 24597 24643
24741 25057 25078 25598
25929 25996 26064 26246
26341 26455 26620 26780
27055 27854 27914 28327
28650 28766 28776 29312
29566 29675 29874 30020
30260 30353 30445 30696
30907 30910 31085 31199
31377 31561 31856 32107
32181 32248 32701 32758
