-32764 -32733 -32710 -32707
-32655 -32587 -32580 -32559
-32546 -32528 -32495 -32487
-32451 -32439 -32425 -32422
-32411 -32350 -32325 -32317
-32251 -32244 -32230 -32227
-32191 -32181 -32181 -32111
-32049 -31992 -31945 -31889
-31857 -31849 -31835 -31715
-31693 -31690 -31637 -31621
-31612 -31607 -31595 -31586
-31577 -31543 -31542 -31491
-31459 -31442 -31387 -31371
-31328 -31319 -31280 -31277
-31259 -31183 -31178 -31161
-31129 -31120 -31105 -31097
-30911 -30895 -30849 -30714
-30677 -30663 -30642 -30626
-30619 -30502 -30500 -30484
-30479 -30464 -30439 -30416
-30414 -30385 -30374 -30342
-30292 -30288 -30174 -30172
-30164 -30143 -30086 -30045
-29939 -29901 -29891 -29871
-29868 -29817 -29795 -29785
-29759 -29729 -29674 -29673
-29607 -29581 -29576 -29566
-29559 -29538 -29534 -29506
-29492 -29483 -29470 -29467
-29438 -29437 -29434 -29391
-29347 -29243 -29226 -29181
-29163 -29160 -29159 -29145
-29079 -29049 -28981 -28968
-28961 -28928 -28879 -28858
-28850 -28816 -28807 -28805
-28803 -28792 -28789 -28772
-28736 -28717 -28670 -28596
-28552 -28544 -28519 -28481
-28414 -28398 -28363 -28318
-28279 -28265 -28260 -28253
-28202 -28180 -28170 -28169
-28144 -28141 -28103 -28059
-28046 -28044 -28023 -28012
-27996 -27921 -27921 -27901
-27889 -27872 -27858 -27800
-27791 -27759 -27750 -27749
-27747 -27722 -27720 -27689
-27682 -27678 -27628 -27589
-27532 -27521 -27521 -27500
-27446 -27443 -27428 -27406
-27402 -27392 -27383 -27380
-27377 -27366 -27344 -27276
-27274 -27248 -27242 -27240
-27184 -27170 -27166 -27163
-27161 -27138 -27124 -27080
-27058 -27053 -27023 -27005
-26990 -26955 -26924 -26916
-26902 -26885 -26879 -26876
-26850 -26823 -26814 -26720
-26720 -26699 -26677 -26608
-26589 -26574 -26571 -26561
-26546 -26520 -26507 -26501
-26424 -26413 -26328 -26309
-26284 -26254 -26242 -26188
-26143 -26130 -26096 -26041
-26010 -25976 -25976 -25941
-25938 -25911 -25901 -25845
-25844 -25784 -25762 -25750
-25688 -25682 -25638 -25600
-25542 -25531 -25526 -25488
-25455 -25344 -25308 -25278
-25236 -25203 -25199 -25163
-25144 -25125 -25119 -25105
-25104 -25059 -25049 -25048
-24982 -24977 -24940 -24879
-24874 -24812 -24788 -24780
-24772 -24758 -24750 -24750
-24733 -24731 -24727 -24723
-24661 -24659 -24607 -24606
-24581 -24524 -24496 -24442
-24437 -24406 -24366 -24365
-24331 -24329 -24284 -24248
-24222 -24213 -24204 -24129
-24087 -24050 -24047 -24000
-23946 -23943 -23941 -23910
-23845 -23805 -23795 -23768
-23762 -23751 -23746 -23720
-23667 -23612 -23609 -23517
-23502 -23476 -23455 -23442
-23441 -23421 -23407 -23400
-23285 -23273 -23266 -23264
-23199 -23161 -23141 -23122
-23096 -23094 -23054 -23041
-23028 -23028 -22945 -22877
-22843 -22837 -22781 -22753
-22739 -22650 -22630 -22604
-22585 -22540 -22526 -22491
-22442 -22431 -22411 -22402
-22299 -22298 -22297 -22280
-22274 -22256 -22255 -22233
-22206 -22194 -22154 -22150
-22144 -22143 -22132 -22123
-22093 -22065 -22032 -22026
-22024 -22005 -22000 -21923
-21877 -21862 -21764 -21740
-21731 -21658 -21655 -21615
-21612 -21607 -21592 -21570
-21514 -21438 -21426 -21373
-21341 -21337 -21260 -21257
-21215 -21214 -21211 -21159
-21139 -21130 -21130 -21087
-21059 -21052 -21026 -21013
-20989 -20956 -20911 -20809
-20800 -20761 -20761 -20691
-20638 -20622 -20618 -20613
-20561 -20516 -20489 -20480
-20472 -20465 -20463 -20447
-20440 -20427 -20425 -20414
-20404 -20391 -20381 -20374
-20367 -20303 -20284 -20283
-20270 -20224 -20182 -20038
-19988 -19964 -19962 -19956
-19882 -19836 -19813 -19796
-19790 -19766 -19759 -19741
-19677 -19637 -19626 -19606
-19585 -19568 -19567 -19555
-19542 -19495 -19469 -19432
-19422 -19422 -19377 -19353
-19324 -19319 -19290 -19258
-19256 -19246 -19122 -19121
-19095 -19059 -19033 -18996
-18965 -18954 -18880 -18870
-18830 -18817 -18786 -18699
-18685 -18642 -18559 -18498
-18488 -18378 -18372 -18329
-18268 -18246 -18225 -18209
-18196 -18140 -18131 -18036
-17964 -17956 -17906 -17888
-17846 -17819 -17803 -17771
-17692 -17643 -17633 -17625
-17620 -17570 -17567 -17546
-17531 -17529 -17521 -17520
-17515 -17487 -17354 -17308
-17307 -17234 -17230 -17218
-17159 -17123 -17112 -17096
-17094 -17092 -17089 -17050
-17023 -17006 -16994 -16966
-16910 -16829 -16825 -16805
-16777 -16777 -16773 -16756
-16744 -16741 -16741 -16708
-16702 -16671 -16636 -16597
-16574 -16573 -16569 -16535
-16519 -16508 -16477 -16473
-16456 -16428 -16383 -16319
-16297 -16290 -16273 -16258
-16225 -16184 -16180 -16161
-16141 -16126 -16124 -16118
-16116 -16059 -16040 -16026
-16015 -15992 -15900 -15851
-15847 -15799 -15772 -15765
-15747 -15716 -15701 -15655
-15640 -15616 -15513 -15500
-15473 -15471 -15449 -15440
-15432 -15368 -15318 -15309
-15285 -15252 -15246 -15146
-15132 -15118 -15076 -15054
-15052 -15040 -15032 -15020
-15009 -14934 -14894 -14882
-14879 -14878 -14870 -14868
-14846 -14810 -14802 -14797
-14745 -14739 -14731 -14674
-14638 -14637 -14532 -14525
-14490 -14489 -14451 -14440
-14433 -14419 -14416 -14385
-14378 -14377 -14339 -14281
-14271 -14267 -14266 -14233
-14214 -14191 -14170 -14091
-14086 -14057 -14043 -14022
-13983 -13980 -13942 -13940
-13921 -13918 -13819 -13801
-13707 -13694 -13645 -13567
-13495 -13442 -13439 -13434
-13432 -13400 -13374 -13358
-13336 -13314 -13303 -13285
-13233 -13233 -13228 -13225
-13170 -13166 -13166 -13157
-13152 -13112 -13064 -13056
-13039 -12978 -12960 -12916
-12896 -12893 -12890 -12861
-12859 -12818 -12809 -12762
-12750 -12749 -12711 -12708
-12698 -12657 -12640 -12625
-12622 -12614 -12590 -12583
-12564 -12381 -12374 -12342
-12308 -12264 -12261 -12249
-12248 -12232 -12217 -12197
-12097 -12064 -12062 -12003
-11969 -11938 -11895 -11851
-11814 -11784 -11777 -11745
-11699 -11647 -11609 -11524
-11451 -11354 -11338 -11335
-11308 -11269 -11238 -11224
-11155 -11146 -11128 -11122
-11068 -11043 -10985 -10947
-10944 -10932 -10797 -10788
-10783 -10735 -10702 -10666
-10657 -10614 -10601 -10583
-10428 -10412 -10405 -10387
-10375 -10325 -10310 -10296
-10280 -10249 -10232 -10220
-10168 -10149 -10143 -10138
-10127 -10099 -10082 -10061
-9981 -9921 -9892 -9851
-9828 -9777 -9769 -9769
-9761 -9743 -9742 -9679
-9678 -9671 -9656 -9642
-9567 -9534 -9459 -9396
-9342 -9311 -9311 -9307
-9290 -9254 -9192 -9180
-9176 -9104 -9064 -9023
-9023 -8982 -8909 -8905
-8880 -8860 -8850 -8820
-8801 -8749 -8714 -8706
-8701 -8664 -8649 -8537
-8483 -8478 -8466 -8428
-8411 -8407 -8374 -8361
-8350 -8334 -8329 -8316
-8266 -8266 -8161 -8130
-8054 -8010 -7987 -7966
-7867 -7850 -7829 -7805
-7785 -7777 -7763 -7754
-7738 -7714 -7686 -7562
-7560 -7546 -7543 -7522
-7512 -7452 -7417 -7409
-7371 -7306 -7301 -7270
-7236 -7221 -7219 -7197
-7195 -7168 -7151 -7036
-7031 -7023 -6979 -6930
-6899 -6890 -6829 -6782
-6701 -6697 -6692 -6662
-6650 -6622 -6608 -6589
-6552 -6517 -6503 -6455
-6452 -6429 -6399 -6387
-6356 -6345 -6307 -6257
-6248 -6223 -6221 -6194
-6191 -6134 -6131 -6090
-6045 -6040 -5905 -5842
-5829 -5729 -5720 -5637
-5625 -5618 -5561 -5538
-5535 -5505 -5478 -5474
-5462 -5445 -5421 -5414
-5409 -5402 -5381 -5379
-5356 -5289 -5223 -5205
-5192 -5106 -5087 -5081
-5079 -5076 -5067 -5055
-4941 -4934 -4887 -4878
-4860 -4851 -4836 -4832
-4812 -4805 -4800 -4775
-4742 -4697 -4684 -4670
-4668 -4519 -4501 -4499
-4455 -4421 -4420 -4383
-4363 -4358 -4357 -4317
-4309 -4276 -4266 -4262
-4251 -4242 -4237 -4226
-4214 -4210 -4207 -4197
-4160 -4132 -4099 -4061
-4049 -4016 -3960 -3935
-3932 -3916 -3911 -3834
-3788 -3777 -3773 -3756
-3738 -3699 -3653 -3576
-3535 -3534 -3533 -3532
-3528 -3525 -3517 -3470
-3470 -3441 -3414 -3400
-3398 -3388 -3327 -3272
-3242 -3225 -3224 -3209
-3175 -3076 -3055 -3006
-2992 -2983 -2964 -2952
-2952 -2929 -2920 -2903
-2898 -2888 -2876 -2874
-2873 -2872 -2860 -2851
-2849 -2774 -2741 -2721
-2717 -2693 -2653 -2651
-2397 -2384 -2367 -2318
-2301 -2290 -2248 -2193
-2179 -2101 -2040 -1997
-1974 -1962 -1921 -1909
-1903 -1857 -1817 -1811
-1690 -1656 -1589 -1567
-1558 -1499 -1498 -1485
-1465 -1426 -1412 -1398
-1281 -1275 -1261 -1238
-1217 -1187 -1178 -1160
-1157 -1131 -1131 -1078
-1039 -1007 -998 -966
-959 -907 -862 -853
-836 -818 -817 -783
-755 -753 -734 -686
-659 -624 -607 -573
-569 -546 -466 -463
-455 -439 -424 -424
-411 -374 -369 -352
-343 -298 -287 -250
-219 -199 -182 -138
-136 -93 -39 -28
-28 -13 -8 50
101 226 251 254
344 357 382 396
507 509 600 601
626 656 679 701
755 813 836 852
859 861 903 1009
1045 1045 1055 1061
1068 1069 1075 1086
1103 1140 1176 1197
1228 1255 1280 1288
1297 1299 1315 1368
1395 1441 1466 1468
1505 1527 1539 1590
1612 1641 1665 1684
1705 1860 1876 1878
1903 1920 1945 1955
1985 2017 2044 2054
2087 2092 2111 2112
2127 2134 2166 2246
2248 2291 2313 2317
2337 2358 2370 2391
2395 2400 2416 2489
2506 2512 2514 2548
2554 2566 2566 2672
2680 2697 2704 2739
2763 2814 2833 2863
2871 2871 2912 2936
2981 2990 3054 3062
3099 3106 3262 3276
3279 3302 3309 3351
3357 3378 3407 3418
3424 3442 3515 3528
3536 3536 3562 3637
3655 3688 3699 3700
3705 3715 3719 3731
3746 3751 3763 3807
3836 3864 3868 3875
3900 3909 3933 3951
3968 3972 3995 4005
4061 4061 4092 4104
4189 4196 4225 4229
4243 4254 4259 4293
4334 4354 4526 4534
4541 4542 4563 4566
4567 4642 4703 4721
4739 4743 4759 4761
4823 4870 4912 4938
4958 5006 5036 5042
5049 5071 5121 5131
5138 5178 5216 5218
5224 5386 5391 5403
5418 5453 5455 5503
5530 5566 5606 5640
5691 5692 5697 5745
5747 5751 5763 5819
5828 5836 5903 5905
5935 5937 6130 6140
6151 6195 6229 6235
6279 6282 6335 6382
6383 6514 6516 6554
6575 6588 6588 6650
6666 6702 6748 6754
6758 6761 6821 6861
6888 6895 6933 6941
6967 6996 6998 7027
7027 7040 7054 7113
7159 7205 7210 7214
7237 7253 7297 7304
7316 7331 7348 7358
7448 7496 7530 7539
7545 7605 7610 7646
7688 7702 7758 7811
7838 7868 7903 7945
7986 8002 8048 8090
8128 8145 8159 8207
8241 8241 8289 8329
8363 8397 8434 8442
8474 8510 8518 8536
8541 8590 8608 8662
8664 8707 8725 8811
8814 8822 8860 8886
8910 8960 9007 9076
9084 9108 9123 9163
9180 9187 9189 9195
9284 9309 9312 9333
9364 9400 9404 9435
9475 9485 9488 9503
9508 9519 9535 9629
9682 9698 9719 9731
9811 9855 9870 9893
9929 9930 9941 9946
9962 9966 9986 10028
10030 10032 10050 10098
10103 10136 10199 10217
10227 10262 10281 10323
10387 10417 10444 10470
10491 10496 10515 10526
10537 10601 10613 10651
10705 10799 10845 10881
10903 10926 10962 10981
11053 11061 11094 11143
11167 11167 11221 11310
11351 11382 11413 11414
11416 11494 11496 11507
11517 11523 11552 11578
11611 11642 11786 11817
11841 11852 11881 11883
11919 11923 11932 11972
11997 12013 12054 12122
12124 12155 12218 12219
12230 12248 12263 12275
12310 12310 12327 12353
12366 12396 12422 12424
12433 12512 12532 12549
12566 12570 12577 12586
12627 12628 12659 12727
12736 12768 12771 12773
12775 12814 12819 12819
12903 12916 12921 12968
12973 13021 13093 13111
13140 13190 13221 13234
13256 13269 13289 13330
13370 13387 13487 13490
13491 13506 13538 13568
13571 13585 13605 13713
13740 13765 13780 13849
13858 13873 13903 13908
13928 13947 13952 14020
14023 14039 14048 14192
14239 14258 14307 14319
14350 14366 14389 14397
14415 14434 14463 14481
14495 14510 14609 14703
14723 14786 14798 14809
14811 14834 14854 14895
14946 14956 14958 14959
14961 14971 15020 15043
15062 15102 15120 15158
15167 15177 15292 15436
15438 15492 15532 15546
15595 15667 15677 15694
15708 15726 15749 15772
15783 15802 15842 15913
15917 15920 15925 15930
15931 15933 15979 15993
16062 16085 16092 16098
16100 16121 16123 16154
16164 16175 16226 16228
16274 16278 16287 16305
16324 16332 16346 16350
16358 16366 16376 16392
16434 16438 16438 16443
16446 16476 16494 16508
16509 16517 16557 16592
16615 16678 16702 16744
16753 16754 16784 16794
16796 16805 16827 16829
16834 16841 16908 16909
16910 16919 16954 16993
17005 17063 17073 17080
17099 17131 17196 17226
17313 17322 17334 17338
17369 17416 17430 17461
17493 17514 17521 17525
17543 17557 17599 17650
17656 17693 17780 17796
17815 17850 17860 17883
17921 17987 17998 18069
18076 18105 18115 18179
18200 18221 18246 18305
18306 18336 18341 18375
18404 18415 18432 18433
18439 18451 18514 18536
18608 18611 18672 18682
18699 18708 18711 18714
18772 18783 18805 18807
18827 18837 18858 18858
18889 18898 18905 18926
18940 18988 19004 19092
19145 19167 19180 19232
19332 19391 19391 19411
19545 19599 19601 19636
19640 19700 19724 19732
19733 19750 19800 19853
19856 19865 19885 19954
19972 20093 20133 20167
20188 20198 20232 20238
20243 20312 20379 20403
20472 20511 20559 20578
20580 20590 20673 20688
20695 20726 20735 20747
20750 20763 20778 20795
20817 20868 20886 20893
20902 20907 20947 20992
21000 21019 21022 21028
21055 21085 21088 21092
21099 21141 21149 21174
21178 21192 21195 21232
21257 21291 21310 21344
21394 21412 21430 21525
21571 21590 21600 21612
21692 21707 21746 21771
21785 21791 21804 21878
21903 21956 22040 22080
22082 22093 22137 22138
22144 22161 22169 22192
22193 22266 22273 22273
22277 22306 22310 22339
22345 22381 22390 22396
22431 22438 22438 22447
22452 22457 22459 22465
22484 22521 22530 22570
22580 22591 22607 22621
22649 22655 22658 22676
22700 22752 22770 22825
22835 22835 22857 22866
22884 22897 22912 22953
22965 22979 22985 23024
23032 23066 23174 23187
23230 23246 23254 23326
23338 23359 23383 23395
23424 23462 23466 23471
23472 23526 23632 23721
23779 23797 23828 23848
23857 23938 23945 23955
23980 24077 24101 24116
24137 24175 24187 24204
24217 24229 24262 24312
24327 24347 24348 24351
24374 24400 24533 24534
24555 24714 24719 24726
24732 24740 24749 24752
24777 24790 24800 24837
24856 24885 24914 24923
25032 25047 25085 25108
25125 25168 25233 25249
25253 25256 25259 25267
25269 25281 25324 25478
25525 25529 25547 25549
25575 25576 25577 25615
25628 25644 25644 25679
25682 25707 25780 25862
25890 25921 25931 25933
25951 26018 26043 26073
26077 26086 26102 26139
26161 26171 26179 26222
26228 26231 26232 26243
26246 26251 26260 26264
26286 26363 26413 26422
26437 26454 26508 26520
26577 26611 26653 26679
26702 26708 26745 26805
26855 26859 26895 26899
26961 26972 26994 26995
27004 27122 27129 27129
27138 27165 27207 27242
27246 27331 27371 27435
27482 27506 27517 27566
27596 27600 27647 27671
27678 27689 27700 27712
27751 27805 27856 27867
27874 27902 27905 27907
27908 27909 27930 27950
27953 27964 27976 27987
28013 28014 28018 28020
28044 28048 28072 28095
28193 28227 28306 28351
28357 28368 28418 28558
28570 28643 28671 28682
28697 28733 28741 28787
28824 28868 28903 28914
28918 28919 28920 28954
28961 28976 28985 28991
29054 29092 29112 29153
29178 29301 29312 29363
29378 29403 29414 29434
29476 29521 29538 29568
29581 29615 29643 29659
29696 29717 29749 29760
29787 29851 29892 29908
29924 29949 30014 30024
30025 30048 30090 30099
30101 30116 30150 30179
30185 30215 30241 30261
30295 30300 30319 30322
30325 30355 30379 30519
30594 30615 30667 30701
30715 30719 30740 30771
30826 30827 30828 30835
30868 30926 30942 30958
30963 30998 31005 31019
31026 31080 31130 31156
31195 31197 31306 31323
31333 31363 31366 31418
31421 31421 31427 31437
31474 31483 31508 31527
31612 31630 31682 31683
31748 31757 31774 31817
31841 31879 31891 31897
31968 31998 31999 32006
32009 32037 32059 32096
32096 32118 32118 32144
32193 32218 32248 32255
32281 32295 32301 32339
32371 32381 32419 32421
32433 32459 32480 32518
32586 32591 32620 32701
32706
