-32765 -32761 -32759 -32754
-32750 -32748 -32727 -32724
-32692 -32688 -32684 -32679
-32677 -32672 -32670 -32669
-32659 -32653 -32643 -32638
-32636 -32632 -32629 -32628
-32626 -32626 -32625 -32622
-32618 -32618 -32612 -32610
-32605 -32590 -32583 -32579
-32571 -32571 -32565 -32564
-32563 -32550 -32550 -32545
-32538 -32536 -32532 -32527
-32526 -32512 -32502 -32493
-32485 -32484 -32466 -32457
-32455 -32450 -32442 -32441
-32416 -32414 -32403 -32401
-32396 -32377 -32371 -32368
-32364 -32355 -32348 -32341
-32340 -32331 -32327 -32325
-32325 -32317 -32314 -32296
-32295 -32293 -32279 -32276
-32274 -32273 -32271 -32269
-32264 -32258 -32241 -32240
-32232 -32232 -32226 -32224
-32201 -32197 -32186 -32181
-32179 -32176 -32175 -32168
-32164 -32161 -32142 -32126
-32120 -32108 -32107 -32091
-32077 -32070 -32066 -32060
-32054 -32036 -32018 -32017
-32016 -32014 -32005 -31991
-31989 -31988 -31987 -31984
-31979 -31950 -31948 -31948
-31934 -31928 -31927 -31927
-31921 -31892 -31885 -31885
-31885 -31871 -31864 -31863
-31862 -31844 -31843 -31841
-31838 -31835 -31814 -31809
-31804 -31801 -31800 -31795
-31794 -31792 -31792 -31791
-31789 -31784 -31777 -31773
-31769 -31765 -31763 -31734
-31731 -31724 -31719 -31715
-31713 -31711 -31704 -31689
-31688 -31678 -31675 -31657
-31639 -31637 -31637 -31636
-31634 -31622 -31611 -31609
-31608 -31604 -31595 -31585
-31585 -31579 -31574 -31572
-31568 -31560 -31550 -31546
-31545 -31544 -31537 -31537
-31536 -31530 -31528 -31527
-31525 -31522 -31519 -31514
-31499 -31492 -31484 -31479
-31475 -31468 -31468 -31464
-31456 -31428 -31423 -31413
-31413 -31412 -31403 -31401
-31398 -31397 -31397 -31391
-31387 -31386 -31373 -31368
-31366 -31354 -31345 -31338
-31332 -31332 -31331 -31327
-31322 -31316 -31294 -31286
-31277 -31277 -31273 -31269
-31267 -31265 -31261 -31255
-31249 -31248 -31241 -31240
-31231 -31230 -31227 -31224
-31220 -31217 -31216 -31210
-31202 -31198 -31191 -31188
-31166 -31160 -31160 -31159
-31152 -31145 -31140 -31132
-31110 -31105 -31101 -31089
-31078 -31074 -31061 -31037
-31029 -31028 -31021 -31021
-31006 -31004 -30997 -30988
-30987 -30981 -30971 -30970
-30949 -30932 -30928 -30917
-30916 -30907 -30902 -30893
-30881 -30870 -30865 -30861
-30845 -30835 -30822 -30821
-30820 -30813 -30807 -30799
-30792 -30789 -30745 -30740
-30732 -30726 -30724 -30724
-30723 -30679 -30676 -30671
-30660 -30659 -30657 -30645
-30640 -30637 -30627 -30618
-30609 -30603 -30597 -30581
-30573 -30558 -30553 -30530
-30520 -30516 -30510 -30470
-30444 -30442 -30423 -30411
-30410 -30404 -30396 -30391
-30374 -30373 -30371 -30371
-30344 -30333 -30326 -30325
-30325 -30301 -30277 -30271
-30264 -30263 -30254 -30242
-30237 -30236 -30229 -30208
-30195 -30193 -30181 -30179
-30177 -30176 -30174 -30167
-30162 -30146 -30142 -30138
-30137 -30136 -30134 -30132
-30128 -30117 -30110 -30106
-30098 -30091 -30081 -30076
-30051 -30047 -30046 -30044
-30024 -30017 -30008 -29998
-29994 -29991 -29988 -29984
-29979 -29975 -29975 -29960
-29957 -29952 -29933 -29927
-29907 -29889 -29881 -29873
-29853 -29841 -29837 -29836
-29835 -29834 -29833 -29818
-29816 -29815 -29811 -29807
-29804 -29783 -29779 -29776
-29768 -29754 -29750 -29746
-29733 -29729 -29728 -29724
-29713 -29677 -29668 -29666
-29665 -29662 -29662 -29658
-29653 -29645 -29620 -29617
-29614 -29603 -29593 -29592
-29582 -29579 -29579 -29575
-29572 -29561 -29557 -29556
-29555 -29553 -29545 -29534
-29524 -29508 -29496 -29496
-29494 -29491 -29488 -29486
-29479 -29476 -29465 -29447
-29444 -29440 -29440 -29438
-29437 -29421 -29409 -29400
-29397 -29370 -29364 -29360
-29360 -29354 -29352 -29350
-29348 -29338 -29333 -29330
-29323 -29323 -29321 -29321
-29313 -29311 -29306 -29293
-29292 -29273 -29269 -29252
-29233 -29232 -29231 -29223
-29217 -29211 -29207 -29190
-29180 -29180 -29174 -29156
-29150 -29128 -29122 -29122
-29121 -29120 -29118 -29116
-29112 -29107 -29102 -29085
-29084 -29083 -29079 -29078
-29076 -29064 -29061 -29058
-29045 -29039 -29031 -29010
-29006 -28989 -28989 -28982
-28960 -28955 -28945 -28941
-28937 -28937 -28935 -28926
-28911 -28907 -28904 -28892
-28890 -28890 -28884 -28878
-28876 -28863 -28851 -28837
-28825 -28813 -28812 -28810
-28809 -28802 -28792 -28789
-28780 -28777 -28773 -28761
-28754 -28752 -28731 -28723
-28710 -28701 -28686 -28678
-28658 -28654 -28652 -28636
-28632 -28625 -28602 -28597
-28595 -28593 -28585 -28575
-28570 -28565 -28564 -28563
-28562 -28549 -28543 -28538
-28524 -28524 -28510 -28510
-28487 -28479 -28466 -28459
-28453 -28452 -28445 -28436
-28432 -28430 -28425 -28416
-28411 -28400 -28379 -28372
-28357 -28357 -28353 -28352
-28345 -28333 -28328 -28312
-28307 -28305 -28304 -28303
-28282 -28281 -28263 -28258
-28254 -28243 -28237 -28236
-28221 -28212 -28208 -28207
-28201 -28198 -28198 -28198
-28196 -28193 -28181 -28171
-28168 -28163 -28161 -28146
-28134 -28129 -28126 -28123
-28123 -28121 -28120 -28116
-28111 -28106 -28088 -28082
-28079 -28079 -28078 -28077
-28076 -28073 -28056 -28050
-28049 -28048 -28028 -28023
-28017 -28011 -28009 -27991
-27983 -27974 -27971 -27939
-27936 -27934 -27923 -27923
-27922 -27918 -27917 -27915
-27909 -27901 -27895 -27895
-27878 -27856 -27855 -27851
-27848 -27848 -27843 -27814
-27801 -27792 -27790 -27786
-27782 -27770 -27763 -27754
-27749 -27746 -27739 -27736
-27736 -27729 -27728 -27707
-27698 -27688 -27682 -27678
-27674 -27674 -27669 -27668
-27665 -27660 -27653 -27620
-27616 -27613 -27613 -27611
-27602 -27597 -27589 -27589
-27578 -27575 -27571 -27562
-27545 -27545 -27544 -27537
-27536 -27535 -27527 -27518
-27513 -27510 -27509 -27504
-27504 -27500 -27480 -27467
-27444 -27432 -27424 -27422
-27420 -27411 -27411 -27402
-27400 -27391 -27390 -27389
-27388 -27386 -27383 -27373
-27353 -27347 -27345 -27330
-27324 -27317 -27315 -27314
-27308 -27300 -27297 -27279
-27278 -27275 -27271 -27269
-27267 -27267 -27265 -27258
-27256 -27236 -27234 -27232
-27230 -27227 -27224 -27222
-27220 -27215 -27212 -27204
-27203 -27202 -27198 -27185
-27155 -27149 -27145 -27138
-27133 -27123 -27109 -27105
-27084 -27081 -27073 -27064
-27064 -27058 -27044 -27043
-27043 -27028 -27027 -27021
-27017 -27015 -27011 -26966
-26951 -26950 -26949 -26945
-26934 -26927 -26926 -26911
-26897 -26894 -26889 -26889
-26888 -26886 -26876 -26869
-26861 -26852 -26851 -26843
-26839 -26837 -26828 -26827
-26801 -26794 -26789 -26785
-26778 -26774 -26773 -26768
-26759 -26745 -26743 -26739
-26727 -26719 -26716 -26712
-26709 -26697 -26687 -26676
-26666 -26655 -26648 -26646
-26642 -26637 -26636 -26628
-26624 -26622 -26621 -26612
-26610 -26600 -26594 -26585
-26585 -26582 -26582 -26575
-26572 -26567 -26565 -26564
-26563 -26548 -26535 -26527
-26504 -26501 -26495 -26488
-26479 -26474 -26472 -26457
-26447 -26428 -26399 -26398
-26396 -26394 -26387 -26386
-26366 -26364 -26356 -26341
-26336 -26330 -26328 -26326
-26316 -26315 -26308 -26289
-26279 -26278 -26267 -26251
-26249 -26242 -26242 -26237
-26231 -26229 -26213 -26168
-26165 -26158 -26140 -26121
-26118 -26118 -26116 -26114
-26102 -26099 -26097 -26083
-26080 -26067 -26055 -26046
-26044 -26043 -26035 -26029
-26014 -26010 -26008 -26006
-26006 -26000 -25998 -25988
-25985 -25985 -25985 -25984
-25978 -25971 -25971 -25964
-25962 -25953 -25948 -25946
-25946 -25935 -25927 -25895
-25894 -25892 -25891 -25866
-25865 -25851 -25848 -25846
-25831 -25828 -25822 -25818
-25813 -25809 -25808 -25802
-25797 -25785 -25759 -25757
-25754 -25751 -25751 -25747
-25743 -25739 -25738 -25736
-25733 -25718 -25715 -25706
-25705 -25705 -25704 -25683
-25677 -25674 -25671 -25660
-25659 -25658 -25658 -25658
-25658 -25655 -25655 -25648
-25642 -25639 -25639 -25631
-25627 -25616 -25613 -25602
-25600 -25594 -25584 -25582
-25577 -25568 -25559 -25557
-25550 -25550 -25547 -25530
-25518 -25512 -25505 -25503
-25501 -25495 -25492 -25491
-25489 -25487 -25485 -25478
-25472 -25468 -25452 -25450
-25447 -25443 -25442 -25433
-25432 -25410 -25410 -25395
-25368 -25360 -25359 -25356
-25348 -25347 -25334 -25331
-25327 -25321 -25316 -25314
-25302 -25294 -25292 -25291
-25271 -25268 -25267 -25264
-25258 -25258 -25247 -25241
-25235 -25228 -25226 -25225
-25213 -25205 -25197 -25195
-25194 -25176 -25164 -25161
-25161 -25161 -25159 -25155
-25154 -25151 -25138 -25137
-25136 -25133 -25130 -25126
-25124 -25116 -25114 -25110
-25107 -25107 -25092 -25072
-25047 -25046 -25041 -25038
-25032 -25025 -25015 -25008
-25006 -25000 -24997 -24995
-24984 -24978 -24973 -24972
-24969 -24949 -24945 -24939
-24913 -24904 -24901 -24890
-24888 -24867 -24860 -24852
-24851 -24850 -24845 -24841
-24840 -24833 -24804 -24787
-24783 -24782 -24775 -24770
-24766 -24755 -24752 -24742
-24742 -24741 -24735 -24723
-24718 -24713 -24697 -24658
-24632 -24623 -24616 -24613
-24604 -24600 -24591 -24590
-24581 -24578 -24577 -24571
-24571 -24563 -24555 -24555
-24553 -24552 -24551 -24550
-24548 -24543 -24531 -24528
-24523 -24521 -24520 -24511
-24505 -24500 -24499 -24492
-24467 -24467 -24464 -24459
-24453 -24447 -24446 -24437
-24422 -24419 -24413 -24409
-24408 -24405 -24392 -24360
-24349 -24348 -24346 -24340
-24339 -24337 -24324 -24319
-24318 -24315 -24313 -24297
-24296 -24290 -24277 -24269
-24261 -24261 -24259 -24254
-24250 -24247 -24247 -24242
-24235 -24234 -24234 -24224
-24212 -24209 -24184 -24156
-24153 -24150 -24148 -24146
-24135 -24133 -24130 -24129
-24124 -24118 -24118 -24117
-24116 -24115 -24101 -24098
-24097 -24089 -24077 -24073
-24072 -24069 -24064 -24058
-24057 -24049 -24046 -24045
-24043 -24037 -24017 -24016
-24012 -24002 -24000 -23973
-23960 -23948 -23944 -23937
-23936 -23932 -23901 -23901
-23890 -23868 -23861 -23860
-23844 -23825 -23815 -23813
-23808 -23802 -23796 -23793
-23792 -23787 -23787 -23786
-23756 -23756 -23751 -23745
-23735 -23728 -23724 -23722
-23718 -23694 -23681 -23681
-23677 -23667 -23666 -23654
-23651 -23635 -23630 -23630
-23629 -23624 -23620 -23613
-23612 -23610 -23605 -23601
-23597 -23582 -23580 -23578
-23548 -23533 -23533 -23533
-23529 -23529 -23506 -23496
-23496 -23470 -23458 -23451
-23440 -23417 -23391 -23387
-23385 -23379 -23375 -23359
-23356 -23353 -23335 -23328
-23327 -23326 -23324 -23321
-23316 -23304 -23303 -23296
-23288 -23285 -23273 -23273
-23271 -23260 -23257 -23257
-23235 -23223 -23223 -23206
-23205 -23187 -23170 -23166
-23158 -23156 -23138 -23136
-23135 -23125 -23120 -23111
-23109 -23090 -23090 -23082
-23081 -23079 -23075 -23074
-23067 -23060 -23058 -23058
-23046 -23043 -23040 -23024
-23023 -23021 -23010 -23005
-23004 -23001 -22980 -22975
-22973 -22969 -22968 -22965
-22952 -22930 -22923 -22920
-22916 -22911 -22904 -22903
-22898 -22885 -22884 -22880
-22876 -22866 -22863 -22861
-22861 -22859 -22846 -22840
-22839 -22835 -22832 -22828
-22801 -22797 -22776 -22768
-22764 -22764 -22753 -22738
-22738 -22697 -22696 -22688
-22675 -22674 -22662 -22657
-22651 -22648 -22644 -22641
-22628 -22626 -22624 -22622
-22620 -22605 -22599 -22598
-22592 -22588 -22585 -22580
-22580 -22578 -22578 -22574
-22567 -22546 -22542 -22541
-22534 -22534 -22530 -22530
-22526 -22523 -22522 -22522
-22520 -22515 -22514 -22489
-22483 -22456 -22440 -22438
-22436 -22433 -22425 -22425
-22422 -22420 -22419 -22394
-22375 -22367 -22363 -22345
-22341 -22335 -22329 -22322
-22312 -22311 -22288 -22284
-22283 -22273 -22271 -22269
-22257 -22248 -22241 -22230
-22230 -22226 -22210 -22208
-22204 -22203 -22179 -22165
-22148 -22145 -22142 -22140
-22139 -22137 -22134 -22130
-22125 -22121 -22118 -22101
-22085 -22076 -22063 -22062
-22060 -22051 -22050 -22042
-22038 -22035 -22024 -22020
-22020 -22017 -22015 -22011
-21989 -21985 -21985 -21964
-21949 -21940 -21939 -21930
-21920 -21919 -21913 -21903
-21894 -21893 -21885 -21884
-21881 -21871 -21861 -21850
-21835 -21819 -21797 -21748
-21742 -21734 -21730 -21675
-21658 -21652 -21650 -21646
-21643 -21630 -21627 -21626
-21626 -21624 -21622 -21607
-21597 -21596 -21586 -21579
-21574 -21570 -21568 -21557
-21553 -21552 -21550 -21542
-21538 -21536 -21536 -21535
-21524 -21511 -21505 -21503
-21500 -21479 -21478 -21471
-21461 -21452 -21447 -21445
-21441 -21434 -21419 -21418
-21403 -21396 -21391 -21367
-21366 -21362 -21361 -21335
-21331 -21329 -21311 -21310
-21300 -21288 -21282 -21268
-21267 -21263 -21256 -21253
-21252 -21249 -21223 -21213
-21211 -21204 -21202 -21194
-21188 -21188 -21185 -21175
-21166 -21159 -21159 -21141
-21132 -21126 -21126 -21126
-21123 -21122 -21119 -21116
-21106 -21095 -21068 -21066
-21028 -21007 -20990 -20983
-20972 -20971 -20928 -20921
-20918 -20911 -20895 -20892
-20892 -20879 -20877 -20867
-20857 -20850 -20848 -20839
-20837 -20834 -20821 -20814
-20812 -20804 -20797 -20796
-20783 -20777 -20773 -20762
-20760 -20744 -20736 -20736
-20732 -20730 -20706 -20703
-20699 -20695 -20689 -20685
-20673 -20659 -20658 -20647
-20641 -20637 -20630 -20620
-20608 -20600 -20592 -20580
-20574 -20571 -20569 -20566
-20561 -20558 -20551 -20545
-20545 -20525 -20523 -20497
-20494 -20471 -20453 -20452
-20451 -20450 -20439 -20430
-20427 -20423 -20417 -20411
-20410 -20409 -20408 -20405
-20364 -20358 -20340 -20337
-20325 -20320 -20319 -20311
-20303 -20301 -20300 -20300
-20293 -20292 -20285 -20279
-20275 -20273 -20269 -20268
-20267 -20265 -20263 -20254
-20251 -20249 -20247 -20239
-20231 -20230 -20228 -20224
-20216 -20180 -20177 -20175
-20155 -20139 -20133 -20125
-20125 -20117 -20115 -20113
-20111 -20111 -20095 -20081
-20079 -20067 -20057 -20056
-20052 -20033 -20018 -19997
-19996 -19990 -19987 -19982
-19979 -19978 -19974 -19967
-19959 -19954 -19950 -19913
-19908 -19904 -19895 -19895
-19894 -19886 -19874 -19867
-19865 -19857 -19854 -19853
-19851 -19832 -19824 -19803
-19802 -19801 -19795 -19785
-19782 -19776 -19774 -19771
-19769 -19763 -19757 -19740
-19733 -19732 -19732 -19715
-19711 -19691 -19685 -19680
-19669 -19657 -19650 -19649
-19648 -19637 -19630 -19620
-19614 -19599 -19599 -19583
-19570 -19568 -19545 -19536
-19534 -19530 -19528 -19521
-19511 -19508 -19507 -19500
-19478 -19465 -19457 -19440
-19433 -19429 -19420 -19420
-19416 -19404 -19385 -19381
-19355 -19336 -19295 -19285
-19277 -19271 -19259 -19244
-19229 -19226 -19215 -19214
-19209 -19208 -19208 -19206
-19190 -19189 -19179 -19151
-19150 -19140 -19129 -19123
-19115 -19107 -19104 -19104
-19098 -19097 -19064 -19060
-19048 -19047 -19047 -19040
-19036 -19029 -19015 -19001
-18998 -18997 -18934 -18920
-18909 -18908 -18903 -18901
-18891 -18882 -18869 -18865
-18860 -18850 -18847 -18836
-18832 -18804 -18798 -18798
-18787 -18782 -18764 -18745
-18743 -18719 -18707 -18706
-18705 -18699 -18698 -18694
-18685 -18683 -18679 -18676
-18668 -18656 -18653 -18653
-18652 -18644 -18644 -18638
-18633 -18631 -18628 -18626
-18620 -18617 -18612 -18560
-18545 -18543 -18538 -18536
-18536 -18530 -18524 -18509
-18506 -18492 -18490 -18485
-18484 -18470 -18465 -18455
-18448 -18439 -18424 -18417
-18414 -18410 -18409 -18407
-18398 -18396 -18391 -18366
-18365 -18352 -18351 -18351
-18348 -18347 -18343 -18338
-18330 -18314 -18313 -18303
-18300 -18283 -18269 -18265
-18264 -18262 -18260 -18258
-18255 -18245 -18240 -18236
-18233 -18224 -18222 -18220
-18220 -18215 -18204 -18197
-18179 -18179 -18173 -18161
-18157 -18156 -18149 -18140
-18128 -18095 -18082 -18079
-18067 -18062 -18050 -18049
-18048 -18032 -18025 -18018
-18017 -18002 -17996 -17991
-17985 -17984 -17973 -17962
-17949 -17949 -17940 -17926
-17912 -17909 -17906 -17905
-17904 -17883 -17880 -17879
-17879 -17866 -17848 -17825
-17819 -17808 -17805 -17787
-17786 -17783 -17775 -17754
-17752 -17752 -17748 -17748
-17737 -17723 -17721 -17716
-17694 -17690 -17683 -17669
-17663 -17634 -17634 -17632
-17631 -17626 -17597 -17585
-17581 -17578 -17573 -17564
-17563 -17558 -17536 -17532
-17530 -17524 -17508 -17500
-17499 -17496 -17495 -17495
-17488 -17486 -17483 -17477
-17474 -17450 -17438 -17429
-17429 -17418 -17416 -17413
-17407 -17405 -17401 -17391
-17372 -17371 -17371 -17367
-17356 -17355 -17346 -17341
-17330 -17326 -17308 -17291
-17266 -17266 -17247 -17208
-17201 -17191 -17188 -17184
-17183 -17179 -17171 -17159
-17131 -17128 -17103 -17089
-17072 -17067 -17066 -17065
-17063 -17047 -17035 -17034
-17032 -17024 -17013 -17008
-16976 -16968 -16963 -16963
-16961 -16951 -16925 -16920
-16914 -16909 -16878 -16871
-16871 -16858 -16836 -16829
-16809 -16808 -16806 -16796
-16794 -16780 -16779 -16769
-16767 -16760 -16755 -16725
-16717 -16713 -16702 -16693
-16684 -16664 -16661 -16657
-16656 -16633 -16628 -16615
-16612 -16611 -16611 -16605
-16602 -16601 -16589 -16585
-16577 -16576 -16563 -16562
-16561 -16560 -16559 -16545
-16543 -16541 -16534 -16517
-16515 -16512 -16512 -16511
-16508 -16496 -16493 -16471
-16467 -16458 -16445 -16445
-16442 -16431 -16397 -16396
-16391 -16385 -16382 -16379
-16377 -16364 -16358 -16343
-16321 -16319 -16312 -16306
-16288 -16284 -16265 -16261
-16243 -16233 -16232 -16230
-16225 -16224 -16218 -16216
-16213 -16213 -16167 -16153
-16146 -16132 -16130 -16126
-16119 -16118 -16112 -16110
-16108 -16108 -16104 -16095
-16094 -16090 -16085 -16085
-16079 -16075 -16065 -16026
-16025 -16021 -16003 -15994
-15988 -15982 -15976 -15969
-15963 -15960 -15958 -15942
-15916 -15909 -15908 -15901
-15893 -15878 -15878 -15857
-15854 -15839 -15833 -15822
-15820 -15800 -15799 -15790
-15786 -15781 -15776 -15775
-15763 -15762 -15761 -15756
-15753 -15753 -15740 -15720
-15717 -15707 -15682 -15674
-15668 -15665 -15660 -15649
-15649 -15648 -15639 -15637
-15636 -15634 -15633 -15626
-15605 -15600 -15600 -15597
-15583 -15580 -15580 -15579
-15579 -15568 -15553 -15545
-15545 -15540 -15539 -15532
-15530 -15527 -15526 -15523
-15518 -15511 -15491 -15490
-15489 -15485 -15474 -15469
-15460 -15458 -15455 -15455
-15414 -15413 -15391 -15388
-15387 -15375 -15374 -15341
-15339 -15314 -15290 -15288
-15281 -15267 -15262 -15253
-15242 -15235 -15226 -15214
-15205 -15204 -15200 -15197
-15192 -15188 -15185 -15167
-15165 -15153 -15134 -15133
-15132 -15130 -15121 -15118
-15116 -15102 -15098 -15077
-15062 -15043 -15026 -15017
-15017 -15015 -15004 -14998
-14992 -14989 -14988 -14988
-14987 -14982 -14978 -14950
-14941 -14940 -14937 -14934
-14932 -14931 -14927 -14921
-14916 -14912 -14903 -14888
-14884 -14867 -14866 -14863
-14863 -14856 -14851 -14847
-14844 -14840 -14837 -14830
-14821 -14811 -14808 -14795
-14794 -14790 -14790 -14777
-14772 -14767 -14761 -14758
-14754 -14745 -14739 -14737
-14730 -14724 -14716 -14715
-14697 -14631 -14625 -14622
-14611 -14603 -14603 -14580
-14576 -14570 -14567 -14563
-14551 -14547 -14534 -14534
-14515 -14514 -14511 -14510
-14507 -14504 -14495 -14490
-14489 -14477 -14476 -14476
-14471 -14463 -14449 -14444
-14443 -14443 -14435 -14429
-14426 -14418 -14410 -14408
-14403 -14393 -14391 -14390
-14386 -14375 -14371 -14367
-14363 -14363 -14360 -14358
-14355 -14341 -14340 -14334
-14328 -14314 -14314 -14306
-14304 -14294 -14290 -14264
-14262 -14251 -14239 -14231
-14230 -14217 -14214 -14211
-14209 -14204 -14198 -14187
-14179 -14178 -14176 -14162
-14154 -14138 -14130 -14120
-14118 -14100 -14086 -14083
-14083 -14065 -14064 -14063
-14059 -14058 -14050 -14044
-14040 -14038 -14009 -14008
-14001 -13994 -13987 -13980
-13978 -13973 -13972 -13967
-13948 -13945 -13942 -13937
-13934 -13910 -13908 -13899
-13874 -13870 -13866 -13863
-13850 -13849 -13842 -13835
-13833 -13820 -13807 -13806
-13793 -13773 -13761 -13754
-13753 -13743 -13737 -13732
-13729 -13721 -13719 -13713
-13693 -13691 -13687 -13682
-13672 -13664 -13660 -13657
-13656 -13647 -13644 -13635
-13618 -13617 -13616 -13614
-13611 -13610 -13608 -13595
-13580 -13578 -13571 -13567
-13566 -13561 -13546 -13544
-13528 -13521 -13511 -13506
-13500 -13482 -13476 -13473
-13472 -13468 -13461 -13458
-13450 -13445 -13443 -13435
-13426 -13420 -13415 -13394
-13392 -13391 -13375 -13373
-13372 -13353 -13346 -13342
-13336 -13334 -13327 -13317
-13311 -13310 -13306 -13301
-13299 -13296 -13292 -13275
-13273 -13271 -13264 -13244
-13231 -13227 -13223 -13222
-13209 -13206 -13192 -13164
-13138 -13134 -13130 -13125
-13112 -13105 -13098 -13094
-13077 -13077 -13075 -13072
-13072 -13002 -12996 -12989
-12985 -12983 -12976 -12975
-12944 -12943 -12937 -12932
-12928 -12926 -12925 -12925
-12923 -12906 -12901 -12900
-12898 -12890 -12890 -12887
-12885 -12872 -12865 -12864
-12861 -12849 -12842 -12831
-12816 -12816 -12805 -12795
-12791 -12790 -12778 -12767
-12759 -12746 -12742 -12734
-12724 -12723 -12712 -12701
-12692 -12691 -12675 -12658
-12653 -12649 -12647 -12631
-12626 -12622 -12615 -12614
-12607 -12601 -12588 -12573
-12548 -12543 -12532 -12515
-12515 -12500 -12494 -12486
-12466 -12463 -12456 -12445
-12444 -12430 -12424 -12422
-12412 -12404 -12401 -12387
-12374 -12355 -12348 -12338
-12327 -12321 -12319 -12309
-12308 -12294 -12292 -12273
-12260 -12256 -12254 -12247
-12244 -12239 -12226 -12187
-12163 -12155 -12131 -12120
-12116 -12104 -12096 -12094
-12088 -12080 -12072 -12062
-12060 -12031 -12026 -12022
-12021 -12020 -12016 -12010
-12009 -11998 -11981 -11971
-11965 -11960 -11953 -11951
-11947 -11938 -11934 -11931
-11928 -11909 -11909 -11898
-11891 -11889 -11883 -11880
-11875 -11874 -11874 -11872
-11863 -11860 -11855 -11841
-11838 -11836 -11834 -11831
-11829 -11823 -11787 -11782
-11769 -11762 -11754 -11752
-11746 -11743 -11736 -11733
-11720 -11697 -11694 -11687
-11685 -11685 -11683 -11677
-11666 -11643 -11639 -11633
-11626 -11624 -11620 -11612
-11607 -11600 -11600 -11568
-11564 -11553 -11539 -11538
-11533 -11527 -11523 -11512
-11499 -11488 -11484 -11483
-11476 -11475 -11474 -11448
-11448 -11444 -11442 -11442
-11437 -11429 -11427 -11421
-11393 -11377 -11374 -11363
-11352 -11339 -11332 -11330
-11327 -11323 -11320 -11320
-11306 -11291 -11276 -11275
-11266 -11248 -11226 -11217
-11208 -11204 -11184 -11180
-11171 -11169 -11167 -11162
-11155 -11152 -11147 -11134
-11128 -11121 -11108 -11094
-11092 -11088 -11084 -11067
-11059 -11058 -11057 -11033
-11016 -11012 -11005 -11002
-11002 -10997 -10988 -10984
-10981 -10973 -10961 -10960
-10960 -10953 -10948 -10929
-10928 -10911 -10909 -10902
-10900 -10897 -10870 -10854
-10854 -10846 -10844 -10838
-10832 -10829 -10822 -10816
-10812 -10800 -10799 -10792
-10759 -10750 -10730 -10713
-10708 -10692 -10685 -10683
-10683 -10678 -10676 -10674
-10659 -10652 -10643 -10641
-10632 -10616 -10611 -10609
-10605 -10605 -10590 -10587
-10583 -10580 -10579 -10575
-10573 -10564 -10561 -10558
-10550 -10540 -10537 -10516
-10510 -10501 -10494 -10491
-10491 -10486 -10477 -10475
-10462 -10455 -10452 -10451
-10448 -10434 -10432 -10430
-10420 -10417 -10415 -10403
-10398 -10392 -10392 -10391
-10385 -10379 -10375 -10375
-10359 -10353 -10343 -10338
-10336 -10332 -10325 -10316
-10303 -10294 -10291 -10287
-10280 -10276 -10274 -10255
-10255 -10253 -10251 -10246
-10234 -10225 -10212 -10210
-10210 -10192 -10152 -10152
-10149 -10137 -10136 -10133
-10129 -10128 -10119 -10108
-10107 -10105 -10095 -10086
-10066 -10064 -10064 -10054
-10040 -10037 -10025 -10015
-9983 -9982 -9970 -9966
-9947 -9937 -9934 -9923
-9923 -9922 -9916 -9909
-9908 -9890 -9882 -9874
-9873 -9858 -9857 -9852
-9851 -9834 -9834 -9833
-9831 -9827 -9826 -9814
-9810 -9804 -9796 -9795
-9792 -9783 -9783 -9780
-9777 -9758 -9753 -9724
-9717 -9715 -9684 -9682
-9681 -9672 -9670 -9657
-9654 -9615 -9605 -9579
-9577 -9525 -9522 -9515
-9508 -9494 -9470 -9467
-9465 -9464 -9451 -9438
-9433 -9430 -9424 -9413
-9403 -9380 -9376 -9367
-9361 -9352 -9337 -9322
-9317 -9295 -9294 -9287
-9277 -9276 -9266 -9253
-9250 -9242 -9225 -9218
-9209 -9209 -9196 -9181
-9172 -9165 -9157 -9150
-9141 -9126 -9124 -9112
-9097 -9093 -9080 -9079
-9073 -9060 -9048 -9030
-9028 -9026 -9007 -9001
-8982 -8975 -8968 -8962
-8960 -8957 -8954 -8918
-8908 -8892 -8889 -8887
-8882 -8881 -8879 -8878
-8875 -8872 -8843 -8840
-8805 -8795 -8794 -8779
-8776 -8771 -8759 -8753
-8749 -8749 -8748 -8742
-8736 -8730 -8722 -8713
-8710 -8698 -8695 -8691
-8687 -8685 -8682 -8670
-8666 -8652 -8645 -8609
-8605 -8585 -8580 -8576
-8573 -8546 -8545 -8544
-8542 -8525 -8522 -8519
-8509 -8509 -8496 -8489
-8481 -8477 -8470 -8468
-8465 -8457 -8443 -8443
-8441 -8436 -8431 -8420
-8416 -8411 -8397 -8388
-8379 -8375 -8365 -8347
-8340 -8336 -8332 -8324
-8302 -8300 -8295 -8292
-8281 -8274 -8266 -8258
-8255 -8254 -8251 -8238
-8233 -8232 -8225 -8221
-8205 -8195 -8195 -8188
-8187 -8165 -8159 -8157
-8151 -8147 -8139 -8139
-8125 -8097 -8095 -8092
-8082 -8072 -8069 -8063
-8060 -8053 -8052 -8048
-8042 -8039 -8034 -8032
-8021 -8014 -8009 -8009
-8004 -8000 -7993 -7988
-7988 -7984 -7982 -7975
-7971 -7962 -7961 -7950
-7950 -7946 -7946 -7933
-7919 -7913 -7906 -7901
-7884 -7882 -7882 -7863
-7852 -7849 -7848 -7839
-7837 -7828 -7825 -7821
-7820 -7814 -7806 -7806
-7801 -7797 -7781 -7777
-7763 -7761 -7761 -7752
-7748 -7744 -7741 -7740
-7731 -7729 -7723 -7711
-7699 -7691 -7684 -7678
-7677 -7667 -7660 -7660
-7660 -7652 -7652 -7644
-7635 -7628 -7628 -7626
-7598 -7591 -7576 -7563
-7533 -7528 -7521 -7518
-7518 -7514 -7513 -7512
-7506 -7502 -7493 -7481
-7469 -7467 -7464 -7447
-7441 -7432 -7431 -7431
-7406 -7395 -7391 -7381
-7368 -7355 -7349 -7344
-7334 -7308 -7300 -7299
-7280 -7277 -7271 -7267
-7265 -7260 -7226 -7218
-7205 -7204 -7203 -7192
-7186 -7176 -7172 -7166
-7162 -7157 -7150 -7147
-7127 -7105 -7097 -7093
-7086 -7084 -7082 -7071
-7064 -7058 -7047 -7043
-7037 -7021 -7020 -7011
-6981 -6978 -6969 -6959
-6955 -6955 -6950 -6948
-6947 -6943 -6941 -6938
-6937 -6930 -6921 -6921
-6920 -6907 -6898 -6897
-6890 -6869 -6856 -6855
-6853 -6842 -6835 -6833
-6828 -6823 -6816 -6813
-6810 -6806 -6772 -6763
-6762 -6753 -6729 -6724
-6722 -6718 -6717 -6697
-6688 -6682 -6672 -6672
-6668 -6668 -6656 -6642
-6634 -6629 -6626 -6617
-6609 -6595 -6575 -6570
-6570 -6567 -6557 -6545
-6531 -6527 -6524 -6501
-6490 -6478 -6471 -6463
-6462 -6453 -6438 -6433
-6429 -6418 -6412 -6409
-6398 -6379 -6372 -6360
-6355 -6344 -6343 -6326
-6322 -6316 -6312 -6300
-6300 -6283 -6277 -6276
-6273 -6272 -6268 -6258
-6253 -6253 -6245 -6237
-6236 -6230 -6220 -6218
-6213 -6211 -6211 -6206
-6204 -6180 -6177 -6175
-6168 -6162 -6160 -6144
-6143 -6141 -6128 -6121
-6121 -6117 -6114 -6112
-6111 -6106 -6102 -6102
-6101 -6091 -6087 -6060
-6060 -6059 -6059 -6053
-6051 -6042 -6042 -6041
-6040 -6031 -6029 -6028
-6024 -6017 -5992 -5987
-5986 -5986 -5977 -5968
-5959 -5957 -5955 -5945
-5932 -5924 -5923 -5921
-5920 -5919 -5918 -5915
-5915 -5910 -5906 -5884
-5880 -5873 -5873 -5866
-5865 -5852 -5846 -5832
-5832 -5814 -5812 -5806
-5804 -5797 -5796 -5794
-5788 -5783 -5775 -5746
-5734 -5731 -5726 -5722
-5719 -5716 -5708 -5688
-5685 -5677 -5674 -5671
-5671 -5669 -5657 -5654
-5653 -5649 -5646 -5633
-5631 -5630 -5620 -5616
-5606 -5592 -5584 -5583
-5579 -5565 -5556 -5555
-5554 -5551 -5546 -5545
-5534 -5531 -5525 -5521
-5504 -5502 -5488 -5484
-5477 -5474 -5470 -5453
-5446 -5444 -5441 -5441
-5440 -5433 -5427 -5426
-5403 -5401 -5400 -5391
-5390 -5389 -5372 -5367
-5362 -5359 -5352 -5349
-5343 -5338 -5330 -5324
-5323 -5316 -5315 -5312
-5312 -5311 -5308 -5300
-5290 -5286 -5282 -5277
-5275 -5265 -5261 -5260
-5252 -5251 -5247 -5225
-5224 -5209 -5206 -5203
-5188 -5188 -5185 -5178
-5178 -5161 -5154 -5150
-5150 -5147 -5142 -5142
-5141 -5141 -5140 -5117
-5107 -5073 -5062 -5057
-5057 -5051 -5019 -5013
-5002 -4989 -4978 -4976
-4967 -4963 -4955 -4945
-4937 -4934 -4930 -4922
-4917 -4908 -4903 -4897
-4895 -4877 -4872 -4863
-4856 -4843 -4828 -4823
-4821 -4820 -4810 -4806
-4803 -4796 -4796 -4777
-4777 -4761 -4752 -4743
-4733 -4726 -4724 -4715
-4693 -4692 -4674 -4671
-4661 -4659 -4649 -4638
-4623 -4617 -4601 -4601
-4580 -4570 -4570 -4566
-4560 -4551 -4550 -4549
-4546 -4545 -4543 -4529
-4524 -4524 -4521 -4519
-4513 -4510 -4494 -4482
-4478 -4477 -4464 -4457
-4455 -4451 -4450 -4446
-4444 -4426 -4417 -4413
-4373 -4372 -4364 -4360
-4357 -4355 -4355 -4350
-4339 -4325 -4322 -4307
-4306 -4288 -4276 -4276
-4275 -4254 -4252 -4247
-4243 -4242 -4237 -4234
-4224 -4209 -4208 -4205
-4205 -4202 -4199 -4183
-4179 -4177 -4152 -4152
-4148 -4142 -4140 -4126
-4114 -4110 -4094 -4094
-4091 -4089 -4076 -4063
-4033 -4011 -4004 -3994
-3987 -3977 -3963 -3958
-3947 -3945 -3928 -3928
-3925 -3923 -3914 -3904
-3903 -3903 -3900 -3882
-3878 -3877 -3864 -3848
-3843 -3843 -3839 -3836
-3818 -3809 -3803 -3798
-3794 -3793 -3787 -3780
-3778 -3773 -3771 -3770
-3768 -3758 -3754 -3753
-3751 -3751 -3733 -3732
-3732 -3720 -3717 -3689
-3682 -3665 -3664 -3663
-3660 -3658 -3637 -3629
-3627 -3627 -3623 -3613
-3611 -3604 -3598 -3589
-3586 -3571 -3563 -3563
-3561 -3542 -3502 -3500
-3488 -3475 -3474 -3469
-3466 -3464 -3462 -3458
-3457 -3446 -3441 -3436
-3435 -3414 -3413 -3412
-3390 -3384 -3381 -3374
-3366 -3365 -3357 -3344
-3338 -3334 -3332 -3326
-3319 -3316 -3313 -3313
-3308 -3296 -3293 -3287
-3277 -3268 -3264 -3262
-3258 -3223 -3214 -3209
-3197 -3195 -3186 -3177
-3176 -3175 -3165 -3153
-3148 -3147 -3145 -3134
-3131 -3129 -3128 -3116
-3113 -3112 -3106 -3094
-3092 -3087 -3081 -3077
-3077 -3064 -3047 -3043
-3034 -3026 -3004 -3002
-2995 -2993 -2991 -2981
-2975 -2972 -2971 -2968
-2961 -2958 -2957 -2957
-2949 -2941 -2941 -2940
-2939 -2934 -2930 -2925
-2916 -2912 -2909 -2906
-2903 -2895 -2886 -2882
-2880 -2875 -2866 -2862
-2852 -2851 -2848 -2837
-2836 -2834 -2833 -2829
-2786 -2783 -2779 -2777
-2772 -2767 -2760 -2758
-2756 -2755 -2753 -2718
-2706 -2704 -2700 -2692
-2689 -2687 -2686 -2685
-2674 -2672 -2670 -2660
-2653 -2651 -2640 -2627
-2616 -2609 -2601 -2598
-2591 -2579 -2578 -2577
-2574 -2570 -2565 -2549
-2546 -2533 -2527 -2518
-2517 -2505 -2501 -2496
-2495 -2490 -2490 -2479
-2470 -2443 -2438 -2436
-2431 -2428 -2414 -2412
-2403 -2395 -2395 -2387
-2386 -2384 -2368 -2367
-2365 -2358 -2358 -2349
-2346 -2344 -2341 -2339
-2318 -2315 -2312 -2272
-2271 -2250 -2244 -2225
-2225 -2216 -2214 -2202
-2186 -2165 -2164 -2159
-2142 -2135 -2110 -2109
-2108 -2107 -2095 -2092
-2090 -2079 -2074 -2073
-2072 -2066 -2065 -2063
-2061 -2050 -2048 -2043
-2020 -2018 -2001 -1990
-1965 -1964 -1960 -1958
-1957 -1956 -1955 -1946
-1944 -1943 -1924 -1922
-1917 -1908 -1908 -1891
-1887 -1879 -1879 -1868
-1835 -1831 -1829 -1814
-1810 -1806 -1805 -1805
-1804 -1796 -1788 -1786
-1782 -1773 -1762 -1754
-1732 -1729 -1729 -1725
-1719 -1701 -1689 -1688
-1660 -1658 -1646 -1643
-1643 -1633 -1624 -1624
-1616 -1598 -1593 -1592
-1575 -1570 -1556 -1508
-1506 -1503 -1487 -1484
-1481 -1472 -1469 -1455
-1447 -1428 -1423 -1414
-1405 -1399 -1395 -1392
-1378 -1376 -1369 -1362
-1361 -1358 -1351 -1317
-1298 -1293 -1282 -1278
-1275 -1272 -1271 -1260
-1256 -1245 -1237 -1223
-1221 -1203 -1190 -1176
-1173 -1168 -1148 -1146
-1145 -1144 -1135 -1129
-1125 -1118 -1114 -1114
-1104 -1094 -1083 -1083
-1080 -1078 -1071 -1066
-1065 -1061 -1042 -1041
-1039 -1029 -1022 -1007
-996 -988 -988 -973
-972 -970 -961 -957
-954 -945 -935 -932
-906 -905 -887 -874
-873 -866 -865 -859
-845 -836 -830 -774
-764 -761 -748 -745
-737 -728 -726 -721
-706 -693 -692 -691
-687 -681 -680 -678
-665 -651 -649 -632
-629 -620 -602 -589
-587 -586 -585 -546
-538 -532 -519 -514
-513 -496 -474 -472
-472 -470 -457 -450
-442 -441 -438 -431
-430 -406 -393 -378
-376 -372 -369 -352
-330 -327 -319 -318
-317 -311 -299 -296
-267 -258 -254 -252
-249 -237 -226 -225
-195 -181 -165 -163
-163 -162 -146 -136
-134 -132 -128 -103
-100 -88 -81 -63
-47 -23 -1 2
10 13 28 29
33 35 47 59
106 112 124 128
133 134 137 149
157 162 164 169
193 204 208 223
227 228 228 235
242 244 295 299
309 315 331 332
350 358 364 365
374 375 400 402
404 409 417 425
433 435 435 442
473 484 491 497
497 509 510 528
534 556 564 570
570 572 592 601
610 624 625 632
636 646 650 655
663 665 670 671
676 685 688 694
699 705 714 715
718 719 724 726
732 742 745 761
775 799 810 831
837 846 847 850
856 863 872 885
887 890 900 921
932 935 940 940
946 956 960 965
972 972 998 1005
1009 1012 1045 1051
1065 1067 1074 1076
1081 1088 1103 1105
1112 1134 1134 1145
1148 1149 1149 1159
1160 1166 1171 1171
1177 1181 1193 1204
1214 1226 1231 1234
1237 1240 1253 1259
1259 1263 1265 1293
1295 1308 1309 1326
1332 1342 1347 1349
1362 1367 1372 1386
1394 1408 1413 1420
1421 1423 1425 1428
1429 1442 1443 1448
1486 1491 1508 1513
1539 1540 1543 1556
1588 1599 1600 1607
1624 1625 1626 1631
1631 1639 1639 1661
1665 1669 1674 1677
1680 1683 1699 1703
1716 1723 1733 1743
1746 1751 1753 1756
1759 1764 1771 1772
1780 1784 1809 1826
1831 1836 1842 1846
1878 1880 1894 1896
1899 1901 1908 1915
1917 1919 1924 1965
1973 1974 1976 1989
1992 1997 2016 2019
2025 2030 2033 2037
2047 2048 2055 2055
2088 2095 2101 2126
2127 2131 2147 2151
2156 2157 2162 2162
2167 2171 2177 2180
2197 2205 2220 2227
2232 2235 2241 2250
2250 2251 2263 2290
2301 2303 2311 2311
2316 2317 2317 2344
2347 2353 2354 2368
2372 2375 2375 2379
2390 2397 2403 2411
2416 2421 2421 2427
2432 2432 2435 2435
2437 2440 2457 2462
2477 2477 2486 2499
2504 2507 2510 2534
2551 2558 2560 2573
2584 2586 2587 2603
2608 2620 2640 2647
2659 2675 2679 2699
2708 2711 2716 2720
2720 2725 2742 2749
2750 2759 2764 2795
2812 2824 2825 2829
2838 2841 2847 2850
2866 2870 2875 2890
2891 2898 2902 2907
2915 2916 2917 2920
2922 2945 2952 2961
2962 2965 2973 2979
2980 2985 2991 2994
3000 3003 3003 3004
3025 3030 3044 3045
3052 3060 3060 3064
3074 3086 3091 3100
3102 3111 3113 3118
3122 3128 3135 3138
3140 3147 3150 3151
3163 3183 3184 3187
3206 3212 3227 3227
3230 3258 3263 3293
3296 3304 3341 3357
3359 3360 3370 3372
3374 3374 3376 3379
3387 3393 3397 3400
3407 3416 3417 3426
3432 3439 3439 3439
3442 3463 3478 3484
3488 3498 3499 3508
3511 3511 3515 3518
3528 3547 3548 3562
3566 3571 3581 3586
3600 3607 3614 3620
3632 3642 3653 3654
3662 3663 3682 3692
3696 3705 3743 3750
3775 3797 3807 3813
3814 3827 3848 3849
3860 3881 3891 3902
3914 3924 3948 3949
3955 3956 3960 3963
3965 3967 3983 3984
3986 3990 3990 3992
4029 4057 4070 4075
4076 4078 4080 4114
4118 4122 4127 4129
4149 4152 4165 4172
4176 4191 4193 4197
4199 4199 4203 4223
4232 4260 4264 4266
4266 4271 4278 4287
4291 4298 4309 4316
4320 4325 4338 4343
4345 4348 4354 4366
4367 4383 4387 4389
4398 4400 4406 4408
4412 4423 4424 4426
4427 4434 4435 4437
4462 4489 4501 4510
4512 4527 4543 4543
4545 4550 4554 4558
4561 4564 4566 4567
4568 4570 4575 4578
4580 4581 4595 4613
4617 4628 4630 4632
4643 4656 4667 4672
4674 4676 4681 4687
4699 4699 4704 4710
4735 4740 4743 4750
4763 4772 4796 4797
4810 4811 4817 4832
4838 4839 4841 4862
4865 4876 4890 4890
4906 4918 4926 4931
4938 4941 4942 4959
4973 5000 5003 5016
5020 5031 5051 5064
5065 5070 5074 5076
5079 5083 5087 5092
5092 5113 5123 5131
5139 5141 5141 5147
5151 5156 5160 5162
5162 5166 5167 5177
5181 5193 5199 5228
5239 5249 5252 5258
5271 5274 5280 5283
5302 5304 5304 5304
5324 5330 5338 5342
5344 5354 5365 5367
5381 5383 5385 5394
5395 5406 5416 5416
5418 5426 5437 5450
5450 5452 5455 5464
5476 5490 5491 5503
5509 5513 5533 5555
5556 5557 5560 5563
5565 5572 5574 5574
5594 5598 5603 5612
5630 5673 5678 5680
5691 5698 5703 5715
5715 5721 5726 5732
5735 5739 5739 5752
5762 5763 5765 5774
5779 5784 5793 5799
5805 5808 5811 5814
5815 5817 5817 5822
5828 5832 5838 5843
5871 5875 5876 5889
5891 5903 5907 5912
5916 5920 5924 5932
5941 5944 5944 5965
5965 5969 5971 5987
5990 5993 6000 6003
6009 6013 6013 6014
6026 6027 6028 6028
6042 6052 6053 6055
6060 6064 6068 6070
6076 6102 6105 6108
6114 6123 6124 6141
6159 6159 6162 6164
6172 6186 6205 6208
6214 6220 6223 6237
6249 6255 6280 6288
6290 6294 6299 6301
6312 6325 6331 6339
6350 6385 6437 6444
6456 6457 6458 6459
6465 6511 6516 6521
6524 6537 6540 6546
6551 6556 6563 6567
6575 6578 6592 6595
6597 6600 6602 6609
6618 6623 6638 6653
6661 6669 6673 6673
6674 6678 6684 6685
6686 6689 6696 6698
6712 6718 6719 6724
6725 6725 6727 6735
6742 6744 6761 6764
6775 6788 6790 6791
6795 6796 6842 6843
6847 6858 6860 6868
6869 6870 6884 6886
6910 6915 6918 6919
6920 6926 6941 6949
6968 6992 7002 7005
7025 7031 7037 7048
7056 7062 7072 7082
7096 7097 7098 7104
7105 7111 7114 7120
7125 7130 7131 7146
7152 7161 7191 7205
7209 7217 7224 7231
7244 7253 7275 7277
7286 7287 7289 7296
7298 7303 7313 7313
7323 7323 7333 7333
7353 7355 7356 7357
7360 7363 7369 7378
7399 7409 7424 7427
7428 7430 7434 7435
7438 7443 7447 7457
7484 7486 7489 7508
7514 7516 7520 7524
7538 7540 7580 7585
7588 7591 7600 7613
7614 7624 7634 7638
7651 7653 7658 7663
7667 7668 7675 7678
7694 7695 7696 7700
7700 7706 7713 7717
7721 7727 7728 7728
7728 7731 7734 7738
7743 7748 7763 7769
7770 7792 7794 7796
7805 7819 7837 7843
7848 7850 7858 7861
7869 7870 7880 7881
7882 7886 7914 7929
7933 7937 7941 7949
7963 7981 7990 7999
8002 8005 8018 8026
8031 8033 8042 8044
8044 8055 8055 8055
8056 8064 8067 8068
8084 8086 8090 8097
8099 8099 8124 8136
8151 8182 8195 8211
8217 8217 8222 8230
8233 8236 8237 8260
8265 8272 8300 8303
8304 8304 8307 8315
8317 8326 8326 8330
8335 8361 8364 8368
8372 8377 8379 8391
8391 8395 8455 8456
8459 8460 8461 8468
8478 8501 8503 8507
8513 8528 8530 8536
8543 8556 8579 8598
8598 8600 8618 8623
8635 8637 8641 8661
8665 8674 8703 8716
8720 8741 8750 8759
8764 8775 8788 8791
8796 8800 8803 8808
8822 8834 8841 8844
8853 8855 8859 8863
8863 8865 8871 8907
8912 8914 8926 8926
8929 8934 8940 8945
8957 8963 8989 9001
9023 9031 9050 9056
9067 9071 9081 9108
9113 9119 9120 9125
9127 9139 9146 9154
9155 9160 9161 9171
9173 9179 9185 9191
9201 9216 9221 9223
9227 9234 9235 9237
9245 9264 9274 9280
9285 9311 9317 9328
9344 9352 9357 9360
9364 9368 9368 9381
9382 9406 9429 9435
9438 9445 9468 9469
9469 9470 9473 9477
9483 9503 9507 9509
9511 9514 9525 9527
9532 9542 9542 9552
9555 9558 9573 9573
9574 9575 9577 9581
9586 9587 9596 9603
9606 9609 9616 9622
9623 9628 9652 9653
9659 9674 9677 9677
9686 9712 9714 9718
9722 9736 9737 9748
9750 9752 9754 9776
9779 9779 9782 9783
9784 9791 9792 9800
9800 9801 9804 9817
9830 9837 9840 9850
9853 9857 9860 9880
9897 9905 9913 9927
9944 9945 9951 9954
9968 9977 9982 9984
9987 9995 9998 10001
10006 10016 10029 10046
10060 10060 10067 10067
10077 10080 10090 10091
10105 10118 10120 10121
10139 10150 10153 10158
10160 10165 10166 10167
10169 10174 10181 10192
10196 10200 10203 10225
10228 10228 10230 10241
10241 10246 10246 10252
10254 10264 10266 10267
10270 10283 10293 10297
10310 10316 10322 10330
10341 10342 10345 10362
10364 10370 10385 10391
10397 10402 10402 10412
10413 10421 10428 10438
10440 10442 10469 10473
10483 10500 10512 10519
10523 10538 10538 10540
10551 10555 10558 10564
10571 10578 10590 10591
10598 10600 10611 10611
10612 10618 10654 10657
10662 10666 10679 10681
10681 10690 10690 10690
10692 10693 10702 10707
10707 10717 10720 10724
10740 10751 10761 10764
10768 10768 10769 10784
10787 10793 10795 10797
10798 10802 10811 10820
10828 10831 10833 10841
10848 10858 10862 10868
10891 10892 10911 10921
10933 10940 10954 10957
10972 10978 10989 10998
11012 11016 11017 11052
11054 11066 11079 11085
11089 11106 11128 11129
11149 11149 11155 11161
11164 11188 11210 11218
11221 11234 11241 11246
11255 11256 11283 11298
11300 11302 11315 11321
11328 11328 11337 11345
11348 11351 11365 11381
11400 11427 11429 11436
11440 11453 11454 11471
11495 11498 11503 11506
11508 11513 11525 11540
11545 11562 11576 11589
11590 11603 11613 11615
11616 11622 11640 11641
11654 11664 11672 11678
11678 11690 11706 11711
11719 11724 11737 11761
11767 11799 11802 11804
11806 11808 11816 11823
11832 11837 11838 11843
11852 11892 11894 11901
11939 11947 11955 11964
11969 11978 11982 11989
11995 11995 11996 11997
12013 12014 12031 12032
12056 12061 12079 12085
12099 12102 12110 12113
12115 12116 12116 12116
12117 12123 12137 12151
12152 12165 12169 12178
12186 12187 12191 12194
12196 12198 12206 12209
12219 12222 12226 12231
12233 12234 12235 12238
12242 12250 12254 12256
12270 12277 12278 12279
12283 12284 12295 12295
12310 12319 12362 12366
12382 12387 12396 12416
12425 12432 12448 12457
12457 12480 12491 12492
12500 12515 12522 12525
12529 12543 12546 12553
12557 12561 12575 12577
12589 12598 12611 12612
12616 12623 12633 12635
12637 12658 12660 12688
12693 12708 12715 12736
12738 12739 12759 12760
12769 12769 12772 12779
12779 12784 12786 12798
12807 12812 12817 12841
12862 12868 12869 12869
12887 12904 12910 12931
12939 12961 12967 12968
12976 12977 12981 12988
12990 12992 12999 13006
13010 13025 13035 13042
13045 13045 13046 13059
13067 13079 13084 13094
13119 13124 13151 13152
13162 13166 13178 13180
13181 13195 13195 13197
13197 13209 13209 13211
13243 13245 13245 13249
13251 13252 13264 13271
13273 13286 13298 13302
13312 13313 13330 13335
13343 13343 13358 13365
13366 13381 13388 13399
13409 13416 13424 13425
13431 13437 13439 13441
13459 13462 13467 13472
13480 13485 13487 13503
13508 13508 13523 13550
13553 13568 13580 13581
13581 13594 13594 13597
13599 13608 13614 13621
13621 13625 13625 13640
13646 13648 13664 13670
13688 13699 13700 13704
13709 13715 13715 13719
13726 13752 13753 13757
13768 13775 13776 13790
13797 13799 13799 13805
13808 13818 13818 13821
13824 13836 13837 13838
13838 13843 13859 13870
13884 13889 13894 13907
13907 13908 13909 13921
13924 13929 13932 13932
13932 13933 13937 13942
13967 13975 13994 13997
14004 14008 14028 14033
14035 14048 14051 14054
14057 14061 14061 14062
14064 14066 14068 14070
14070 14090 14096 14096
14104 14106 14106 14109
14111 14116 14132 14137
14142 14151 14155 14158
14164 14166 14169 14173
14192 14195 14197 14205
14213 14219 14219 14226
14234 14237 14244 14245
14246 14246 14262 14267
14278 14286 14288 14288
14291 14294 14295 14301
14311 14326 14330 14340
14341 14362 14366 14367
14372 14378 14380 14382
14390 14400 14417 14424
14451 14462 14475 14477
14479 14484 14485 14486
14487 14494 14499 14500
14505 14524 14526 14533
14536 14552 14553 14554
14559 14562 14585 14590
14595 14598 14606 14619
14623 14623 14630 14634
14641 14643 14656 14660
14663 14668 14672 14680
14681 14688 14689 14697
14700 14702 14709 14712
14714 14720 14721 14725
14734 14743 14747 14788
14793 14813 14824 14842
14847 14853 14862 14864
14866 14867 14904 14908
14913 14913 14920 14924
14940 14940 14960 14960
14966 14982 14998 15001
15003 15005 15023 15026
15029 15031 15032 15053
15070 15073 15088 15095
15097 15098 15110 15119
15122 15126 15126 15128
15130 15133 15160 15163
15171 15173 15181 15200
15221 15224 15237 15246
15248 15248 15255 15263
15267 15280 15282 15292
15292 15322 15327 15332
15337 15338 15342 15357
15365 15370 15374 15377
15380 15407 15426 15435
15440 15462 15463 15465
15465 15476 15482 15485
15487 15487 15494 15495
15498 15514 15517 15539
15541 15559 15560 15563
15581 15582 15585 15593
15597 15604 15619 15621
15637 15641 15643 15648
15648 15653 15666 15667
15671 15678 15681 15685
15699 15712 15712 15717
15718 15726 15735 15740
15741 15743 15743 15744
15752 15766 15777 15783
15795 15797 15798 15807
15821 15838 15842 15871
15874 15875 15879 15890
15894 15916 15917 15924
15925 15929 15932 15942
15950 15950 15952 15957
15957 15958 15972 15997
16003 16007 16008 16024
16028 16031 16033 16056
16064 16069 16078 16086
16093 16105 16105 16115
16131 16136 16137 16146
16148 16160 16176 16179
16186 16187 16195 16208
16218 16218 16221 16221
16222 16236 16253 16253
16267 16268 16274 16276
16282 16283 16286 16287
16290 16304 16329 16332
16343 16354 16380 16397
16410 16420 16420 16423
16436 16441 16444 16448
16451 16455 16457 16460
16471 16473 16474 16476
16479 16481 16482 16494
16501 16514 16516 16521
16530 16534 16535 16550
16554 16556 16561 16569
16576 16594 16595 16605
16646 16650 16653 16654
16660 16667 16673 16676
16676 16683 16689 16706
16706 16708 16717 16717
16721 16737 16746 16751
16754 16762 16779 16786
16789 16803 16809 16830
16833 16843 16873 16880
16888 16893 16894 16898
16900 16926 16927 16947
16949 16951 16958 16960
16960 16967 16970 16971
16974 16980 16980 16982
16986 16991 17000 17003
17007 17014 17030 17035
17036 17043 17053 17062
17066 17075 17083 17088
17089 17114 17118 17150
17161 17168 17172 17174
17176 17189 17192 17200
17213 17219 17236 17237
17247 17261 17263 17267
17268 17273 17281 17292
17297 17304 17313 17326
17340 17345 17348 17364
17374 17376 17378 17383
17384 17385 17395 17397
17418 17422 17423 17442
17447 17449 17455 17463
17480 17488 17489 17498
17509 17510 17525 17550
17553 17553 17555 17556
17567 17570 17576 17576
17578 17580 17585 17586
17592 17596 17608 17613
17615 17620 17625 17628
17648 17652 17658 17675
17676 17695 17696 17717
17747 17764 17779 17779
17785 17786 17789 17794
17798 17808 17810 17816
17832 17854 17857 17865
17882 17887 17898 17899
17908 17916 17925 17931
17932 17949 17952 17957
17959 17965 17969 17972
17977 17979 17988 17994
17996 17997 17999 17999
18020 18039 18039 18045
18052 18052 18053 18060
18065 18067 18067 18069
18099 18104 18114 18114
18116 18128 18144 18173
18175 18177 18183 18193
18213 18219 18230 18270
18272 18282 18291 18299
18299 18306 18315 18315
18316 18335 18337 18342
18358 18361 18376 18380
18381 18382 18407 18410
18433 18440 18441 18450
18454 18455 18456 18462
18463 18478 18479 18493
18503 18503 18505 18508
18512 18521 18521 18524
18527 18527 18528 18537
18559 18560 18561 18570
18572 18575 18621 18621
18636 18641 18678 18678
18689 18698 18702 18714
18717 18735 18746 18747
18755 18770 18779 18801
18814 18820 18830 18840
18843 18847 18849 18859
18866 18866 18869 18870
18893 18913 18913 18917
18929 18933 18936 18941
18946 18961 18961 18970
18976 18976 18981 18982
19004 19009 19010 19023
19035 19037 19039 19047
19051 19063 19063 19072
19076 19083 19085 19094
19100 19105 19112 19130
19130 19162 19166 19167
19169 19170 19172 19176
19176 19178 19187 19192
19194 19195 19200 19205
19206 19216 19216 19221
19223 19230 19237 19245
19256 19268 19271 19276
19287 19291 19294 19304
19313 19338 19340 19347
19354 19369 19373 19374
19379 19381 19392 19396
19399 19407 19411 19412
19419 19421 19422 19424
19429 19441 19441 19449
19449 19471 19495 19501
19503 19507 19511 19513
19523 19527 19530 19541
19550 19556 19569 19572
19582 19584 19586 19588
19590 19591 19591 19598
19605 19622 19624 19631
19648 19671 19671 19671
19685 19687 19692 19700
19712 19747 19751 19752
19757 19759 19774 19775
19779 19783 19785 19787
19787 19788 19791 19799
19801 19811 19829 19840
19852 19855 19864 19871
19880 19886 19886 19887
19896 19927 19937 19942
19953 19986 19992 20002
20010 20015 20016 20022
20023 20036 20039 20042
20058 20066 20067 20082
20095 20097 20101 20115
20124 20140 20148 20151
20179 20201 20203 20206
20213 20218 20218 20232
20255 20266 20272 20276
20282 20282 20305 20309
20320 20327 20332 20332
20337 20340 20343 20345
20346 20352 20354 20372
20378 20401 20415 20426
20449 20452 20454 20460
20466 20490 20493 20493
20494 20495 20496 20498
20509 20511 20540 20546
20563 20566 20566 20568
20574 20578 20579 20583
20586 20609 20611 20637
20652 20652 20660 20686
20688 20705 20711 20722
20725 20742 20746 20750
20755 20756 20758 20762
20785 20785 20794 20794
20802 20816 20816 20821
20825 20830 20840 20846
20852 20853 20864 20872
20874 20880 20888 20897
20904 20905 20908 20911
20912 20913 20916 20916
20927 20931 20934 20937
20939 20940 20951 20951
20956 20963 20963 20984
20989 20995 21001 21001
21002 21003 21004 21011
21013 21023 21024 21030
21039 21040 21040 21046
21049 21055 21056 21061
21061 21094 21100 21103
21105 21107 21111 21112
21113 21116 21116 21124
21125 21140 21143 21156
21156 21175 21178 21181
21191 21202 21208 21211
21212 21219 21237 21241
21247 21272 21275 21281
21283 21293 21301 21303
21306 21313 21314 21322
21331 21352 21354 21354
21359 21384 21400 21402
21404 21409 21414 21424
21424 21435 21445 21451
21460 21478 21498 21505
21507 21509 21511 21516
21516 21516 21530 21532
21543 21546 21551 21564
21568 21569 21581 21595
21596 21598 21601 21602
21603 21611 21611 21618
21622 21623 21627 21629
21637 21640 21641 21646
21647 21650 21650 21652
21657 21669 21682 21686
21695 21700 21714 21726
21726 21728 21737 21742
21743 21746 21748 21754
21769 21796 21797 21806
21817 21819 21834 21838
21854 21862 21869 21878
21896 21912 21914 21914
21929 21932 21932 21934
21938 21949 21950 21952
21957 21963 21977 21980
21983 21988 21997 21999
22013 22021 22021 22045
22046 22060 22068 22071
22077 22077 22094 22096
22100 22107 22125 22125
22126 22127 22132 22140
22145 22148 22160 22162
22168 22169 22180 22182
22182 22185 22189 22191
22198 22200 22217 22229
22230 22239 22240 22242
22245 22246 22257 22268
22269 22275 22278 22295
22302 22314 22336 22344
22366 22378 22381 22383
22388 22396 22396 22402
22408 22415 22421 22422
22423 22429 22430 22434
22436 22439 22441 22445
22477 22480 22483 22491
22493 22494 22498 22503
22527 22534 22537 22541
22543 22545 22554 22571
22594 22627 22630 22632
22659 22664 22674 22675
22679 22681 22693 22697
22718 22720 22737 22742
22748 22759 22760 22771
22783 22786 22794 22798
22803 22804 22809 22809
22814 22815 22827 22840
22848 22871 22887 22909
22915 22919 22925 22947
22952 22954 22954 22956
22968 22973 22974 22989
22990 22992 22993 22995
22996 22997 22998 23004
23005 23008 23019 23026
23029 23064 23066 23072
23083 23092 23116 23117
23125 23152 23153 23166
23166 23180 23189 23193
23203 23203 23208 23220
23239 23243 23245 23246
23257 23257 23258 23259
23261 23269 23272 23274
23275 23299 23304 23311
23324 23345 23355 23358
23389 23390 23392 23409
23432 23438 23442 23443
23452 23454 23457 23467
23472 23473 23501 23521
23525 23536 23560 23569
23571 23572 23577 23582
23589 23592 23596 23614
23619 23626 23629 23636
23638 23645 23651 23661
23669 23672 23690 23707
23709 23738 23742 23747
23750 23762 23762 23770
23770 23773 23774 23783
23787 23793 23802 23823
23826 23836 23836 23842
23842 23853 23861 23867
23869 23877 23878 23880
23907 23913 23920 23924
23931 23937 23946 23955
23957 23957 23970 23976
23991 23998 24006 24008
24009 24011 24018 24044
24067 24069 24082 24107
24123 24129 24131 24155
24162 24177 24181 24185
24220 24225 24228 24232
24243 24248 24248 24252
24256 24257 24269 24274
24286 24295 24326 24337
24341 24352 24356 24380
24393 24393 24395 24401
24405 24410 24410 24414
24417 24417 24419 24434
24444 24448 24449 24460
24461 24464 24471 24473
24474 24476 24479 24488
24492 24532 24535 24547
24564 24564 24566 24572
24583 24595 24599 24607
24613 24615 24616 24618
24620 24630 24633 24634
24636 24643 24661 24676
24682 24691 24698 24698
24702 24709 24740 24746
24768 24781 24794 24800
24815 24818 24819 24822
24822 24823 24824 24827
24864 24892 24893 24902
24908 24914 24917 24928
24941 24942 24954 24957
24962 24970 24971 24982
24983 25001 25006 25011
25018 25023 25025 25042
25053 25071 25085 25085
25089 25098 25098 25111
25120 25126 25133 25148
25160 25168 25186 25186
25189 25207 25210 25211
25212 25212 25221 25224
25226 25227 25236 25239
25244 25249 25255 25261
25271 25278 25293 25294
25304 25317 25317 25325
25330 25353 25361 25361
25362 25363 25366 25369
25371 25381 25383 25404
25406 25417 25422 25424
25433 25435 25438 25441
25454 25456 25456 25457
25473 25482 25483 25496
25520 25520 25542 25547
25560 25569 25569 25579
25588 25593 25601 25607
25608 25632 25632 25645
25652 25661 25665 25677
25679 25703 25718 25723
25726 25729 25733 25742
25747 25748 25759 25759
25761 25771 25783 25787
25788 25796 25799 25804
25806 25807 25822 25823
25827 25827 25846 25852
25854 25861 25862 25871
25874 25876 25888 25888
25892 25893 25913 25915
25916 25936 25937 25939
25944 25945 25947 25953
25953 25959 25964 25970
25973 25982 25983 25992
25994 25996 25997 25998
25999 26000 26002 26003
26006 26013 26014 26019
26020 26022 26044 26044
26049 26055 26056 26061
26071 26077 26081 26090
26098 26099 26114 26117
26127 26131 26131 26134
26136 26136 26138 26138
26140 26150 26158 26161
26170 26180 26181 26194
26195 26201 26207 26211
26211 26213 26215 26233
26236 26267 26322 26323
26328 26328 26334 26335
26337 26348 26385 26389
26393 26401 26406 26407
26407 26420 26423 26432
26435 26450 26451 26457
26459 26461 26477 26491
26507 26507 26512 26518
26521 26525 26537 26537
26542 26548 26561 26575
26580 26590 26595 26610
26616 26634 26642 26647
26657 26677 26695 26697
26700 26702 26706 26727
26730 26734 26737 26746
26758 26785 26787 26787
26809 26818 26824 26825
26825 26834 26835 26840
26842 26842 26847 26866
26877 26903 26921 26934
26935 26941 26947 26948
26953 26964 26970 26973
26981 26996 26998 26999
27005 27005 27006 27008
27033 27036 27041 27058
27059 27062 27065 27077
27080 27083 27088 27092
27104 27105 27116 27117
27129 27130 27133 27143
27157 27157 27159 27168
27171 27177 27178 27191
27191 27202 27209 27224
27226 27240 27248 27281
27288 27291 27294 27295
27295 27296 27299 27306
27309 27311 27323 27344
27350 27362 27372 27372
27373 27378 27379 27391
27395 27396 27397 27398
27402 27403 27408 27415
27423 27425 27453 27467
27467 27492 27507 27521
27526 27527 27527 27547
27550 27559 27563 27568
27576 27577 27586 27591
27604 27616 27621 27622
27629 27638 27640 27642
27647 27650 27657 27658
27695 27705 27707 27749
27751 27770 27771 27774
27781 27784 27786 27797
27813 27819 27832 27835
27844 27860 27862 27868
27885 27894 27905 27911
27946 27952 27970 27973
27992 27992 28004 28011
28017 28042 28092 28101
28106 28111 28119 28119
28120 28127 28130 28139
28140 28149 28153 28161
28165 28167 28178 28182
28185 28190 28196 28201
28204 28215 28249 28250
28259 28265 28278 28279
28293 28322 28324 28328
28336 28337 28342 28343
28350 28358 28358 28361
28376 28385 28386 28386
28395 28396 28403 28405
28411 28416 28420 28427
28439 28441 28446 28454
28455 28480 28486 28505
28513 28516 28543 28551
28554 28561 28566 28567
28568 28574 28585 28589
28590 28600 28602 28613
28623 28637 28637 28644
28645 28646 28651 28653
28678 28679 28700 28707
28710 28711 28725 28736
28743 28749 28751 28754
28763 28769 28781 28788
28791 28792 28792 28797
28797 28806 28811 28813
28814 28822 28823 28837
28841 28841 28843 28846
28862 28862 28865 28867
28868 28871 28875 28882
28884 28895 28895 28900
28905 28909 28910 28914
28920 28924 28939 28940
28942 28943 28948 28948
28951 28955 28960 28962
28974 28974 28974 28976
28985 28988 28995 28999
28999 29019 29026 29039
29051 29058 29058 29063
29067 29076 29079 29084
29087 29089 29092 29094
29102 29112 29119 29120
29134 29134 29136 29140
29149 29158 29158 29172
29173 29174 29179 29202
29205 29216 29242 29245
29269 29279 29280 29281
29283 29283 29291 29297
29297 29299 29319 29320
29322 29332 29335 29350
29367 29386 29387 29390
29392 29394 29407 29407
29408 29415 29419 29419
29420 29428 29429 29430
29438 29444 29445 29449
29454 29458 29461 29475
29488 29493 29493 29502
29511 29515 29528 29529
29530 29531 29556 29558
29563 29578 29583 29584
29589 29590 29591 29592
29599 29619 29625 29627
29629 29637 29648 29653
29656 29665 29666 29668
29681 29683 29690 29690
29691 29709 29714 29715
29721 29725 29726 29731
29732 29743 29746 29756
29760 29763 29764 29787
29790 29790 29798 29804
29816 29829 29840 29845
29845 29849 29853 29856
29858 29863 29863 29873
29875 29879 29883 29890
29902 29903 29912 29919
29935 29944 29950 29965
29974 29979 29998 30012
30016 30018 30021 30023
30024 30034 30039 30045
30056 30069 30070 30077
30080 30086 30102 30105
30116 30117 30122 30132
30142 30151 30161 30171
30179 30186 30192 30195
30196 30211 30222 30232
30241 30251 30261 30273
30278 30292 30302 30312
30318 30319 30330 30349
30350 30350 30365 30389
30394 30399 30403 30406
30407 30414 30416 30424
30444 30452 30457 30460
30461 30476 30476 30479
30485 30492 30495 30510
30513 30523 30539 30546
30562 30568 30571 30572
30577 30582 30588 30590
30601 30604 30606 30612
30625 30633 30638 30639
30641 30653 30657 30675
30677 30683 30700 30705
30707 30709 30721 30742
30746 30748 30751 30752
30764 30786 30788 30789
30802 30805 30825 30827
30829 30832 30839 30841
30881 30887 30906 30909
30917 30945 30947 30948
30949 30960 30964 30965
30969 30977 30978 30982
30983 30993 30997 31000
31012 31012 31014 31030
31035 31036 31053 31059
31060 31072 31082 31090
31092 31096 31106 31107
31107 31110 31112 31113
31114 31116 31125 31135
31144 31145 31146 31152
31163 31166 31169 31190
31194 31199 31217 31224
31226 31237 31262 31263
31271 31288 31291 31296
31297 31298 31298 31299
31304 31315 31316 31320
31324 31326 31331 31332
31338 31348 31356 31356
31357 31359 31363 31376
31377 31378 31378 31379
31384 31399 31411 31411
31413 31436 31438 31443
31451 31454 31457 31466
31471 31494 31502 31508
31514 31516 31518 31519
31521 31524 31527 31528
31530 31536 31557 31562
31562 31563 31569 31586
31588 31588 31589 31593
31596 31598 31601 31605
31623 31626 31648 31648
31649 31649 31653 31659
31691 31698 31706 31709
31709 31719 31729 31734
31735 31737 31742 31744
31746 31758 31764 31765
31770 31784 31803 31804
31807 31817 31830 31836
31847 31849 31851 31861
31866 31875 31889 31897
31913 31917 31918 31921
31922 31923 31959 31992
32014 32023 32050 32057
32060 32063 32066 32073
32086 32096 32100 32105
32110 32113 32128 32144
32146 32163 32173 32174
32198 32199 32211 32212
32222 32228 32232 32238
32256 32276 32298 32299
32309 32313 32329 32331
32332 32362 32366 32369
32369 32377 32378 32380
32390 32396 32404 32411
32413 32448 32459 32459
32463 32477 32479 32495
32505 32519 32520 32523
32524 32525 32547 32552
32582 32586 32592 32603
32606 32606 32612 32613
32614 32625 32626 32633
32635 32641 32642 32644
32655 32658 32665 32669
32673 32679 32685 32686
32720 32729 32733 32737
32757 32759 32764 32765
