-32672 -32613 -32393 -32247
-31796 -30356 -30141 -30061
-29695 -24709 -23797 -23230
-22872 -22831 -22137 -21280
-19368 -18900 -18789 -18422
-18410 -17959 -17948 -17919
-17712 -17269 -17008 -16612
-16570 -16511 -16132 -16011
-15981 -15334 -15063 -14902
-14867 -12167 -12154 -11950
-11120 -10450 -9977 -9562
-9409 -8794 -8270 -8235
-7970 -7748 -7320 -6469
-6383 -5491 -5439 -4715
-2462 -2200 -1350 -1055
-1023 -868 -823 -757
-640 297 350 929
1721 2288 2513 3365
3439 4015 4743 4880
5077 5652 6395 6409
6678 7676 7786 7842
8107 8203 8286 8642
9283 9641 9724 9986
10649 11518 12273 12613
12740 13425 14286 14650
14892 15351 17766 17898
18168 18413 18688 19354
19740 20421 21115 21669
22400 22470 23541 23928
24471 24819 25365 25911
25956 26199 26416 26506
27335 27742 28208 28835
28880 29465 29770 30430
31620 31962 32200
