-32755 -32749 -32730 -32703
-32663 -32659 -32632 -32630
-32621 -32602 -32570 -32559
-32508 -32473 -32452 -32438
-32406 -32406 -32396 -32341
-32339 -32337 -32283 -32253
-32232 -32181 -32157 -32154
-32149 -32132 -32095 -32042
-32012 -31994 -31976 -31968
-31965 -31950 -31948 -31927
-31900 -31882 -31881 -31878
-31837 -31819 -31810 -31799
-31790 -31728 -31722 -31682
-31679 -31650 -31612 -31594
-31583 -31559 -31551 -31546
-31545 -31533 -31508 -31507
-31483 -31476 -31462 -31455
-31451 -31442 -31427 -31414
-31410 -31406 -31393 -31363
-31312 -31303 -31287 -31286
-31260 -31228 -31201 -31191
-31188 -31149 -31142 -31131
-31099 -31071 -31067 -31058
-31047 -31040 -31033 -31021
-30964 -30952 -30904 -30873
-30829 -30828 -30794 -30786
-30782 -30760 -30749 -30732
-30717 -30707 -30690 -30613
-30582 -30546 -30521 -30494
-30429 -30407 -30349 -30335
-30311 -30292 -30289 -30247
-30227 -30200 -30188 -30186
-30143 -30126 -30121 -30109
-30067 -30058 -30011 -30004
-29995 -29991 -29983 -29933
-29897 -29880 -29878 -29860
-29813 -29813 -29805 -29795
-29786 -29711 -29696 -29685
-29684 -29668 -29666 -29654
-29643 -29618 -29602 -29586
-29539 -29535 -29476 -29458
-29457 -29446 -29434 -29426
-29391 -29346 -29339 -29318
-29316 -29316 -29314 -29290
-29270 -29236 -29165 -29163
-29163 -29116 -29077 -29071
-29052 -29052 -28978 -28976
-28969 -28964 -28956 -28936
-28923 -28890 -28890 -28868
-28846 -28831 -28820 -28815
-28754 -28750 -28730 -28720
-28706 -28701 -28700 -28678
-28607 -28547 -28526 -28478
-28468 -28465 -28412 -28344
-28302 -28300 -28291 -28288
-28239 -28222 -28191 -28185
-28114 -28096 -28072 -28068
-28041 -28025 -28000 -27999
-27953 -27933 -27879 -27853
-27818 -27788 -27748 -27695
-27675 -27641 -27591 -27590
-27586 -27523 -27494 -27469
-27467 -27465 -27451 -27448
-27418 -27417 -27403 -27390
-27388 -27369 -27348 -27339
-27332 -27326 -27321 -27284
-27282 -27262 -27207 -27171
-27160 -27140 -27135 -27082
-27075 -27039 -26989 -26989
-26953 -26908 -26906 -26892
-26888 -26782 -26763 -26730
-26688 -26681 -26623 -26614
-26608 -26605 -26546 -26546
-26541 -26539 -26512 -26505
-26481 -26422 -26381 -26371
-26364 -26359 -26356 -26279
-26269 -26218 -26216 -26160
-26149 -26148 -26134 -26107
-26082 -26076 -26059 -26048
-26045 -26024 -25940 -25906
-25902 -25894 -25870 -25821
-25760 -25736 -25733 -25698
-25683 -25640 -25622 -25615
-25529 -25498 -25471 -25449
-25417 -25411 -25394 -25385
-25380 -25374 -25358 -25354
-25350 -25340 -25316 -25245
-25241 -25217 -25203 -25181
-25171 -25145 -25144 -25115
-25057 -25043 -25042 -25020
-24988 -24968 -24964 -24959
-24941 -24864 -24825 -24786
-24767 -24757 -24757 -24711
-24702 -24660 -24562 -24547
-24543 -24481 -24462 -24445
-24431 -24369 -24363 -24351
-24348 -24322 -24312 -24308
-24295 -24275 -24262 -24261
-24261 -24245 -24207 -24158
-24136 -24125 -24125 -24105
-24096 -24069 -24038 -24004
-23961 -23954 -23907 -23844
-23840 -23834 -23794 -23751
-23721 -23691 -23688 -23646
-23644 -23626 -23618 -23599
-23548 -23533 -23506 -23505
-23476 -23404 -23393 -23358
-23354 -23346 -23301 -23298
-23289 -23257 -23240 -23234
-23228 -23223 -23159 -23158
-23127 -23116 -23087 -23051
-23026 -22987 -22985 -22983
-22972 -22962 -22938 -22903
-22896 -22895 -22863 -22850
-22848 -22846 -22843 -22814
-22808 -22807 -22793 -22776
-22770 -22760 -22708 -22692
-22690 -22670 -22666 -22617
-22591 -22591 -22583 -22565
-22541 -22508 -22488 -22482
-22481 -22467 -22424 -22416
-22415 -22387 -22368 -22353
-22333 -22331 -22281 -22237
-22212 -22196 -22196 -22184
-22179 -22167 -22081 -22054
-22032 -21961 -21941 -21929
-21904 -21898 -21872 -21852
-21844 -21827 -21796 -21781
-21746 -21733 -21729 -21712
-21698 -21697 -21665 -21663
-21658 -21613 -21606 -21606
-21583 -21534 -21532 -21500
-21452 -21435 -21429 -21426
-21407 -21302 -21256 -21209
-21189 -21186 -21159 -21152
-21134 -21129 -21123 -21104
-21077 -21007 -20998 -20958
-20934 -20930 -20879 -20873
-20839 -20825 -20818 -20799
-20737 -20675 -20667 -20629
-20601 -20589 -20527 -20507
-20491 -20491 -20487 -20483
-20475 -20460 -20449 -20437
-20435 -20353 -20346 -20345
-20328 -20319 -20303 -20301
-20258 -20216 -20212 -20182
-20171 -20032 -20027 -20005
-20000 -19990 -19981 -19947
-19884 -19883 -19833 -19810
-19795 -19794 -19776 -19774
-19763 -19757 -19625 -19560
-19559 -19544 -19543 -19518
-19507 -19484 -19478 -19468
-19466 -19459 -19434 -19419
-19396 -19316 -19315 -19313
-19312 -19306 -19298 -19297
-19293 -19284 -19280 -19262
-19191 -19123 -19079 -19060
-19053 -19005 -19002 -18991
-18959 -18959 -18937 -18922
-18915 -18911 -18882 -18881
-18838 -18826 -18818 -18811
-18793 -18770 -18761 -18757
-18747 -18739 -18712 -18681
-18654 -18643 -18618 -18583
-18555 -18535 -18478 -18472
-18462 -18380 -18379 -18358
-18357 -18349 -18347 -18326
-18324 -18276 -18174 -18128
-18112 -18110 -18076 -18065
-18055 -18020 -18019 -17962
-17930 -17929 -17920 -17899
-17885 -17866 -17830 -17787
-17769 -17760 -17743 -17695
-17689 -17685 -17646 -17594
-17549 -17549 -17535 -17530
-17522 -17482 -17476 -17474
-17466 -17466 -17421 -17386
-17346 -17334 -17308 -17305
-17293 -17230 -17225 -17224
-17222 -17218 -17212 -17197
-17159 -17122 -17101 -17065
-17026 -17005 -16992 -16959
-16937 -16926 -16894 -16894
-16777 -16762 -16710 -16677
-16666 -16632 -16617 -16605
-16594 -16573 -16561 -16543
-16524 -16519 -16493 -16468
-16446 -16422 -16400 -16377
-16371 -16365 -16356 -16351
-16320 -16306 -16289 -16283
-16231 -16211 -16196 -16119
-16108 -16068 -16018 -16017
-16005 -15983 -15960 -15941
-15910 -15883 -15879 -15872
-15858 -15838 -15823 -15814
-15790 -15706 -15689 -15688
-15676 -15666 -15650 -15633
-15614 -15607 -15586 -15553
-15533 -15526 -15504 -15503
-15482 -15469 -15443 -15432
-15416 -15397 -15377 -15265
-15255 -15245 -15244 -15219
-15209 -15197 -15192 -15189
-15140 -15126 -15111 -15104
-15091 -15048 -15030 -14987
-14982 -14976 -14948 -14944
-14939 -14909 -14906 -14884
-14749 -14719 -14659 -14599
-14516 -14515 -14489 -14466
-14466 -14427 -14408 -14384
-14381 -14365 -14253 -14228
-14215 -14150 -14146 -14142
-14104 -14073 -14013 -13984
-13979 -13975 -13969 -13954
-13935 -13897 -13890 -13850
-13830 -13798 -13757 -13738
-13730 -13721 -13698 -13688
-13677 -13635 -13611 -13548
-13537 -13467 -13465 -13457
-13446 -13433 -13377 -13322
-13307 -13300 -13299 -13295
-13275 -13260 -13250 -13235
-13205 -13199 -13181 -13159
-13159 -13150 -13124 -13110
-13093 -13027 -12999 -12990
-12981 -12972 -12933 -12930
-12924 -12915 -12876 -12872
-12868 -12849 -12840 -12839
-12776 -12768 -12756 -12755
-12671 -12639 -12598 -12543
-12483 -12444 -12436 -12403
-12368 -12353 -12309 -12280
-12251 -12227 -12174 -12173
-12130 -12103 -12077 -12058
-12004 -11922 -11877 -11860
-11850 -11850 -11833 -11833
-11778 -11749 -11744 -11723
-11716 -11714 -11702 -11675
-11663 -11629 -11615 -11591
-11556 -11552 -11548 -11534
-11526 -11512 -11504 -11443
-11436 -11339 -11298 -11264
-11254 -11225 -11208 -11166
-11137 -11132 -11073 -11054
-11028 -11013 -10992 -10966
-10964 -10962 -10961 -10925
-10911 -10905 -10803 -10783
-10761 -10748 -10746 -10732
-10682 -10644 -10632 -10610
-10609 -10583 -10559 -10547
-10509 -10477 -10454 -10399
-10381 -10380 -10328 -10326
-10314 -10312 -10311 -10298
-10291 -10232 -10223 -10216
-10212 -10201 -10196 -10185
-10160 -10157 -10148 -10129
-10087 -10085 -10067 -10052
-10003 -9948 -9937 -9932
-9931 -9923 -9909 -9868
-9863 -9863 -9807 -9804
-9790 -9752 -9738 -9684
-9647 -9636 -9635 -9616
-9599 -9587 -9568 -9559
-9516 -9495 -9469 -9449
-9445 -9404 -9403 -9357
-9315 -9291 -9290 -9285
-9221 -9211 -9201 -9170
-9135 -9133 -9124 -9124
-9064 -9062 -9033 -9018
-8999 -8916 -8869 -8869
-8848 -8848 -8846 -8815
-8778 -8765 -8595 -8545
-8534 -8526 -8522 -8478
-8467 -8461 -8439 -8423
-8391 -8387 -8375 -8372
-8345 -8309 -8292 -8224
-8189 -8151 -8145 -8073
-8040 -8029 -8020 -8007
-7990 -7986 -7970 -7969
-7961 -7928 -7900 -7883
-7865 -7849 -7830 -7822
-7822 -7775 -7731 -7719
-7718 -7682 -7675 -7651
-7648 -7647 -7560 -7553
-7518 -7517 -7514 -7466
-7450 -7442 -7422 -7411
-7397 -7385 -7380 -7373
-7330 -7289 -7280 -7278
-7273 -7270 -7263 -7237
-7234 -7202 -7198 -7186
-7165 -7156 -7156 -7120
-7100 -7091 -7083 -7078
-7063 -7054 -7028 -6987
-6975 -6975 -6945 -6930
-6919 -6897 -6894 -6875
-6856 -6848 -6834 -6831
-6831 -6812 -6762 -6720
-6673 -6670 -6658 -6633
-6632 -6589 -6529 -6529
-6453 -6438 -6417 -6393
-6362 -6334 -6322 -6316
-6303 -6256 -6223 -6196
-6190 -6158 -6122 -6112
-6111 -6062 -6045 -6011
-6009 -5999 -5985 -5980
-5972 -5943 -5884 -5862
-5817 -5789 -5748 -5746
-5710 -5703 -5689 -5625
-5617 -5585 -5561 -5550
-5550 -5547 -5538 -5515
-5504 -5500 -5498 -5478
-5421 -5410 -5404 -5397
-5382 -5348 -5251 -5245
-5244 -5205 -5140 -5135
-5134 -5122 -5103 -5098
-5081 -5077 -5071 -5055
-5043 -5026 -5023 -4976
-4945 -4935 -4933 -4863
-4858 -4856 -4808 -4794
-4740 -4740 -4734 -4685
-4634 -4485 -4442 -4409
-4370 -4365 -4344 -4328
-4308 -4281 -4277 -4262
-4251 -4225 -4178 -4163
-4156 -4141 -4141 -4059
-4057 -4047 -4031 -4021
-3973 -3963 -3926 -3884
-3867 -3865 -3861 -3847
-3790 -3743 -3732 -3722
-3713 -3651 -3649 -3624
-3597 -3593 -3518 -3471
-3460 -3421 -3403 -3349
-3348 -3319 -3296 -3282
-3263 -3254 -3211 -3196
-3191 -3150 -3113 -3097
-3096 -3088 -3078 -3058
-3050 -3049 -3041 -3038
-3035 -3009 -2991 -2986
-2912 -2907 -2902 -2898
-2865 -2862 -2847 -2833
-2811 -2792 -2786 -2773
-2748 -2724 -2688 -2672
-2645 -2632 -2608 -2598
-2594 -2591 -2517 -2462
-2408 -2367 -2352 -2335
-2331 -2327 -2311 -2286
-2265 -2262 -2246 -2228
-2225 -2217 -2198 -2195
-2167 -2166 -2157 -2131
-2084 -2070 -2060 -2038
-2019 -2012 -2010 -2000
-1942 -1891 -1887 -1881
-1834 -1810 -1790 -1787
-1773 -1772 -1695 -1629
-1549 -1519 -1497 -1474
-1467 -1460 -1460 -1444
-1432 -1412 -1369 -1367
-1366 -1304 -1302 -1296
-1288 -1265 -1243 -1204
-1197 -1190 -1187 -1166
-1149 -1134 -1133 -1078
-1043 -1040 -1035 -1034
-1001 -988 -978 -961
-940 -916 -885 -859
-859 -846 -829 -736
-717 -713 -711 -706
-702 -700 -685 -645
-643 -634 -620 -619
-617 -614 -600 -570
-547 -542 -533 -522
-496 -485 -449 -434
-427 -421 -410 -394
-345 -325 -286 -225
-216 -211 -181 -161
-140 -118 -67 -53
-49 -39 -34 -29
-7 5 41 98
103 153 193 209
211 216 233 293
304 327 329 330
340 350 365 380
387 391 396 426
428 450 465 470
494 497 508 544
608 611 613 669
685 686 697 705
739 801 820 829
863 864 895 912
913 933 957 998
1006 1014 1017 1067
1072 1103 1153 1194
1223 1257 1267 1315
1375 1415 1416 1424
1453 1467 1470 1481
1524 1590 1613 1614
1620 1646 1667 1719
1728 1790 1870 1876
1883 1923 1976 1990
1994 2009 2013 2015
2022 2025 2034 2061
2086 2103 2103 2153
2195 2202 2211 2232
2245 2257 2290 2361
2376 2406 2419 2446
2462 2487 2489 2537
2546 2549 2576 2585
2645 2651 2668 2670
2680 2685 2687 2712
2748 2749 2787 2792
2797 2837 2838 2855
2861 2867 2880 2914
2924 2931 2940 2971
2973 2997 3003 3015
3022 3042 3087 3095
3098 3102 3123 3173
3199 3201 3265 3280
3281 3297 3308 3358
3371 3375 3394 3451
3460 3474 3529 3549
3572 3595 3620 3650
3651 3670 3688 3704
3725 3726 3745 3840
3870 3918 3936 3953
3975 3995 3997 3999
4006 4028 4076 4115
4180 4211 4232 4237
4262 4386 4400 4416
4429 4434 4434 4472
4487 4514 4518 4559
4570 4572 4598 4637
4706 4732 4752 4803
4837 4859 4862 4866
4892 4899 4917 4973
4986 4990 5006 5013
5034 5084 5088 5097
5101 5111 5123 5129
5189 5205 5206 5231
5248 5263 5296 5310
5337 5354 5390 5426
5454 5463 5490 5496
5513 5603 5672 5674
5679 5685 5721 5732
5745 5766 5814 5838
5838 5867 5885 5974
6002 6006 6071 6076
6079 6094 6105 6106
6113 6135 6148 6159
6174 6207 6242 6262
6273 6285 6287 6316
6322 6329 6364 6379
6389 6441 6458 6482
6503 6544 6648 6693
6700 6728 6742 6744
6760 6772 6785 6790
6792 6841 6848 6869
6890 6901 6905 6923
6928 6953 6959 6995
7003 7021 7027 7029
7114 7138 7174 7175
7190 7210 7230 7234
7255 7334 7335 7402
7404 7420 7460 7495
7528 7587 7614 7670
7724 7735 7767 7773
7783 7801 7816 7875
7877 7890 7928 7944
8006 8009 8049 8082
8167 8169 8174 8181
8230 8264 8265 8304
8331 8356 8357 8369
8403 8433 8492 8529
8547 8567 8585 8593
8605 8610 8614 8644
8664 8679 8715 8773
8773 8795 8798 8810
8819 8824 8852 8854
8856 8864 8887 8908
8974 8977 8993 9011
9013 9013 9023 9037
9052 9076 9095 9142
9166 9174 9202 9207
9212 9218 9230 9314
9338 9353 9402 9464
9481 9496 9531 9553
9557 9624 9633 9640
9658 9686 9699 9716
9780 9805 9835 9842
9844 9869 9908 9914
9915 9926 9935 9939
10002 10034 10085 10106
10122 10138 10149 10161
10178 10200 10236 10238
10266 10278 10288 10304
10319 10346 10358 10364
10396 10420 10425 10480
10500 10501 10516 10519
10541 10546 10568 10571
10581 10588 10612 10704
10747 10747 10751 10788
10793 10821 10867 10888
10956 10964 11011 11132
11151 11197 11210 11228
11242 11265 11294 11297
11331 11361 11394 11407
11417 11444 11457 11464
11474 11510 11574 11582
11606 11617 11662 11684
11713 11741 11763 11768
11784 11801 11802 11811
11813 11818 11903 11938
11953 12029 12041 12069
12099 12108 12115 12135
12141 12143 12160 12169
12170 12193 12225 12238
12261 12300 12314 12335
12408 12424 12475 12485
12542 12569 12573 12579
12626 12667 12679 12689
12716 12737 12753 12774
12785 12834 12836 12842
12843 12870 12916 12926
12972 12975 12981 12999
13046 13057 13069 13077
13081 13098 13107 13138
13178 13186 13271 13282
13283 13284 13327 13382
13414 13436 13468 13496
13499 13558 13591 13597
13722 13724 13729 13731
13732 13735 13745 13746
13750 13766 13771 13781
13782 13817 13822 13836
13867 13868 13912 13917
13994 14188 14188 14270
14303 14308 14333 14346
14348 14354 14377 14386
14393 14434 14444 14456
14465 14506 14517 14526
14541 14574 14589 14624
14696 14720 14730 14770
14773 14795 14802 14846
14924 14946 15049 15052
15059 15077 15090 15090
15095 15106 15114 15138
15143 15175 15182 15238
15243 15254 15266 15286
15298 15307 15320 15334
15357 15358 15396 15422
15434 15470 15573 15602
15627 15645 15666 15695
15711 15720 15734 15739
15795 15804 15823 15826
15853 15856 15865 15873
15897 15903 15911 15927
15939 15945 16026 16034
16046 16057 16100 16103
16107 16120 16121 16190
16235 16238 16261 16290
16299 16300 16301 16305
16314 16315 16359 16366
16374 16377 16429 16446
16466 16495 16497 16513
16531 16533 16544 16553
16624 16658 16760 16760
16765 16767 16772 16797
16869 16879 16921 16949
16993 16997 17034 17037
17049 17179 17209 17223
17230 17258 17296 17316
17334 17384 17411 17448
17453 17521 17545 17556
17574 17576 17611 17614
17629 17638 17644 17661
17678 17722 17735 17747
17772 17809 17825 17834
17841 17841 17857 17930
17939 17946 17954 17984
17996 18023 18048 18057
18071 18177 18188 18242
18247 18253 18267 18268
18274 18279 18292 18312
18338 18344 18345 18364
18370 18377 18384 18422
18427 18446 18455 18474
18518 18558 18585 18625
18661 18687 18708 18717
18773 18788 18790 18816
18817 18857 18877 18882
18908 18913 18958 18982
19015 19111 19137 19188
19188 19204 19244 19266
19352 19356 19368 19374
19440 19452 19491 19493
19530 19540 19552 19583
19600 19632 19668 19670
19680 19730 19847 19847
19895 19896 19896 19947
19980 19989 20010 20013
20061 20081 20083 20084
20102 20106 20124 20127
20141 20180 20181 20192
20221 20229 20241 20287
20291 20308 20311 20345
20352 20369 20380 20383
20383 20384 20386 20394
20408 20536 20550 20554
20557 20580 20585 20632
20662 20666 20713 20720
20747 20758 20786 20911
20960 20964 21037 21050
21102 21112 21115 21130
21185 21191 21200 21220
21220 21230 21234 21239
21239 21245 21269 21282
21300 21311 21320 21356
21375 21395 21401 21409
21409 21424 21430 21458
21460 21468 21502 21546
21558 21609 21615 21671
21748 21756 21814 21833
21840 21845 21873 21877
21895 21926 21949 21974
21982 22024 22103 22165
22184 22186 22235 22242
22267 22297 22324 22356
22374 22397 22401 22436
22460 22468 22476 22477
22504 22595 22599 22696
22709 22734 22736 22762
22768 22776 22821 22852
22863 22889 22955 22974
22984 23033 23048 23064
23076 23135 23180 23181
23184 23216 23226 23254
23316 23340 23349 23351
23435 23455 23481 23486
23486 23554 23605 23609
23617 23619 23646 23668
23704 23726 23762 23788
23809 23844 23854 23883
23886 23886 23890 23900
23955 24055 24090 24095
24114 24119 24128 24144
24191 24192 24228 24238
24282 24327 24330 24334
24345 24362 24417 24430
24433 24483 24486 24489
24547 24603 24644 24807
24825 24828 24861 24870
24877 24907 24977 25048
25103 25112 25156 25162
25189 25215 25216 25232
25271 25288 25308 25311
25329 25329 25375 25381
25390 25396 25397 25427
25467 25497 25499 25524
25591 25594 25599 25615
25642 25646 25649 25698
25703 25712 25721 25723
25764 25784 25785 25791
25830 25880 25922 25929
25946 25953 25976 25995
26004 26084 26108 26112
26137 26146 26152 26171
26183 26186 26211 26234
26315 26322 26347 26358
26393 26403 26404 26445
26488 26497 26499 26535
26557 26577 26588 26639
26658 26708 26712 26738
26741 26770 26779 26782
26809 26815 26877 26932
26992 26996 27033 27057
27063 27067 27068 27096
27178 27216 27245 27270
27310 27314 27325 27348
27385 27387 27401 27443
27519 27522 27555 27597
27602 27615 27617 27627
27658 27666 27674 27678
27683 27711 27717 27745
27747 27770 27807 27811
27857 27908 27933 27942
27947 27977 28001 28041
28056 28066 28098 28113
28116 28172 28173 28191
28220 28235 28256 28290
28333 28336 28371 28372
28386 28410 28418 28419
28438 28488 28520 28536
28546 28579 28583 28608
28616 28642 28650 28672
28673 28704 28705 28707
28719 28727 28757 28803
28835 28860 28871 28873
28878 28918 28938 28951
29015 29020 29023 29057
29071 29092 29099 29107
29111 29122 29191 29194
29212 29242 29269 29314
29318 29333 29348 29404
29435 29438 29449 29457
29503 29505 29510 29522
29529 29532 29556 29593
29598 29600 29605 29614
29621 29656 29711 29736
29753 29767 29825 29932
30006 30070 30078 30078
30131 30135 30139 30164
30181 30192 30236 30242
30246 30306 30339 30365
30387 30387 30398 30444
30455 30466 30466 30476
30499 30523 30530 30558
30565 30579 30602 30613
30627 30694 30695 30714
30717 30736 30748 30761
30764 30786 30855 30903
30955 30967 30989 31022
31088 31134 31144 31183
31185 31214 31223 31267
31286 31313 31358 31365
31401 31411 31412 31418
31424 31435 31440 31456
31485 31488 31492 31496
31573 31582 31589 31631
31678 31706 31739 31776
31789 31835 31844 31848
31865 31868 31938 31957
31975 31980 31984 31985
32010 32052 32087 32095
32101 32123 32170 32173
32176 32195 32203 32204
32276 32278 32298 32320
32386 32402 32408 32500
32611 32615 32666 32667
32672 32677 32716 32744
32750
