-32766 -32757 -32754 -32753
-32750 -32743 -32732 -32727
-32719 -32710 -32708 -32701
-32690 -32679 -32665 -32665
-32661 -32623 -32623 -32621
-32616 -32609 -32608 -32587
-32586 -32568 -32566 -32557
-32552 -32545 -32528 -32517
-32503 -32501 -32486 -32482
-32480 -32472 -32466 -32466
-32464 -32459 -32451 -32451
-32451 -32450 -32441 -32437
-32414 -32405 -32396 -32394
-32392 -32389 -32373 -32368
-32348 -32340 -32327 -32317
-32307 -32300 -32300 -32273
-32268 -32267 -32264 -32264
-32239 -32239 -32237 -32233
-32229 -32225 -32218 -32211
-32198 -32198 -32191 -32176
-32165 -32157 -32154 -32153
-32151 -32141 -32138 -32112
-32102 -32100 -32096 -32092
-32080 -32076 -32071 -32056
-32055 -32049 -32034 -32029
-32029 -32023 -32018 -32007
-32004 -31996 -31987 -31985
-31979 -31974 -31973 -31971
-31967 -31953 -31952 -31952
-31947 -31947 -31922 -31920
-31916 -31910 -31909 -31905
-31901 -31888 -31882 -31878
-31874 -31873 -31862 -31861
-31859 -31850 -31822 -31819
-31815 -31810 -31805 -31805
-31799 -31785 -31775 -31774
-31764 -31763 -31761 -31758
-31753 -31736 -31728 -31712
-31711 -31709 -31697 -31696
-31661 -31659 -31656 -31656
-31654 -31647 -31638 -31610
-31608 -31591 -31583 -31582
-31579 -31567 -31567 -31561
-31555 -31551 -31550 -31547
-31547 -31539 -31534 -31527
-31527 -31516 -31512 -31512
-31511 -31511 -31507 -31503
-31475 -31473 -31469 -31455
-31453 -31441 -31438 -31422
-31416 -31414 -31413 -31408
-31404 -31403 -31379 -31376
-31370 -31370 -31367 -31352
-31346 -31345 -31345 -31338
-31337 -31330 -31310 -31308
-31308 -31306 -31288 -31284
-31279 -31275 -31249 -31240
-31228 -31227 -31226 -31226
-31226 -31224 -31222 -31221
-31219 -31215 -31211 -31205
-31187 -31178 -31175 -31165
-31158 -31157 -31137 -31134
-31129 -31127 -31125 -31112
-31111 -31109 -31091 -31090
-31084 -31078 -31070 -31068
-31058 -31042 -31039 -31039
-31037 -31032 -31032 -31026
-31023 -31020 -31014 -31006
-30998 -30950 -30945 -30918
-30898 -30871 -30865 -30857
-30854 -30847 -30837 -30831
-30826 -30823 -30823 -30821
-30815 -30810 -30808 -30807
-30798 -30792 -30772 -30758
-30756 -30752 -30748 -30735
-30728 -30727 -30724 -30710
-30697 -30682 -30673 -30672
-30660 -30647 -30641 -30637
-30636 -30630 -30629 -30628
-30628 -30624 -30612 -30604
-30595 -30588 -30570 -30562
-30560 -30552 -30546 -30536
-30521 -30516 -30509 -30503
-30502 -30494 -30485 -30472
-30472 -30470 -30463 -30461
-30454 -30451 -30448 -30447
-30439 -30439 -30427 -30420
-30420 -30419 -30417 -30409
-30400 -30396 -30394 -30383
-30379 -30375 -30371 -30360
-30356 -30340 -30340 -30331
-30329 -30321 -30313 -30311
-30310 -30304 -30291 -30276
-30270 -30267 -30261 -30251
-30248 -30237 -30232 -30232
-30225 -30215 -30213 -30206
-30202 -30200 -30195 -30187
-30178 -30172 -30167 -30151
-30144 -30137 -30136 -30126
-30122 -30090 -30081 -30069
-30065 -30061 -30050 -30044
-30040 -30028 -30025 -30020
-30017 -30012 -30012 -30007
-30006 -30004 -29994 -29986
-29985 -29983 -29969 -29966
-29963 -29953 -29943 -29929
-29926 -29921 -29920 -29912
-29903 -29899 -29893 -29889
-29883 -29882 -29875 -29863
-29861 -29858 -29847 -29846
-29846 -29842 -29830 -29828
-29807 -29806 -29788 -29788
-29786 -29779 -29778 -29777
-29769 -29765 -29765 -29759
-29744 -29742 -29737 -29723
-29720 -29720 -29706 -29706
-29704 -29704 -29701 -29678
-29673 -29666 -29664 -29663
-29656 -29652 -29650 -29635
-29627 -29623 -29608 -29608
-29595 -29590 -29590 -29588
-29583 -29570 -29568 -29568
-29555 -29552 -29551 -29549
-29548 -29542 -29540 -29533
-29526 -29521 -29515 -29511
-29510 -29507 -29488 -29479
-29479 -29476 -29467 -29442
-29442 -29438 -29419 -29419
-29412 -29411 -29406 -29395
-29390 -29387 -29381 -29377
-29361 -29349 -29341 -29338
-29317 -29316 -29311 -29305
-29303 -29285 -29281 -29268
-29265 -29244 -29241 -29225
-29223 -29220 -29213 -29191
-29188 -29182 -29181 -29174
-29158 -29156 -29154 -29150
-29140 -29137 -29137 -29137
-29128 -29123 -29122 -29120
-29117 -29116 -29112 -29111
-29106 -29102 -29095 -29091
-29087 -29086 -29086 -29079
-29078 -29052 -29050 -29037
-29032 -29023 -29021 -29011
-29006 -28996 -28993 -28984
-28982 -28981 -28976 -28974
-28969 -28960 -28960 -28937
-28931 -28927 -28927 -28905
-28903 -28898 -28891 -28870
-28864 -28862 -28858 -28848
-28848 -28844 -28840 -28836
-28829 -28827 -28825 -28807
-28807 -28804 -28798 -28794
-28787 -28777 -28764 -28760
-28759 -28744 -28728 -28715
-28708 -28707 -28699 -28697
-28690 -28683 -28680 -28680
-28678 -28676 -28673 -28671
-28661 -28651 -28648 -28640
-28632 -28631 -28628 -28622
-28615 -28613 -28612 -28609
-28604 -28601 -28586 -28577
-28570 -28555 -28541 -28532
-28529 -28518 -28497 -28494
-28470 -28470 -28465 -28463
-28449 -28440 -28435 -28432
-28425 -28425 -28419 -28416
-28411 -28410 -28401 -28384
-28376 -28360 -28359 -28334
-28329 -28327 -28322 -28313
-28304 -28297 -28282 -28275
-28270 -28260 -28246 -28235
-28230 -28227 -28209 -28201
-28199 -28197 -28189 -28187
-28185 -28182 -28174 -28166
-28165 -28161 -28151 -28138
-28138 -28137 -28127 -28121
-28121 -28109 -28088 -28082
-28081 -28066 -28064 -28060
-28057 -28055 -28049 -28039
-28038 -28034 -28022 -28017
-28015 -27992 -27991 -27988
-27970 -27964 -27962 -27955
-27950 -27939 -27928 -27912
-27901 -27900 -27899 -27884
-27874 -27866 -27860 -27853
-27850 -27847 -27834 -27830
-27815 -27806 -27804 -27803
-27801 -27795 -27793 -27790
-27788 -27785 -27783 -27782
-27780 -27774 -27768 -27767
-27763 -27762 -27759 -27758
-27754 -27740 -27729 -27724
-27715 -27714 -27712 -27711
-27708 -27707 -27705 -27702
-27696 -27691 -27677 -27666
-27664 -27664 -27661 -27661
-27652 -27650 -27645 -27641
-27638 -27636 -27633 -27625
-27624 -27621 -27620 -27614
-27599 -27590 -27580 -27577
-27568 -27561 -27554 -27551
-27543 -27534 -27525 -27517
-27513 -27507 -27504 -27503
-27502 -27499 -27497 -27492
-27478 -27477 -27475 -27473
-27469 -27467 -27466 -27455
-27453 -27433 -27425 -27423
-27407 -27393 -27386 -27386
-27374 -27365 -27364 -27362
-27361 -27357 -27354 -27347
-27346 -27340 -27339 -27336
-27329 -27310 -27296 -27290
-27289 -27288 -27269 -27269
-27265 -27264 -27262 -27257
-27244 -27241 -27237 -27228
-27225 -27182 -27182 -27172
-27170 -27162 -27148 -27110
-27108 -27107 -27105 -27094
-27086 -27078 -27072 -27067
-27058 -27038 -27033 -27030
-27014 -27009 -26996 -26996
-26995 -26993 -26981 -26973
-26960 -26958 -26923 -26917
-26903 -26903 -26890 -26887
-26886 -26875 -26874 -26873
-26868 -26845 -26831 -26828
-26827 -26824 -26824 -26822
-26821 -26818 -26800 -26798
-26792 -26791 -26787 -26786
-26783 -26772 -26771 -26770
-26765 -26765 -26754 -26752
-26747 -26746 -26746 -26743
-26740 -26736 -26730 -26723
-26713 -26695 -26667 -26667
-26651 -26648 -26619 -26616
-26613 -26599 -26583 -26579
-26578 -26571 -26567 -26557
-26557 -26534 -26529 -26526
-26525 -26520 -26514 -26513
-26500 -26492 -26487 -26483
-26472 -26467 -26464 -26462
-26454 -26451 -26435 -26430
-26428 -26418 -26415 -26414
-26413 -26413 -26406 -26400
-26400 -26398 -26394 -26388
-26385 -26384 -26377 -26364
-26364 -26357 -26347 -26344
-26343 -26334 -26323 -26319
-26315 -26311 -26306 -26303
-26294 -26292 -26286 -26282
-26280 -26277 -26276 -26274
-26270 -26266 -26256 -26252
-26246 -26226 -26224 -26221
-26217 -26217 -26204 -26194
-26188 -26183 -26176 -26170
-26169 -26166 -26158 -26154
-26154 -26139 -26134 -26133
-26126 -26125 -26122 -26120
-26108 -26104 -26075 -26065
-26031 -26029 -26026 -26012
-26010 -26001 -25974 -25966
-25958 -25958 -25957 -25950
-25948 -25947 -25946 -25928
-25927 -25925 -25917 -25917
-25897 -25892 -25862 -25861
-25858 -25842 -25815 -25814
-25800 -25775 -25766 -25761
-25758 -25736 -25714 -25693
-25686 -25674 -25667 -25666
-25643 -25640 -25610 -25602
-25594 -25594 -25580 -25575
-25571 -25571 -25555 -25537
-25528 -25524 -25523 -25522
-25521 -25519 -25511 -25503
-25503 -25491 -25491 -25488
-25474 -25470 -25457 -25439
-25435 -25429 -25427 -25418
-25404 -25399 -25382 -25374
-25360 -25353 -25352 -25352
-25343 -25332 -25332 -25328
-25323 -25321 -25318 -25318
-25307 -25306 -25292 -25279
-25276 -25274 -25273 -25273
-25273 -25271 -25251 -25251
-25249 -25242 -25231 -25231
-25226 -25218 -25218 -25217
-25216 -25215 -25213 -25210
-25205 -25195 -25192 -25191
-25184 -25176 -25167 -25161
-25155 -25154 -25146 -25138
-25128 -25125 -25119 -25116
-25113 -25108 -25100 -25093
-25092 -25090 -25078 -25075
-25074 -25071 -25070 -25065
-25057 -25036 -25035 -25032
-25030 -25029 -25026 -25022
-25003 -24994 -24990 -24984
-24976 -24974 -24955 -24943
-24940 -24936 -24934 -24925
-24923 -24919 -24894 -24888
-24886 -24884 -24868 -24866
-24865 -24860 -24856 -24850
-24845 -24841 -24836 -24835
-24827 -24827 -24824 -24817
-24814 -24813 -24809 -24789
-24776 -24768 -24745 -24744
-24736 -24712 -24695 -24695
-24694 -24692 -24692 -24688
-24683 -24682 -24676 -24676
-24667 -24666 -24648 -24645
-24635 -24634 -24633 -24624
-24617 -24616 -24612 -24606
-24590 -24589 -24587 -24570
-24556 -24556 -24551 -24547
-24539 -24534 -24526 -24520
-24516 -24494 -24474 -24446
-24429 -24426 -24416 -24389
-24384 -24375 -24367 -24341
-24337 -24330 -24316 -24305
-24300 -24300 -24299 -24298
-24298 -24295 -24270 -24264
-24257 -24243 -24229 -24227
-24224 -24200 -24200 -24200
-24195 -24192 -24191 -24191
-24186 -24177 -24170 -24165
-24160 -24141 -24135 -24130
-24130 -24119 -24113 -24100
-24096 -24091 -24088 -24058
-24034 -24032 -24020 -24005
-24002 -23994 -23989 -23989
-23987 -23964 -23960 -23955
-23951 -23947 -23947 -23933
-23931 -23918 -23905 -23890
-23879 -23875 -23868 -23868
-23867 -23866 -23865 -23862
-23855 -23840 -23839 -23831
-23831 -23824 -23813 -23809
-23808 -23807 -23798 -23796
-23782 -23773 -23768 -23750
-23744 -23743 -23736 -23720
-23720 -23713 -23709 -23690
-23685 -23678 -23673 -23666
-23666 -23644 -23638 -23603
-23582 -23579 -23561 -23559
-23556 -23546 -23543 -23539
-23538 -23534 -23526 -23524
-23522 -23518 -23514 -23514
-23513 -23512 -23504 -23501
-23500 -23497 -23487 -23487
-23487 -23485 -23477 -23475
-23474 -23472 -23471 -23460
-23451 -23446 -23445 -23429
-23417 -23409 -23404 -23404
-23401 -23396 -23390 -23356
-23348 -23347 -23343 -23336
-23335 -23332 -23328 -23307
-23281 -23271 -23252 -23229
-23227 -23210 -23206 -23203
-23199 -23190 -23185 -23183
-23172 -23166 -23164 -23159
-23153 -23138 -23125 -23124
-23116 -23112 -23100 -23099
-23092 -23086 -23076 -23074
-23072 -23063 -23059 -23055
-23052 -23040 -23023 -23020
-23016 -23014 -23011 -23008
-23007 -23002 -22990 -22989
-22989 -22987 -22965 -22962
-22957 -22945 -22940 -22930
-22915 -22907 -22906 -22905
-22904 -22903 -22901 -22895
-22890 -22887 -22883 -22882
-22882 -22875 -22875 -22864
-22861 -22842 -22804 -22802
-22799 -22792 -22792 -22791
-22787 -22777 -22774 -22762
-22739 -22734 -22727 -22721
-22703 -22692 -22678 -22670
-22664 -22663 -22659 -22654
-22645 -22642 -22639 -22635
-22629 -22624 -22619 -22618
-22614 -22613 -22606 -22598
-22597 -22592 -22571 -22569
-22553 -22547 -22538 -22535
-22531 -22530 -22512 -22508
-22508 -22508 -22500 -22496
-22490 -22488 -22483 -22475
-22474 -22468 -22467 -22467
-22465 -22456 -22447 -22440
-22436 -22435 -22406 -22405
-22403 -22366 -22352 -22350
-22337 -22331 -22314 -22313
-22309 -22306 -22258 -22243
-22241 -22239 -22238 -22230
-22225 -22219 -22217 -22212
-22201 -22190 -22188 -22181
-22168 -22160 -22147 -22140
-22127 -22124 -22110 -22104
-22102 -22099 -22098 -22096
-22094 -22090 -22087 -22082
-22082 -22068 -22067 -22066
-22062 -22042 -22033 -22028
-22024 -22019 -22013 -22010
-22009 -22003 -21990 -21980
-21978 -21959 -21943 -21915
-21902 -21891 -21884 -21883
-21870 -21856 -21852 -21848
-21844 -21836 -21836 -21825
-21823 -21820 -21816 -21811
-21807 -21803 -21803 -21793
-21778 -21757 -21741 -21732
-21721 -21715 -21712 -21708
-21707 -21705 -21692 -21692
-21689 -21688 -21685 -21684
-21676 -21675 -21674 -21673
-21653 -21649 -21606 -21603
-21601 -21595 -21595 -21593
-21587 -21583 -21577 -21573
-21572 -21571 -21568 -21565
-21563 -21559 -21546 -21542
-21523 -21522 -21509 -21507
-21504 -21490 -21486 -21471
-21461 -21439 -21439 -21420
-21381 -21371 -21370 -21368
-21366 -21362 -21350 -21347
-21335 -21322 -21316 -21314
-21313 -21312 -21306 -21289
-21284 -21278 -21273 -21273
-21255 -21252 -21248 -21237
-21235 -21231 -21223 -21205
-21191 -21187 -21186 -21166
-21164 -21143 -21143 -21133
-21130 -21124 -21123 -21122
-21122 -21103 -21089 -21089
-21088 -21085 -21075 -21070
-21067 -21067 -21055 -21054
-21045 -21043 -21040 -21039
-21034 -21024 -21018 -21018
-21008 -20988 -20987 -20981
-20979 -20970 -20924 -20919
-20894 -20886 -20872 -20871
-20871 -20860 -20850 -20844
-20836 -20819 -20819 -20818
-20810 -20808 -20787 -20787
-20782 -20774 -20771 -20770
-20762 -20747 -20735 -20714
-20713 -20712 -20708 -20705
-20702 -20697 -20691 -20688
-20679 -20675 -20672 -20671
-20650 -20620 -20619 -20618
-20611 -20598 -20590 -20576
-20574 -20572 -20564 -20564
-20563 -20556 -20531 -20530
-20512 -20511 -20508 -20501
-20497 -20491 -20489 -20482
-20482 -20480 -20477 -20473
-20462 -20459 -20456 -20456
-20452 -20450 -20446 -20444
-20432 -20432 -20432 -20424
-20418 -20405 -20403 -20395
-20395 -20383 -20377 -20365
-20363 -20363 -20362 -20359
-20353 -20335 -20325 -20318
-20313 -20312 -20309 -20309
-20296 -20295 -20283 -20282
-20277 -20268 -20266 -20252
-20250 -20231 -20225 -20224
-20223 -20206 -20205 -20204
-20199 -20198 -20194 -20191
-20187 -20183 -20181 -20170
-20164 -20158 -20156 -20146
-20139 -20131 -20126 -20126
-20118 -20115 -20114 -20109
-20107 -20103 -20100 -20100
-20094 -20093 -20055 -20051
-20046 -20042 -20039 -20037
-20031 -20027 -20027 -20007
-19994 -19992 -19992 -19988
-19987 -19983 -19960 -19958
-19957 -19955 -19945 -19927
-19919 -19911 -19908 -19902
-19900 -19898 -19893 -19890
-19881 -19879 -19878 -19876
-19875 -19868 -19863 -19860
-19845 -19844 -19841 -19841
-19823 -19821 -19810 -19806
-19800 -19795 -19792 -19782
-19749 -19745 -19744 -19735
-19727 -19718 -19709 -19706
-19697 -19695 -19684 -19682
-19675 -19659 -19657 -19650
-19642 -19638 -19633 -19630
-19624 -19610 -19609 -19577
-19566 -19561 -19561 -19556
-19540 -19538 -19536 -19534
-19528 -19527 -19527 -19526
-19523 -19517 -19511 -19502
-19498 -19488 -19477 -19472
-19469 -19464 -19446 -19445
-19444 -19440 -19434 -19433
-19430 -19422 -19419 -19417
-19412 -19406 -19401 -19398
-19394 -19389 -19376 -19369
-19361 -19357 -19353 -19337
-19336 -19329 -19322 -19320
-19317 -19312 -19311 -19302
-19281 -19280 -19263 -19260
-19254 -19250 -19242 -19239
-19239 -19230 -19226 -19225
-19204 -19181 -19169 -19163
-19162 -19161 -19155 -19153
-19141 -19138 -19131 -19128
-19128 -19119 -19110 -19110
-19109 -19106 -19105 -19101
-19096 -19075 -19073 -19056
-19053 -19035 -19027 -19011
-19010 -19008 -19001 -19000
-18998 -18994 -18979 -18972
-18968 -18955 -18948 -18948
-18947 -18946 -18936 -18934
-18933 -18932 -18927 -18921
-18919 -18911 -18908 -18908
-18907 -18906 -18882 -18870
-18870 -18859 -18858 -18854
-18853 -18851 -18847 -18843
-18837 -18836 -18835 -18834
-18815 -18813 -18809 -18803
-18798 -18793 -18791 -18790
-18790 -18786 -18780 -18775
-18772 -18771 -18758 -18758
-18752 -18748 -18744 -18743
-18742 -18742 -18737 -18736
-18722 -18719 -18719 -18710
-18703 -18686 -18681 -18665
-18653 -18643 -18640 -18637
-18635 -18630 -18623 -18584
-18571 -18566 -18557 -18538
-18521 -18516 -18510 -18509
-18501 -18495 -18473 -18472
-18469 -18465 -18442 -18441
-18430 -18423 -18421 -18418
-18412 -18409 -18404 -18402
-18395 -18386 -18383 -18377
-18374 -18368 -18363 -18354
-18354 -18351 -18343 -18339
-18337 -18335 -18316 -18311
-18310 -18292 -18273 -18270
-18266 -18256 -18245 -18235
-18232 -18174 -18174 -18160
-18148 -18147 -18140 -18139
-18135 -18126 -18120 -18106
-18105 -18103 -18091 -18091
-18089 -18060 -18053 -18049
-18038 -18038 -18028 -18021
-18018 -18014 -18003 -17995
-17990 -17980 -17978 -17977
-17964 -17954 -17948 -17941
-17937 -17934 -17934 -17932
-17930 -17927 -17911 -17908
-17904 -17896 -17877 -17875
-17869 -17858 -17856 -17847
-17836 -17820 -17820 -17810
-17784 -17780 -17777 -17771
-17753 -17751 -17751 -17720
-17716 -17715 -17712 -17709
-17701 -17695 -17687 -17685
-17680 -17669 -17669 -17657
-17655 -17634 -17627 -17625
-17622 -17619 -17617 -17603
-17594 -17587 -17580 -17570
-17569 -17559 -17553 -17544
-17515 -17489 -17480 -17470
-17462 -17442 -17440 -17435
-17432 -17424 -17422 -17420
-17414 -17410 -17394 -17385
-17379 -17364 -17364 -17360
-17351 -17348 -17344 -17334
-17330 -17317 -17299 -17297
-17294 -17292 -17289 -17289
-17287 -17278 -17274 -17250
-17247 -17244 -17239 -17231
-17226 -17195 -17194 -17186
-17185 -17174 -17169 -17166
-17153 -17151 -17151 -17132
-17129 -17128 -17123 -17109
-17109 -17105 -17097 -17090
-17086 -17080 -17073 -17072
-17068 -17064 -17057 -17054
-17047 -17047 -17019 -17000
-17000 -16999 -16986 -16980
-16975 -16958 -16950 -16939
-16932 -16926 -16922 -16922
-16919 -16910 -16910 -16910
-16885 -16858 -16858 -16834
-16834 -16833 -16832 -16831
-16828 -16822 -16821 -16792
-16781 -16781 -16771 -16761
-16756 -16735 -16733 -16730
-16730 -16719 -16714 -16699
-16689 -16675 -16663 -16656
-16650 -16648 -16644 -16643
-16629 -16624 -16622 -16617
-16606 -16604 -16580 -16578
-16576 -16558 -16551 -16547
-16546 -16545 -16538 -16516
-16501 -16497 -16493 -16486
-16480 -16464 -16449 -16446
-16442 -16438 -16436 -16435
-16429 -16417 -16408 -16405
-16403 -16401 -16391 -16389
-16388 -16382 -16379 -16370
-16369 -16367 -16356 -16349
-16344 -16340 -16339 -16338
-16336 -16328 -16323 -16299
-16289 -16288 -16278 -16267
-16266 -16266 -16260 -16258
-16243 -16234 -16232 -16227
-16217 -16209 -16205 -16197
-16195 -16187 -16183 -16176
-16175 -16175 -16164 -16164
-16131 -16128 -16115 -16115
-16115 -16092 -16081 -16080
-16064 -16060 -16060 -16059
-16051 -16045 -16045 -16043
-16030 -16029 -16019 -16014
-16005 -15997 -15995 -15994
-15986 -15983 -15981 -15965
-15955 -15953 -15936 -15935
-15931 -15930 -15923 -15919
-15916 -15906 -15904 -15900
-15895 -15890 -15890 -15889
-15885 -15880 -15875 -15872
-15869 -15857 -15851 -15837
-15834 -15830 -15826 -15824
-15823 -15822 -15813 -15803
-15801 -15800 -15797 -15782
-15780 -15775 -15772 -15770
-15762 -15755 -15750 -15730
-15730 -15725 -15722 -15704
-15700 -15698 -15676 -15674
-15666 -15664 -15658 -15635
-15631 -15626 -15603 -15589
-15585 -15580 -15562 -15552
-15545 -15542 -15541 -15538
-15537 -15536 -15535 -15532
-15532 -15523 -15522 -15519
-15500 -15460 -15455 -15445
-15444 -15444 -15434 -15425
-15416 -15405 -15404 -15402
-15398 -15393 -15390 -15381
-15379 -15371 -15363 -15360
-15349 -15346 -15339 -15339
-15337 -15336 -15318 -15315
-15310 -15284 -15269 -15269
-15265 -15259 -15243 -15241
-15217 -15213 -15212 -15208
-15206 -15203 -15195 -15192
-15190 -15183 -15182 -15178
-15176 -15170 -15169 -15157
-15151 -15149 -15139 -15132
-15130 -15125 -15124 -15116
-15113 -15110 -15092 -15091
-15089 -15081 -15062 -15060
-15055 -15052 -15042 -15040
-15036 -15027 -15027 -15020
-14996 -14979 -14975 -14974
-14967 -14962 -14956 -14941
-14938 -14936 -14931 -14930
-14928 -14925 -14924 -14919
-14911 -14905 -14902 -14894
-14892 -14879 -14862 -14860
-14859 -14848 -14838 -14826
-14820 -14819 -14811 -14803
-14797 -14786 -14782 -14782
-14779 -14778 -14777 -14771
-14730 -14714 -14698 -14698
-14698 -14695 -14694 -14694
-14692 -14690 -14681 -14681
-14678 -14672 -14668 -14665
-14659 -14656 -14643 -14638
-14628 -14618 -14615 -14607
-14602 -14602 -14577 -14576
-14574 -14562 -14559 -14556
-14546 -14536 -14535 -14529
-14524 -14518 -14510 -14508
-14505 -14502 -14494 -14489
-14487 -14472 -14470 -14462
-14455 -14454 -14444 -14442
-14440 -14425 -14424 -14418
-14407 -14397 -14385 -14364
-14362 -14358 -14357 -14356
-14355 -14347 -14338 -14331
-14327 -14324 -14315 -14315
-14311 -14309 -14309 -14309
-14296 -14296 -14295 -14294
-14281 -14275 -14273 -14239
-14232 -14226 -14207 -14205
-14200 -14180 -14175 -14169
-14160 -14157 -14155 -14155
-14153 -14151 -14146 -14142
-14141 -14133 -14128 -14127
-14114 -14091 -14076 -14064
-14062 -14036 -14036 -14031
-14017 -14014 -14008 -13998
-13997 -13984 -13984 -13972
-13965 -13948 -13935 -13934
-13933 -13924 -13923 -13922
-13921 -13913 -13903 -13902
-13901 -13901 -13897 -13892
-13885 -13882 -13873 -13867
-13860 -13850 -13848 -13846
-13841 -13840 -13838 -13816
-13808 -13799 -13793 -13789
-13782 -13781 -13769 -13764
-13756 -13752 -13748 -13743
-13739 -13733 -13728 -13701
-13701 -13694 -13692 -13689
-13686 -13684 -13680 -13671
-13664 -13663 -13659 -13635
-13632 -13624 -13622 -13616
-13613 -13600 -13599 -13592
-13591 -13590 -13590 -13586
-13578 -13573 -13571 -13558
-13556 -13537 -13530 -13489
-13489 -13451 -13449 -13449
-13427 -13405 -13398 -13393
-13392 -13378 -13369 -13364
-13359 -13347 -13344 -13338
-13330 -13330 -13326 -13315
-13313 -13312 -13302 -13300
-13299 -13296 -13283 -13274
-13269 -13269 -13268 -13265
-13262 -13247 -13244 -13227
-13226 -13226 -13223 -13222
-13211 -13211 -13207 -13199
-13199 -13192 -13190 -13189
-13184 -13179 -13167 -13152
-13152 -13151 -13147 -13140
-13139 -13131 -13124 -13107
-13107 -13101 -13101 -13098
-13095 -13081 -13070 -13070
-13069 -13065 -13049 -13041
-13039 -13024 -13018 -13014
-13007 -13005 -13004 -12999
-12997 -12992 -12987 -12983
-12979 -12978 -12977 -12973
-12951 -12942 -12941 -12934
-12921 -12920 -12900 -12897
-12896 -12890 -12889 -12880
-12880 -12860 -12855 -12831
-12830 -12823 -12818 -12802
-12795 -12790 -12785 -12782
-12773 -12773 -12772 -12761
-12747 -12746 -12742 -12742
-12737 -12734 -12731 -12731
-12726 -12720 -12715 -12714
-12713 -12708 -12704 -12702
-12695 -12672 -12670 -12664
-12654 -12651 -12651 -12650
-12648 -12630 -12626 -12597
-12594 -12581 -12581 -12574
-12573 -12569 -12562 -12553
-12545 -12539 -12505 -12505
-12496 -12490 -12474 -12462
-12459 -12458 -12451 -12447
-12442 -12434 -12430 -12414
-12406 -12403 -12397 -12396
-12396 -12387 -12364 -12337
-12334 -12331 -12329 -12328
-12327 -12320 -12317 -12308
-12303 -12300 -12298 -12297
-12296 -12296 -12296 -12280
-12276 -12272 -12270 -12252
-12251 -12251 -12245 -12245
-12229 -12210 -12143 -12126
-12120 -12119 -12112 -12112
-12111 -12101 -12095 -12094
-12093 -12087 -12077 -12072
-12061 -12059 -12056 -12038
-12023 -11979 -11979 -11978
-11974 -11964 -11961 -11946
-11946 -11942 -11920 -11902
-11892 -11891 -11888 -11883
-11856 -11854 -11848 -11845
-11841 -11817 -11809 -11800
-11796 -11792 -11790 -11785
-11780 -11777 -11767 -11754
-11740 -11735 -11731 -11728
-11724 -11716 -11699 -11694
-11693 -11680 -11678 -11674
-11671 -11671 -11664 -11653
-11649 -11645 -11643 -11634
-11629 -11627 -11626 -11614
-11611 -11592 -11587 -11575
-11565 -11560 -11560 -11555
-11544 -11543 -11534 -11533
-11525 -11521 -11521 -11515
-11508 -11499 -11494 -11493
-11492 -11482 -11475 -11458
-11452 -11444 -11440 -11438
-11435 -11425 -11401 -11397
-11389 -11380 -11374 -11372
-11366 -11365 -11365 -11364
-11363 -11363 -11358 -11349
-11336 -11332 -11331 -11327
-11324 -11301 -11297 -11296
-11274 -11266 -11263 -11259
-11252 -11251 -11244 -11214
-11209 -11195 -11189 -11183
-11181 -11181 -11180 -11177
-11155 -11145 -11139 -11138
-11131 -11126 -11125 -11125
-11079 -11078 -11072 -11071
-11068 -11062 -11061 -11053
-11043 -11033 -11030 -11029
-11027 -11026 -11020 -11020
-11014 -11006 -10994 -10978
-10975 -10975 -10967 -10956
-10950 -10943 -10932 -10929
-10918 -10917 -10911 -10901
-10892 -10886 -10882 -10863
-10861 -10849 -10835 -10832
-10823 -10805 -10801 -10788
-10788 -10786 -10768 -10764
-10759 -10746 -10743 -10735
-10732 -10728 -10727 -10726
-10720 -10716 -10708 -10679
-10675 -10669 -10657 -10644
-10642 -10633 -10632 -10631
-10627 -10622 -10621 -10615
-10608 -10602 -10600 -10598
-10595 -10590 -10574 -10555
-10554 -10551 -10548 -10542
-10537 -10535 -10533 -10521
-10517 -10504 -10498 -10490
-10482 -10471 -10464 -10450
-10446 -10444 -10433 -10433
-10405 -10401 -10384 -10377
-10359 -10318 -10314 -10310
-10295 -10287 -10280 -10270
-10238 -10237 -10224 -10223
-10207 -10204 -10202 -10197
-10189 -10173 -10173 -10167
-10161 -10160 -10156 -10151
-10150 -10140 -10137 -10133
-10129 -10125 -10114 -10092
-10071 -10070 -10064 -10064
-10064 -10061 -10061 -10053
-10053 -10043 -10030 -10028
-10028 -10027 -10025 -10024
-10016 -10016 -10007 -9991
-9983 -9980 -9980 -9978
-9961 -9949 -9947 -9936
-9936 -9933 -9932 -9924
-9910 -9893 -9884 -9881
-9870 -9849 -9847 -9843
-9823 -9822 -9815 -9814
-9814 -9805 -9800 -9791
-9772 -9766 -9762 -9720
-9715 -9715 -9699 -9681
-9680 -9663 -9654 -9644
-9638 -9631 -9628 -9624
-9619 -9613 -9610 -9609
-9602 -9601 -9577 -9571
-9571 -9568 -9556 -9554
-9554 -9547 -9540 -9539
-9535 -9532 -9530 -9527
-9520 -9518 -9497 -9488
-9483 -9471 -9464 -9464
-9463 -9462 -9460 -9457
-9444 -9438 -9430 -9429
-9427 -9420 -9417 -9416
-9406 -9406 -9389 -9385
-9382 -9357 -9349 -9342
-9334 -9332 -9329 -9327
-9315 -9314 -9307 -9298
-9285 -9282 -9281 -9259
-9251 -9235 -9233 -9226
-9223 -9216 -9213 -9211
-9203 -9194 -9192 -9189
-9182 -9172 -9167 -9164
-9164 -9164 -9137 -9132
-9120 -9120 -9120 -9116
-9112 -9098 -9098 -9094
-9083 -9081 -9080 -9076
-9074 -9074 -9068 -9066
-9065 -9057 -9055 -9049
-9042 -9031 -9016 -9007
-8987 -8978 -8978 -8964
-8958 -8954 -8940 -8931
-8918 -8900 -8887 -8883
-8881 -8866 -8863 -8861
-8860 -8834 -8830 -8823
-8820 -8803 -8799 -8794
-8790 -8782 -8782 -8759
-8746 -8742 -8741 -8738
-8735 -8731 -8731 -8730
-8719 -8717 -8716 -8709
-8703 -8697 -8668 -8667
-8657 -8657 -8652 -8651
-8643 -8640 -8639 -8637
-8634 -8623 -8616 -8604
-8603 -8597 -8591 -8583
-8582 -8579 -8575 -8575
-8572 -8568 -8563 -8563
-8539 -8535 -8520 -8513
-8513 -8473 -8462 -8456
-8455 -8455 -8444 -8439
-8438 -8436 -8432 -8431
-8427 -8426 -8426 -8425
-8421 -8404 -8400 -8396
-8381 -8372 -8357 -8356
-8347 -8340 -8340 -8337
-8318 -8314 -8310 -8298
-8294 -8282 -8277 -8259
-8258 -8254 -8246 -8244
-8242 -8228 -8222 -8212
-8209 -8205 -8199 -8178
-8175 -8168 -8149 -8145
-8143 -8138 -8136 -8128
-8122 -8115 -8106 -8105
-8103 -8102 -8101 -8099
-8098 -8080 -8076 -8071
-8069 -8058 -8045 -8041
-8039 -8035 -8026 -8024
-8023 -8018 -8018 -8017
-8017 -8015 -8007 -8003
-8001 -8000 -7996 -7979
-7964 -7962 -7943 -7941
-7941 -7937 -7934 -7933
-7931 -7915 -7906 -7906
-7893 -7892 -7891 -7886
-7884 -7878 -7835 -7823
-7801 -7800 -7791 -7791
-7788 -7784 -7780 -7774
-7766 -7758 -7756 -7748
-7748 -7745 -7722 -7720
-7720 -7711 -7708 -7703
-7700 -7700 -7699 -7691
-7676 -7675 -7673 -7673
-7655 -7644 -7638 -7637
-7624 -7624 -7617 -7610
-7603 -7595 -7585 -7575
-7565 -7553 -7540 -7532
-7523 -7518 -7501 -7492
-7483 -7479 -7470 -7466
-7462 -7454 -7450 -7424
-7424 -7423 -7381 -7380
-7374 -7372 -7367 -7350
-7343 -7334 -7330 -7329
-7329 -7328 -7322 -7311
-7308 -7297 -7292 -7285
-7277 -7270 -7261 -7251
-7248 -7242 -7241 -7228
-7222 -7215 -7191 -7189
-7188 -7179 -7177 -7175
-7169 -7154 -7147 -7142
-7141 -7130 -7104 -7101
-7099 -7091 -7091 -7078
-7063 -7062 -7054 -7040
-7035 -7028 -7028 -7026
-7014 -7014 -7013 -7005
-6992 -6983 -6979 -6970
-6965 -6943 -6934 -6930
-6924 -6922 -6909 -6885
-6884 -6883 -6880 -6878
-6878 -6865 -6859 -6858
-6858 -6852 -6847 -6800
-6798 -6796 -6787 -6784
-6768 -6765 -6757 -6742
-6740 -6738 -6729 -6716
-6712 -6708 -6698 -6695
-6684 -6681 -6678 -6669
-6669 -6661 -6647 -6636
-6628 -6624 -6595 -6593
-6584 -6583 -6583 -6582
-6575 -6571 -6553 -6552
-6551 -6551 -6549 -6542
-6540 -6532 -6531 -6522
-6509 -6508 -6503 -6498
-6493 -6490 -6490 -6486
-6477 -6468 -6460 -6459
-6457 -6457 -6445 -6440
-6438 -6437 -6434 -6433
-6431 -6428 -6422 -6406
-6393 -6389 -6372 -6367
-6364 -6362 -6362 -6358
-6357 -6355 -6354 -6352
-6350 -6348 -6347 -6344
-6340 -6338 -6331 -6329
-6315 -6309 -6307 -6306
-6293 -6288 -6279 -6264
-6263 -6254 -6247 -6244
-6227 -6226 -6216 -6204
-6160 -6158 -6158 -6157
-6152 -6146 -6137 -6129
-6119 -6117 -6115 -6112
-6106 -6099 -6084 -6084
-6076 -6071 -6070 -6057
-6054 -6054 -6048 -6046
-6037 -6030 -6024 -6023
-6019 -5987 -5987 -5984
-5984 -5962 -5935 -5931
-5925 -5918 -5908 -5905
-5896 -5885 -5878 -5878
-5872 -5871 -5870 -5854
-5852 -5847 -5846 -5828
-5823 -5822 -5816 -5814
-5814 -5807 -5795 -5774
-5773 -5764 -5761 -5758
-5755 -5754 -5749 -5732
-5726 -5720 -5717 -5713
-5705 -5699 -5697 -5688
-5675 -5675 -5671 -5665
-5631 -5628 -5627 -5620
-5615 -5615 -5610 -5596
-5595 -5566 -5564 -5559
-5556 -5551 -5551 -5541
-5538 -5538 -5538 -5536
-5528 -5513 -5508 -5505
-5501 -5500 -5491 -5491
-5479 -5471 -5467 -5461
-5455 -5452 -5450 -5450
-5447 -5443 -5441 -5412
-5398 -5392 -5392 -5371
-5370 -5360 -5360 -5341
-5324 -5320 -5316 -5304
-5296 -5296 -5295 -5294
-5293 -5277 -5272 -5271
-5269 -5260 -5256 -5255
-5251 -5250 -5249 -5240
-5236 -5235 -5231 -5231
-5230 -5223 -5217 -5210
-5201 -5201 -5193 -5178
-5173 -5160 -5149 -5136
-5133 -5131 -5129 -5122
-5122 -5106 -5105 -5103
-5093 -5092 -5092 -5090
-5090 -5088 -5086 -5083
-5082 -5073 -5068 -5063
-5061 -5059 -5058 -5049
-5047 -5034 -5015 -5014
-5003 -5001 -4999 -4992
-4991 -4989 -4976 -4975
-4972 -4967 -4964 -4958
-4951 -4943 -4942 -4935
-4931 -4906 -4896 -4896
-4893 -4883 -4882 -4880
-4872 -4865 -4855 -4852
-4848 -4846 -4843 -4839
-4838 -4837 -4827 -4810
-4806 -4804 -4802 -4799
-4796 -4795 -4795 -4790
-4778 -4778 -4764 -4764
-4747 -4744 -4742 -4741
-4740 -4739 -4737 -4736
-4735 -4732 -4725 -4723
-4722 -4714 -4712 -4709
-4705 -4702 -4687 -4681
-4677 -4668 -4656 -4653
-4640 -4630 -4615 -4612
-4610 -4604 -4602 -4598
-4591 -4590 -4584 -4579
-4556 -4552 -4551 -4547
-4546 -4524 -4522 -4517
-4505 -4494 -4492 -4491
-4490 -4487 -4487 -4484
-4480 -4479 -4472 -4464
-4462 -4452 -4451 -4442
-4431 -4427 -4416 -4416
-4411 -4410 -4407 -4404
-4400 -4399 -4388 -4385
-4384 -4381 -4380 -4358
-4355 -4353 -4350 -4349
-4346 -4345 -4337 -4335
-4333 -4331 -4330 -4330
-4328 -4310 -4308 -4304
-4302 -4293 -4268 -4258
-4253 -4237 -4235 -4225
-4224 -4223 -4220 -4203
-4195 -4191 -4182 -4181
-4178 -4170 -4162 -4161
-4153 -4150 -4133 -4126
-4124 -4124 -4105 -4103
-4100 -4096 -4090 -4084
-4078 -4071 -4064 -4057
-4057 -4046 -4045 -4036
-4036 -4035 -4032 -4028
-4014 -4012 -4005 -3996
-3989 -3971 -3970 -3960
-3950 -3947 -3943 -3943
-3942 -3926 -3923 -3915
-3911 -3907 -3904 -3898
-3896 -3893 -3881 -3879
-3871 -3869 -3865 -3860
-3854 -3853 -3851 -3850
-3847 -3823 -3823 -3818
-3815 -3800 -3774 -3768
-3758 -3743 -3740 -3739
-3733 -3725 -3723 -3702
-3692 -3685 -3677 -3673
-3667 -3665 -3647 -3642
-3636 -3628 -3625 -3624
-3623 -3621 -3620 -3616
-3595 -3576 -3569 -3556
-3543 -3542 -3539 -3539
-3537 -3535 -3527 -3526
-3519 -3518 -3509 -3498
-3490 -3489 -3480 -3477
-3467 -3463 -3452 -3448
-3444 -3442 -3438 -3428
-3428 -3426 -3421 -3420
-3414 -3412 -3408 -3403
-3393 -3390 -3385 -3376
-3341 -3336 -3332 -3323
-3309 -3299 -3285 -3282
-3264 -3254 -3252 -3245
-3226 -3225 -3214 -3203
-3199 -3197 -3169 -3165
-3160 -3156 -3146 -3139
-3130 -3124 -3123 -3121
-3119 -3109 -3099 -3089
-3087 -3085 -3081 -3065
-3064 -3053 -3050 -3043
-3037 -3020 -3014 -3012
-3009 -3009 -2991 -2989
-2979 -2969 -2962 -2955
-2952 -2944 -2942 -2938
-2928 -2900 -2897 -2893
-2892 -2874 -2869 -2865
-2855 -2843 -2838 -2834
-2833 -2829 -2822 -2809
-2802 -2795 -2791 -2788
-2783 -2783 -2782 -2769
-2767 -2765 -2764 -2746
-2735 -2718 -2713 -2705
-2692 -2681 -2676 -2671
-2667 -2665 -2663 -2661
-2656 -2647 -2646 -2645
-2639 -2638 -2635 -2627
-2626 -2625 -2612 -2599
-2589 -2588 -2586 -2584
-2584 -2582 -2573 -2572
-2557 -2552 -2548 -2548
-2544 -2543 -2540 -2538
-2520 -2519 -2514 -2508
-2494 -2493 -2488 -2486
-2474 -2468 -2460 -2459
-2456 -2455 -2446 -2438
-2437 -2435 -2428 -2417
-2416 -2399 -2398 -2388
-2384 -2383 -2382 -2380
-2376 -2352 -2344 -2337
-2318 -2316 -2314 -2301
-2281 -2281 -2279 -2268
-2264 -2262 -2256 -2246
-2241 -2225 -2211 -2209
-2204 -2183 -2183 -2180
-2177 -2169 -2165 -2164
-2154 -2152 -2150 -2146
-2144 -2139 -2138 -2135
-2133 -2131 -2098 -2097
-2096 -2072 -2068 -2067
-2063 -2039 -2034 -2029
-2029 -2027 -2019 -2016
-2013 -2011 -2005 -2005
-2001 -1995 -1994 -1982
-1982 -1981 -1981 -1978
-1978 -1970 -1966 -1954
-1952 -1951 -1951 -1948
-1946 -1940 -1938 -1936
-1926 -1926 -1922 -1920
-1915 -1915 -1914 -1910
-1895 -1893 -1887 -1875
-1871 -1870 -1866 -1860
-1842 -1838 -1830 -1828
-1826 -1825 -1823 -1822
-1807 -1801 -1777 -1748
-1740 -1740 -1739 -1725
-1723 -1713 -1705 -1703
-1702 -1699 -1672 -1663
-1644 -1643 -1631 -1629
-1627 -1617 -1617 -1613
-1608 -1606 -1595 -1587
-1583 -1573 -1573 -1567
-1566 -1529 -1529 -1515
-1513 -1511 -1509 -1508
-1506 -1490 -1482 -1474
-1472 -1462 -1459 -1444
-1438 -1432 -1431 -1431
-1427 -1425 -1416 -1410
-1382 -1364 -1348 -1347
-1346 -1344 -1343 -1341
-1336 -1332 -1322 -1301
-1299 -1297 -1288 -1268
-1268 -1246 -1225 -1222
-1211 -1204 -1200 -1189
-1188 -1185 -1183 -1176
-1172 -1159 -1154 -1146
-1145 -1139 -1136 -1136
-1132 -1116 -1112 -1099
-1076 -1074 -1069 -1069
-1052 -1047 -1033 -1014
-1013 -1010 -1009 -1007
-1007 -967 -958 -948
-948 -936 -930 -915
-914 -898 -886 -875
-870 -869 -854 -850
-845 -842 -837 -834
-822 -816 -798 -797
-796 -793 -780 -766
-746 -737 -732 -726
-725 -722 -717 -716
-713 -694 -690 -684
-683 -682 -679 -677
-674 -671 -671 -657
-645 -639 -630 -626
-626 -619 -614 -605
-597 -596 -591 -578
-572 -568 -559 -550
-548 -537 -536 -532
-532 -510 -504 -504
-498 -492 -478 -466
-457 -456 -447 -447
-445 -442 -417 -415
-409 -405 -403 -355
-346 -339 -338 -326
-307 -291 -280 -276
-262 -261 -243 -238
-237 -237 -222 -222
-217 -207 -206 -199
-190 -189 -183 -179
-173 -173 -171 -167
-167 -164 -158 -136
-135 -134 -130 -130
-104 -104 -95 -91
-78 -67 -65 -62
-62 -59 -54 -53
-40 -37 -19 -18
-17 10 15 27
32 34 38 57
59 60 64 67
81 82 94 106
116 117 123 126
137 147 156 163
165 182 183 209
212 212 214 216
220 221 225 226
232 235 235 240
241 246 257 261
262 263 274 280
286 314 317 329
341 356 364 375
393 398 412 415
415 417 418 419
422 429 445 445
447 474 485 486
488 488 492 501
504 509 515 534
534 545 551 557
558 559 560 560
562 583 586 595
598 621 625 629
635 641 647 653
656 657 667 672
680 693 694 698
700 708 719 721
725 733 734 745
750 762 771 777
785 789 791 791
799 802 810 813
841 848 863 866
868 875 887 894
899 911 912 917
920 924 925 926
937 944 949 950
951 951 973 974
979 993 996 1002
1003 1005 1006 1009
1017 1026 1035 1037
1039 1042 1045 1045
1047 1055 1057 1057
1058 1059 1060 1062
1066 1073 1074 1079
1085 1087 1088 1096
1098 1104 1120 1122
1129 1133 1146 1149
1149 1160 1160 1161
1161 1162 1167 1170
1183 1184 1190 1190
1198 1208 1210 1216
1217 1219 1222 1232
1240 1247 1249 1250
1254 1260 1265 1266
1276 1281 1284 1291
1298 1298 1300 1307
1311 1311 1331 1347
1348 1351 1354 1364
1373 1374 1382 1383
1400 1434 1447 1449
1465 1467 1471 1472
1472 1474 1483 1486
1486 1496 1497 1504
1506 1519 1522 1527
1528 1534 1542 1542
1544 1552 1553 1577
1579 1580 1582 1583
1584 1585 1596 1603
1611 1614 1619 1626
1631 1641 1644 1658
1659 1661 1673 1674
1686 1693 1696 1697
1709 1718 1720 1736
1744 1752 1757 1770
1779 1781 1792 1803
1819 1850 1867 1871
1881 1883 1891 1893
1909 1937 1938 1946
1952 1953 1957 1958
1974 1989 2000 2017
2018 2024 2024 2029
2029 2050 2064 2066
2071 2087 2090 2102
2110 2117 2121 2130
2135 2135 2136 2141
2146 2152 2164 2165
2167 2196 2197 2203
2207 2209 2220 2226
2226 2233 2242 2245
2247 2250 2262 2264
2268 2268 2286 2288
2288 2296 2298 2328
2331 2335 2343 2346
2353 2355 2357 2359
2360 2377 2383 2394
2401 2404 2414 2422
2429 2432 2434 2436
2446 2449 2449 2451
2458 2481 2485 2493
2510 2511 2515 2525
2538 2541 2547 2549
2558 2561 2566 2575
2581 2584 2585 2606
2620 2636 2639 2640
2645 2673 2683 2687
2701 2701 2704 2720
2725 2736 2743 2746
2760 2766 2768 2780
2782 2782 2789 2789
2793 2806 2818 2825
2832 2837 2838 2844
2848 2848 2857 2861
2863 2871 2875 2880
2883 2898 2899 2903
2904 2908 2915 2916
2927 2928 2930 2941
2960 2963 2972 2972
2973 2977 2981 2984
2991 2994 2996 3003
3012 3017 3022 3028
3028 3047 3054 3060
3073 3082 3096 3099
3103 3118 3121 3121
3135 3141 3142 3149
3166 3166 3168 3170
3176 3176 3179 3181
3187 3205 3214 3226
3239 3245 3250 3253
3254 3254 3258 3260
3268 3284 3288 3291
3309 3311 3317 3317
3324 3328 3339 3351
3372 3386 3391 3391
3404 3404 3406 3407
3426 3431 3437 3440
3444 3456 3462 3463
3465 3485 3485 3511
3530 3537 3537 3538
3543 3546 3549 3553
3555 3571 3571 3581
3585 3608 3635 3642
3643 3644 3645 3656
3674 3675 3678 3687
3688 3704 3708 3712
3767 3774 3781 3781
3786 3792 3793 3796
3810 3817 3824 3841
3858 3859 3864 3867
3868 3876 3888 3894
3908 3908 3915 3915
3938 3956 3957 3961
3972 3976 3987 3990
3992 3998 4008 4013
4014 4034 4046 4046
4053 4060 4067 4071
4080 4081 4084 4085
4092 4093 4100 4108
4110 4111 4115 4120
4121 4125 4151 4154
4156 4163 4164 4174
4183 4188 4201 4206
4209 4212 4214 4236
4239 4247 4250 4251
4256 4258 4258 4265
4268 4273 4275 4275
4280 4295 4299 4306
4311 4315 4326 4332
4334 4341 4350 4369
4369 4385 4385 4386
4387 4394 4404 4404
4413 4416 4420 4421
4435 4437 4442 4444
4448 4465 4467 4479
4480 4482 4487 4497
4503 4503 4551 4558
4560 4576 4581 4583
4584 4590 4597 4615
4615 4616 4617 4622
4623 4623 4625 4634
4636 4639 4640 4651
4655 4657 4664 4672
4673 4678 4691 4692
4700 4705 4730 4734
4739 4743 4744 4760
4766 4776 4778 4780
4788 4794 4798 4806
4806 4813 4823 4831
4835 4836 4839 4847
4854 4858 4871 4901
4901 4907 4911 4915
4926 4942 4945 4947
4954 4962 4967 4970
4978 4984 4987 4995
5012 5014 5015 5015
5026 5035 5037 5038
5055 5055 5064 5065
5066 5074 5075 5076
5082 5087 5088 5096
5104 5104 5113 5114
5115 5130 5130 5133
5137 5158 5178 5180
5181 5182 5188 5195
5195 5204 5228 5249
5251 5252 5256 5258
5262 5268 5276 5276
5279 5282 5282 5282
5287 5287 5311 5313
5314 5325 5328 5330
5335 5339 5343 5348
5354 5355 5357 5374
5378 5380 5382 5398
5404 5410 5417 5427
5457 5459 5463 5467
5471 5472 5475 5478
5480 5492 5494 5500
5501 5504 5508 5511
5512 5527 5530 5533
5537 5552 5565 5573
5576 5579 5619 5627
5636 5646 5656 5669
5677 5679 5689 5696
5696 5699 5700 5702
5707 5717 5720 5733
5734 5735 5743 5748
5749 5756 5760 5763
5766 5769 5770 5770
5773 5775 5779 5779
5783 5789 5792 5802
5802 5828 5830 5848
5871 5876 5877 5880
5885 5894 5896 5903
5906 5910 5913 5923
5931 5935 5950 5983
5989 6003 6025 6032
6046 6060 6066 6074
6101 6105 6113 6114
6116 6126 6127 6131
6137 6141 6145 6150
6151 6157 6164 6182
6188 6202 6202 6203
6204 6210 6215 6217
6221 6229 6237 6242
6264 6266 6270 6274
6291 6291 6293 6297
6306 6309 6325 6332
6334 6334 6341 6354
6355 6364 6365 6370
6372 6385 6405 6424
6429 6434 6440 6447
6458 6460 6462 6467
6483 6485 6491 6499
6505 6514 6514 6517
6538 6547 6552 6555
6567 6569 6574 6576
6598 6599 6603 6604
6606 6610 6612 6615
6628 6629 6633 6634
6639 6640 6644 6649
6652 6654 6678 6680
6691 6706 6706 6708
6723 6739 6762 6763
6768 6781 6782 6789
6806 6809 6810 6832
6852 6880 6886 6887
6894 6897 6906 6909
6912 6915 6932 6944
6945 6947 6953 6957
6957 6958 6962 6963
6969 6981 6988 6989
6997 6999 7000 7002
7007 7009 7010 7023
7033 7038 7051 7054
7055 7070 7072 7078
7082 7086 7093 7097
7104 7109 7112 7116
7140 7143 7146 7151
7153 7157 7165 7173
7185 7189 7194 7196
7200 7207 7212 7227
7231 7240 7249 7252
7259 7273 7290 7292
7299 7301 7310 7330
7337 7342 7349 7351
7362 7364 7369 7370
7374 7376 7377 7380
7383 7393 7401 7402
7404 7405 7407 7410
7417 7418 7428 7436
7443 7451 7464 7467
7468 7472 7478 7484
7491 7504 7505 7521
7523 7525 7526 7550
7552 7562 7570 7574
7574 7574 7591 7595
7609 7621 7629 7635
7639 7641 7643 7645
7654 7662 7679 7680
7690 7692 7698 7702
7708 7712 7713 7716
7727 7733 7749 7752
7752 7755 7768 7769
7769 7771 7780 7789
7799 7804 7807 7814
7817 7838 7842 7845
7846 7854 7858 7865
7872 7878 7882 7907
7910 7951 7955 7957
7963 7969 7969 7983
7988 7990 7993 7999
8000 8005 8008 8015
8018 8027 8029 8037
8044 8046 8047 8047
8051 8056 8074 8075
8088 8096 8102 8110
8112 8117 8124 8125
8131 8132 8132 8136
8142 8163 8169 8179
8189 8194 8201 8222
8227 8231 8234 8247
8258 8266 8287 8292
8293 8297 8300 8307
8309 8321 8322 8331
8333 8335 8351 8351
8353 8359 8361 8368
8387 8391 8394 8395
8395 8401 8404 8406
8408 8411 8412 8417
8427 8446 8456 8461
8468 8470 8471 8471
8478 8480 8482 8484
8497 8501 8502 8505
8529 8535 8536 8543
8562 8571 8576 8580
8581 8588 8602 8602
8613 8614 8638 8639
8658 8660 8661 8663
8665 8666 8668 8670
8681 8691 8701 8704
8721 8721 8732 8749
8751 8757 8762 8768
8770 8775 8785 8795
8812 8814 8816 8817
8818 8821 8822 8827
8830 8830 8832 8851
8853 8869 8876 8883
8887 8890 8911 8912
8920 8921 8923 8930
8933 8935 8942 8943
8955 8972 8981 8988
8991 9014 9015 9023
9027 9040 9045 9067
9069 9070 9076 9077
9079 9079 9083 9089
9094 9098 9134 9134
9138 9144 9146 9150
9152 9153 9157 9159
9168 9176 9178 9183
9187 9193 9199 9200
9204 9205 9210 9211
9214 9217 9221 9221
9231 9235 9242 9244
9253 9259 9266 9267
9269 9273 9280 9283
9289 9290 9306 9309
9314 9318 9321 9337
9347 9359 9359 9361
9374 9399 9407 9425
9427 9428 9433 9436
9442 9443 9448 9451
9451 9456 9475 9479
9495 9502 9512 9518
9522 9530 9544 9547
9564 9573 9596 9602
9606 9611 9613 9618
9624 9624 9641 9647
9653 9654 9655 9658
9660 9661 9667 9669
9683 9689 9690 9710
9712 9726 9726 9727
9729 9749 9752 9759
9761 9780 9787 9793
9794 9801 9803 9807
9807 9809 9819 9821
9833 9844 9854 9861
9885 9886 9897 9902
9912 9920 9923 9927
9941 9953 9953 9969
9969 9974 9979 9988
9995 9997 10004 10011
10015 10038 10043 10054
10056 10057 10058 10060
10082 10093 10095 10099
10108 10110 10128 10128
10129 10132 10132 10135
10136 10166 10176 10177
10177 10181 10186 10188
10190 10192 10197 10199
10217 10221 10230 10237
10239 10245 10250 10267
10278 10287 10292 10334
10335 10343 10346 10356
10357 10366 10375 10379
10381 10382 10389 10398
10406 10406 10409 10411
10419 10426 10438 10446
10451 10455 10455 10458
10460 10464 10464 10465
10466 10474 10484 10487
10496 10500 10505 10509
10516 10517 10529 10535
10546 10555 10557 10564
10570 10576 10581 10585
10595 10605 10607 10607
10613 10616 10657 10657
10661 10662 10676 10694
10699 10700 10705 10710
10711 10713 10725 10732
10735 10751 10753 10776
10780 10796 10797 10801
10810 10817 10827 10831
10832 10836 10850 10866
10888 10893 10904 10915
10916 10916 10918 10930
10938 10940 10948 10954
10957 10959 10962 10966
10973 10974 10997 11009
11010 11010 11014 11016
11017 11026 11029 11030
11033 11037 11039 11048
11049 11057 11058 11086
11097 11098 11105 11106
11131 11142 11163 11166
11179 11180 11184 11221
11221 11233 11241 11247
11250 11293 11298 11299
11303 11309 11311 11328
11332 11336 11345 11353
11356 11362 11366 11370
11371 11374 11377 11379
11382 11382 11390 11398
11423 11427 11432 11434
11446 11448 11449 11451
11485 11487 11488 11493
11501 11503 11505 11512
11530 11533 11534 11535
11543 11556 11557 11559
11560 11570 11572 11574
11581 11586 11591 11595
11595 11617 11629 11629
11637 11638 11638 11642
11645 11648 11655 11662
11674 11675 11677 11704
11707 11707 11719 11722
11729 11737 11738 11741
11745 11746 11750 11755
11756 11772 11774 11775
11776 11777 11783 11784
11810 11814 11815 11819
11821 11823 11827 11852
11853 11855 11857 11883
11886 11887 11891 11892
11896 11905 11914 11917
11924 11929 11936 11948
11951 11951 11953 11959
11964 11964 11975 11977
11981 11984 11987 11996
12012 12019 12027 12043
12050 12054 12064 12073
12078 12080 12095 12097
12103 12104 12107 12117
12128 12158 12160 12167
12173 12177 12177 12182
12195 12204 12209 12211
12216 12218 12240 12241
12246 12261 12270 12277
12281 12288 12296 12299
12301 12315 12320 12321
12330 12348 12354 12363
12364 12364 12380 12390
12401 12406 12408 12409
12415 12427 12432 12437
12441 12443 12444 12449
12464 12473 12484 12502
12503 12504 12504 12505
12508 12518 12527 12546
12553 12564 12575 12584
12584 12588 12592 12594
12595 12595 12597 12600
12604 12605 12608 12610
12611 12612 12616 12625
12631 12633 12643 12644
12644 12653 12653 12654
12656 12658 12676 12679
12680 12683 12694 12700
12706 12709 12742 12742
12748 12755 12755 12776
12777 12788 12788 12803
12805 12806 12813 12815
12817 12818 12819 12822
12822 12826 12828 12840
12855 12873 12902 12904
12909 12911 12912 12914
12919 12920 12922 12924
12929 12930 12933 12952
12952 12952 12953 12965
12967 12978 13005 13017
13024 13035 13036 13039
13041 13048 13051 13055
13056 13057 13057 13062
13069 13078 13080 13087
13089 13117 13122 13127
13140 13162 13163 13177
13180 13180 13189 13205
13206 13208 13215 13216
13239 13250 13252 13266
13270 13276 13285 13286
13295 13303 13304 13314
13317 13333 13336 13337
13346 13347 13348 13349
13357 13360 13364 13371
13372 13384 13393 13394
13397 13398 13404 13406
13407 13410 13423 13433
13435 13435 13436 13447
13448 13451 13458 13459
13482 13483 13485 13485
13488 13490 13499 13538
13538 13540 13549 13551
13553 13556 13560 13562
13563 13564 13564 13575
13576 13585 13587 13602
13603 13605 13607 13610
13618 13621 13628 13632
13635 13643 13648 13658
13679 13691 13695 13704
13717 13718 13724 13745
13762 13775 13783 13788
13793 13803 13806 13814
13815 13818 13832 13837
13842 13842 13845 13847
13853 13867 13870 13870
13884 13890 13892 13904
13913 13915 13921 13932
13934 13944 13949 13958
13961 13965 13979 13987
13990 13992 13995 14007
14021 14034 14040 14044
14048 14054 14058 14060
14064 14068 14068 14077
14079 14080 14083 14110
14112 14120 14122 14124
14135 14139 14145 14152
14154 14164 14169 14176
14180 14187 14187 14192
14192 14198 14204 14205
14209 14224 14236 14237
14241 14242 14271 14271
14271 14279 14283 14294
14306 14317 14324 14324
14358 14363 14369 14369
14379 14388 14401 14404
14405 14413 14414 14415
14418 14433 14435 14436
14438 14441 14441 14443
14446 14449 14449 14464
14475 14478 14486 14486
14489 14491 14499 14501
14506 14507 14511 14532
14535 14542 14546 14556
14557 14558 14559 14569
14570 14573 14577 14602
14604 14634 14651 14674
14683 14683 14686 14689
14690 14699 14701 14703
14704 14705 14705 14710
14716 14716 14723 14725
14730 14734 14746 14746
14767 14768 14768 14773
14773 14779 14781 14781
14784 14790 14794 14800
14826 14826 14834 14890
14902 14905 14915 14916
14921 14935 14940 14949
14950 14962 14963 14972
14983 14989 14995 15000
15000 15004 15007 15008
15011 15012 15012 15014
15014 15016 15035 15044
15050 15053 15060 15073
15082 15086 15095 15098
15105 15126 15126 15129
15139 15140 15142 15146
15153 15154 15161 15163
15168 15169 15176 15177
15205 15214 15226 15228
15228 15231 15235 15251
15256 15258 15265 15268
15269 15272 15274 15285
15285 15285 15290 15295
15299 15308 15311 15316
15322 15336 15350 15353
15355 15369 15377 15383
15391 15397 15418 15427
15430 15438 15443 15444
15444 15445 15457 15463
15478 15485 15490 15497
15519 15521 15528 15534
15534 15535 15541 15544
15547 15548 15550 15562
15562 15587 15593 15608
15610 15613 15619 15620
15622 15628 15630 15644
15645 15648 15649 15650
15652 15661 15674 15677
15684 15685 15702 15721
15744 15754 15769 15786
15792 15792 15803 15814
15817 15824 15832 15851
15854 15861 15865 15870
15876 15907 15918 15928
15941 15944 15945 15956
15962 15963 15969 15971
15997 15998 15999 16002
16015 16021 16028 16029
16034 16040 16042 16048
16051 16061 16066 16067
16070 16077 16080 16100
16107 16116 16120 16125
16138 16143 16146 16159
16162 16182 16186 16188
16190 16190 16194 16201
16222 16227 16240 16248
16251 16252 16257 16272
16280 16285 16292 16296
16298 16307 16313 16315
16317 16325 16330 16348
16354 16363 16371 16371
16377 16380 16398 16400
16410 16411 16422 16422
16433 16438 16450 16451
16478 16495 16496 16499
16499 16500 16507 16510
16517 16530 16534 16537
16542 16555 16564 16570
16572 16579 16581 16582
16586 16596 16603 16632
16636 16639 16640 16643
16664 16676 16679 16681
16703 16705 16708 16732
16740 16758 16758 16764
16772 16786 16787 16792
16795 16801 16803 16813
16818 16821 16825 16829
16831 16832 16843 16858
16863 16869 16873 16886
16902 16917 16932 16938
16953 16953 16959 16981
16991 16998 17004 17008
17013 17020 17020 17024
17033 17056 17068 17075
17083 17088 17089 17091
17098 17102 17103 17107
17111 17113 17113 17116
17118 17126 17127 17130
17131 17136 17138 17148
17157 17160 17164 17166
17168 17176 17177 17179
17194 17206 17207 17208
17226 17245 17256 17256
17257 17261 17265 17265
17282 17296 17304 17317
17318 17321 17322 17323
17326 17337 17397 17401
17413 17422 17430 17433
17434 17440 17448 17453
17478 17481 17486 17488
17489 17492 17495 17498
17508 17509 17512 17520
17523 17551 17567 17568
17571 17572 17583 17588
17616 17619 17624 17635
17636 17638 17648 17648
17675 17676 17704 17708
17715 17732 17735 17741
17742 17747 17747 17750
17755 17760 17761 17765
17784 17795 17798 17831
17833 17836 17838 17858
17869 17880 17883 17887
17894 17902 17925 17933
17967 17971 17974 17976
17980 17980 17994 18027
18035 18035 18049 18052
18078 18079 18086 18088
18093 18097 18103 18119
18123 18123 18125 18133
18135 18149 18164 18168
18171 18173 18201 18210
18219 18221 18231 18249
18260 18279 18285 18299
18320 18321 18329 18330
18331 18342 18347 18368
18402 18404 18409 18414
18422 18425 18426 18436
18437 18447 18454 18465
18467 18469 18475 18476
18477 18490 18490 18493
18500 18506 18506 18508
18510 18512 18516 18520
18530 18538 18541 18542
18545 18570 18571 18583
18595 18601 18601 18608
18611 18614 18620 18626
18640 18652 18653 18655
18664 18680 18681 18695
18696 18699 18714 18732
18732 18739 18741 18768
18780 18785 18793 18812
18841 18844 18844 18850
18850 18862 18866 18872
18882 18882 18887 18888
18899 18911 18920 18921
18926 18933 18941 18946
18947 18955 18956 18956
18969 18978 19003 19009
19009 19009 19027 19028
19034 19048 19069 19084
19088 19091 19092 19094
19100 19103 19104 19111
19113 19116 19116 19132
19136 19147 19149 19152
19165 19173 19186 19195
19199 19199 19204 19208
19209 19219 19231 19237
19247 19288 19298 19304
19304 19318 19329 19348
19353 19356 19366 19386
19386 19387 19388 19396
19405 19406 19421 19423
19425 19427 19439 19452
19454 19455 19455 19456
19458 19480 19499 19520
19521 19530 19535 19550
19573 19578 19598 19606
19606 19611 19612 19615
19624 19631 19633 19634
19657 19666 19674 19677
19680 19682 19694 19696
19733 19734 19735 19742
19743 19752 19768 19771
19781 19781 19784 19794
19800 19807 19814 19821
19824 19832 19834 19840
19844 19848 19848 19863
19870 19881 19890 19893
19910 19915 19918 19918
19921 19930 19936 19957
19976 19983 19985 19998
20000 20007 20025 20029
20032 20040 20043 20043
20048 20051 20056 20064
20065 20065 20067 20069
20106 20118 20125 20127
20138 20140 20141 20151
20153 20172 20174 20176
20179 20180 20195 20213
20217 20221 20222 20225
20225 20228 20228 20244
20247 20252 20267 20268
20271 20284 20286 20290
20292 20318 20324 20327
20330 20353 20354 20364
20374 20375 20375 20383
20395 20397 20397 20398
20410 20412 20416 20424
20426 20449 20453 20458
20458 20464 20465 20470
20471 20472 20481 20482
20483 20488 20495 20496
20505 20509 20512 20517
20525 20531 20532 20535
20536 20540 20541 20541
20543 20554 20554 20558
20561 20561 20576 20576
20577 20588 20591 20591
20591 20595 20613 20615
20617 20624 20628 20631
20634 20635 20638 20642
20643 20644 20648 20668
20672 20676 20686 20689
20689 20692 20696 20705
20729 20734 20743 20751
20781 20785 20786 20789
20805 20806 20810 20813
20814 20820 20820 20830
20831 20840 20848 20849
20850 20852 20858 20860
20864 20870 20880 20889
20904 20908 20916 20918
20926 20932 20954 20955
20965 20967 20970 20974
20985 20995 20995 21043
21048 21062 21068 21076
21076 21079 21082 21084
21104 21106 21115 21121
21128 21147 21163 21173
21188 21194 21197 21205
21215 21230 21231 21244
21249 21251 21257 21257
21258 21269 21288 21298
21298 21306 21341 21341
21346 21348 21352 21354
21359 21363 21373 21384
21388 21393 21398 21404
21422 21425 21431 21438
21440 21446 21464 21465
21476 21480 21488 21495
21498 21501 21518 21518
21521 21522 21523 21538
21538 21541 21542 21551
21552 21566 21567 21575
21580 21583 21592 21602
21607 21614 21621 21627
21629 21629 21632 21642
21647 21660 21660 21661
21663 21664 21690 21699
21699 21709 21712 21718
21731 21742 21749 21754
21770 21774 21788 21816
21817 21819 21827 21830
21840 21842 21849 21854
21863 21869 21876 21891
21897 21902 21912 21913
21923 21952 21961 21963
21966 21968 21986 21990
22002 22021 22028 22031
22031 22032 22056 22058
22060 22063 22066 22067
22069 22079 22082 22083
22106 22124 22125 22129
22131 22133 22134 22139
22145 22145 22146 22147
22148 22153 22156 22173
22175 22178 22189 22189
22191 22199 22207 22213
22216 22223 22238 22242
22258 22260 22273 22283
22293 22298 22314 22344
22362 22365 22412 22416
22422 22423 22447 22451
22455 22458 22460 22478
22486 22513 22519 22546
22548 22550 22562 22562
22564 22566 22578 22584
22594 22595 22600 22608
22617 22622 22622 22626
22628 22634 22634 22636
22647 22668 22671 22687
22691 22692 22693 22698
22705 22710 22711 22724
22728 22730 22756 22763
22768 22784 22790 22793
22800 22802 22808 22811
22818 22836 22836 22853
22854 22861 22879 22885
22903 22904 22904 22904
22905 22911 22917 22923
22924 22925 22938 22950
22959 22962 22968 22969
22972 22981 22982 22984
22988 22996 22999 23015
23018 23026 23029 23034
23044 23056 23056 23068
23068 23073 23085 23102
23107 23110 23126 23127
23131 23136 23136 23147
23151 23155 23158 23170
23175 23176 23176 23178
23181 23183 23187 23194
23204 23217 23217 23223
23223 23229 23231 23244
23251 23264 23281 23284
23293 23295 23299 23300
23303 23313 23315 23315
23317 23332 23334 23346
23346 23347 23347 23349
23351 23356 23362 23368
23394 23416 23425 23432
23442 23444 23449 23458
23460 23464 23465 23470
23478 23479 23486 23519
23525 23527 23528 23538
23547 23551 23552 23555
23557 23576 23582 23585
23594 23603 23611 23614
23624 23643 23656 23657
23664 23676 23682 23700
23714 23716 23717 23720
23721 23729 23734 23734
23751 23754 23767 23772
23773 23775 23777 23783
23785 23796 23804 23828
23833 23835 23843 23846
23847 23852 23853 23858
23868 23883 23890 23891
23897 23898 23912 23916
23922 23923 23923 23935
23941 23951 23955 23974
23980 23999 24011 24014
24026 24036 24047 24050
24051 24053 24063 24065
24079 24088 24093 24094
24097 24107 24109 24109
24122 24124 24139 24150
24152 24152 24171 24177
24181 24186 24217 24221
24236 24239 24244 24249
24263 24267 24280 24286
24294 24303 24321 24328
24328 24334 24336 24357
24357 24360 24371 24371
24372 24374 24386 24387
24391 24394 24404 24405
24411 24420 24421 24431
24434 24435 24441 24444
24448 24454 24472 24476
24477 24483 24485 24489
24505 24506 24511 24539
24548 24551 24587 24600
24603 24615 24619 24621
24623 24629 24632 24645
24649 24651 24660 24661
24673 24675 24675 24686
24694 24695 24695 24708
24712 24716 24716 24718
24723 24726 24741 24742
24744 24744 24746 24747
24752 24763 24769 24774
24783 24786 24787 24793
24797 24802 24802 24803
24807 24808 24808 24815
24826 24828 24831 24835
24845 24845 24853 24862
24886 24891 24892 24893
24902 24911 24922 24923
24925 24932 24996 25011
25022 25026 25026 25037
25039 25040 25041 25042
25042 25043 25045 25050
25063 25069 25072 25086
25088 25101 25102 25110
25114 25115 25122 25126
25127 25131 25154 25155
25169 25183 25184 25192
25193 25200 25210 25215
25220 25227 25234 25234
25235 25239 25242 25247
25250 25250 25255 25267
25273 25278 25282 25283
25289 25303 25304 25314
25316 25317 25317 25323
25340 25350 25352 25352
25362 25362 25367 25373
25375 25387 25392 25410
25436 25439 25447 25450
25484 25489 25489 25493
25506 25515 25516 25517
25526 25532 25532 25537
25540 25542 25544 25545
25545 25549 25552 25558
25564 25566 25575 25576
25581 25583 25583 25589
25594 25595 25597 25598
25603 25612 25614 25621
25622 25623 25623 25629
25632 25639 25643 25644
25668 25688 25689 25694
25695 25709 25720 25725
25741 25741 25743 25743
25767 25772 25791 25793
25794 25799 25799 25807
25807 25827 25840 25842
25843 25863 25874 25876
25879 25885 25888 25902
25921 25923 25924 25925
25926 25932 25934 25936
25956 25967 25970 25977
25979 25980 25984 25987
25987 25990 25998 26010
26011 26024 26047 26054
26058 26076 26077 26077
26078 26080 26086 26089
26089 26110 26113 26122
26124 26127 26137 26149
26151 26152 26155 26159
26164 26175 26179 26195
26198 26202 26204 26204
26211 26213 26214 26231
26235 26249 26257 26262
26276 26294 26294 26299
26311 26319 26322 26324
26330 26332 26357 26358
26364 26371 26371 26372
26374 26391 26397 26404
26407 26414 26424 26426
26446 26457 26474 26476
26478 26479 26493 26495
26497 26501 26501 26508
26513 26513 26522 26529
26531 26532 26537 26542
26547 26553 26553 26567
26573 26581 26591 26595
26602 26605 26616 26630
26646 26655 26656 26661
26691 26694 26704 26707
26722 26722 26725 26726
26728 26728 26731 26734
26734 26739 26742 26748
26753 26771 26778 26786
26798 26800 26812 26822
26828 26844 26845 26849
26856 26859 26860 26878
26881 26885 26887 26895
26907 26921 26930 26936
26937 26941 26941 26941
26949 26965 26968 26974
26979 26982 26988 26991
27003 27021 27037 27052
27059 27064 27066 27069
27070 27070 27075 27079
27080 27091 27102 27114
27116 27117 27136 27150
27154 27170 27176 27182
27183 27184 27185 27193
27195 27197 27198 27207
27211 27212 27218 27221
27225 27237 27238 27272
27281 27287 27299 27309
27313 27327 27330 27343
27349 27355 27365 27366
27368 27369 27369 27381
27383 27384 27416 27421
27428 27438 27444 27447
27460 27463 27463 27468
27470 27478 27480 27485
27491 27494 27500 27504
27506 27506 27513 27522
27534 27565 27567 27569
27584 27592 27611 27611
27613 27622 27647 27649
27659 27661 27676 27680
27681 27683 27691 27696
27696 27715 27720 27722
27724 27725 27727 27734
27749 27758 27762 27768
27770 27773 27775 27779
27783 27785 27789 27814
27820 27842 27845 27850
27855 27862 27870 27874
27876 27891 27895 27903
27919 27937 27940 27954
27959 27963 27967 27969
27983 27990 27991 27995
27996 28012 28028 28036
28042 28052 28079 28082
28084 28090 28091 28099
28099 28099 28100 28112
28114 28118 28129 28133
28134 28139 28146 28150
28157 28160 28161 28175
28178 28179 28182 28183
28188 28202 28204 28221
28235 28237 28263 28265
28282 28287 28289 28293
28306 28309 28318 28347
28347 28347 28351 28354
28354 28359 28376 28377
28381 28386 28389 28395
28411 28411 28423 28424
28428 28439 28440 28443
28446 28452 28462 28468
28473 28479 28492 28493
28497 28506 28517 28519
28522 28530 28534 28546
28552 28561 28568 28570
28577 28587 28588 28597
28613 28618 28632 28633
28644 28653 28655 28666
28669 28685 28693 28694
28696 28702 28703 28714
28723 28725 28726 28729
28734 28748 28749 28751
28754 28755 28758 28758
28770 28787 28796 28803
28806 28810 28814 28821
28834 28839 28850 28859
28861 28869 28878 28879
28884 28888 28888 28891
28892 28892 28904 28914
28917 28920 28936 28942
28942 28950 28954 28954
28956 28958 28960 28962
28967 28993 28997 28997
28997 29015 29015 29025
29038 29049 29057 29065
29066 29067 29072 29073
29082 29085 29103 29103
29104 29108 29117 29120
29138 29140 29140 29141
29144 29149 29151 29155
29157 29171 29198 29199
29199 29201 29204 29211
29216 29230 29232 29236
29237 29249 29261 29261
29265 29281 29283 29284
29291 29296 29297 29298
29301 29312 29324 29324
29345 29360 29366 29377
29377 29379 29382 29385
29389 29394 29395 29406
29410 29412 29415 29422
29452 29453 29457 29465
29467 29475 29476 29481
29482 29491 29495 29497
29499 29509 29511 29517
29521 29524 29527 29528
29528 29540 29543 29546
29548 29550 29562 29569
29570 29594 29595 29606
29612 29614 29615 29619
29619 29622 29636 29636
29636 29639 29652 29654
29670 29691 29696 29698
29699 29700 29709 29711
29730 29731 29735 29737
29752 29763 29767 29768
29770 29772 29778 29795
29800 29802 29809 29817
29817 29817 29820 29827
29829 29829 29830 29835
29839 29841 29843 29848
29849 29851 29860 29876
29880 29885 29886 29887
29889 29894 29904 29936
29941 29945 29948 29953
29954 29955 29970 29971
29976 29978 29980 29987
29988 29989 30020 30039
30058 30061 30062 30070
30071 30076 30096 30109
30115 30126 30133 30135
30139 30146 30164 30164
30173 30189 30195 30195
30204 30207 30210 30211
30215 30218 30223 30245
30248 30256 30259 30259
30263 30268 30268 30271
30272 30272 30277 30278
30286 30291 30294 30295
30302 30305 30316 30322
30329 30335 30339 30341
30348 30363 30363 30365
30379 30393 30394 30416
30417 30421 30431 30437
30439 30442 30462 30468
30480 30482 30492 30496
30497 30522 30524 30539
30543 30545 30556 30576
30581 30585 30613 30615
30616 30618 30619 30622
30627 30628 30635 30636
30639 30639 30640 30643
30656 30661 30674 30675
30677 30679 30680 30681
30683 30693 30695 30706
30709 30713 30729 30733
30738 30745 30745 30746
30753 30754 30756 30763
30767 30787 30795 30795
30803 30803 30808 30818
30827 30835 30835 30837
30837 30838 30838 30838
30845 30850 30851 30852
30856 30860 30862 30883
30888 30902 30908 30910
30914 30928 30934 30936
30949 30953 30967 30974
30974 30976 30981 30982
30987 31002 31015 31020
31023 31033 31043 31045
31045 31068 31070 31076
31080 31096 31097 31121
31133 31140 31142 31142
31146 31148 31151 31166
31168 31185 31190 31196
31210 31211 31215 31222
31226 31231 31232 31249
31266 31290 31296 31299
31318 31321 31329 31337
31339 31348 31353 31354
31355 31358 31360 31362
31366 31367 31371 31388
31416 31425 31431 31436
31452 31454 31456 31470
31477 31499 31500 31502
31506 31513 31517 31519
31528 31531 31532 31534
31537 31537 31540 31547
31548 31558 31559 31560
31567 31572 31574 31583
31585 31590 31592 31598
31613 31620 31624 31637
31638 31642 31644 31663
31663 31672 31682 31688
31689 31697 31698 31702
31705 31717 31741 31744
31761 31768 31770 31773
31774 31781 31796 31799
31802 31817 31825 31856
31861 31869 31870 31876
31876 31877 31881 31889
31892 31892 31901 31923
31949 31953 31959 31977
31992 31994 31998 32013
32018 32022 32022 32023
32032 32039 32042 32045
32051 32060 32065 32065
32076 32077 32078 32087
32088 32098 32099 32112
32116 32125 32130 32139
32143 32144 32150 32151
32154 32156 32177 32177
32177 32185 32185 32194
32201 32208 32214 32215
32222 32229 32241 32249
32250 32256 32257 32260
32260 32265 32275 32279
32283 32301 32307 32322
32325 32340 32343 32347
32356 32367 32369 32371
32379 32387 32401 32402
32411 32413 32429 32431
32442 32444 32449 32460
32461 32465 32466 32468
32469 32479 32484 32491
32500 32504 32508 32508
32533 32542 32556 32566
32567 32580 32590 32590
32599 32601 32607 32613
32615 32623 32626 32628
32635 32635 32639 32643
32653 32654 32656 32659
32669 32671 32679 32689
32695 32698 32707 32713
32714 32718 32724 32736
32740 32747 32754 32758
32760
