-32759 -32756 -32749 -32737
-32734 -32733 -32732 -32725
-32722 -32717 -32715 -32713
-32707 -32707 -32703 -32691
-32689 -32682 -32672 -32665
-32657 -32647 -32647 -32644
-32642 -32642 -32638 -32632
-32621 -32617 -32606 -32579
-32571 -32569 -32556 -32555
-32548 -32545 -32538 -32537
-32504 -32484 -32474 -32471
-32466 -32465 -32464 -32441
-32439 -32439 -32434 -32432
-32432 -32429 -32427 -32424
-32419 -32405 -32403 -32400
-32397 -32395 -32392 -32389
-32389 -32381 -32359 -32354
-32354 -32328 -32319 -32297
-32277 -32275 -32274 -32265
-32239 -32238 -32227 -32227
-32197 -32195 -32192 -32189
-32185 -32177 -32171 -32170
-32170 -32163 -32159 -32152
-32150 -32146 -32122 -32113
-32109 -32100 -32095 -32046
-32040 -32030 -32022 -32015
-32012 -32006 -31984 -31959
-31950 -31945 -31927 -31913
-31913 -31906 -31897 -31893
-31888 -31887 -31887 -31884
-31880 -31871 -31868 -31863
-31851 -31849 -31840 -31820
-31817 -31817 -31810 -31800
-31797 -31796 -31792 -31788
-31770 -31767 -31746 -31743
-31731 -31730 -31720 -31706
-31698 -31695 -31682 -31669
-31666 -31664 -31662 -31653
-31652 -31651 -31647 -31646
-31629 -31624 -31621 -31616
-31602 -31600 -31572 -31570
-31567 -31564 -31550 -31541
-31531 -31520 -31515 -31513
-31509 -31481 -31464 -31461
-31460 -31442 -31437 -31435
-31431 -31430 -31428 -31428
-31428 -31416 -31403 -31401
-31396 -31396 -31391 -31375
-31375 -31375 -31360 -31352
-31351 -31332 -31323 -31313
-31309 -31301 -31293 -31290
-31289 -31286 -31276 -31263
-31247 -31238 -31237 -31235
-31234 -31234 -31233 -31229
-31225 -31224 -31213 -31196
-31193 -31183 -31176 -31172
-31159 -31154 -31150 -31142
-31135 -31134 -31132 -31130
-31103 -31097 -31097 -31096
-31092 -31090 -31089 -31079
-31055 -31052 -31042 -31027
-31027 -31017 -31013 -31010
-31002 -31001 -31000 -30999
-30996 -30986 -30977 -30976
-30972 -30969 -30962 -30956
-30946 -30942 -30936 -30933
-30932 -30923 -30923 -30923
-30919 -30890 -30888 -30887
-30881 -30878 -30877 -30874
-30869 -30856 -30855 -30850
-30842 -30842 -30841 -30830
-30822 -30802 -30790 -30789
-30781 -30778 -30777 -30771
-30770 -30752 -30738 -30727
-30718 -30701 -30699 -30696
-30695 -30693 -30680 -30678
-30666 -30650 -30637 -30623
-30610 -30602 -30599 -30598
-30590 -30574 -30568 -30559
-30548 -30515 -30504 -30488
-30483 -30470 -30460 -30453
-30440 -30440 -30431 -30430
-30420 -30418 -30413 -30405
-30405 -30393 -30381 -30370
-30364 -30364 -30360 -30356
-30355 -30342 -30339 -30338
-30316 -30312 -30308 -30294
-30291 -30277 -30276 -30273
-30269 -30260 -30259 -30240
-30237 -30227 -30196 -30196
-30184 -30152 -30145 -30138
-30137 -30130 -30125 -30110
-30108 -30106 -30105 -30103
-30097 -30096 -30090 -30081
-30071 -30067 -30066 -30064
-30056 -30049 -30043 -30021
-30017 -30011 -30007 -29996
-29988 -29977 -29971 -29968
-29965 -29956 -29942 -29941
-29935 -29929 -29921 -29905
-29890 -29885 -29882 -29869
-29859 -29854 -29854 -29827
-29821 -29812 -29798 -29788
-29784 -29783 -29780 -29767
-29763 -29760 -29742 -29741
-29736 -29735 -29730 -29719
-29718 -29710 -29708 -29678
-29673 -29667 -29666 -29664
-29660 -29655 -29651 -29637
-29629 -29624 -29622 -29614
-29603 -29599 -29598 -29579
-29578 -29570 -29560 -29546
-29545 -29535 -29535 -29518
-29507 -29505 -29504 -29502
-29500 -29496 -29491 -29487
-29486 -29481 -29475 -29466
-29444 -29429 -29397 -29394
-29389 -29388 -29373 -29365
-29355 -29350 -29344 -29342
-29338 -29335 -29310 -29309
-29309 -29301 -29299 -29297
-29291 -29287 -29268 -29264
-29263 -29248 -29233 -29230
-29229 -29214 -29190 -29190
-29182 -29174 -29168 -29165
-29165 -29165 -29162 -29157
-29135 -29110 -29099 -29092
-29085 -29082 -29062 -29057
-29055 -29047 -29031 -29031
-29025 -29010 -28977 -28971
-28968 -28966 -28960 -28956
-28951 -28950 -28948 -28945
-28935 -28934 -28931 -28928
-28923 -28919 -28907 -28903
-28902 -28898 -28897 -28894
-28893 -28888 -28875 -28874
-28873 -28867 -28864 -28864
-28862 -28861 -28856 -28847
-28838 -28827 -28816 -28811
-28804 -28801 -28793 -28793
-28779 -28777 -28772 -28767
-28758 -28757 -28748 -28747
-28730 -28729 -28726 -28713
-28709 -28708 -28705 -28704
-28693 -28692 -28690 -28681
-28674 -28673 -28666 -28662
-28648 -28641 -28640 -28635
-28625 -28615 -28606 -28593
-28586 -28570 -28565 -28558
-28553 -28548 -28547 -28542
-28540 -28539 -28533 -28526
-28526 -28523 -28522 -28514
-28509 -28505 -28469 -28458
-28457 -28455 -28452 -28449
-28441 -28431 -28420 -28418
-28418 -28410 -28407 -28407
-28405 -28405 -28404 -28401
-28375 -28363 -28363 -28362
-28360 -28358 -28357 -28355
-28349 -28342 -28321 -28290
-28283 -28277 -28272 -28269
-28267 -28262 -28257 -28240
-28239 -28219 -28219 -28188
-28181 -28169 -28158 -28153
-28150 -28138 -28132 -28132
-28118 -28100 -28099 -28093
-28090 -28090 -28087 -28083
-28079 -28074 -28057 -28056
-28051 -28040 -28033 -28031
-28028 -28020 -28003 -27991
-27968 -27961 -27956 -27949
-27934 -27925 -27921 -27919
-27917 -27916 -27913 -27911
-27909 -27899 -27894 -27891
-27883 -27880 -27872 -27871
-27860 -27842 -27816 -27811
-27806 -27800 -27787 -27784
-27773 -27763 -27753 -27749
-27749 -27732 -27730 -27727
-27722 -27722 -27717 -27712
-27706 -27700 -27681 -27680
-27679 -27669 -27658 -27652
-27649 -27644 -27640 -27639
-27636 -27619 -27611 -27608
-27596 -27593 -27592 -27588
-27582 -27581 -27555 -27547
-27541 -27536 -27534 -27531
-27523 -27523 -27518 -27508
-27506 -27505 -27502 -27501
-27500 -27487 -27481 -27474
-27452 -27451 -27446 -27423
-27414 -27409 -27390 -27374
-27370 -27369 -27361 -27359
-27328 -27324 -27318 -27299
-27293 -27242 -27238 -27234
-27233 -27228 -27227 -27204
-27188 -27177 -27177 -27172
-27157 -27148 -27145 -27143
-27143 -27119 -27114 -27105
-27100 -27099 -27099 -27097
-27079 -27052 -27051 -27051
-27044 -27037 -27026 -27018
-27009 -27007 -26994 -26988
-26981 -26974 -26967 -26951
-26937 -26937 -26926 -26912
-26905 -26878 -26861 -26837
-26837 -26833 -26832 -26832
-26831 -26827 -26810 -26806
-26805 -26805 -26804 -26793
-26785 -26783 -26782 -26769
-26759 -26751 -26748 -26740
-26734 -26732 -26718 -26714
-26693 -26685 -26683 -26683
-26678 -26673 -26672 -26661
-26655 -26648 -26633 -26612
-26603 -26582 -26558 -26557
-26541 -26523 -26497 -26496
-26491 -26471 -26461 -26439
-26428 -26406 -26399 -26384
-26377 -26376 -26373 -26367
-26364 -26364 -26343 -26340
-26338 -26337 -26320 -26319
-26313 -26311 -26311 -26308
-26303 -26281 -26277 -26275
-26271 -26264 -26259 -26240
-26240 -26231 -26230 -26223
-26217 -26214 -26210 -26193
-26183 -26182 -26180 -26171
-26164 -26161 -26160 -26156
-26145 -26134 -26133 -26129
-26125 -26121 -26112 -26108
-26107 -26091 -26077 -26073
-26054 -26053 -26042 -26040
-26030 -26026 -26012 -26005
-26003 -25978 -25974 -25974
-25968 -25966 -25957 -25952
-25944 -25939 -25920 -25918
-25913 -25912 -25907 -25899
-25886 -25884 -25876 -25875
-25874 -25856 -25851 -25846
-25841 -25841 -25829 -25824
-25811 -25803 -25793 -25779
-25773 -25756 -25754 -25751
-25749 -25742 -25741 -25741
-25740 -25732 -25729 -25719
-25718 -25698 -25677 -25676
-25674 -25663 -25654 -25653
-25643 -25640 -25631 -25629
-25612 -25601 -25598 -25597
-25588 -25582 -25582 -25575
-25575 -25567 -25565 -25565
-25559 -25551 -25550 -25549
-25549 -25547 -25534 -25529
-25527 -25521 -25519 -25519
-25509 -25494 -25492 -25465
-25462 -25440 -25440 -25436
-25435 -25434 -25427 -25421
-25419 -25419 -25418 -25401
-25391 -25391 -25387 -25382
-25370 -25362 -25344 -25339
-25338 -25334 -25322 -25315
-25307 -25305 -25301 -25278
-25278 -25272 -25248 -25237
-25229 -25189 -25188 -25178
-25172 -25168 -25158 -25156
-25137 -25132 -25129 -25125
-25125 -25107 -25097 -25094
-25089 -25072 -25071 -25070
-25045 -25040 -25039 -25027
-25018 -24990 -24983 -24970
-24970 -24969 -24966 -24963
-24960 -24959 -24952 -24934
-24926 -24915 -24915 -24911
-24906 -24905 -24902 -24900
-24899 -24898 -24888 -24883
-24865 -24861 -24860 -24851
-24840 -24839 -24833 -24826
-24825 -24820 -24806 -24792
-24791 -24791 -24791 -24777
-24765 -24759 -24758 -24755
-24750 -24747 -24733 -24733
-24730 -24721 -24703 -24694
-24686 -24681 -24679 -24668
-24667 -24666 -24651 -24647
-24641 -24638 -24624 -24623
-24617 -24613 -24605 -24600
-24592 -24588 -24586 -24584
-24581 -24580 -24569 -24561
-24555 -24553 -24546 -24546
-24542 -24538 -24532 -24528
-24526 -24514 -24506 -24501
-24501 -24498 -24477 -24473
-24472 -24471 -24465 -24462
-24456 -24446 -24418 -24417
-24402 -24397 -24386 -24377
-24368 -24352 -24332 -24330
-24322 -24317 -24309 -24308
-24303 -24301 -24298 -24290
-24265 -24226 -24223 -24223
-24220 -24211 -24209 -24206
-24203 -24192 -24190 -24185
-24172 -24158 -24149 -24143
-24135 -24132 -24129 -24117
-24115 -24112 -24111 -24110
-24100 -24097 -24097 -24089
-24080 -24066 -24058 -24056
-24033 -24032 -24027 -24027
-24024 -24007 -23991 -23988
-23981 -23981 -23960 -23955
-23949 -23948 -23944 -23932
-23931 -23925 -23922 -23919
-23903 -23896 -23895 -23892
-23872 -23866 -23862 -23861
-23845 -23828 -23825 -23811
-23811 -23808 -23798 -23796
-23795 -23777 -23767 -23744
-23734 -23733 -23732 -23720
-23713 -23712 -23710 -23701
-23691 -23686 -23677 -23677
-23675 -23669 -23662 -23661
-23646 -23640 -23637 -23635
-23628 -23625 -23609 -23608
-23602 -23598 -23593 -23583
-23581 -23577 -23576 -23562
-23554 -23553 -23551 -23546
-23545 -23532 -23524 -23524
-23511 -23508 -23480 -23476
-23458 -23456 -23455 -23455
-23441 -23423 -23419 -23417
-23411 -23402 -23402 -23393
-23374 -23352 -23332 -23309
-23271 -23262 -23255 -23240
-23232 -23231 -23217 -23216
-23213 -23212 -23202 -23192
-23191 -23178 -23173 -23165
-23163 -23160 -23146 -23145
-23144 -23140 -23132 -23123
-23103 -23087 -23086 -23070
-23069 -23066 -23065 -23050
-23036 -23028 -23027 -23008
-22993 -22983 -22977 -22971
-22968 -22965 -22963 -22950
-22948 -22947 -22941 -22929
-22928 -22923 -22916 -22910
-22904 -22859 -22856 -22850
-22846 -22846 -22837 -22828
-22822 -22817 -22816 -22812
-22808 -22794 -22776 -22758
-22754 -22744 -22744 -22723
-22718 -22716 -22716 -22710
-22707 -22706 -22700 -22680
-22679 -22679 -22679 -22673
-22658 -22653 -22651 -22643
-22636 -22618 -22602 -22597
-22593 -22593 -22591 -22566
-22563 -22560 -22555 -22544
-22542 -22539 -22531 -22522
-22521 -22518 -22514 -22509
-22504 -22501 -22489 -22488
-22481 -22473 -22458 -22449
-22449 -22445 -22443 -22438
-22429 -22424 -22422 -22420
-22420 -22400 -22398 -22389
-22389 -22389 -22388 -22384
-22384 -22365 -22347 -22333
-22324 -22319 -22304 -22283
-22278 -22272 -22266 -22265
-22264 -22263 -22254 -22253
-22246 -22238 -22235 -22225
-22222 -22214 -22212 -22209
-22203 -22200 -22197 -22189
-22182 -22154 -22147 -22142
-22140 -22139 -22132 -22130
-22126 -22109 -22102 -22087
-22086 -22078 -22054 -22052
-22031 -22018 -22014 -22006
-22000 -21997 -21996 -21996
-21991 -21989 -21981 -21973
-21971 -21964 -21961 -21956
-21955 -21943 -21937 -21926
-21920 -21914 -21911 -21905
-21904 -21902 -21900 -21896
-21884 -21864 -21863 -21862
-21861 -21861 -21858 -21853
-21847 -21840 -21836 -21827
-21809 -21797 -21793 -21788
-21781 -21777 -21766 -21741
-21740 -21739 -21725 -21704
-21701 -21699 -21688 -21668
-21664 -21659 -21654 -21640
-21625 -21607 -21602 -21584
-21580 -21563 -21554 -21552
-21549 -21548 -21539 -21535
-21533 -21522 -21521 -21514
-21506 -21504 -21499 -21490
-21487 -21486 -21485 -21480
-21479 -21474 -21472 -21463
-21459 -21440 -21439 -21434
-21424 -21422 -21417 -21414
-21391 -21390 -21385 -21382
-21373 -21372 -21371 -21367
-21366 -21362 -21362 -21358
-21354 -21351 -21349 -21328
-21322 -21319 -21311 -21307
-21297 -21277 -21267 -21266
-21259 -21255 -21249 -21246
-21245 -21243 -21240 -21219
-21207 -21206 -21204 -21204
-21194 -21185 -21181 -21165
-21161 -21155 -21141 -21131
-21127 -21123 -21118 -21118
-21116 -21115 -21112 -21108
-21102 -21101 -21094 -21093
-21087 -21087 -21074 -21066
-21063 -21061 -21057 -21054
-21045 -21042 -21024 -21022
-21019 -21019 -21019 -21017
-20987 -20970 -20966 -20955
-20949 -20939 -20932 -20930
-20922 -20912 -20906 -20893
-20892 -20888 -20881 -20875
-20857 -20851 -20850 -20825
-20818 -20817 -20817 -20815
-20802 -20800 -20793 -20792
-20790 -20787 -20782 -20779
-20766 -20763 -20761 -20759
-20737 -20735 -20728 -20718
-20708 -20699 -20696 -20691
-20691 -20683 -20683 -20673
-20667 -20656 -20652 -20636
-20634 -20625 -20610 -20585
-20579 -20578 -20551 -20549
-20541 -20536 -20522 -20520
-20516 -20514 -20509 -20500
-20499 -20495 -20493 -20491
-20488 -20477 -20472 -20472
-20470 -20465 -20461 -20459
-20437 -20436 -20434 -20427
-20423 -20423 -20414 -20408
-20407 -20404 -20393 -20389
-20388 -20376 -20364 -20350
-20348 -20347 -20338 -20335
-20333 -20306 -20301 -20300
-20299 -20299 -20285 -20284
-20276 -20273 -20261 -20251
-20246 -20243 -20240 -20240
-20225 -20221 -20216 -20212
-20209 -20200 -20197 -20194
-20169 -20158 -20141 -20140
-20137 -20131 -20127 -20115
-20113 -20113 -20107 -20103
-20101 -20099 -20097 -20097
-20095 -20091 -20087 -20087
-20083 -20069 -20065 -20054
-20050 -20041 -20037 -20036
-20035 -20019 -20000 -19998
-19992 -19947 -19946 -19938
-19935 -19920 -19910 -19909
-19893 -19879 -19876 -19872
-19865 -19847 -19842 -19839
-19817 -19805 -19801 -19778
-19764 -19749 -19743 -19742
-19740 -19731 -19702 -19701
-19697 -19678 -19652 -19650
-19642 -19609 -19599 -19594
-19576 -19575 -19565 -19560
-19549 -19547 -19529 -19522
-19521 -19519 -19518 -19510
-19506 -19493 -19491 -19491
-19490 -19480 -19476 -19474
-19467 -19462 -19450 -19435
-19421 -19401 -19398 -19394
-19392 -19389 -19367 -19363
-19361 -19329 -19329 -19303
-19296 -19291 -19286 -19280
-19276 -19270 -19244 -19236
-19234 -19230 -19211 -19205
-19199 -19198 -19193 -19185
-19174 -19167 -19166 -19163
-19152 -19138 -19129 -19125
-19125 -19105 -19099 -19091
-19089 -19085 -19083 -19079
-19075 -19067 -19067 -19039
-19036 -19008 -19002 -18998
-18972 -18949 -18946 -18946
-18937 -18931 -18919 -18910
-18905 -18904 -18899 -18896
-18893 -18884 -18878 -18868
-18854 -18852 -18841 -18815
-18813 -18808 -18805 -18783
-18775 -18767 -18765 -18750
-18745 -18743 -18739 -18736
-18735 -18735 -18734 -18727
-18724 -18722 -18720 -18714
-18708 -18698 -18696 -18695
-18659 -18654 -18650 -18649
-18647 -18639 -18638 -18618
-18617 -18613 -18603 -18603
-18577 -18572 -18569 -18566
-18562 -18560 -18559 -18551
-18543 -18538 -18535 -18533
-18527 -18503 -18503 -18500
-18469 -18468 -18462 -18456
-18453 -18444 -18433 -18414
-18391 -18382 -18381 -18373
-18370 -18369 -18363 -18345
-18337 -18336 -18326 -18325
-18320 -18320 -18314 -18310
-18299 -18290 -18275 -18263
-18262 -18253 -18252 -18250
-18239 -18237 -18224 -18222
-18221 -18220 -18219 -18214
-18191 -18184 -18180 -18153
-18151 -18142 -18141 -18123
-18122 -18121 -18120 -18112
-18102 -18090 -18082 -18080
-18080 -18077 -18076 -18073
-18073 -18052 -18046 -18044
-18042 -18037 -18037 -18033
-18030 -18024 -18022 -18018
-18017 -18014 -18011 -18007
-17987 -17971 -17963 -17955
-17942 -17941 -17934 -17916
-17907 -17890 -17886 -17883
-17874 -17849 -17842 -17832
-17831 -17825 -17813 -17813
-17805 -17804 -17800 -17799
-17790 -17789 -17782 -17774
-17763 -17761 -17753 -17748
-17747 -17739 -17735 -17728
-17712 -17705 -17690 -17687
-17683 -17679 -17677 -17671
-17665 -17647 -17640 -17640
-17629 -17624 -17620 -17603
-17580 -17574 -17564 -17563
-17559 -17534 -17533 -17531
-17528 -17515 -17512 -17503
-17501 -17501 -17470 -17459
-17452 -17430 -17427 -17415
-17410 -17407 -17397 -17383
-17378 -17373 -17365 -17349
-17347 -17331 -17328 -17316
-17316 -17313 -17310 -17300
-17289 -17288 -17282 -17267
-17232 -17226 -17225 -17213
-17210 -17193 -17181 -17180
-17180 -17177 -17175 -17172
-17165 -17160 -17156 -17133
-17111 -17107 -17102 -17100
-17097 -17084 -17075 -17069
-17066 -17066 -17041 -17040
-17021 -17019 -17008 -17005
-16990 -16957 -16953 -16952
-16947 -16936 -16936 -16933
-16932 -16932 -16929 -16928
-16922 -16917 -16917 -16906
-16900 -16896 -16887 -16885
-16878 -16870 -16869 -16856
-16849 -16843 -16834 -16828
-16813 -16811 -16809 -16804
-16793 -16787 -16786 -16777
-16776 -16775 -16774 -16772
-16761 -16745 -16735 -16733
-16728 -16725 -16716 -16716
-16711 -16709 -16703 -16701
-16700 -16696 -16692 -16674
-16673 -16673 -16670 -16653
-16648 -16648 -16642 -16637
-16633 -16628 -16613 -16607
-16603 -16598 -16595 -16591
-16585 -16581 -16570 -16569
-16566 -16559 -16555 -16543
-16542 -16533 -16530 -16530
-16515 -16506 -16503 -16502
-16498 -16495 -16492 -16487
-16484 -16480 -16462 -16461
-16459 -16449 -16427 -16415
-16405 -16404 -16403 -16402
-16399 -16394 -16383 -16378
-16377 -16369 -16364 -16357
-16355 -16355 -16351 -16346
-16332 -16329 -16322 -16320
-16318 -16312 -16307 -16301
-16296 -16288 -16255 -16245
-16245 -16238 -16234 -16234
-16222 -16220 -16201 -16159
-16154 -16153 -16152 -16149
-16147 -16135 -16131 -16123
-16122 -16112 -16099 -16099
-16095 -16086 -16072 -16072
-16069 -16056 -16055 -16052
-16047 -16046 -16038 -16034
-16024 -16019 -16015 -16000
-16000 -15982 -15980 -15978
-15974 -15969 -15947 -15940
-15940 -15934 -15933 -15933
-15932 -15911 -15908 -15900
-15895 -15889 -15880 -15875
-15870 -15855 -15854 -15852
-15850 -15849 -15844 -15831
-15818 -15806 -15792 -15783
-15738 -15727 -15722 -15714
-15713 -15691 -15686 -15681
-15673 -15670 -15669 -15665
-15662 -15656 -15649 -15647
-15627 -15611 -15609 -15608
-15582 -15569 -15567 -15562
-15559 -15548 -15543 -15534
-15533 -15533 -15530 -15522
-15521 -15514 -15513 -15512
-15507 -15499 -15484 -15481
-15462 -15459 -15458 -15458
-15456 -15448 -15436 -15433
-15432 -15430 -15430 -15422
-15418 -15406 -15397 -15394
-15391 -15383 -15381 -15367
-15344 -15338 -15336 -15323
-15318 -15317 -15310 -15306
-15296 -15266 -15253 -15246
-15240 -15239 -15223 -15217
-15210 -15209 -15188 -15187
-15187 -15183 -15181 -15170
-15167 -15165 -15154 -15149
-15142 -15134 -15124 -15115
-15110 -15107 -15107 -15105
-15092 -15090 -15085 -15074
-15071 -15055 -15053 -15050
-15047 -15041 -15019 -15008
-15007 -15000 -14987 -14985
-14978 -14972 -14969 -14959
-14946 -14945 -14941 -14930
-14901 -14899 -14897 -14896
-14853 -14846 -14844 -14841
-14832 -14820 -14807 -14805
-14799 -14798 -14786 -14771
-14764 -14764 -14751 -14733
-14727 -14721 -14708 -14706
-14695 -14690 -14674 -14670
-14668 -14659 -14643 -14633
-14633 -14627 -14625 -14623
-14615 -14591 -14589 -14587
-14583 -14566 -14562 -14558
-14558 -14546 -14541 -14532
-14521 -14519 -14511 -14485
-14473 -14468 -14464 -14464
-14462 -14462 -14442 -14431
-14421 -14420 -14413 -14413
-14396 -14380 -14379 -14376
-14368 -14367 -14362 -14362
-14335 -14323 -14323 -14302
-14296 -14280 -14280 -14264
-14262 -14262 -14261 -14261
-14248 -14243 -14228 -14218
-14212 -14192 -14174 -14167
-14148 -14143 -14132 -14129
-14112 -14110 -14084 -14078
-14057 -14055 -14049 -14048
-14047 -14042 -14038 -13974
-13973 -13968 -13968 -13968
-13963 -13961 -13959 -13953
-13948 -13947 -13944 -13942
-13923 -13905 -13895 -13894
-13892 -13889 -13847 -13846
-13841 -13836 -13830 -13828
-13806 -13796 -13783 -13780
-13778 -13769 -13767 -13752
-13747 -13737 -13720 -13719
-13710 -13692 -13684 -13669
-13660 -13656 -13642 -13641
-13628 -13622 -13604 -13599
-13575 -13573 -13552 -13552
-13548 -13546 -13529 -13507
-13486 -13471 -13464 -13459
-13458 -13455 -13448 -13448
-13444 -13439 -13427 -13419
-13418 -13416 -13398 -13396
-13388 -13379 -13378 -13355
-13353 -13345 -13341 -13334
-13323 -13319 -13310 -13306
-13286 -13271 -13267 -13267
-13264 -13262 -13260 -13258
-13249 -13247 -13244 -13243
-13233 -13221 -13216 -13205
-13198 -13186 -13179 -13164
-13153 -13151 -13145 -13111
-13107 -13096 -13089 -13045
-13030 -13030 -13029 -13029
-13024 -13021 -13012 -12974
-12973 -12971 -12967 -12960
-12953 -12952 -12947 -12946
-12942 -12938 -12938 -12930
-12929 -12929 -12922 -12918
-12916 -12913 -12913 -12906
-12897 -12895 -12890 -12859
-12852 -12848 -12835 -12827
-12826 -12825 -12820 -12817
-12809 -12807 -12805 -12802
-12800 -12797 -12787 -12787
-12783 -12774 -12771 -12770
-12769 -12752 -12750 -12749
-12748 -12747 -12740 -12722
-12716 -12710 -12701 -12699
-12698 -12696 -12693 -12691
-12685 -12682 -12678 -12678
-12675 -12669 -12668 -12661
-12641 -12639 -12637 -12628
-12612 -12606 -12595 -12585
-12543 -12522 -12520 -12519
-12518 -12516 -12503 -12501
-12495 -12493 -12480 -12475
-12471 -12460 -12453 -12451
-12441 -12428 -12427 -12417
-12414 -12378 -12357 -12356
-12342 -12337 -12337 -12331
-12326 -12318 -12316 -12298
-12297 -12292 -12291 -12290
-12289 -12287 -12283 -12281
-12268 -12263 -12262 -12262
-12254 -12253 -12243 -12235
-12229 -12229 -12225 -12222
-12207 -12203 -12196 -12186
-12177 -12171 -12171 -12170
-12168 -12156 -12151 -12131
-12114 -12111 -12097 -12086
-12063 -12061 -12052 -12047
-12036 -12032 -12025 -12025
-12018 -12014 -12003 -11995
-11992 -11991 -11985 -11984
-11980 -11975 -11974 -11972
-11959 -11957 -11951 -11932
-11924 -11918 -11915 -11902
-11901 -11897 -11896 -11860
-11851 -11847 -11843 -11835
-11814 -11814 -11811 -11794
-11794 -11786 -11778 -11760
-11741 -11737 -11736 -11729
-11729 -11728 -11724 -11701
-11692 -11689 -11687 -11681
-11672 -11671 -11669 -11664
-11651 -11649 -11647 -11642
-11634 -11628 -11623 -11620
-11618 -11611 -11601 -11582
-11582 -11572 -11563 -11560
-11547 -11537 -11533 -11530
-11522 -11521 -11517 -11497
-11490 -11484 -11482 -11476
-11474 -11474 -11464 -11463
-11455 -11447 -11430 -11417
-11405 -11395 -11386 -11383
-11376 -11375 -11375 -11366
-11360 -11359 -11356 -11342
-11341 -11336 -11332 -11326
-11322 -11309 -11306 -11296
-11291 -11291 -11283 -11276
-11273 -11264 -11260 -11246
-11232 -11229 -11222 -11218
-11208 -11203 -11200 -11199
-11197 -11188 -11173 -11169
-11167 -11163 -11161 -11158
-11155 -11147 -11144 -11113
-11110 -11098 -11081 -11077
-11074 -11063 -11051 -11050
-11048 -11043 -11027 -11017
-11015 -11014 -11013 -11005
-10993 -10983 -10977 -10969
-10967 -10966 -10955 -10955
-10955 -10932 -10915 -10911
-10910 -10895 -10890 -10889
-10888 -10887 -10875 -10861
-10857 -10856 -10849 -10819
-10802 -10771 -10770 -10757
-10750 -10749 -10747 -10742
-10729 -10715 -10704 -10704
-10699 -10693 -10683 -10674
-10669 -10661 -10658 -10651
-10645 -10642 -10616 -10603
-10600 -10595 -10589 -10589
-10586 -10582 -10582 -10571
-10556 -10555 -10546 -10545
-10517 -10506 -10505 -10504
-10503 -10486 -10484 -10483
-10467 -10464 -10457 -10441
-10430 -10429 -10426 -10412
-10400 -10397 -10395 -10394
-10393 -10389 -10385 -10384
-10382 -10381 -10358 -10356
-10356 -10341 -10337 -10336
-10329 -10325 -10314 -10314
-10310 -10303 -10273 -10266
-10258 -10254 -10249 -10248
-10238 -10195 -10194 -10191
-10188 -10169 -10158 -10154
-10152 -10139 -10131 -10126
-10123 -10113 -10101 -10099
-10097 -10096 -10082 -10054
-10050 -10045 -10044 -10040
-10031 -10023 -10008 -10004
-10001 -9993 -9989 -9989
-9963 -9961 -9960 -9933
-9923 -9920 -9904 -9896
-9896 -9891 -9886 -9875
-9868 -9867 -9864 -9855
-9854 -9854 -9846 -9836
-9823 -9815 -9812 -9792
-9785 -9762 -9760 -9720
-9718 -9709 -9709 -9708
-9699 -9670 -9663 -9661
-9656 -9654 -9650 -9641
-9635 -9631 -9622 -9621
-9620 -9614 -9614 -9599
-9594 -9577 -9574 -9556
-9548 -9539 -9533 -9532
-9532 -9532 -9528 -9526
-9523 -9522 -9516 -9515
-9514 -9509 -9508 -9496
-9493 -9492 -9484 -9476
-9470 -9460 -9457 -9452
-9444 -9433 -9432 -9426
-9425 -9424 -9414 -9413
-9409 -9408 -9399 -9398
-9392 -9363 -9360 -9355
-9353 -9350 -9348 -9330
-9326 -9314 -9304 -9303
-9300 -9285 -9281 -9278
-9277 -9271 -9259 -9245
-9245 -9245 -9245 -9231
-9230 -9202 -9195 -9190
-9185 -9185 -9178 -9173
-9171 -9164 -9164 -9153
-9152 -9132 -9122 -9108
-9091 -9087 -9079 -9064
-9048 -9040 -9039 -9036
-9005 -9004 -9002 -9001
-9000 -8973 -8971 -8963
-8933 -8931 -8925 -8912
-8901 -8899 -8889 -8889
-8888 -8870 -8869 -8864
-8855 -8847 -8843 -8842
-8836 -8834 -8829 -8824
-8814 -8776 -8762 -8762
-8747 -8742 -8738 -8732
-8730 -8714 -8672 -8670
-8663 -8650 -8642 -8634
-8625 -8621 -8616 -8609
-8605 -8605 -8584 -8581
-8579 -8575 -8573 -8570
-8568 -8557 -8552 -8542
-8531 -8524 -8522 -8503
-8499 -8490 -8462 -8457
-8456 -8456 -8436 -8434
-8432 -8406 -8391 -8371
-8364 -8362 -8352 -8336
-8318 -8317 -8313 -8308
-8308 -8288 -8287 -8287
-8279 -8275 -8269 -8266
-8265 -8254 -8251 -8232
-8226 -8217 -8215 -8210
-8206 -8169 -8163 -8150
-8117 -8112 -8110 -8108
-8107 -8102 -8099 -8079
-8074 -8069 -8068 -8057
-8039 -8036 -8033 -8031
-8029 -8011 -8010 -8005
-7997 -7994 -7994 -7987
-7971 -7967 -7962 -7954
-7952 -7945 -7945 -7944
-7942 -7942 -7939 -7937
-7929 -7929 -7923 -7915
-7913 -7908 -7905 -7903
-7901 -7900 -7885 -7838
-7832 -7821 -7816 -7811
-7809 -7808 -7798 -7798
-7788 -7788 -7788 -7787
-7787 -7776 -7767 -7758
-7739 -7736 -7726 -7722
-7714 -7709 -7705 -7695
-7695 -7694 -7693 -7676
-7668 -7665 -7662 -7661
-7659 -7649 -7645 -7636
-7590 -7584 -7578 -7570
-7566 -7562 -7556 -7542
-7540 -7539 -7539 -7531
-7521 -7508 -7503 -7499
-7497 -7494 -7481 -7478
-7475 -7472 -7463 -7460
-7453 -7449 -7435 -7431
-7419 -7413 -7405 -7404
-7394 -7391 -7382 -7377
-7364 -7341 -7340 -7340
-7339 -7337 -7334 -7333
-7332 -7329 -7322 -7320
-7317 -7316 -7297 -7296
-7291 -7291 -7291 -7275
-7267 -7258 -7253 -7251
-7234 -7232 -7216 -7204
-7199 -7176 -7164 -7154
-7152 -7134 -7132 -7124
-7108 -7103 -7101 -7100
-7099 -7098 -7098 -7091
-7083 -7080 -7077 -7076
-7076 -7055 -7046 -7045
-7044 -7037 -7035 -7028
-7018 -6995 -6994 -6991
-6989 -6986 -6985 -6984
-6970 -6968 -6956 -6954
-6947 -6946 -6941 -6937
-6934 -6931 -6919 -6911
-6906 -6903 -6896 -6886
-6858 -6853 -6845 -6844
-6841 -6827 -6813 -6799
-6795 -6772 -6765 -6761
-6760 -6756 -6744 -6718
-6712 -6710 -6706 -6688
-6685 -6660 -6657 -6656
-6644 -6643 -6640 -6634
-6633 -6630 -6629 -6619
-6611 -6607 -6600 -6591
-6556 -6545 -6531 -6525
-6524 -6520 -6507 -6480
-6452 -6437 -6425 -6423
-6409 -6407 -6395 -6386
-6378 -6374 -6373 -6363
-6361 -6349 -6345 -6343
-6336 -6329 -6323 -6316
-6314 -6313 -6312 -6301
-6298 -6292 -6285 -6273
-6273 -6273 -6268 -6266
-6264 -6262 -6253 -6252
-6250 -6242 -6226 -6225
-6222 -6222 -6218 -6216
-6207 -6201 -6198 -6185
-6184 -6169 -6165 -6165
-6156 -6154 -6149 -6149
-6148 -6142 -6141 -6128
-6116 -6114 -6099 -6084
-6071 -6064 -6060 -6058
-6053 -6051 -6051 -6037
-6035 -6025 -6015 -5994
-5991 -5987 -5985 -5984
-5981 -5962 -5958 -5957
-5948 -5933 -5930 -5921
-5917 -5910 -5905 -5895
-5895 -5890 -5888 -5886
-5883 -5877 -5874 -5868
-5862 -5858 -5851 -5840
-5831 -5824 -5819 -5805
-5782 -5768 -5766 -5742
-5721 -5715 -5708 -5708
-5708 -5706 -5698 -5696
-5691 -5681 -5679 -5659
-5653 -5646 -5643 -5637
-5632 -5607 -5599 -5596
-5589 -5585 -5583 -5582
-5552 -5550 -5550 -5537
-5535 -5530 -5522 -5520
-5519 -5510 -5508 -5500
-5485 -5478 -5474 -5467
-5464 -5455 -5453 -5452
-5437 -5432 -5426 -5425
-5415 -5414 -5412 -5412
-5410 -5401 -5394 -5379
-5378 -5376 -5372 -5367
-5355 -5318 -5317 -5313
-5305 -5305 -5302 -5295
-5289 -5284 -5281 -5281
-5274 -5268 -5251 -5244
-5237 -5231 -5207 -5202
-5201 -5185 -5167 -5161
-5157 -5153 -5134 -5118
-5111 -5107 -5103 -5094
-5072 -5070 -5043 -5042
-5037 -5030 -5030 -5029
-5027 -5019 -5019 -5018
-5010 -4998 -4997 -4988
-4967 -4966 -4957 -4949
-4943 -4936 -4933 -4931
-4928 -4923 -4921 -4913
-4912 -4897 -4894 -4892
-4890 -4888 -4886 -4873
-4869 -4858 -4841 -4829
-4826 -4825 -4821 -4817
-4797 -4791 -4791 -4789
-4779 -4778 -4776 -4772
-4771 -4768 -4757 -4757
-4755 -4724 -4716 -4709
-4702 -4687 -4684 -4672
-4667 -4656 -4653 -4648
-4645 -4644 -4644 -4642
-4637 -4623 -4611 -4610
-4606 -4602 -4596 -4591
-4587 -4577 -4572 -4570
-4567 -4565 -4562 -4555
-4539 -4539 -4536 -4530
-4520 -4505 -4502 -4499
-4497 -4490 -4474 -4446
-4431 -4429 -4428 -4424
-4391 -4390 -4390 -4372
-4361 -4359 -4355 -4346
-4343 -4343 -4342 -4337
-4336 -4329 -4319 -4318
-4316 -4308 -4304 -4301
-4300 -4293 -4293 -4290
-4286 -4274 -4272 -4260
-4254 -4252 -4252 -4239
-4222 -4211 -4199 -4196
-4178 -4177 -4165 -4149
-4114 -4093 -4085 -4056
-4035 -4033 -4027 -4002
-3997 -3996 -3996 -3990
-3975 -3956 -3944 -3942
-3930 -3924 -3917 -3915
-3903 -3894 -3890 -3872
-3854 -3854 -3854 -3853
-3847 -3846 -3845 -3836
-3831 -3826 -3826 -3806
-3802 -3784 -3770 -3763
-3750 -3735 -3730 -3727
-3725 -3723 -3722 -3716
-3708 -3702 -3699 -3685
-3682 -3670 -3666 -3644
-3631 -3620 -3618 -3617
-3605 -3604 -3602 -3593
-3585 -3578 -3576 -3567
-3565 -3562 -3555 -3548
-3540 -3520 -3512 -3508
-3477 -3460 -3452 -3451
-3448 -3432 -3407 -3407
-3389 -3388 -3366 -3351
-3348 -3341 -3326 -3324
-3317 -3304 -3298 -3294
-3284 -3279 -3260 -3259
-3256 -3245 -3237 -3233
-3229 -3226 -3221 -3211
-3210 -3210 -3205 -3201
-3192 -3189 -3156 -3151
-3149 -3143 -3138 -3137
-3136 -3126 -3121 -3121
-3120 -3116 -3111 -3107
-3101 -3094 -3089 -3089
-3076 -3066 -3064 -3063
-3055 -3055 -3051 -3048
-3038 -3023 -3016 -3012
-3002 -2978 -2967 -2958
-2954 -2953 -2945 -2904
-2901 -2892 -2887 -2887
-2885 -2880 -2880 -2867
-2847 -2847 -2845 -2843
-2831 -2824 -2821 -2819
-2815 -2809 -2798 -2790
-2786 -2785 -2785 -2775
-2765 -2756 -2728 -2728
-2704 -2703 -2695 -2685
-2679 -2660 -2657 -2656
-2654 -2643 -2641 -2627
-2611 -2601 -2600 -2594
-2591 -2571 -2570 -2567
-2565 -2558 -2557 -2544
-2543 -2524 -2518 -2508
-2504 -2500 -2500 -2498
-2496 -2495 -2491 -2484
-2483 -2476 -2471 -2452
-2450 -2442 -2439 -2436
-2422 -2418 -2410 -2397
-2397 -2388 -2385 -2382
-2370 -2365 -2362 -2349
-2344 -2341 -2324 -2324
-2321 -2317 -2316 -2314
-2304 -2299 -2295 -2277
-2273 -2272 -2268 -2253
-2246 -2245 -2242 -2224
-2211 -2209 -2209 -2203
-2202 -2200 -2190 -2189
-2187 -2184 -2172 -2170
-2167 -2160 -2158 -2155
-2140 -2131 -2120 -2117
-2108 -2093 -2087 -2079
-2077 -2077 -2076 -2069
-2059 -2059 -2057 -2055
-2044 -2043 -2043 -2042
-2032 -2023 -2021 -2003
-2002 -1992 -1987 -1965
-1964 -1958 -1951 -1950
-1950 -1937 -1898 -1892
-1884 -1878 -1874 -1866
-1827 -1814 -1810 -1804
-1802 -1801 -1800 -1798
-1785 -1778 -1774 -1772
-1770 -1769 -1754 -1752
-1751 -1749 -1743 -1743
-1739 -1739 -1739 -1738
-1718 -1713 -1698 -1697
-1695 -1691 -1690 -1687
-1684 -1683 -1681 -1668
-1661 -1654 -1653 -1650
-1649 -1644 -1643 -1641
-1639 -1634 -1620 -1619
-1602 -1595 -1586 -1572
-1565 -1563 -1556 -1555
-1538 -1531 -1525 -1523
-1521 -1514 -1512 -1510
-1497 -1494 -1487 -1481
-1478 -1474 -1472 -1458
-1450 -1450 -1436 -1434
-1420 -1417 -1414 -1413
-1410 -1408 -1405 -1392
-1382 -1379 -1371 -1351
-1348 -1342 -1338 -1330
-1330 -1329 -1326 -1315
-1312 -1310 -1298 -1291
-1287 -1283 -1279 -1276
-1274 -1274 -1265 -1253
-1249 -1240 -1236 -1236
-1224 -1220 -1219 -1211
-1206 -1196 -1195 -1188
-1176 -1174 -1168 -1161
-1159 -1154 -1151 -1146
-1143 -1140 -1133 -1131
-1130 -1129 -1099 -1098
-1098 -1098 -1091 -1090
-1089 -1084 -1075 -1070
-1068 -1057 -1056 -1055
-1051 -1051 -1043 -1034
-1033 -1010 -992 -984
-983 -978 -972 -971
-971 -969 -966 -962
-952 -952 -947 -946
-916 -909 -906 -897
-895 -890 -885 -885
-879 -874 -871 -850
-842 -839 -836 -835
-835 -832 -827 -820
-815 -804 -804 -800
-796 -790 -788 -782
-742 -735 -722 -696
-695 -692 -679 -675
-673 -669 -668 -646
-636 -634 -627 -620
-613 -612 -611 -608
-607 -607 -597 -591
-591 -563 -559 -547
-541 -537 -532 -502
-498 -493 -491 -485
-473 -472 -461 -456
-445 -445 -444 -432
-432 -428 -419 -387
-384 -371 -365 -362
-346 -333 -329 -319
-300 -289 -288 -288
-272 -264 -261 -259
-234 -230 -203 -185
-181 -175 -164 -150
-135 -135 -133 -131
-125 -113 -108 -105
-101 -94 -93 -73
-70 -67 -65 -51
-47 -44 -38 -36
-16 -11 9 16
26 32 45 45
47 50 54 61
63 66 67 73
74 81 98 99
102 104 116 118
134 137 141 146
153 160 174 176
193 196 206 214
214 215 215 223
237 241 246 250
253 256 257 266
269 271 275 287
288 298 305 315
320 321 326 326
334 338 351 352
356 361 363 369
371 376 384 415
417 418 419 442
442 443 461 464
467 474 474 474
476 478 479 485
486 488 491 493
493 504 509 516
518 520 530 531
533 545 547 549
550 552 556 569
574 579 608 619
635 638 639 641
651 652 660 670
689 690 694 745
751 754 762 768
797 804 808 815
823 828 834 841
844 846 860 867
907 910 952 960
971 976 989 991
993 1015 1019 1024
1028 1030 1036 1043
1049 1053 1054 1057
1067 1071 1083 1091
1098 1105 1105 1106
1118 1120 1128 1129
1134 1145 1146 1151
1167 1169 1180 1181
1185 1190 1193 1200
1201 1204 1234 1259
1259 1267 1269 1270
1280 1282 1289 1290
1301 1305 1313 1314
1318 1319 1319 1320
1355 1358 1360 1364
1375 1382 1389 1394
1410 1417 1422 1429
1431 1437 1441 1445
1454 1455 1462 1465
1465 1474 1481 1485
1486 1487 1492 1499
1501 1501 1503 1504
1512 1515 1516 1518
1520 1525 1528 1530
1533 1541 1545 1557
1560 1561 1574 1576
1592 1596 1598 1608
1612 1618 1640 1642
1646 1648 1657 1679
1682 1694 1710 1717
1724 1725 1748 1752
1762 1764 1771 1777
1780 1808 1809 1826
1843 1845 1853 1858
1862 1864 1870 1885
1901 1905 1915 1932
1938 1943 1944 1948
1954 1963 1973 1982
1985 1994 1998 1999
2011 2020 2044 2053
2086 2089 2107 2107
2109 2109 2112 2114
2121 2144 2180 2199
2213 2231 2234 2256
2263 2271 2274 2279
2279 2282 2286 2287
2288 2288 2293 2294
2300 2301 2302 2307
2331 2331 2333 2338
2349 2351 2370 2397
2399 2433 2434 2444
2445 2446 2453 2467
2502 2506 2509 2523
2534 2538 2540 2544
2544 2544 2547 2551
2562 2565 2575 2575
2577 2578 2584 2604
2616 2616 2627 2627
2631 2641 2671 2676
2688 2692 2710 2719
2719 2732 2741 2745
2756 2762 2771 2774
2798 2803 2816 2823
2833 2834 2841 2847
2865 2873 2875 2884
2915 2923 2934 2934
2936 2937 2943 2948
2951 2954 2954 2957
2960 2970 2970 2972
2986 2987 2994 3001
3012 3013 3014 3031
3039 3044 3053 3059
3070 3080 3083 3084
3085 3085 3086 3100
3104 3105 3114 3124
3127 3137 3139 3141
3154 3154 3161 3168
3180 3180 3184 3185
3199 3207 3208 3212
3219 3222 3228 3244
3244 3267 3271 3290
3325 3333 3334 3337
3338 3342 3346 3352
3353 3372 3373 3384
3398 3398 3423 3427
3444 3449 3457 3460
3460 3468 3475 3493
3494 3494 3499 3502
3509 3517 3519 3520
3521 3525 3526 3530
3541 3546 3547 3547
3549 3559 3567 3567
3586 3592 3613 3631
3659 3668 3689 3692
3695 3707 3726 3739
3741 3750 3751 3758
3765 3766 3773 3778
3785 3786 3794 3796
3798 3801 3802 3806
3807 3817 3817 3834
3847 3868 3869 3871
3882 3883 3886 3891
3896 3900 3919 3921
3926 3928 3928 3932
3933 3934 3940 3945
3952 3954 3963 3963
3965 3965 3970 3972
3987 3988 3999 3999
4007 4009 4013 4031
4034 4035 4035 4036
4036 4043 4046 4053
4056 4080 4086 4089
4089 4094 4094 4102
4107 4111 4115 4119
4128 4133 4138 4146
4150 4162 4175 4188
4202 4220 4225 4228
4242 4253 4257 4260
4267 4280 4285 4299
4305 4306 4307 4315
4317 4323 4331 4334
4334 4349 4371 4374
4374 4384 4386 4389
4404 4414 4416 4424
4428 4430 4446 4446
4451 4453 4459 4464
4469 4486 4490 4493
4495 4519 4529 4532
4537 4540 4573 4576
4588 4593 4595 4598
4599 4601 4604 4613
4615 4620 4620 4627
4627 4649 4652 4659
4666 4681 4681 4687
4702 4702 4710 4713
4721 4722 4726 4728
4728 4733 4737 4752
4756 4758 4768 4775
4780 4782 4783 4794
4810 4810 4813 4855
4856 4862 4865 4879
4887 4891 4917 4917
4917 4934 4934 4941
4945 4947 4954 4955
4960 4970 4979 4980
4982 4984 4984 5005
5012 5015 5018 5021
5050 5052 5057 5058
5062 5070 5076 5080
5085 5089 5094 5095
5098 5098 5099 5103
5113 5129 5133 5149
5149 5149 5153 5162
5171 5182 5184 5187
5199 5201 5204 5211
5230 5232 5235 5244
5257 5267 5272 5277
5285 5307 5312 5315
5316 5325 5328 5341
5353 5355 5363 5368
5371 5371 5381 5383
5387 5393 5403 5409
5422 5433 5444 5452
5457 5457 5476 5479
5501 5503 5508 5508
5511 5519 5524 5535
5535 5545 5561 5589
5614 5632 5633 5634
5639 5641 5645 5653
5653 5657 5671 5678
5678 5682 5686 5700
5700 5713 5716 5716
5723 5726 5731 5732
5740 5741 5750 5750
5775 5780 5783 5795
5796 5810 5815 5848
5849 5849 5860 5880
5881 5883 5885 5894
5905 5932 5944 5950
5969 5986 5986 5987
5988 5991 5993 5998
6009 6018 6018 6018
6026 6036 6041 6044
6051 6067 6068 6070
6085 6087 6108 6110
6142 6147 6150 6151
6153 6162 6178 6178
6187 6188 6192 6192
6197 6206 6214 6217
6222 6226 6234 6245
6268 6270 6285 6297
6307 6315 6316 6322
6325 6327 6351 6359
6373 6377 6378 6379
6388 6398 6414 6458
6460 6463 6467 6479
6482 6497 6499 6502
6505 6515 6515 6517
6521 6526 6528 6529
6533 6546 6552 6556
6565 6569 6574 6575
6582 6583 6601 6602
6603 6611 6624 6625
6629 6630 6638 6649
6652 6658 6661 6673
6677 6702 6711 6733
6735 6736 6741 6744
6744 6755 6758 6762
6772 6778 6801 6811
6831 6852 6869 6876
6879 6880 6904 6910
6922 6924 6927 6938
6939 6961 6963 6975
6990 7000 7005 7012
7027 7028 7050 7053
7057 7061 7061 7065
7066 7070 7072 7093
7093 7103 7111 7112
7121 7128 7140 7144
7146 7149 7152 7166
7185 7202 7210 7210
7220 7221 7225 7230
7234 7237 7249 7250
7253 7255 7260 7272
7282 7286 7297 7302
7315 7316 7318 7334
7343 7347 7371 7404
7407 7416 7431 7438
7445 7451 7466 7471
7472 7473 7475 7477
7487 7488 7489 7491
7504 7516 7521 7527
7540 7549 7549 7552
7559 7570 7585 7586
7601 7609 7610 7617
7633 7635 7637 7655
7656 7660 7666 7666
7672 7682 7684 7685
7686 7693 7695 7705
7711 7717 7717 7725
7733 7739 7751 7752
7757 7760 7761 7766
7771 7775 7791 7798
7811 7815 7825 7847
7850 7854 7867 7867
7875 7882 7895 7899
7903 7908 7916 7926
7933 7935 7943 7953
7955 7960 7960 7972
7975 7979 7979 7981
8001 8018 8039 8049
8067 8082 8090 8097
8100 8105 8107 8117
8120 8149 8155 8158
8160 8164 8166 8167
8168 8174 8186 8193
8195 8211 8216 8220
8220 8228 8240 8241
8250 8256 8269 8288
8291 8294 8300 8303
8303 8306 8317 8318
8318 8338 8338 8362
8365 8369 8382 8407
8415 8416 8425 8428
8433 8455 8464 8488
8488 8488 8494 8501
8501 8504 8512 8517
8519 8527 8537 8546
8550 8558 8564 8569
8572 8580 8582 8585
8587 8607 8620 8621
8653 8656 8666 8670
8678 8682 8695 8699
8709 8710 8712 8712
8717 8717 8724 8724
8729 8744 8747 8754
8756 8756 8760 8763
8763 8767 8771 8774
8780 8788 8793 8819
8846 8847 8848 8850
8859 8874 8883 8887
8888 8889 8891 8895
8897 8904 8913 8919
8943 8962 8964 8976
8990 8991 8996 9008
9010 9012 9021 9030
9043 9056 9073 9075
9081 9085 9094 9113
9113 9114 9129 9133
9168 9186 9197 9199
9213 9225 9225 9234
9259 9294 9310 9313
9315 9329 9333 9347
9349 9350 9357 9361
9371 9394 9401 9405
9429 9432 9438 9440
9443 9453 9461 9489
9496 9504 9505 9532
9541 9543 9551 9554
9561 9567 9569 9581
9588 9592 9604 9613
9614 9615 9621 9642
9649 9660 9665 9674
9694 9699 9702 9704
9705 9707 9712 9713
9713 9723 9748 9754
9755 9760 9763 9766
9767 9772 9779 9781
9783 9785 9786 9791
9801 9811 9817 9818
9819 9858 9862 9864
9866 9869 9878 9880
9903 9905 9906 9919
9932 9932 9969 9982
9990 9996 10001 10005
10027 10038 10039 10040
10056 10075 10077 10082
10091 10096 10104 10108
10117 10118 10119 10120
10125 10126 10130 10148
10152 10154 10155 10164
10165 10170 10174 10186
10215 10233 10238 10239
10243 10244 10246 10246
10256 10260 10273 10274
10282 10287 10296 10301
10308 10310 10316 10327
10329 10338 10340 10376
10377 10391 10397 10397
10411 10415 10421 10431
10451 10461 10462 10467
10474 10480 10484 10505
10508 10525 10530 10535
10536 10538 10539 10550
10551 10555 10561 10568
10569 10574 10577 10594
10599 10605 10608 10609
10616 10619 10643 10646
10646 10648 10650 10664
10672 10676 10681 10688
10690 10694 10698 10706
10707 10709 10709 10710
10719 10725 10728 10729
10736 10741 10742 10745
10746 10758 10791 10797
10804 10816 10827 10832
10835 10856 10861 10864
10866 10870 10871 10872
10875 10875 10877 10882
10888 10899 10899 10905
10907 10907 10911 10912
10913 10928 10931 10931
10932 10934 10963 10965
10965 10973 10981 10983
10995 10999 11028 11031
11031 11031 11035 11051
11051 11053 11054 11059
11060 11062 11074 11076
11077 11080 11087 11121
11132 11133 11133 11146
11148 11153 11174 11177
11194 11200 11240 11243
11248 11268 11271 11281
11290 11293 11297 11307
11311 11313 11320 11320
11322 11324 11326 11327
11328 11329 11344 11344
11351 11363 11366 11393
11403 11417 11422 11425
11430 11447 11449 11467
11472 11472 11477 11485
11495 11496 11509 11516
11523 11527 11530 11543
11544 11553 11574 11577
11579 11580 11581 11592
11596 11611 11614 11616
11621 11627 11643 11651
11656 11664 11675 11678
11679 11701 11701 11711
11714 11736 11738 11738
11751 11757 11760 11774
11774 11790 11796 11797
11802 11803 11809 11811
11812 11820 11825 11832
11837 11847 11854 11864
11869 11879 11881 11884
11895 11896 11903 11905
11906 11913 11916 11927
11933 11937 11946 11949
11953 11954 11958 11965
11971 11971 11974 11975
11978 11981 11999 12001
12002 12015 12024 12032
12038 12052 12060 12062
12063 12064 12067 12069
12081 12089 12102 12110
12119 12125 12125 12155
12158 12158 12175 12183
12187 12193 12200 12209
12234 12240 12264 12268
12271 12274 12294 12299
12300 12306 12309 12311
12316 12317 12326 12333
12338 12339 12345 12355
12355 12359 12371 12373
12378 12378 12379 12385
12386 12386 12389 12390
12409 12414 12442 12443
12444 12447 12451 12461
12475 12476 12476 12478
12480 12484 12488 12496
12496 12507 12510 12516
12520 12527 12538 12540
12541 12544 12547 12556
12559 12563 12564 12574
12582 12586 12587 12593
12596 12605 12615 12617
12619 12621 12622 12628
12632 12641 12642 12644
12646 12655 12672 12682
12701 12703 12703 12716
12728 12738 12739 12764
12764 12766 12766 12766
12770 12771 12772 12776
12793 12816 12824 12825
12825 12825 12831 12834
12836 12852 12868 12880
12883 12884 12887 12891
12892 12894 12907 12912
12918 12935 12943 12950
12951 12958 12968 12978
12992 12994 12996 12998
13010 13011 13039 13041
13046 13059 13061 13065
13069 13083 13084 13085
13105 13110 13127 13138
13147 13148 13151 13159
13160 13161 13164 13170
13193 13197 13204 13206
13211 13219 13219 13219
13219 13220 13223 13229
13230 13238 13245 13246
13250 13258 13258 13275
13288 13292 13294 13323
13338 13340 13343 13366
13368 13374 13375 13381
13387 13389 13397 13413
13421 13425 13426 13437
13451 13463 13463 13465
13471 13475 13485 13496
13498 13500 13515 13531
13534 13558 13562 13569
13578 13583 13594 13604
13604 13607 13611 13612
13617 13622 13637 13653
13654 13659 13661 13671
13682 13687 13697 13705
13716 13731 13737 13741
13749 13759 13766 13792
13800 13801 13811 13818
13828 13836 13838 13839
13846 13849 13849 13862
13886 13890 13911 13915
13919 13919 13935 13942
13944 13945 13954 13955
13957 13962 13968 13979
13981 14000 14015 14026
14027 14028 14037 14038
14049 14066 14072 14073
14077 14082 14086 14100
14103 14108 14110 14111
14113 14141 14151 14153
14166 14167 14175 14180
14195 14197 14221 14222
14248 14262 14264 14270
14273 14294 14302 14307
14310 14311 14314 14319
14322 14329 14332 14333
14337 14345 14360 14362
14372 14375 14380 14395
14401 14414 14425 14425
14430 14432 14436 14443
14464 14465 14475 14481
14491 14506 14507 14509
14512 14522 14522 14527
14529 14547 14553 14556
14559 14581 14603 14608
14613 14630 14639 14649
14684 14692 14701 14709
14717 14730 14744 14748
14752 14756 14772 14792
14796 14812 14829 14839
14841 14843 14843 14844
14846 14847 14849 14864
14873 14881 14893 14919
14928 14949 14950 14958
14968 14968 14990 14999
15007 15009 15011 15012
15014 15015 15016 15019
15019 15021 15022 15037
15057 15070 15070 15073
15087 15087 15091 15094
15107 15112 15118 15119
15121 15122 15135 15141
15144 15145 15152 15155
15179 15187 15187 15188
15190 15195 15198 15212
15221 15224 15240 15247
15259 15259 15266 15267
15271 15274 15278 15281
15292 15294 15296 15305
15321 15325 15339 15341
15349 15353 15362 15368
15381 15384 15403 15404
15404 15406 15407 15418
15446 15451 15455 15466
15475 15485 15490 15492
15500 15504 15505 15507
15514 15514 15519 15526
15531 15533 15549 15574
15585 15592 15613 15613
15615 15628 15628 15636
15639 15641 15641 15647
15655 15667 15677 15693
15695 15706 15708 15722
15724 15731 15733 15738
15740 15740 15752 15755
15759 15760 15768 15772
15775 15788 15793 15809
15811 15815 15818 15823
15828 15832 15864 15872
15876 15883 15885 15902
15905 15911 15915 15919
15923 15930 15935 15941
15941 15942 15943 15948
15949 15952 15956 15960
15960 15961 15972 15972
15973 15975 15990 15994
16005 16011 16016 16018
16022 16027 16031 16033
16035 16053 16054 16056
16063 16074 16075 16077
16082 16083 16086 16088
16089 16094 16098 16102
16104 16106 16107 16115
16138 16151 16153 16157
16158 16159 16165 16166
16189 16199 16203 16214
16219 16230 16258 16259
16261 16284 16294 16295
16296 16296 16302 16315
16327 16348 16355 16359
16376 16378 16379 16385
16387 16395 16395 16395
16405 16422 16435 16452
16454 16465 16485 16496
16503 16505 16506 16511
16526 16544 16545 16551
16556 16561 16561 16565
16567 16571 16576 16587
16601 16607 16617 16618
16625 16635 16641 16645
16653 16654 16657 16663
16664 16670 16683 16711
16714 16715 16753 16767
16791 16795 16799 16802
16805 16806 16809 16820
16822 16823 16829 16837
16847 16851 16853 16854
16856 16874 16879 16893
16901 16929 16930 16946
16948 16955 16955 16957
16958 16960 16967 16986
16986 16992 16994 17010
17012 17012 17015 17023
17033 17035 17042 17042
17047 17050 17055 17072
17074 17077 17126 17130
17145 17157 17163 17169
17176 17182 17187 17190
17190 17192 17215 17217
17220 17221 17226 17230
17231 17240 17243 17258
17266 17281 17310 17323
17344 17364 17365 17370
17389 17397 17403 17404
17409 17416 17428 17434
17436 17436 17444 17445
17448 17448 17452 17454
17455 17457 17462 17463
17474 17496 17499 17500
17525 17540 17546 17556
17570 17575 17575 17575
17578 17597 17609 17614
17620 17621 17629 17640
17641 17655 17662 17681
17684 17694 17707 17709
17713 17719 17731 17734
17738 17747 17754 17761
17761 17781 17783 17788
17800 17802 17807 17809
17814 17828 17834 17836
17837 17848 17851 17853
17860 17868 17875 17903
17909 17910 17916 17917
17920 17926 17947 17953
17959 17982 17991 17998
17999 18003 18006 18013
18038 18040 18044 18044
18048 18063 18087 18089
18091 18097 18106 18111
18126 18127 18134 18148
18149 18151 18174 18176
18190 18191 18200 18201
18204 18205 18205 18206
18209 18211 18220 18243
18243 18244 18266 18278
18279 18280 18296 18304
18306 18310 18312 18315
18334 18335 18355 18367
18377 18382 18389 18389
18397 18399 18402 18406
18413 18419 18421 18443
18447 18450 18454 18458
18462 18472 18477 18488
18490 18492 18503 18519
18526 18533 18557 18561
18570 18572 18588 18589
18590 18599 18607 18609
18612 18617 18625 18627
18633 18634 18645 18651
18663 18669 18679 18692
18692 18702 18705 18714
18719 18721 18732 18739
18739 18747 18757 18757
18760 18780 18814 18817
18829 18832 18839 18842
18855 18860 18864 18865
18872 18879 18889 18892
18896 18898 18898 18930
18930 18932 18941 18949
18972 18976 18983 18986
18987 19002 19012 19036
19077 19079 19085 19098
19102 19106 19118 19118
19121 19134 19147 19149
19150 19155 19156 19182
19184 19205 19208 19214
19214 19223 19227 19238
19251 19251 19265 19271
19275 19283 19288 19289
19290 19293 19294 19304
19313 19317 19325 19334
19344 19344 19349 19365
19370 19372 19384 19404
19406 19406 19409 19410
19414 19414 19416 19418
19426 19444 19445 19452
19462 19466 19466 19467
19471 19480 19489 19492
19496 19500 19505 19516
19527 19528 19537 19542
19549 19549 19555 19558
19563 19575 19586 19607
19618 19630 19634 19637
19641 19651 19651 19658
19674 19693 19693 19701
19713 19719 19723 19725
19733 19742 19758 19766
19767 19774 19788 19798
19817 19820 19821 19828
19833 19833 19840 19850
19851 19854 19864 19869
19872 19873 19874 19875
19879 19879 19882 19887
19888 19893 19894 19896
19899 19910 19929 19933
19954 19960 19971 19980
19983 19986 19990 19993
20001 20002 20020 20022
20022 20042 20046 20048
20062 20062 20065 20098
20106 20110 20122 20130
20131 20134 20142 20169
20171 20187 20194 20203
20206 20221 20233 20237
20242 20244 20245 20253
20256 20259 20263 20273
20273 20304 20306 20310
20318 20320 20323 20323
20326 20332 20348 20357
20361 20363 20365 20375
20383 20391 20392 20399
20402 20407 20422 20426
20427 20427 20447 20447
20462 20467 20469 20476
20480 20486 20494 20497
20503 20504 20506 20512
20514 20519 20521 20521
20535 20538 20546 20547
20551 20561 20572 20587
20590 20592 20608 20614
20614 20619 20622 20652
20653 20654 20656 20672
20681 20697 20703 20704
20715 20718 20721 20742
20745 20754 20755 20758
20763 20763 20770 20787
20798 20804 20806 20808
20816 20821 20829 20830
20835 20847 20849 20861
20868 20890 20894 20907
20923 20925 20928 20933
20939 20939 20939 20940
20972 20974 20978 20980
20983 21006 21015 21015
21021 21023 21030 21033
21055 21057 21063 21079
21089 21096 21101 21102
21106 21116 21122 21122
21124 21130 21139 21145
21161 21167 21168 21175
21178 21179 21183 21197
21203 21211 21211 21218
21222 21224 21235 21236
21236 21263 21275 21282
21283 21292 21304 21308
21311 21312 21317 21330
21361 21372 21375 21377
21398 21398 21404 21405
21409 21412 21415 21429
21436 21437 21440 21443
21459 21461 21492 21497
21506 21508 21516 21531
21536 21552 21556 21563
21565 21572 21580 21581
21582 21589 21591 21600
21603 21604 21609 21612
21616 21617 21626 21635
21640 21646 21674 21685
21698 21701 21701 21728
21739 21747 21750 21768
21775 21790 21795 21802
21802 21807 21816 21820
21833 21833 21838 21843
21845 21858 21865 21866
21870 21874 21885 21887
21909 21935 21948 21962
21962 21968 21970 21972
21973 21974 21989 21992
21997 22001 22009 22014
22017 22021 22027 22030
22030 22040 22043 22067
22069 22076 22084 22085
22086 22096 22102 22111
22115 22118 22118 22127
22128 22128 22131 22146
22147 22165 22186 22194
22214 22217 22218 22233
22238 22259 22267 22269
22271 22279 22304 22307
22311 22330 22332 22333
22340 22342 22356 22358
22367 22389 22401 22432
22446 22451 22464 22466
22526 22528 22534 22538
22556 22580 22588 22591
22602 22603 22619 22628
22630 22633 22648 22653
22657 22660 22678 22683
22690 22696 22700 22704
22713 22713 22714 22716
22719 22720 22723 22729
22733 22737 22744 22744
22748 22758 22760 22766
22773 22774 22780 22781
22784 22787 22787 22794
22808 22819 22823 22826
22828 22841 22860 22862
22870 22877 22881 22882
22884 22888 22888 22893
22894 22900 22902 22903
22919 22925 22938 22949
22957 22961 22965 22970
22977 22978 22984 22987
22990 23006 23011 23036
23039 23041 23046 23054
23059 23067 23070 23080
23081 23084 23092 23094
23099 23100 23110 23110
23111 23116 23120 23122
23125 23126 23130 23132
23137 23138 23148 23176
23178 23180 23185 23185
23196 23203 23209 23223
23224 23227 23232 23233
23245 23252 23257 23261
23262 23262 23265 23265
23277 23278 23279 23280
23286 23291 23292 23292
23298 23307 23313 23322
23329 23333 23338 23352
23362 23363 23379 23380
23381 23385 23400 23401
23408 23412 23437 23441
23441 23453 23483 23486
23504 23508 23509 23511
23520 23542 23544 23545
23546 23550 23553 23568
23580 23604 23608 23619
23623 23627 23636 23638
23642 23650 23652 23654
23658 23664 23674 23682
23685 23688 23691 23692
23695 23699 23711 23715
23720 23724 23728 23740
23743 23747 23755 23758
23765 23768 23770 23777
23785 23787 23816 23822
23823 23824 23827 23841
23844 23847 23849 23858
23866 23871 23871 23872
23875 23880 23884 23891
23908 23920 23921 23943
23956 23957 23959 23966
23967 23971 23976 23979
23991 24005 24017 24019
24030 24046 24054 24062
24063 24063 24076 24079
24083 24092 24093 24098
24098 24110 24116 24128
24131 24138 24145 24151
24157 24158 24160 24168
24169 24175 24175 24187
24196 24202 24208 24226
24234 24236 24246 24249
24252 24257 24261 24268
24282 24287 24290 24329
24339 24342 24346 24353
24371 24377 24390 24415
24416 24417 24419 24421
24438 24440 24443 24446
24452 24463 24487 24500
24504 24507 24508 24514
24528 24535 24537 24551
24563 24568 24571 24581
24583 24593 24606 24607
24612 24614 24624 24631
24640 24642 24648 24656
24665 24667 24673 24682
24705 24708 24716 24748
24749 24752 24776 24777
24784 24790 24792 24800
24805 24817 24818 24823
24832 24851 24858 24874
24874 24874 24892 24897
24905 24907 24911 24914
24935 24941 24945 24949
24962 24992 24994 25001
25024 25029 25036 25040
25044 25050 25053 25062
25065 25077 25096 25099
25099 25102 25120 25124
25127 25129 25138 25141
25142 25147 25154 25160
25191 25198 25200 25214
25216 25219 25222 25230
25244 25259 25271 25273
25280 25284 25300 25324
25327 25332 25335 25335
25335 25344 25345 25348
25349 25351 25355 25356
25376 25381 25382 25383
25386 25389 25404 25405
25419 25421 25429 25431
25432 25435 25438 25439
25444 25454 25456 25468
25469 25473 25478 25480
25488 25504 25515 25533
25533 25535 25535 25535
25542 25559 25572 25577
25593 25603 25607 25614
25620 25626 25635 25641
25644 25648 25649 25658
25661 25665 25666 25668
25671 25675 25679 25683
25683 25683 25690 25709
25713 25726 25728 25741
25760 25761 25761 25762
25769 25772 25783 25789
25808 25813 25815 25815
25823 25823 25825 25837
25849 25854 25856 25865
25883 25912 25916 25916
25919 25924 25930 25932
25936 25941 25944 25949
25950 25954 25954 25955
25957 25958 25964 25973
25977 25991 25992 25993
25996 25997 26008 26016
26021 26025 26057 26058
26061 26076 26085 26095
26098 26102 26107 26120
26128 26143 26156 26160
26164 26187 26192 26194
26198 26208 26210 26211
26229 26230 26237 26255
26264 26268 26272 26274
26276 26287 26288 26296
26297 26301 26337 26339
26339 26347 26350 26358
26364 26373 26374 26381
26387 26394 26402 26404
26406 26423 26427 26428
26429 26447 26449 26466
26473 26475 26484 26490
26495 26497 26498 26513
26520 26525 26525 26526
26527 26529 26531 26536
26546 26550 26550 26554
26559 26564 26576 26577
26581 26616 26617 26617
26619 26622 26623 26645
26646 26650 26651 26664
26666 26666 26678 26680
26687 26701 26706 26710
26710 26717 26718 26727
26732 26738 26738 26744
26747 26751 26753 26755
26757 26774 26778 26821
26825 26831 26834 26841
26861 26862 26879 26888
26921 26922 26935 26946
26953 26967 26970 26973
26992 27004 27006 27011
27023 27025 27030 27036
27037 27039 27053 27059
27070 27081 27087 27089
27090 27093 27101 27114
27116 27125 27131 27131
27142 27155 27186 27191
27194 27219 27220 27225
27228 27230 27231 27236
27254 27263 27271 27273
27287 27293 27314 27317
27325 27339 27339 27340
27345 27353 27365 27369
27374 27375 27382 27382
27383 27392 27394 27398
27413 27416 27420 27421
27424 27440 27441 27450
27456 27465 27467 27468
27468 27468 27483 27487
27497 27514 27531 27532
27539 27554 27557 27559
27564 27582 27593 27596
27606 27611 27615 27622
27629 27637 27638 27644
27647 27648 27650 27657
27658 27666 27675 27675
27683 27690 27694 27695
27704 27704 27706 27718
27721 27722 27725 27728
27737 27755 27757 27765
27765 27771 27775 27785
27803 27809 27810 27825
27834 27840 27846 27848
27850 27851 27856 27856
27865 27870 27904 27909
27917 27921 27926 27926
27928 27930 27934 27934
27941 27953 27956 27961
27962 27962 27987 27998
27998 28006 28013 28023
28027 28069 28094 28110
28117 28118 28124 28135
28152 28154 28161 28163
28163 28165 28176 28179
28194 28203 28205 28208
28219 28223 28227 28228
28234 28235 28236 28236
28238 28240 28241 28242
28246 28247 28251 28265
28266 28304 28307 28320
28325 28335 28346 28350
28354 28359 28365 28367
28373 28376 28378 28378
28388 28391 28393 28396
28396 28406 28423 28434
28450 28454 28469 28490
28497 28512 28521 28526
28549 28557 28560 28581
28582 28609 28615 28649
28659 28662 28664 28665
28668 28672 28705 28707
28713 28714 28742 28758
28758 28775 28794 28794
28794 28799 28806 28809
28810 28812 28816 28834
28838 28839 28846 28856
28873 28875 28878 28880
28882 28891 28892 28905
28916 28925 28929 28940
28942 28946 28946 28950
28959 28965 28970 28976
28996 29008 29015 29022
29032 29033 29034 29039
29041 29055 29060 29066
29080 29092 29103 29104
29110 29111 29113 29117
29133 29137 29145 29157
29159 29164 29176 29183
29185 29188 29188 29197
29204 29206 29210 29220
29226 29232 29234 29235
29242 29253 29258 29259
29261 29266 29271 29272
29273 29274 29280 29287
29292 29310 29311 29320
29337 29346 29354 29376
29379 29383 29383 29387
29388 29395 29406 29409
29417 29421 29428 29430
29433 29438 29439 29439
29444 29450 29451 29460
29467 29473 29475 29496
29496 29497 29520 29531
29532 29540 29554 29560
29561 29566 29571 29571
29574 29576 29576 29579
29588 29596 29601 29605
29609 29611 29612 29621
29645 29646 29653 29673
29692 29701 29702 29708
29734 29743 29746 29750
29752 29764 29775 29776
29798 29805 29829 29830
29844 29844 29855 29872
29876 29877 29882 29892
29902 29904 29907 29915
29915 29923 29924 29924
29938 29959 29962 29966
29969 29975 29976 29981
29984 29988 29998 30007
30014 30022 30025 30049
30066 30078 30078 30085
30085 30099 30099 30105
30115 30115 30124 30127
30128 30135 30138 30149
30159 30160 30164 30175
30176 30176 30178 30184
30189 30194 30204 30209
30220 30221 30234 30234
30242 30248 30259 30260
30270 30287 30298 30303
30308 30309 30314 30324
30341 30346 30347 30366
30367 30370 30373 30375
30378 30399 30423 30426
30432 30443 30446 30448
30450 30456 30461 30465
30471 30472 30478 30479
30484 30491 30493 30496
30496 30514 30518 30542
30543 30552 30553 30555
30557 30559 30562 30565
30568 30571 30574 30583
30589 30590 30592 30604
30616 30619 30620 30624
30624 30628 30640 30640
30653 30653 30667 30667
30678 30693 30693 30723
30726 30735 30745 30761
30774 30775 30793 30804
30820 30829 30850 30854
30866 30871 30881 30903
30915 30928 30941 30942
30971 30975 30981 30984
30984 30989 30997 31009
31013 31014 31017 31019
31021 31034 31040 31040
31043 31043 31053 31065
31066 31072 31073 31077
31079 31084 31091 31102
31105 31110 31122 31124
31129 31132 31135 31145
31146 31151 31163 31167
31172 31178 31202 31212
31220 31243 31257 31267
31267 31274 31283 31326
31329 31337 31344 31345
31349 31354 31355 31359
31359 31372 31374 31395
31399 31403 31405 31417
31420 31421 31430 31453
31454 31459 31461 31462
31470 31486 31522 31529
31532 31534 31544 31544
31558 31570 31581 31592
31594 31594 31596 31597
31603 31620 31628 31638
31643 31665 31705 31722
31722 31726 31727 31744
31749 31754 31763 31774
31780 31781 31782 31788
31800 31802 31804 31834
31844 31850 31851 31852
31855 31858 31858 31873
31874 31876 31883 31894
31903 31907 31913 31915
31926 31931 31939 31941
31943 31945 31947 31951
31960 31972 31999 32008
32018 32019 32019 32020
32036 32040 32050 32066
32071 32075 32087 32092
32101 32112 32114 32128
32133 32148 32151 32165
32176 32183 32184 32188
32188 32192 32192 32199
32209 32210 32214 32214
32218 32219 32263 32272
32282 32282 32283 32310
32319 32328 32328 32342
32344 32346 32349 32351
32353 32368 32373 32381
32388 32393 32397 32410
32411 32412 32413 32424
32425 32438 32443 32447
32462 32462 32482 32491
32494 32499 32505 32513
32537 32543 32547 32552
32558 32558 32560 32574
32577 32579 32580 32594
32599 32602 32613 32614
32619 32620 32628 32628
32639 32649 32657 32673
32675 32677 32680 32683
32683 32692 32696 32699
32704 32705 32714 32714
32717 32720 32734 32741
32744 32746 32746 32747
32753 32756 32762 32766
32767
