-32760 -32751 -32747 -32726
-32726 -32723 -32722 -32719
-32717 -32702 -32699 -32692
-32688 -32662 -32652 -32645
-32630 -32624 -32624 -32624
-32615 -32602 -32588 -32588
-32580 -32563 -32553 -32545
-32533 -32524 -32519 -32517
-32517 -32515 -32511 -32509
-32499 -32495 -32484 -32482
-32476 -32474 -32469 -32468
-32457 -32454 -32453 -32445
-32439 -32433 -32412 -32401
-32395 -32390 -32379 -32370
-32368 -32361 -32357 -32343
-32341 -32335 -32334 -32316
-32315 -32310 -32304 -32302
-32298 -32294 -32287 -32283
-32266 -32263 -32251 -32241
-32231 -32229 -32223 -32215
-32214 -32210 -32205 -32172
-32161 -32154 -32148 -32139
-32135 -32131 -32129 -32119
-32118 -32116 -32108 -32106
-32105 -32105 -32102 -32100
-32096 -32090 -32078 -32072
-32064 -32063 -32057 -32044
-32023 -32023 -32016 -32009
-31995 -31995 -31984 -31975
-31969 -31968 -31956 -31949
-31943 -31935 -31933 -31926
-31917 -31899 -31893 -31876
-31873 -31870 -31869 -31863
-31859 -31859 -31858 -31853
-31851 -31842 -31835 -31829
-31822 -31817 -31814 -31810
-31808 -31801 -31797 -31791
-31782 -31779 -31778 -31769
-31767 -31764 -31758 -31757
-31751 -31748 -31739 -31722
-31722 -31706 -31701 -31692
-31679 -31670 -31670 -31667
-31656 -31654 -31646 -31644
-31636 -31632 -31629 -31624
-31618 -31612 -31606 -31587
-31586 -31571 -31549 -31547
-31536 -31534 -31529 -31525
-31521 -31511 -31511 -31497
-31494 -31474 -31473 -31469
-31467 -31453 -31451 -31435
-31420 -31402 -31398 -31389
-31386 -31383 -31363 -31362
-31361 -31358 -31352 -31346
-31343 -31336 -31332 -31330
-31330 -31317 -31311 -31307
-31305 -31304 -31299 -31297
-31277 -31271 -31265 -31245
-31243 -31224 -31205 -31204
-31194 -31192 -31178 -31161
-31159 -31154 -31152 -31148
-31148 -31134 -31127 -31126
-31108 -31100 -31085 -31081
-31079 -31078 -31077 -31071
-31069 -31063 -31051 -31047
-31041 -31040 -31032 -31030
-31024 -31016 -31015 -31006
-30995 -30953 -30943 -30922
-30921 -30917 -30915 -30915
-30914 -30909 -30906 -30895
-30893 -30887 -30874 -30864
-30860 -30851 -30849 -30847
-30846 -30845 -30824 -30820
-30819 -30808 -30790 -30782
-30782 -30777 -30758 -30757
-30722 -30707 -30699 -30694
-30692 -30677 -30648 -30647
-30645 -30619 -30619 -30614
-30607 -30600 -30574 -30572
-30567 -30543 -30537 -30492
-30490 -30485 -30471 -30465
-30462 -30462 -30459 -30454
-30447 -30443 -30441 -30434
-30418 -30415 -30415 -30412
-30407 -30407 -30406 -30398
-30393 -30388 -30381 -30377
-30364 -30362 -30359 -30357
-30353 -30351 -30342 -30329
-30324 -30308 -30292 -30274
-30272 -30254 -30248 -30239
-30232 -30218 -30199 -30182
-30171 -30171 -30166 -30160
-30154 -30151 -30149 -30148
-30146 -30144 -30136 -30113
-30110 -30101 -30098 -30086
-30080 -30073 -30069 -30062
-30049 -30045 -30042 -30032
-30024 -30011 -30008 -30003
-29995 -29976 -29973 -29966
-29964 -29964 -29960 -29949
-29948 -29947 -29943 -29940
-29937 -29934 -29934 -29920
-29916 -29895 -29848 -29828
-29820 -29819 -29798 -29797
-29783 -29759 -29754 -29746
-29740 -29718 -29717 -29716
-29705 -29697 -29693 -29686
-29684 -29678 -29673 -29665
-29657 -29642 -29632 -29631
-29622 -29619 -29618 -29617
-29616 -29602 -29589 -29580
-29557 -29547 -29535 -29527
-29515 -29511 -29510 -29498
-29497 -29482 -29480 -29470
-29458 -29454 -29452 -29444
-29439 -29436 -29430 -29399
-29398 -29398 -29390 -29389
-29387 -29385 -29382 -29382
-29367 -29362 -29354 -29341
-29334 -29332 -29330 -29312
-29303 -29300 -29292 -29292
-29287 -29282 -29278 -29275
-29255 -29237 -29228 -29224
-29219 -29218 -29208 -29205
-29188 -29180 -29170 -29150
-29144 -29139 -29137 -29123
-29116 -29100 -29082 -29072
-29064 -29057 -29052 -29043
-29041 -29037 -29035 -29023
-29012 -29012 -29005 -29004
-28993 -28985 -28972 -28964
-28961 -28959 -28946 -28929
-28922 -28911 -28905 -28898
-28896 -28894 -28893 -28874
-28874 -28860 -28858 -28850
-28841 -28798 -28797 -28792
-28775 -28775 -28768 -28747
-28735 -28719 -28719 -28714
-28698 -28691 -28688 -28682
-28664 -28646 -28645 -28639
-28628 -28602 -28594 -28594
-28579 -28577 -28568 -28558
-28546 -28543 -28541 -28525
-28524 -28505 -28499 -28494
-28488 -28482 -28471 -28470
-28449 -28438 -28436 -28432
-28430 -28426 -28425 -28422
-28421 -28418 -28415 -28399
-28392 -28388 -28365 -28361
-28352 -28351 -28331 -28313
-28312 -28302 -28300 -28296
-28295 -28294 -28289 -28288
-28284 -28266 -28262 -28261
-28251 -28249 -28240 -28233
-28216 -28216 -28215 -28214
-28212 -28198 -28192 -28189
-28181 -28179 -28169 -28161
-28158 -28156 -28153 -28148
-28142 -28134 -28127 -28127
-28115 -28114 -28111 -28106
-28103 -28102 -28094 -28094
-28078 -28070 -28068 -28063
-28061 -28059 -28053 -28049
-28049 -28044 -28043 -28037
-28036 -28030 -28020 -28013
-28010 -27997 -27978 -27977
-27962 -27956 -27952 -27948
-27946 -27943 -27920 -27916
-27911 -27911 -27902 -27901
-27900 -27900 -27890 -27875
-27869 -27856 -27852 -27846
-27835 -27820 -27818 -27813
-27810 -27801 -27800 -27794
-27794 -27784 -27780 -27780
-27776 -27774 -27773 -27769
-27755 -27755 -27738 -27732
-27732 -27730 -27712 -27697
-27695 -27685 -27682 -27679
-27679 -27656 -27650 -27645
-27643 -27636 -27628 -27618
-27615 -27615 -27613 -27612
-27579 -27573 -27568 -27565
-27555 -27534 -27525 -27513
-27508 -27506 -27504 -27487
-27483 -27482 -27473 -27457
-27450 -27446 -27440 -27440
-27432 -27415 -27411 -27400
-27388 -27378 -27378 -27353
-27351 -27350 -27334 -27332
-27324 -27312 -27312 -27311
-27304 -27301 -27297 -27287
-27287 -27275 -27272 -27270
-27266 -27265 -27241 -27235
-27231 -27231 -27231 -27223
-27217 -27205 -27179 -27175
-27172 -27163 -27157 -27152
-27152 -27146 -27139 -27135
-27120 -27107 -27093 -27082
-27079 -27070 -27070 -27066
-27066 -27065 -27045 -27021
-27016 -27014 -27014 -27013
-27008 -27006 -26996 -26994
-26993 -26985 -26977 -26973
-26972 -26961 -26957 -26955
-26940 -26934 -26933 -26925
-26919 -26919 -26913 -26903
-26900 -26894 -26882 -26879
-26876 -26849 -26824 -26824
-26822 -26822 -26821 -26819
-26805 -26794 -26789 -26788
-26783 -26782 -26765 -26763
-26762 -26759 -26756 -26754
-26742 -26735 -26734 -26731
-26725 -26723 -26712 -26710
-26695 -26691 -26683 -26679
-26661 -26623 -26617 -26611
-26611 -26607 -26598 -26591
-26588 -26580 -26580 -26573
-26568 -26568 -26550 -26548
-26532 -26531 -26529 -26524
-26519 -26515 -26481 -26476
-26470 -26467 -26466 -26464
-26461 -26459 -26457 -26438
-26437 -26435 -26427 -26420
-26420 -26413 -26411 -26408
-26405 -26400 -26396 -26389
-26381 -26372 -26368 -26345
-26340 -26336 -26335 -26333
-26332 -26322 -26315 -26311
-26305 -26305 -26290 -26289
-26287 -26286 -26285 -26279
-26278 -26259 -26244 -26242
-26187 -26184 -26178 -26172
-26166 -26161 -26155 -26150
-26148 -26136 -26134 -26132
-26122 -26100 -26085 -26080
-26079 -26073 -26070 -26068
-26057 -26041 -26030 -26029
-26028 -26005 -26003 -25999
-25996 -25991 -25980 -25979
-25974 -25957 -25949 -25941
-25938 -25933 -25919 -25912
-25903 -25901 -25870 -25870
-25869 -25864 -25861 -25833
-25826 -25822 -25820 -25818
-25801 -25801 -25794 -25785
-25745 -25744 -25742 -25735
-25728 -25722 -25716 -25710
-25706 -25705 -25695 -25692
-25691 -25688 -25685 -25680
-25679 -25677 -25671 -25668
-25656 -25645 -25628 -25616
-25614 -25611 -25609 -25600
-25597 -25596 -25580 -25564
-25562 -25544 -25538 -25535
-25523 -25522 -25516 -25514
-25505 -25497 -25495 -25492
-25477 -25470 -25459 -25452
-25450 -25435 -25434 -25429
-25416 -25414 -25413 -25409
-25396 -25387 -25380 -25360
-25333 -25331 -25331 -25323
-25320 -25320 -25319 -25316
-25309 -25298 -25293 -25290
-25282 -25274 -25261 -25248
-25248 -25247 -25242 -25216
-25216 -25204 -25200 -25199
-25181 -25173 -25173 -25168
-25167 -25154 -25152 -25146
-25134 -25106 -25096 -25096
-25095 -25091 -25090 -25077
-25068 -25067 -25063 -25042
-25028 -25020 -25010 -25010
-25000 -24978 -24977 -24974
-24945 -24943 -24936 -24931
-24923 -24908 -24907 -24897
-24895 -24892 -24890 -24888
-24878 -24858 -24838 -24837
-24834 -24830 -24829 -24825
-24824 -24821 -24818 -24794
-24789 -24788 -24788 -24785
-24780 -24779 -24777 -24776
-24760 -24752 -24744 -24733
-24728 -24711 -24700 -24692
-24684 -24682 -24677 -24676
-24671 -24660 -24652 -24652
-24637 -24624 -24604 -24591
-24582 -24580 -24564 -24559
-24554 -24548 -24520 -24514
-24514 -24502 -24496 -24490
-24484 -24478 -24475 -24461
-24461 -24460 -24440 -24438
-24438 -24429 -24422 -24416
-24390 -24382 -24366 -24359
-24354 -24345 -24341 -24338
-24332 -24332 -24330 -24327
-24327 -24325 -24323 -24318
-24287 -24278 -24267 -24260
-24260 -24246 -24233 -24233
-24232 -24214 -24206 -24205
-24203 -24201 -24201 -24199
-24189 -24179 -24178 -24157
-24155 -24148 -24147 -24146
-24145 -24129 -24126 -24120
-24116 -24111 -24111 -24099
-24087 -24070 -24056 -24054
-24037 -24035 -24025 -24019
-24019 -24011 -24004 -23999
-23989 -23982 -23979 -23977
-23976 -23975 -23975 -23975
-23970 -23968 -23957 -23955
-23954 -23946 -23938 -23936
-23926 -23919 -23911 -23909
-23904 -23897 -23886 -23877
-23873 -23870 -23868 -23859
-23856 -23850 -23842 -23826
-23809 -23802 -23799 -23790
-23788 -23788 -23787 -23767
-23755 -23747 -23747 -23745
-23741 -23727 -23726 -23716
-23696 -23668 -23662 -23656
-23649 -23638 -23632 -23624
-23612 -23601 -23592 -23574
-23562 -23560 -23553 -23544
-23537 -23531 -23525 -23522
-23521 -23506 -23505 -23496
-23482 -23471 -23467 -23457
-23447 -23436 -23431 -23426
-23414 -23405 -23394 -23387
-23386 -23384 -23384 -23377
-23365 -23357 -23352 -23351
-23349 -23348 -23330 -23316
-23304 -23300 -23299 -23278
-23266 -23257 -23255 -23252
-23252 -23251 -23243 -23243
-23236 -23231 -23222 -23221
-23219 -23217 -23206 -23203
-23197 -23190 -23190 -23187
-23181 -23178 -23177 -23174
-23168 -23167 -23164 -23138
-23136 -23131 -23126 -23125
-23120 -23104 -23103 -23101
-23099 -23098 -23086 -23086
-23081 -23069 -23066 -23057
-23026 -23026 -23019 -23015
-23009 -23006 -23000 -22998
-22997 -22989 -22978 -22974
-22970 -22960 -22954 -22952
-22933 -22932 -22907 -22894
-22891 -22880 -22865 -22860
-22856 -22856 -22844 -22844
-22839 -22838 -22836 -22822
-22812 -22806 -22804 -22799
-22798 -22781 -22768 -22764
-22756 -22736 -22732 -22730
-22727 -22724 -22719 -22714
-22706 -22694 -22692 -22690
-22688 -22688 -22681 -22679
-22673 -22664 -22654 -22638
-22636 -22610 -22605 -22582
-22580 -22568 -22558 -22556
-22552 -22516 -22512 -22510
-22502 -22491 -22468 -22467
-22464 -22458 -22439 -22433
-22419 -22416 -22408 -22405
-22395 -22395 -22387 -22373
-22371 -22369 -22368 -22364
-22356 -22345 -22340 -22328
-22318 -22316 -22296 -22296
-22293 -22292 -22283 -22280
-22277 -22270 -22269 -22267
-22266 -22266 -22262 -22261
-22260 -22254 -22249 -22246
-22241 -22231 -22229 -22223
-22202 -22165 -22157 -22138
-22137 -22135 -22120 -22118
-22104 -22103 -22101 -22094
-22086 -22077 -22066 -22061
-22057 -22056 -22053 -22046
-22036 -22030 -22025 -22020
-22017 -22016 -22010 -21984
-21982 -21982 -21980 -21976
-21975 -21974 -21970 -21960
-21956 -21952 -21945 -21942
-21935 -21933 -21913 -21908
-21902 -21896 -21889 -21871
-21871 -21867 -21849 -21836
-21828 -21796 -21792 -21791
-21787 -21783 -21770 -21764
-21760 -21760 -21756 -21743
-21740 -21737 -21730 -21729
-21724 -21719 -21719 -21715
-21710 -21700 -21700 -21698
-21692 -21689 -21679 -21673
-21664 -21649 -21646 -21640
-21635 -21626 -21602 -21600
-21599 -21587 -21585 -21584
-21582 -21557 -21541 -21532
-21531 -21515 -21515 -21508
-21504 -21497 -21486 -21480
-21471 -21469 -21468 -21464
-21459 -21452 -21439 -21437
-21433 -21420 -21417 -21412
-21407 -21382 -21377 -21377
-21366 -21362 -21355 -21354
-21351 -21349 -21333 -21320
-21313 -21312 -21298 -21295
-21287 -21286 -21280 -21278
-21278 -21273 -21267 -21263
-21261 -21237 -21233 -21232
-21229 -21217 -21191 -21190
-21183 -21158 -21155 -21152
-21139 -21129 -21105 -21095
-21094 -21089 -21088 -21084
-21083 -21077 -21073 -21057
-21054 -21051 -21032 -21027
-21014 -20998 -20996 -20995
-20993 -20983 -20975 -20954
-20947 -20943 -20942 -20939
-20938 -20932 -20923 -20887
-20867 -20838 -20837 -20834
-20828 -20825 -20824 -20811
-20809 -20805 -20797 -20785
-20767 -20761 -20748 -20728
-20721 -20708 -20705 -20703
-20697 -20693 -20674 -20673
-20668 -20662 -20655 -20650
-20646 -20638 -20630 -20627
-20624 -20608 -20600 -20593
-20590 -20585 -20584 -20581
-20580 -20578 -20578 -20569
-20568 -20556 -20542 -20536
-20534 -20530 -20516 -20516
-20513 -20511 -20509 -20508
-20508 -20497 -20496 -20481
-20478 -20470 -20469 -20462
-20458 -20453 -20452 -20438
-20424 -20419 -20416 -20406
-20396 -20383 -20381 -20368
-20366 -20363 -20356 -20356
-20345 -20339 -20293 -20288
-20277 -20272 -20270 -20269
-20264 -20264 -20221 -20220
-20216 -20215 -20205 -20205
-20193 -20184 -20168 -20166
-20156 -20155 -20155 -20135
-20132 -20130 -20125 -20120
-20111 -20106 -20105 -20102
-20102 -20098 -20078 -20052
-20048 -20035 -20032 -20032
-20030 -20025 -20022 -20020
-20010 -20008 -19989 -19981
-19980 -19973 -19973 -19971
-19964 -19943 -19937 -19914
-19910 -19902 -19892 -19888
-19884 -19878 -19871 -19829
-19816 -19799 -19782 -19780
-19780 -19774 -19769 -19767
-19762 -19747 -19742 -19729
-19725 -19708 -19707 -19700
-19694 -19687 -19685 -19672
-19650 -19649 -19644 -19638
-19634 -19625 -19621 -19619
-19616 -19600 -19597 -19594
-19594 -19590 -19588 -19568
-19565 -19550 -19549 -19531
-19526 -19524 -19515 -19510
-19504 -19494 -19490 -19474
-19473 -19473 -19471 -19470
-19465 -19464 -19460 -19432
-19431 -19430 -19429 -19427
-19425 -19406 -19403 -19395
-19393 -19388 -19384 -19375
-19371 -19364 -19360 -19357
-19356 -19354 -19353 -19345
-19329 -19321 -19310 -19308
-19305 -19291 -19281 -19279
-19274 -19273 -19265 -19259
-19258 -19257 -19250 -19234
-19228 -19224 -19222 -19214
-19213 -19206 -19201 -19201
-19200 -19196 -19187 -19186
-19185 -19170 -19162 -19162
-19159 -19153 -19138 -19126
-19126 -19119 -19107 -19100
-19097 -19096 -19095 -19095
-19086 -19082 -19075 -19067
-19067 -19064 -19063 -19056
-19047 -19040 -19037 -19031
-19029 -19027 -19013 -19011
-18993 -18986 -18971 -18967
-18962 -18955 -18953 -18948
-18942 -18940 -18940 -18937
-18928 -18921 -18906 -18903
-18898 -18897 -18896 -18895
-18895 -18887 -18883 -18877
-18877 -18875 -18855 -18841
-18839 -18839 -18831 -18829
-18821 -18819 -18817 -18815
-18804 -18794 -18790 -18789
-18784 -18777 -18776 -18769
-18765 -18751 -18751 -18749
-18736 -18729 -18709 -18702
-18689 -18685 -18685 -18679
-18678 -18676 -18672 -18655
-18652 -18639 -18627 -18617
-18617 -18606 -18590 -18561
-18561 -18560 -18555 -18553
-18527 -18519 -18514 -18508
-18499 -18497 -18495 -18494
-18488 -18487 -18470 -18469
-18458 -18454 -18450 -18444
-18443 -18440 -18436 -18435
-18419 -18411 -18392 -18387
-18381 -18375 -18373 -18370
-18368 -18368 -18365 -18359
-18358 -18356 -18346 -18335
-18331 -18324 -18305 -18304
-18301 -18288 -18285 -18285
-18275 -18270 -18270 -18269
-18261 -18243 -18239 -18225
-18215 -18211 -18208 -18207
-18207 -18202 -18198 -18193
-18192 -18189 -18185 -18177
-18164 -18149 -18148 -18145
-18130 -18128 -18126 -18120
-18111 -18111 -18107 -18092
-18088 -18086 -18083 -18081
-18078 -18055 -18044 -18042
-18026 -17987 -17986 -17986
-17971 -17971 -17965 -17964
-17963 -17962 -17954 -17942
-17942 -17935 -17917 -17912
-17907 -17898 -17887 -17879
-17872 -17868 -17863 -17862
-17857 -17856 -17846 -17845
-17843 -17830 -17825 -17816
-17801 -17787 -17786 -17781
-17774 -17759 -17750 -17743
-17734 -17731 -17728 -17722
-17721 -17709 -17706 -17698
-17693 -17673 -17669 -17665
-17649 -17629 -17611 -17603
-17592 -17548 -17540 -17536
-17526 -17524 -17522 -17522
-17519 -17509 -17507 -17505
-17501 -17494 -17490 -17482
-17464 -17447 -17437 -17406
-17401 -17399 -17399 -17399
-17392 -17390 -17388 -17388
-17385 -17383 -17377 -17377
-17376 -17375 -17370 -17364
-17355 -17340 -17331 -17329
-17324 -17310 -17310 -17308
-17307 -17277 -17269 -17264
-17248 -17244 -17237 -17225
-17222 -17221 -17207 -17203
-17200 -17200 -17200 -17198
-17196 -17189 -17181 -17180
-17177 -17162 -17150 -17135
-17122 -17118 -17110 -17108
-17107 -17094 -17084 -17083
-17077 -17051 -17050 -17044
-17043 -17032 -17031 -17019
-16993 -16992 -16981 -16981
-16966 -16950 -16941 -16927
-16912 -16871 -16857 -16853
-16845 -16844 -16839 -16823
-16817 -16816 -16807 -16797
-16790 -16788 -16774 -16773
-16766 -16763 -16759 -16758
-16748 -16745 -16741 -16736
-16730 -16729 -16726 -16723
-16722 -16712 -16712 -16694
-16673 -16672 -16663 -16659
-16658 -16656 -16648 -16642
-16637 -16629 -16629 -16621
-16617 -16596 -16595 -16591
-16577 -16555 -16548 -16540
-16520 -16517 -16516 -16508
-16503 -16500 -16488 -16480
-16480 -16478 -16477 -16473
-16462 -16435 -16414 -16412
-16410 -16409 -16396 -16385
-16380 -16371 -16365 -16363
-16360 -16352 -16346 -16342
-16334 -16327 -16319 -16308
-16306 -16303 -16301 -16294
-16283 -16279 -16276 -16255
-16238 -16232 -16226 -16219
-16211 -16189 -16186 -16178
-16176 -16159 -16158 -16149
-16131 -16128 -16128 -16117
-16091 -16060 -16054 -16051
-16048 -16044 -16037 -16028
-16024 -16020 -16019 -16016
-16011 -16002 -16002 -15999
-15998 -15996 -15974 -15973
-15971 -15969 -15960 -15959
-15952 -15951 -15944 -15934
-15928 -15925 -15918 -15900
-15900 -15898 -15895 -15894
-15888 -15888 -15864 -15857
-15853 -15846 -15844 -15844
-15836 -15835 -15825 -15822
-15818 -15814 -15800 -15797
-15794 -15781 -15779 -15778
-15768 -15758 -15757 -15730
-15729 -15726 -15711 -15703
-15701 -15688 -15686 -15685
-15684 -15667 -15663 -15651
-15644 -15644 -15638 -15637
-15634 -15625 -15617 -15600
-15599 -15589 -15579 -15574
-15544 -15541 -15534 -15493
-15493 -15493 -15486 -15485
-15461 -15458 -15455 -15455
-15453 -15451 -15430 -15418
-15413 -15384 -15383 -15373
-15372 -15362 -15359 -15357
-15328 -15311 -15310 -15307
-15303 -15298 -15282 -15279
-15262 -15262 -15243 -15235
-15231 -15206 -15199 -15199
-15197 -15191 -15179 -15177
-15176 -15172 -15158 -15154
-15150 -15131 -15131 -15121
-15113 -15111 -15110 -15109
-15106 -15101 -15083 -15081
-15068 -15045 -15044 -15028
-15027 -15010 -15008 -15008
-15006 -15006 -14995 -14993
-14992 -14973 -14963 -14958
-14951 -14950 -14946 -14938
-14928 -14926 -14923 -14918
-14911 -14907 -14898 -14883
-14874 -14871 -14863 -14857
-14846 -14844 -14839 -14831
-14829 -14818 -14812 -14798
-14787 -14784 -14782 -14780
-14774 -14772 -14764 -14760
-14747 -14739 -14730 -14729
-14719 -14719 -14717 -14713
-14694 -14680 -14679 -14672
-14666 -14647 -14644 -14642
-14620 -14613 -14606 -14598
-14593 -14583 -14582 -14568
-14563 -14560 -14544 -14541
-14540 -14528 -14514 -14507
-14501 -14482 -14475 -14463
-14462 -14451 -14449 -14446
-14442 -14438 -14430 -14415
-14401 -14392 -14387 -14386
-14385 -14376 -14369 -14357
-14345 -14344 -14333 -14333
-14316 -14311 -14310 -14308
-14305 -14295 -14279 -14277
-14276 -14258 -14258 -14257
-14251 -14250 -14242 -14234
-14230 -14221 -14203 -14201
-14196 -14196 -14185 -14179
-14171 -14167 -14166 -14164
-14161 -14161 -14151 -14150
-14113 -14107 -14100 -14095
-14092 -14084 -14070 -14063
-14062 -14061 -14058 -14048
-14047 -14045 -14037 -14031
-14023 -14022 -14020 -14008
-13996 -13995 -13991 -13989
-13989 -13977 -13968 -13930
-13929 -13927 -13927 -13910
-13902 -13897 -13890 -13871
-13862 -13852 -13843 -13836
-13834 -13826 -13814 -13812
-13810 -13809 -13805 -13791
-13765 -13736 -13716 -13716
-13710 -13703 -13698 -13687
-13684 -13679 -13672 -13664
-13660 -13660 -13659 -13643
-13643 -13640 -13639 -13639
-13635 -13627 -13609 -13607
-13595 -13590 -13575 -13555
-13552 -13552 -13549 -13532
-13528 -13521 -13519 -13516
-13509 -13505 -13504 -13496
-13492 -13489 -13488 -13487
-13484 -13478 -13462 -13449
-13440 -13440 -13439 -13435
-13435 -13431 -13426 -13424
-13415 -13415 -13398 -13391
-13382 -13382 -13374 -13369
-13361 -13360 -13356 -13343
-13337 -13337 -13335 -13321
-13320 -13296 -13296 -13293
-13279 -13277 -13273 -13270
-13261 -13256 -13252 -13236
-13233 -13213 -13192 -13162
-13160 -13155 -13121 -13104
-13101 -13094 -13078 -13077
-13051 -13046 -13043 -13033
-13026 -13020 -13017 -13015
-13006 -12998 -12992 -12984
-12970 -12969 -12965 -12958
-12955 -12953 -12946 -12937
-12934 -12933 -12924 -12920
-12919 -12906 -12880 -12875
-12861 -12844 -12841 -12841
-12840 -12834 -12804 -12791
-12780 -12759 -12746 -12733
-12720 -12710 -12702 -12695
-12690 -12668 -12662 -12661
-12660 -12637 -12624 -12621
-12620 -12617 -12612 -12612
-12608 -12605 -12605 -12596
-12583 -12580 -12575 -12571
-12569 -12563 -12555 -12551
-12550 -12545 -12542 -12533
-12522 -12520 -12514 -12511
-12506 -12505 -12501 -12484
-12473 -12458 -12448 -12435
-12431 -12429 -12419 -12400
-12391 -12390 -12381 -12371
-12362 -12354 -12354 -12328
-12318 -12298 -12291 -12287
-12282 -12282 -12252 -12248
-12245 -12240 -12236 -12233
-12225 -12224 -12218 -12215
-12210 -12180 -12180 -12176
-12173 -12171 -12165 -12159
-12154 -12150 -12139 -12138
-12136 -12129 -12100 -12092
-12072 -12060 -12055 -12055
-12053 -12041 -12026 -11995
-11991 -11989 -11986 -11981
-11976 -11973 -11968 -11966
-11961 -11958 -11949 -11945
-11943 -11931 -11924 -11919
-11919 -11913 -11902 -11901
-11896 -11887 -11886 -11881
-11881 -11880 -11880 -11878
-11873 -11868 -11865 -11846
-11839 -11829 -11815 -11812
-11808 -11782 -11774 -11761
-11756 -11745 -11745 -11725
-11724 -11720 -11711 -11697
-11686 -11686 -11686 -11685
-11679 -11666 -11650 -11647
-11643 -11639 -11638 -11637
-11623 -11619 -11617 -11615
-11597 -11590 -11589 -11588
-11584 -11574 -11574 -11565
-11560 -11559 -11557 -11549
-11538 -11537 -11536 -11530
-11529 -11527 -11519 -11517
-11515 -11515 -11511 -11508
-11497 -11489 -11487 -11485
-11466 -11440 -11433 -11416
-11415 -11398 -11389 -11387
-11373 -11367 -11365 -11363
-11358 -11352 -11345 -11345
-11329 -11326 -11322 -11321
-11315 -11315 -11311 -11303
-11299 -11298 -11292 -11275
-11271 -11263 -11258 -11250
-11248 -11245 -11244 -11243
-11243 -11238 -11227 -11225
-11223 -11217 -11213 -11209
-11202 -11181 -11180 -11178
-11177 -11168 -11168 -11167
-11167 -11157 -11155 -11152
-11151 -11137 -11133 -11131
-11128 -11123 -11121 -11117
-11102 -11102 -11096 -11093
-11090 -11088 -11058 -11056
-11050 -11050 -11047 -11046
-11045 -11043 -11043 -11040
-11036 -11031 -11030 -11025
-11022 -11011 -11008 -11006
-11001 -11001 -10979 -10974
-10969 -10965 -10962 -10957
-10957 -10956 -10956 -10954
-10952 -10940 -10938 -10920
-10917 -10915 -10890 -10885
-10876 -10871 -10865 -10861
-10861 -10861 -10837 -10837
-10827 -10825 -10823 -10808
-10807 -10801 -10777 -10777
-10775 -10768 -10767 -10765
-10753 -10752 -10746 -10743
-10739 -10731 -10724 -10723
-10719 -10708 -10699 -10694
-10688 -10674 -10651 -10642
-10641 -10637 -10620 -10618
-10610 -10583 -10581 -10581
-10577 -10570 -10569 -10566
-10552 -10551 -10540 -10526
-10526 -10515 -10500 -10489
-10487 -10482 -10481 -10472
-10464 -10463 -10443 -10438
-10437 -10393 -10390 -10390
-10387 -10387 -10384 -10370
-10368 -10368 -10364 -10354
-10354 -10350 -10349 -10341
-10340 -10337 -10332 -10329
-10317 -10316 -10303 -10298
-10298 -10296 -10293 -10288
-10276 -10266 -10259 -10258
-10251 -10236 -10233 -10229
-10214 -10210 -10203 -10193
-10192 -10188 -10187 -10173
-10154 -10150 -10148 -10122
-10119 -10118 -10115 -10072
-10066 -10065 -10060 -10036
-10023 -10016 -10000 -9999
-9994 -9984 -9981 -9974
-9966 -9959 -9949 -9949
-9941 -9914 -9911 -9902
-9902 -9899 -9899 -9895
-9891 -9889 -9881 -9855
-9846 -9834 -9829 -9824
-9823 -9812 -9799 -9793
-9783 -9780 -9778 -9777
-9767 -9755 -9748 -9748
-9744 -9737 -9728 -9724
-9716 -9710 -9703 -9702
-9686 -9674 -9656 -9648
-9638 -9634 -9631 -9623
-9618 -9605 -9604 -9603
-9601 -9598 -9597 -9571
-9566 -9565 -9557 -9533
-9528 -9506 -9506 -9497
-9486 -9482 -9480 -9457
-9457 -9455 -9448 -9436
-9433 -9428 -9426 -9422
-9419 -9407 -9404 -9402
-9401 -9393 -9387 -9383
-9377 -9377 -9357 -9355
-9351 -9345 -9345 -9339
-9336 -9330 -9325 -9317
-9314 -9292 -9286 -9284
-9280 -9272 -9270 -9234
-9222 -9216 -9210 -9209
-9204 -9190 -9188 -9183
-9180 -9176 -9176 -9170
-9162 -9160 -9158 -9154
-9154 -9150 -9147 -9137
-9102 -9093 -9085 -9074
-9069 -9050 -9045 -9024
-9018 -9018 -9013 -9013
-9010 -9004 -8997 -8987
-8984 -8962 -8953 -8950
-8939 -8936 -8934 -8929
-8927 -8921 -8918 -8916
-8907 -8903 -8900 -8900
-8894 -8882 -8878 -8872
-8865 -8837 -8833 -8825
-8825 -8825 -8822 -8805
-8796 -8793 -8783 -8780
-8776 -8765 -8756 -8749
-8731 -8728 -8723 -8722
-8710 -8698 -8692 -8685
-8678 -8668 -8662 -8660
-8654 -8642 -8637 -8619
-8614 -8613 -8610 -8602
-8593 -8585 -8585 -8572
-8571 -8557 -8556 -8552
-8552 -8547 -8546 -8536
-8530 -8529 -8528 -8523
-8514 -8512 -8505 -8505
-8496 -8494 -8493 -8491
-8489 -8489 -8488 -8485
-8484 -8457 -8455 -8453
-8450 -8442 -8434 -8433
-8412 -8406 -8403 -8389
-8386 -8373 -8364 -8362
-8343 -8343 -8326 -8319
-8317 -8303 -8299 -8297
-8284 -8284 -8273 -8269
-8266 -8262 -8256 -8246
-8227 -8217 -8215 -8184
-8181 -8180 -8174 -8158
-8149 -8147 -8141 -8137
-8137 -8129 -8114 -8108
-8089 -8086 -8081 -8069
-8067 -8067 -8065 -8062
-8061 -8061 -8057 -8043
-8040 -8038 -8038 -8021
-8012 -8002 -7995 -7993
-7988 -7981 -7965 -7964
-7948 -7947 -7923 -7922
-7899 -7887 -7882 -7879
-7871 -7865 -7862 -7860
-7858 -7855 -7846 -7837
-7796 -7769 -7768 -7767
-7767 -7749 -7748 -7747
-7743 -7741 -7735 -7733
-7723 -7714 -7713 -7712
-7690 -7685 -7683 -7675
-7666 -7645 -7644 -7640
-7635 -7634 -7634 -7602
-7597 -7597 -7596 -7592
-7584 -7583 -7566 -7561
-7558 -7548 -7548 -7546
-7538 -7534 -7529 -7521
-7519 -7498 -7495 -7478
-7470 -7462 -7459 -7456
-7454 -7441 -7440 -7431
-7426 -7400 -7378 -7364
-7359 -7357 -7355 -7354
-7349 -7349 -7346 -7325
-7324 -7288 -7284 -7274
-7262 -7251 -7250 -7231
-7229 -7225 -7208 -7206
-7203 -7201 -7193 -7183
-7177 -7175 -7159 -7158
-7158 -7149 -7138 -7133
-7120 -7119 -7117 -7110
-7109 -7092 -7091 -7090
-7090 -7078 -7076 -7076
-7073 -7072 -7070 -7066
-7053 -7049 -7047 -7046
-7037 -7030 -7029 -7022
-7013 -7004 -7002 -6994
-6993 -6993 -6991 -6985
-6971 -6958 -6957 -6946
-6934 -6911 -6898 -6888
-6877 -6876 -6856 -6854
-6852 -6847 -6846 -6845
-6845 -6843 -6833 -6833
-6822 -6819 -6817 -6811
-6807 -6806 -6804 -6795
-6782 -6768 -6759 -6732
-6728 -6688 -6679 -6672
-6671 -6654 -6642 -6619
-6618 -6610 -6610 -6600
-6592 -6590 -6589 -6588
-6572 -6567 -6549 -6542
-6531 -6530 -6521 -6508
-6503 -6503 -6502 -6499
-6481 -6478 -6477 -6475
-6468 -6450 -6447 -6443
-6440 -6429 -6410 -6407
-6369 -6354 -6349 -6348
-6344 -6344 -6336 -6331
-6300 -6293 -6285 -6267
-6267 -6262 -6257 -6245
-6235 -6232 -6219 -6213
-6202 -6200 -6185 -6183
-6172 -6166 -6163 -6139
-6137 -6134 -6106 -6084
-6071 -6070 -6068 -6065
-6060 -6048 -6046 -6044
-6033 -6029 -6027 -6021
-6018 -6003 -5982 -5978
-5974 -5958 -5945 -5925
-5923 -5906 -5905 -5903
-5899 -5897 -5895 -5893
-5890 -5889 -5863 -5857
-5846 -5833 -5802 -5802
-5770 -5760 -5757 -5753
-5751 -5749 -5745 -5743
-5738 -5725 -5712 -5710
-5682 -5681 -5680 -5665
-5629 -5625 -5621 -5606
-5603 -5593 -5588 -5586
-5582 -5576 -5570 -5560
-5554 -5551 -5541 -5523
-5518 -5507 -5506 -5505
-5496 -5494 -5491 -5489
-5488 -5456 -5436 -5435
-5431 -5426 -5414 -5412
-5400 -5393 -5377 -5376
-5373 -5368 -5357 -5353
-5348 -5337 -5333 -5329
-5326 -5323 -5318 -5312
-5296 -5293 -5279 -5277
-5272 -5272 -5270 -5267
-5265 -5264 -5260 -5247
-5244 -5241 -5230 -5225
-5217 -5215 -5202 -5201
-5199 -5198 -5176 -5171
-5167 -5162 -5155 -5149
-5145 -5128 -5123 -5106
-5106 -5102 -5098 -5096
-5090 -5079 -5059 -5057
-5055 -5047 -5045 -5027
-5024 -5021 -5014 -5004
-5003 -5001 -4994 -4987
-4984 -4973 -4973 -4969
-4967 -4963 -4960 -4950
-4933 -4929 -4926 -4922
-4912 -4898 -4894 -4882
-4877 -4868 -4868 -4863
-4857 -4851 -4850 -4804
-4792 -4785 -4779 -4771
-4771 -4760 -4759 -4755
-4754 -4741 -4728 -4726
-4723 -4713 -4698 -4674
-4650 -4645 -4641 -4638
-4622 -4615 -4615 -4613
-4613 -4605 -4599 -4598
-4597 -4595 -4591 -4588
-4579 -4572 -4571 -4561
-4559 -4550 -4540 -4533
-4531 -4529 -4522 -4511
-4509 -4505 -4499 -4498
-4497 -4496 -4495 -4490
-4473 -4472 -4469 -4460
-4448 -4438 -4425 -4422
-4408 -4375 -4370 -4361
-4356 -4354 -4353 -4349
-4343 -4316 -4301 -4266
-4258 -4248 -4240 -4239
-4228 -4201 -4161 -4160
-4158 -4157 -4138 -4127
-4126 -4118 -4114 -4113
-4107 -4105 -4103 -4096
-4088 -4084 -4063 -4045
-4026 -4006 -4004 -3999
-3989 -3988 -3984 -3979
-3976 -3976 -3976 -3972
-3967 -3964 -3959 -3957
-3948 -3945 -3942 -3940
-3932 -3929 -3921 -3915
-3912 -3911 -3887 -3885
-3876 -3868 -3863 -3862
-3860 -3855 -3848 -3846
-3842 -3830 -3828 -3796
-3784 -3775 -3772 -3765
-3761 -3750 -3743 -3736
-3728 -3723 -3713 -3690
-3667 -3650 -3643 -3636
-3617 -3609 -3601 -3598
-3595 -3580 -3536 -3536
-3515 -3507 -3498 -3495
-3490 -3483 -3476 -3475
-3464 -3460 -3457 -3455
-3454 -3449 -3439 -3439
-3395 -3382 -3374 -3370
-3335 -3335 -3333 -3328
-3325 -3325 -3307 -3297
-3291 -3289 -3285 -3283
-3274 -3272 -3271 -3239
-3236 -3217 -3209 -3195
-3191 -3185 -3181 -3178
-3172 -3159 -3158 -3153
-3151 -3142 -3112 -3105
-3097 -3089 -3080 -3074
-3049 -3048 -3026 -3016
-3005 -2993 -2990 -2986
-2974 -2968 -2957 -2936
-2932 -2928 -2922 -2912
-2906 -2900 -2897 -2897
-2896 -2893 -2890 -2889
-2876 -2856 -2851 -2840
-2829 -2827 -2789 -2781
-2778 -2775 -2769 -2764
-2761 -2759 -2759 -2755
-2750 -2730 -2726 -2722
-2711 -2705 -2695 -2688
-2686 -2682 -2675 -2672
-2670 -2659 -2658 -2647
-2643 -2642 -2635 -2631
-2614 -2608 -2594 -2582
-2573 -2567 -2565 -2560
-2548 -2545 -2543 -2541
-2541 -2533 -2512 -2510
-2489 -2479 -2476 -2476
-2467 -2464 -2462 -2457
-2454 -2453 -2452 -2450
-2440 -2438 -2420 -2418
-2416 -2410 -2404 -2399
-2391 -2388 -2384 -2381
-2379 -2374 -2371 -2366
-2348 -2345 -2329 -2324
-2314 -2304 -2302 -2289
-2288 -2281 -2275 -2274
-2274 -2274 -2266 -2248
-2244 -2234 -2214 -2185
-2183 -2177 -2175 -2170
-2166 -2139 -2128 -2127
-2114 -2102 -2090 -2082
-2082 -2082 -2081 -2052
-2051 -2048 -2043 -2042
-2040 -2028 -2027 -2022
-2010 -2007 -2005 -1994
-1987 -1984 -1959 -1953
-1951 -1951 -1946 -1932
-1928 -1927 -1916 -1908
-1899 -1899 -1897 -1886
-1874 -1867 -1852 -1850
-1845 -1845 -1836 -1832
-1822 -1820 -1814 -1808
-1805 -1797 -1791 -1782
-1781 -1763 -1760 -1743
-1743 -1738 -1737 -1735
-1728 -1726 -1718 -1713
-1704 -1700 -1691 -1683
-1679 -1665 -1665 -1650
-1646 -1643 -1622 -1619
-1617 -1613 -1589 -1567
-1541 -1525 -1522 -1517
-1516 -1515 -1510 -1503
-1494 -1494 -1481 -1478
-1465 -1463 -1460 -1456
-1455 -1453 -1451 -1444
-1438 -1433 -1428 -1410
-1407 -1407 -1396 -1394
-1387 -1379 -1353 -1339
-1336 -1327 -1327 -1321
-1317 -1313 -1312 -1311
-1309 -1305 -1297 -1289
-1287 -1279 -1277 -1277
-1276 -1274 -1274 -1246
-1246 -1228 -1225 -1219
-1213 -1191 -1186 -1178
-1161 -1138 -1134 -1132
-1129 -1120 -1118 -1117
-1103 -1101 -1100 -1096
-1095 -1090 -1086 -1082
-1081 -1077 -1069 -1069
-1055 -1051 -1048 -1044
-1035 -1033 -1033 -1031
-1024 -1018 -1016 -1003
-992 -986 -976 -955
-947 -942 -942 -934
-927 -920 -919 -896
-892 -891 -889 -877
-872 -868 -866 -866
-863 -843 -832 -821
-815 -810 -795 -780
-776 -775 -770 -750
-743 -740 -736 -732
-726 -724 -718 -709
-704 -703 -692 -660
-632 -629 -625 -625
-624 -618 -615 -613
-612 -604 -603 -603
-590 -562 -559 -544
-537 -534 -534 -527
-523 -522 -518 -510
-508 -494 -488 -477
-473 -469 -468 -463
-459 -457 -455 -440
-432 -429 -418 -414
-406 -397 -397 -394
-393 -390 -390 -388
-385 -372 -365 -364
-359 -355 -355 -351
-321 -320 -317 -309
-306 -290 -289 -285
-282 -281 -272 -267
-264 -256 -249 -236
-234 -229 -224 -222
-190 -187 -187 -181
-179 -170 -170 -169
-165 -163 -154 -151
-139 -133 -129 -112
-103 -98 -95 -92
-92 -86 -77 -65
-65 -53 -51 -49
-46 -46 -39 -21
-20 -19 -19 -17
-16 -14 -6 9
13 34 34 35
37 38 40 43
59 74 75 80
81 102 108 108
117 122 122 123
126 169 169 170
171 197 199 205
210 232 233 241
244 257 268 269
274 274 275 279
281 283 290 293
300 302 310 317
317 318 321 327
338 338 340 345
353 358 358 370
389 390 391 409
418 425 432 435
438 460 470 480
486 498 504 510
518 529 537 540
547 563 565 567
569 574 578 584
602 610 614 619
633 635 650 682
682 697 698 703
705 713 736 736
744 749 755 760
763 780 789 789
794 812 816 846
850 869 885 903
908 911 919 921
925 932 935 941
951 960 966 984
994 1000 1002 1002
1022 1041 1042 1050
1058 1059 1061 1071
1073 1080 1086 1086
1089 1092 1100 1109
1118 1123 1141 1143
1148 1162 1163 1175
1179 1195 1201 1203
1212 1227 1229 1236
1236 1249 1249 1254
1267 1271 1289 1290
1304 1319 1327 1331
1361 1361 1364 1378
1381 1387 1393 1405
1411 1416 1416 1419
1424 1425 1438 1441
1443 1446 1462 1467
1509 1516 1522 1529
1536 1537 1549 1554
1557 1576 1588 1590
1608 1611 1613 1616
1617 1620 1620 1631
1632 1654 1662 1663
1663 1668 1670 1675
1680 1680 1681 1692
1692 1700 1711 1713
1720 1737 1746 1752
1757 1768 1769 1770
1778 1779 1782 1784
1784 1789 1790 1804
1813 1829 1829 1831
1837 1839 1853 1856
1860 1873 1911 1918
1919 1924 1929 1938
1940 1944 1950 1954
1956 1963 2009 2009
2018 2025 2027 2031
2033 2036 2037 2049
2051 2052 2060 2060
2064 2071 2077 2109
2110 2113 2114 2117
2129 2139 2140 2141
2153 2162 2169 2177
2182 2191 2195 2205
2207 2208 2209 2213
2243 2290 2300 2322
2323 2323 2326 2337
2338 2343 2352 2369
2370 2372 2375 2377
2378 2378 2382 2394
2401 2416 2419 2422
2438 2441 2446 2447
2450 2456 2459 2460
2461 2464 2465 2466
2470 2477 2484 2493
2532 2533 2540 2545
2562 2566 2581 2595
2609 2633 2637 2655
2659 2661 2661 2662
2664 2676 2689 2695
2709 2727 2730 2732
2746 2751 2754 2761
2762 2771 2771 2773
2775 2780 2810 2827
2828 2832 2836 2864
2866 2872 2881 2887
2892 2895 2900 2904
2907 2912 2942 2952
2961 2965 2966 2970
2973 2987 2991 3003
3017 3024 3024 3029
3041 3051 3058 3062
3073 3077 3081 3094
3107 3111 3127 3131
3132 3134 3140 3144
3145 3156 3163 3166
3168 3180 3185 3188
3200 3200 3207 3215
3242 3249 3249 3252
3258 3259 3262 3264
3286 3299 3314 3320
3321 3330 3331 3332
3333 3335 3342 3351
3356 3362 3364 3365
3371 3406 3408 3410
3416 3421 3432 3433
3436 3440 3451 3459
3464 3470 3480 3480
3490 3492 3492 3507
3519 3528 3529 3538
3559 3560 3560 3570
3572 3577 3578 3587
3593 3596 3608 3620
3620 3626 3632 3658
3666 3680 3684 3686
3696 3703 3709 3710
3714 3720 3721 3736
3750 3753 3754 3756
3764 3769 3775 3785
3786 3791 3794 3796
3809 3810 3820 3828
3833 3844 3848 3866
3872 3901 3911 3914
3924 3931 3955 3970
3970 3983 3990 3998
4005 4007 4009 4017
4019 4020 4044 4052
4053 4056 4060 4061
4069 4072 4075 4088
4099 4105 4106 4110
4112 4118 4121 4122
4126 4130 4132 4133
4137 4140 4144 4144
4152 4154 4154 4177
4186 4188 4197 4201
4206 4215 4217 4219
4230 4232 4248 4255
4274 4275 4280 4284
4303 4320 4322 4329
4340 4343 4345 4351
4354 4355 4358 4360
4361 4370 4373 4374
4387 4394 4395 4400
4408 4411 4413 4415
4431 4432 4444 4448
4479 4484 4486 4499
4509 4524 4533 4538
4539 4544 4548 4572
4576 4580 4581 4607
4629 4630 4649 4656
4661 4663 4675 4678
4680 4684 4688 4698
4719 4725 4727 4753
4759 4781 4796 4805
4809 4811 4814 4818
4838 4848 4855 4858
4862 4869 4878 4903
4906 4913 4916 4923
4925 4937 4944 4950
4958 4959 4959 4960
4970 4973 4978 4980
4983 4983 4988 4992
5009 5011 5035 5037
5072 5079 5081 5089
5089 5092 5094 5103
5111 5113 5127 5130
5137 5137 5137 5141
5148 5158 5167 5185
5186 5189 5195 5196
5203 5219 5239 5244
5244 5249 5252 5266
5268 5270 5273 5284
5285 5292 5294 5296
5305 5308 5314 5316
5328 5340 5345 5347
5348 5348 5377 5379
5385 5409 5415 5418
5422 5434 5438 5443
5444 5446 5454 5457
5459 5469 5483 5489
5489 5501 5522 5526
5528 5528 5529 5541
5544 5546 5549 5550
5550 5554 5567 5569
5577 5579 5580 5582
5601 5610 5617 5622
5624 5648 5667 5674
5703 5704 5710 5715
5718 5720 5729 5731
5739 5758 5810 5812
5813 5825 5827 5835
5846 5863 5865 5868
5883 5891 5904 5905
5910 5919 5927 5960
5970 6003 6023 6040
6048 6055 6056 6056
6069 6070 6071 6083
6106 6109 6127 6149
6151 6178 6179 6181
6183 6187 6187 6200
6201 6201 6202 6220
6228 6237 6241 6251
6251 6283 6294 6296
6299 6310 6322 6333
6349 6359 6370 6381
6404 6417 6419 6434
6438 6448 6449 6450
6450 6455 6476 6498
6513 6516 6536 6536
6537 6538 6541 6551
6553 6559 6565 6569
6572 6578 6579 6581
6592 6596 6604 6614
6615 6617 6620 6622
6643 6652 6660 6666
6668 6671 6673 6685
6686 6686 6689 6691
6697 6700 6705 6710
6738 6740 6744 6751
6754 6754 6762 6774
6779 6787 6792 6795
6814 6821 6824 6839
6846 6848 6849 6849
6850 6854 6876 6878
6886 6892 6892 6904
6912 6926 6932 6933
6938 6940 6945 6969
6979 6979 6988 6993
6994 7000 7037 7047
7051 7052 7065 7065
7066 7074 7078 7080
7085 7101 7101 7111
7117 7121 7127 7154
7165 7171 7173 7183
7202 7228 7229 7236
7239 7243 7245 7246
7249 7256 7263 7302
7315 7318 7337 7338
7347 7349 7360 7365
7376 7378 7393 7395
7426 7429 7430 7439
7440 7458 7458 7463
7472 7492 7503 7505
7505 7523 7523 7531
7531 7536 7541 7549
7554 7568 7570 7580
7588 7591 7628 7639
7639 7658 7662 7670
7673 7674 7677 7682
7685 7686 7689 7713
7715 7717 7724 7749
7749 7753 7766 7778
7780 7781 7785 7801
7808 7815 7818 7855
7858 7866 7874 7877
7883 7900 7900 7911
7920 7923 7926 7929
7935 7936 7936 7940
7941 7959 7961 7962
7970 8005 8014 8025
8028 8030 8041 8045
8046 8047 8053 8064
8070 8070 8074 8074
8078 8092 8094 8094
8102 8131 8134 8145
8154 8167 8182 8183
8205 8215 8234 8239
8255 8262 8263 8281
8282 8289 8293 8294
8301 8309 8309 8309
8311 8315 8328 8335
8342 8348 8358 8367
8385 8386 8392 8395
8402 8422 8423 8433
8441 8458 8462 8463
8468 8469 8474 8490
8499 8500 8511 8520
8524 8526 8527 8532
8533 8537 8543 8554
8565 8570 8590 8592
8603 8605 8608 8610
8625 8636 8639 8639
8643 8667 8672 8673
8679 8682 8682 8683
8683 8695 8695 8695
8698 8707 8708 8715
8723 8727 8764 8780
8782 8806 8812 8815
8815 8827 8845 8846
8855 8857 8858 8859
8859 8861 8866 8889
8893 8896 8898 8903
8903 8907 8908 8912
8917 8923 8937 8945
8948 8952 8961 8968
8974 8983 8984 8991
9000 9004 9032 9037
9040 9040 9048 9054
9074 9081 9088 9108
9116 9120 9121 9122
9133 9137 9144 9145
9145 9152 9152 9152
9156 9161 9163 9163
9166 9171 9175 9182
9188 9218 9230 9232
9233 9264 9268 9273
9276 9276 9287 9287
9297 9302 9316 9328
9346 9346 9348 9355
9361 9365 9369 9370
9373 9374 9381 9383
9390 9392 9393 9394
9410 9412 9421 9429
9430 9445 9449 9458
9462 9463 9490 9491
9492 9511 9525 9529
9540 9540 9544 9546
9556 9561 9573 9574
9580 9585 9587 9601
9607 9607 9632 9637
9642 9643 9654 9657
9663 9663 9676 9681
9682 9693 9697 9697
9704 9733 9757 9762
9763 9765 9766 9766
9775 9781 9785 9788
9792 9792 9805 9821
9855 9872 9879 9879
9880 9887 9895 9906
9913 9913 9914 9915
9928 9930 9931 9936
9940 9957 9958 9960
9972 9981 9982 9988
9993 9995 10003 10024
10035 10043 10045 10049
10057 10072 10075 10078
10082 10087 10101 10104
10116 10118 10118 10121
10130 10142 10165 10171
10179 10183 10192 10194
10196 10200 10207 10220
10258 10269 10272 10284
10284 10300 10306 10311
10312 10313 10324 10327
10328 10334 10360 10366
10366 10372 10374 10400
10406 10409 10416 10421
10422 10423 10425 10428
10430 10439 10454 10462
10470 10473 10473 10478
10480 10484 10490 10492
10502 10502 10517 10526
10530 10534 10535 10536
10539 10541 10554 10564
10571 10571 10586 10587
10593 10595 10597 10602
10607 10610 10631 10639
10642 10660 10660 10662
10675 10677 10691 10698
10704 10710 10733 10736
10749 10749 10765 10767
10782 10783 10788 10809
10810 10812 10815 10819
10825 10826 10827 10837
10849 10852 10855 10856
10861 10872 10877 10878
10886 10892 10907 10917
10925 10928 10936 10941
10942 10943 10945 10951
10951 10965 10969 10986
11005 11017 11018 11032
11044 11061 11065 11068
11081 11083 11088 11089
11093 11094 11100 11110
11116 11116 11120 11122
11125 11126 11142 11145
11146 11152 11163 11163
11164 11165 11165 11166
11167 11175 11181 11189
11190 11191 11198 11199
11212 11221 11228 11246
11250 11252 11255 11258
11262 11262 11284 11292
11297 11311 11317 11318
11329 11334 11342 11356
11360 11371 11380 11382
11382 11383 11390 11402
11404 11405 11415 11416
11419 11429 11446 11448
11450 11459 11466 11467
11474 11478 11485 11489
11496 11500 11502 11515
11522 11524 11527 11529
11539 11547 11569 11578
11580 11584 11593 11596
11597 11597 11597 11600
11606 11607 11612 11613
11618 11622 11636 11638
11639 11646 11650 11654
11654 11659 11705 11706
11711 11715 11744 11747
11757 11761 11772 11776
11780 11805 11817 11828
11830 11847 11853 11856
11856 11858 11859 11861
11875 11880 11881 11884
11886 11889 11897 11913
11915 11919 11937 11939
11946 11949 11967 11967
11973 12005 12005 12018
12025 12053 12057 12074
12074 12074 12075 12085
12085 12096 12096 12099
12113 12118 12119 12126
12126 12128 12135 12137
12139 12142 12146 12151
12162 12163 12167 12169
12177 12216 12220 12223
12240 12241 12244 12254
12274 12275 12277 12285
12287 12290 12294 12296
12297 12297 12303 12315
12321 12328 12337 12348
12349 12364 12385 12400
12400 12401 12407 12414
12419 12424 12428 12430
12440 12447 12452 12452
12463 12467 12473 12490
12522 12530 12531 12533
12582 12594 12612 12614
12638 12670 12678 12680
12682 12695 12696 12703
12704 12708 12709 12713
12723 12728 12731 12746
12761 12763 12778 12780
12791 12799 12804 12815
12820 12828 12877 12880
12882 12889 12913 12913
12917 12930 12934 12936
12942 12944 12950 12951
12983 12986 12992 13006
13007 13020 13020 13031
13031 13041 13044 13051
13051 13051 13056 13059
13060 13071 13081 13086
13086 13105 13107 13109
13124 13142 13144 13158
13162 13163 13173 13175
13178 13183 13188 13204
13205 13212 13238 13238
13241 13251 13254 13262
13267 13268 13268 13281
13308 13312 13336 13336
13338 13348 13357 13359
13361 13362 13364 13381
13399 13415 13421 13421
13435 13444 13458 13461
13463 13464 13464 13465
13480 13485 13489 13492
13498 13500 13501 13504
13505 13514 13519 13519
13524 13529 13530 13539
13541 13542 13548 13559
13562 13565 13575 13577
13585 13591 13596 13596
13600 13601 13602 13603
13608 13612 13637 13643
13647 13657 13661 13671
13674 13674 13683 13685
13688 13692 13711 13713
13717 13733 13734 13752
13753 13753 13760 13761
13769 13771 13774 13783
13795 13796 13801 13801
13811 13818 13820 13821
13830 13833 13853 13862
13869 13877 13878 13879
13881 13883 13892 13898
13901 13905 13913 13923
13932 13939 13942 13946
13948 13952 13968 13986
13995 13997 14018 14028
14029 14032 14036 14038
14041 14045 14062 14068
14086 14087 14097 14101
14104 14107 14108 14127
14128 14133 14135 14164
14180 14190 14191 14199
14202 14216 14243 14260
14266 14275 14276 14281
14281 14283 14294 14302
14313 14315 14318 14319
14321 14334 14364 14367
14372 14376 14394 14407
14412 14420 14422 14433
14446 14448 14473 14474
14482 14518 14526 14529
14536 14540 14542 14545
14547 14548 14553 14561
14579 14585 14588 14591
14591 14594 14606 14607
14607 14612 14624 14635
14639 14640 14641 14645
14670 14670 14672 14681
14713 14721 14738 14740
14740 14740 14741 14746
14748 14751 14751 14761
14770 14775 14782 14792
14793 14795 14805 14811
14814 14824 14827 14835
14836 14846 14871 14871
14875 14883 14884 14885
14889 14893 14902 14916
14923 14925 14925 14936
14939 14940 14963 14986
15002 15011 15013 15013
15014 15021 15032 15040
15041 15062 15075 15084
15091 15096 15101 15112
15115 15125 15136 15153
15157 15159 15161 15174
15193 15199 15232 15261
15262 15262 15274 15288
15331 15341 15343 15348
15353 15367 15372 15377
15394 15396 15397 15398
15422 15435 15444 15493
15498 15504 15505 15516
15536 15538 15540 15560
15560 15567 15580 15582
15585 15590 15602 15603
15611 15612 15615 15617
15621 15621 15648 15649
15652 15653 15653 15663
15681 15718 15732 15739
15750 15751 15754 15772
15774 15775 15787 15787
15788 15789 15810 15811
15817 15817 15823 15826
15828 15834 15840 15842
15850 15860 15862 15865
15868 15869 15877 15883
15886 15913 15926 15943
15952 15955 15963 15963
15972 15987 15996 16015
16021 16027 16027 16028
16056 16066 16072 16073
16081 16088 16088 16088
16095 16100 16112 16113
16113 16121 16121 16125
16134 16152 16153 16156
16165 16179 16194 16194
16200 16204 16216 16226
16228 16235 16236 16251
16251 16252 16261 16268
16272 16294 16300 16301
16304 16309 16314 16322
16323 16326 16331 16336
16351 16365 16378 16379
16390 16400 16410 16415
16417 16418 16436 16437
16449 16450 16455 16458
16463 16472 16483 16489
16499 16502 16510 16511
16519 16523 16546 16551
16561 16562 16571 16581
16584 16606 16609 16611
16612 16614 16615 16621
16626 16634 16637 16640
16655 16662 16679 16684
16684 16684 16700 16704
16710 16711 16748 16768
16779 16797 16798 16808
16846 16847 16848 16851
16856 16860 16866 16867
16867 16876 16880 16881
16881 16887 16902 16912
16917 16930 16931 16935
16936 16945 16950 16956
16978 16980 16986 16997
17001 17007 17008 17020
17024 17026 17041 17054
17055 17056 17062 17066
17076 17076 17081 17103
17110 17115 17118 17128
17130 17131 17134 17139
17148 17150 17167 17168
17169 17170 17180 17181
17191 17201 17201 17209
17221 17221 17223 17223
17263 17263 17283 17292
17314 17317 17317 17319
17327 17339 17340 17355
17376 17387 17395 17395
17396 17397 17400 17408
17425 17442 17444 17446
17459 17494 17506 17509
17510 17521 17524 17537
17541 17546 17567 17577
17596 17600 17605 17605
17609 17610 17617 17624
17626 17646 17649 17678
17700 17700 17706 17707
17716 17728 17741 17787
17790 17792 17792 17808
17821 17825 17829 17831
17831 17845 17847 17860
17867 17870 17876 17880
17885 17904 17909 17915
17946 17946 17964 17969
17970 17983 17983 17987
17995 18001 18011 18014
18014 18016 18017 18020
18021 18025 18033 18034
18039 18049 18065 18068
18075 18085 18088 18113
18132 18140 18165 18180
18182 18189 18198 18202
18208 18213 18219 18224
18236 18249 18253 18256
18270 18272 18285 18304
18313 18316 18323 18325
18356 18375 18383 18394
18396 18407 18418 18420
18429 18432 18454 18465
18470 18476 18483 18485
18493 18504 18505 18513
18513 18520 18540 18548
18554 18555 18572 18572
18578 18587 18589 18591
18601 18604 18607 18608
18613 18624 18637 18659
18660 18668 18674 18674
18675 18698 18699 18704
18722 18736 18761 18764
18767 18769 18796 18798
18802 18804 18812 18814
18829 18830 18838 18844
18845 18849 18849 18856
18868 18883 18890 18893
18904 18907 18910 18919
18931 18942 18947 18954
18957 18966 18973 18980
18999 19017 19018 19018
19018 19064 19067 19073
19082 19083 19104 19107
19109 19113 19114 19121
19129 19129 19137 19146
19172 19173 19181 19188
19213 19215 19221 19223
19230 19231 19240 19244
19252 19257 19259 19276
19284 19286 19296 19297
19298 19313 19313 19316
19328 19337 19341 19357
19362 19365 19370 19374
19380 19396 19399 19400
19404 19405 19408 19412
19412 19424 19425 19429
19441 19449 19456 19464
19467 19472 19474 19475
19493 19495 19496 19514
19520 19520 19523 19523
19523 19531 19532 19540
19540 19545 19546 19548
19577 19578 19586 19590
19595 19603 19611 19616
19619 19625 19628 19634
19643 19650 19670 19674
19674 19676 19685 19687
19689 19691 19693 19705
19713 19713 19723 19735
19737 19741 19742 19755
19759 19764 19766 19777
19778 19778 19780 19792
19805 19808 19811 19814
19861 19872 19874 19890
19897 19902 19906 19907
19909 19919 19922 19932
19932 19934 19944 19954
19962 19974 19979 19980
19982 19984 19990 19991
20008 20012 20023 20028
20049 20050 20060 20061
20075 20078 20094 20106
20107 20113 20113 20117
20118 20124 20127 20127
20150 20152 20162 20163
20174 20202 20204 20207
20207 20208 20213 20219
20240 20244 20249 20257
20257 20275 20294 20296
20304 20305 20309 20312
20315 20329 20332 20338
20342 20349 20352 20353
20353 20354 20356 20365
20367 20369 20378 20390
20397 20404 20405 20413
20430 20443 20450 20467
20471 20471 20484 20490
20502 20518 20527 20533
20541 20548 20554 20554
20574 20579 20581 20585
20586 20588 20589 20590
20595 20607 20609 20621
20635 20638 20638 20644
20647 20651 20654 20654
20655 20655 20656 20666
20669 20679 20702 20716
20721 20729 20730 20738
20742 20751 20755 20760
20766 20787 20793 20807
20818 20823 20826 20826
20844 20846 20850 20853
20855 20878 20881 20890
20890 20890 20891 20894
20900 20917 20939 20953
20964 20975 20976 20976
20984 20993 20994 20994
20995 21010 21011 21015
21019 21026 21028 21037
21041 21054 21059 21061
21065 21066 21072 21074
21078 21085 21090 21092
21098 21102 21104 21105
21114 21130 21133 21146
21146 21149 21150 21157
21162 21179 21188 21193
21195 21208 21217 21218
21220 21229 21229 21231
21236 21240 21245 21265
21273 21276 21279 21288
21291 21298 21301 21308
21323 21331 21364 21365
21370 21377 21381 21387
21387 21392 21395 21415
21431 21435 21449 21465
21469 21470 21470 21476
21481 21488 21490 21511
21522 21529 21530 21531
21543 21552 21552 21565
21585 21594 21597 21598
21598 21615 21618 21619
21629 21639 21640 21644
21645 21654 21660 21660
21677 21684 21692 21700
21702 21705 21708 21709
21717 21720 21739 21753
21759 21760 21760 21764
21764 21770 21772 21775
21779 21780 21781 21784
21793 21811 21812 21813
21813 21817 21826 21830
21832 21836 21853 21857
21857 21858 21867 21868
21881 21888 21910 21916
21921 21929 21932 21945
21946 21949 21954 21969
21982 21993 21995 22004
22009 22013 22013 22018
22024 22035 22045 22045
22047 22052 22060 22063
22064 22072 22072 22073
22073 22089 22092 22092
22093 22096 22101 22102
22106 22114 22115 22146
22146 22148 22150 22157
22158 22174 22201 22216
22217 22222 22233 22234
22237 22259 22268 22276
22280 22284 22287 22299
22308 22308 22326 22330
22333 22336 22368 22387
22389 22407 22442 22443
22446 22453 22454 22459
22463 22465 22465 22465
22476 22477 22478 22480
22484 22485 22488 22490
22493 22494 22497 22497
22499 22502 22503 22507
22529 22531 22538 22546
22559 22561 22569 22569
22571 22575 22577 22584
22587 22590 22595 22608
22618 22618 22622 22623
22625 22625 22628 22636
22647 22649 22657 22664
22678 22704 22710 22716
22725 22726 22728 22736
22742 22747 22751 22762
22764 22771 22771 22775
22783 22789 22792 22793
22799 22814 22818 22824
22839 22855 22859 22859
22865 22878 22884 22887
22888 22910 22913 22918
22925 22926 22930 22933
22938 22939 22947 22951
22966 22971 22996 23020
23021 23021 23021 23031
23031 23037 23059 23063
23069 23071 23093 23093
23104 23110 23112 23138
23147 23167 23168 23172
23175 23193 23193 23200
23215 23216 23242 23258
23273 23281 23286 23288
23296 23301 23303 23303
23324 23328 23353 23362
23363 23377 23379 23404
23411 23416 23441 23443
23445 23448 23458 23475
23479 23480 23506 23507
23516 23521 23522 23525
23529 23533 23534 23552
23570 23574 23576 23603
23603 23612 23615 23628
23634 23640 23647 23648
23650 23650 23651 23656
23659 23669 23671 23672
23694 23700 23702 23703
23704 23708 23724 23762
23763 23771 23774 23781
23781 23801 23812 23815
23816 23821 23829 23841
23841 23846 23848 23863
23871 23877 23897 23898
23898 23918 23921 23924
23926 23935 23938 23939
23948 23948 23948 23955
23965 23969 23972 24005
24017 24024 24026 24045
24053 24064 24068 24071
24073 24074 24078 24085
24086 24088 24089 24091
24093 24095 24095 24096
24116 24117 24120 24134
24151 24157 24165 24166
24197 24199 24206 24207
24227 24239 24240 24247
24252 24265 24276 24277
24280 24282 24296 24306
24311 24316 24317 24317
24321 24340 24345 24347
24349 24355 24355 24362
24385 24400 24403 24406
24424 24424 24424 24432
24434 24437 24445 24448
24448 24451 24469 24480
24485 24506 24512 24512
24513 24515 24526 24527
24529 24531 24532 24535
24539 24553 24567 24603
24604 24616 24629 24634
24635 24645 24662 24663
24680 24681 24688 24694
24701 24710 24711 24721
24722 24755 24757 24763
24774 24774 24779 24781
24785 24811 24819 24823
24823 24834 24837 24841
24850 24853 24855 24856
24860 24865 24867 24881
24884 24893 24900 24914
24919 24921 24923 24930
24933 24935 24947 24950
24971 24974 24977 24998
25014 25023 25039 25050
25066 25068 25073 25084
25086 25089 25089 25092
25096 25104 25114 25115
25116 25134 25134 25154
25155 25159 25171 25191
25207 25208 25214 25215
25215 25217 25220 25222
25223 25227 25228 25231
25235 25238 25244 25246
25251 25251 25251 25253
25254 25255 25291 25292
25297 25316 25321 25321
25344 25346 25354 25360
25366 25378 25378 25379
25384 25389 25403 25405
25411 25416 25416 25425
25426 25451 25462 25471
25472 25493 25501 25506
25507 25513 25526 25547
25552 25554 25558 25569
25573 25575 25575 25576
25584 25598 25601 25601
25618 25634 25642 25650
25653 25656 25659 25661
25663 25667 25669 25671
25677 25683 25693 25697
25697 25710 25711 25712
25718 25720 25726 25730
25739 25744 25754 25775
25780 25781 25796 25801
25806 25825 25832 25846
25860 25860 25865 25874
25880 25883 25891 25892
25893 25902 25902 25903
25905 25908 25909 25926
25928 25934 25940 25942
25944 25954 25959 25965
25989 25999 26011 26012
26016 26021 26029 26032
26033 26050 26055 26074
26084 26094 26110 26144
26147 26147 26150 26152
26154 26163 26165 26166
26188 26192 26198 26202
26226 26227 26228 26229
26232 26233 26239 26250
26259 26260 26264 26270
26271 26272 26281 26287
26297 26301 26302 26305
26307 26310 26310 26314
26322 26326 26333 26334
26335 26338 26344 26350
26352 26359 26362 26374
26381 26388 26390 26399
26410 26413 26416 26416
26431 26434 26437 26445
26446 26448 26451 26466
26489 26494 26503 26507
26523 26528 26529 26532
26538 26548 26559 26571
26573 26579 26596 26596
26599 26599 26609 26615
26616 26645 26652 26671
26675 26706 26721 26722
26739 26752 26761 26768
26772 26773 26777 26778
26780 26781 26782 26787
26804 26807 26811 26813
26817 26822 26823 26829
26834 26838 26842 26848
26852 26852 26853 26854
26874 26897 26898 26898
26902 26908 26909 26913
26913 26923 26934 26938
26949 26951 26957 26965
26969 26973 26977 26990
26994 26994 26996 27026
27029 27039 27046 27051
27061 27069 27070 27074
27086 27088 27104 27104
27121 27122 27128 27128
27129 27138 27144 27146
27150 27155 27157 27160
27163 27171 27178 27187
27193 27195 27222 27223
27223 27229 27233 27241
27249 27254 27276 27284
27285 27289 27291 27293
27296 27303 27305 27312
27321 27341 27345 27346
27353 27361 27363 27373
27380 27388 27406 27455
27484 27486 27493 27493
27500 27509 27514 27515
27518 27529 27541 27544
27550 27567 27577 27585
27587 27591 27601 27602
27612 27615 27625 27630
27634 27636 27650 27651
27655 27656 27657 27659
27661 27664 27667 27672
27672 27673 27685 27690
27691 27694 27696 27697
27700 27703 27710 27712
27714 27722 27727 27732
27743 27757 27759 27761
27767 27780 27793 27795
27796 27798 27803 27807
27823 27827 27835 27842
27845 27858 27868 27869
27875 27878 27880 27881
27889 27894 27895 27905
27912 27916 27918 27931
27932 27936 27942 27943
27945 27947 27952 27955
27963 27974 27975 27976
27977 27983 27985 27994
28002 28007 28011 28020
28036 28037 28042 28044
28051 28052 28085 28097
28112 28115 28122 28126
28135 28137 28140 28142
28145 28150 28168 28172
28172 28173 28180 28192
28195 28197 28209 28210
28212 28212 28227 28238
28248 28254 28269 28270
28271 28284 28303 28309
28310 28311 28316 28317
28332 28334 28354 28378
28404 28422 28430 28435
28435 28442 28445 28449
28470 28476 28493 28496
28509 28518 28524 28537
28541 28552 28561 28561
28567 28596 28601 28626
28632 28644 28655 28659
28662 28665 28688 28689
28695 28714 28721 28728
28731 28733 28744 28749
28765 28767 28768 28804
28825 28835 28838 28840
28847 28850 28883 28889
28889 28892 28896 28916
28925 28929 28932 28933
28962 28963 28970 28983
28984 28994 28994 28996
28997 29010 29011 29014
29017 29018 29022 29029
29046 29053 29055 29062
29063 29067 29078 29086
29090 29108 29115 29128
29138 29139 29145 29148
29150 29151 29153 29167
29178 29190 29203 29209
29210 29230 29253 29256
29260 29273 29310 29323
29327 29335 29338 29342
29347 29352 29354 29361
29376 29377 29378 29404
29411 29412 29414 29414
29421 29428 29441 29463
29471 29482 29492 29495
29497 29498 29500 29510
29512 29516 29517 29552
29561 29561 29561 29573
29582 29586 29594 29601
29602 29611 29622 29624
29626 29637 29640 29645
29651 29653 29657 29671
29671 29671 29685 29696
29708 29732 29740 29750
29760 29767 29772 29774
29800 29804 29804 29808
29810 29830 29831 29834
29834 29835 29849 29858
29877 29880 29898 29904
29936 29959 29961 29961
29965 29969 29969 29985
29986 29991 29991 29992
30008 30008 30010 30011
30016 30029 30044 30045
30057 30057 30061 30067
30076 30078 30081 30082
30084 30086 30093 30095
30108 30116 30119 30130
30146 30148 30152 30169
30171 30181 30194 30195
30198 30204 30208 30214
30217 30230 30239 30240
30251 30254 30257 30263
30277 30284 30291 30293
30307 30311 30312 30315
30318 30323 30327 30331
30332 30337 30342 30343
30348 30350 30357 30360
30361 30363 30367 30369
30379 30386 30387 30407
30414 30415 30434 30436
30439 30440 30443 30445
30450 30453 30457 30465
30465 30466 30475 30475
30484 30502 30503 30516
30516 30527 30535 30537
30543 30543 30557 30557
30558 30561 30574 30575
30577 30578 30593 30599
30622 30624 30627 30636
30645 30652 30658 30664
30673 30676 30682 30683
30695 30696 30725 30728
30730 30736 30742 30777
30780 30792 30795 30796
30812 30817 30827 30839
30846 30855 30875 30882
30890 30890 30892 30902
30910 30919 30920 30930
30931 30946 30958 30965
30966 30972 30991 30993
30993 30998 31000 31001
31007 31011 31027 31037
31048 31056 31064 31068
31069 31073 31080 31089
31090 31090 31094 31095
31096 31121 31124 31132
31135 31145 31151 31155
31157 31170 31179 31180
31183 31186 31193 31193
31200 31201 31210 31213
31222 31224 31227 31228
31229 31235 31238 31239
31244 31244 31259 31260
31264 31264 31265 31266
31269 31284 31285 31287
31298 31300 31316 31333
31340 31340 31344 31344
31354 31383 31385 31393
31403 31414 31418 31421
31423 31434 31444 31445
31451 31451 31453 31465
31466 31469 31471 31474
31491 31499 31527 31533
31546 31558 31562 31564
31564 31568 31576 31595
31600 31607 31611 31621
31628 31629 31631 31631
31632 31637 31651 31675
31679 31687 31691 31695
31701 31704 31704 31705
31706 31715 31747 31749
31755 31756 31756 31775
31781 31796 31797 31802
31815 31817 31819 31822
31823 31836 31839 31840
31843 31856 31876 31878
31881 31887 31893 31893
31898 31903 31910 31929
31942 31954 31957 31992
31999 32004 32005 32012
32014 32018 32023 32026
32039 32060 32065 32072
32073 32074 32085 32086
32099 32101 32104 32114
32117 32122 32127 32139
32141 32155 32155 32162
32187 32191 32191 32196
32199 32205 32208 32210
32214 32214 32216 32224
32224 32240 32246 32278
32283 32290 32294 32319
32348 32351 32358 32360
32379 32383 32386 32390
32395 32409 32426 32430
32438 32438 32442 32445
32470 32490 32494 32498
32499 32510 32512 32530
32530 32531 32536 32539
32546 32547 32548 32564
32582 32589 32591 32626
32629 32630 32637 32646
32666 32689 32690 32709
32710 32711 32714 32715
32719 32732 32735 32744
32747 32753 32756 32761
32762 32767
