-32334 -32226 -32082 -31892
-31609 -31539 -31504 -31453
-31281 -30807 -30796 -30765
-30628 -30356 -30349 -30209
-30011 -29850 -29760 -29758
-29273 -29162 -28989 -28643
-28627 -27900 -27655 -27612
-27177 -27173 -26787 -26574
-26315 -26197 -26187 -26138
-26095 -26073 -25989 -25984
-25981 -25978 -25888 -25848
-25716 -25578 -25453 -25400
-25397 -25391 -25304 -25263
-24534 -24415 -24118 -23852
-22934 -22933 -22773 -22594
-22362 -22034 -21960 -21893
-21358 -21141 -20825 -20810
-20786 -20727 -20523 -20343
-20254 -19987 -19814 -19439
-19396 -19129 -18998 -18958
-18741 -18717 -18539 -18342
-18326 -18309 -18292 -18063
-18059 -17926 -17474 -17425
-17034 -16967 -16909 -16532
-16472 -16276 -16076 -15977
-15707 -15585 -15254 -14951
-14704 -14622 -14534 -14510
-14448 -14271 -13677 -13618
-12795 -12556 -12225 -11869
-11855 -11409 -11401 -11383
-11322 -11317 -11238 -11148
-11100 -10917 -10843 -10518
-10366 -9963 -9832 -9818
-9419 -9193 -8723 -8539
-8244 -8160 -8112 -7560
-7374 -6917 -6861 -6783
-6617 -6086 -5869 -5858
-5647 -5428 -5282 -5194
-5089 -5025 -5007 -4939
-4738 -4466 -4446 -4366
-4352 -4304 -3859 -3836
-3725 -3684 -3602 -3369
-3276 -3141 -2903 -2701
-2591 -2523 -2450 -2374
-2346 -2317 -2312 -2143
-1982 -1803 -1787 -1587
-1532 -1388 -1264 -1153
-1108 -990 -824 -777
-499 -425 -361 -222
-178 -172 -23 12
277 433 533 551
652 1208 1405 1554
1575 1806 1854 1925
2070 2268 2495 2550
2555 2844 2864 2878
2905 2917 2966 3121
3257 3557 3699 3716
3752 3853 3872 3901
3910 3917 3998 4010
4161 4323 4533 4729
4895 5217 5350 5532
5618 5619 5715 5777
6008 6189 6742 7188
7283 8112 8147 8293
8579 8629 8840 9030
9159 9193 9230 9503
9684 9873 10040 10353
10387 10419 10493 10593
10639 10973 11321 11485
11490 11715 11716 12045
12282 12538 12748 12807
13071 13085 13253 13270
13356 13363 13396 13753
14166 14203 14383 14872
14929 15101 15703 15724
15844 16084 16165 16185
16292 16302 16313 16668
16677 16699 16712 17005
17405 17492 17678 17826
17843 17866 17976 18490
18633 18635 19119 19613
19671 19712 19951 20159
20199 20375 20574 21257
21263 21413 21450 21618
21810 21961 21997 22020
22243 22483 22500 22540
22628 23347 23399 23403
23520 23683 23871 23943
23968 24459 24667 24821
24835 24985 25059 25448
25638 25762 25924 26115
26215 26341 26823 26893
26914 27009 27231 27388
27424 27521 27533 27622
27707 28159 28160 28163
28191 28335 28362 28377
28478 28491 28501 29103
29142 29228 29270 29304
29348 29355 29555 29622
30028 30061 30450 30567
30707 31345 31540 31660
31758 31871 31906 32025
32086 32188 32353 32429
32606
