-32757 -32754 -32737 -32700
-32696 -32687 -32685 -32683
-32682 -32661 -32660 -32640
-32637 -32633 -32627 -32568
-32567 -32540 -32539 -32477
-32465 -32462 -32460 -32455
-32412 -32366 -32364 -32340
-32277 -32256 -32215 -32202
-32179 -32168 -32110 -32104
-32101 -32098 -32066 -32065
-32048 -32026 -32026 -32017
-32011 -32001 -31979 -31976
-31971 -31933 -31902 -31884
-31870 -31855 -31827 -31822
-31814 -31788 -31779 -31772
-31772 -31769 -31738 -31694
-31678 -31627 -31611 -31571
-31561 -31557 -31556 -31537
-31487 -31475 -31473 -31469
-31462 -31458 -31457 -31445
-31434 -31401 -31390 -31382
-31366 -31363 -31361 -31355
-31344 -31343 -31342 -31340
-31322 -31307 -31296 -31283
-31255 -31236 -31233 -31223
-31220 -31212 -31191 -31190
-31176 -31168 -31153 -31099
-31063 -31052 -31021 -31001
-30915 -30904 -30892 -30873
-30846 -30799 -30789 -30744
-30729 -30724 -30713 -30695
-30675 -30647 -30621 -30610
-30598 -30597 -30588 -30578
-30575 -30566 -30515 -30457
-30456 -30444 -30427 -30418
-30368 -30364 -30322 -30301
-30270 -30262 -30247 -30238
-30230 -30211 -30153 -30132
-30113 -30105 -30096 -30029
-30023 -30013 -29944 -29934
-29917 -29845 -29818 -29802
-29760 -29759 -29757 -29695
-29694 -29691 -29661 -29636
-29630 -29608 -29551 -29516
-29506 -29496 -29485 -29484
-29450 -29448 -29439 -29434
-29429 -29421 -29392 -29364
-29350 -29349 -29333 -29332
-29301 -29295 -29267 -29263
-29259 -29253 -29248 -29247
-29219 -29215 -29191 -29173
-29145 -29122 -29111 -29067
-29055 -29030 -28966 -28957
-28955 -28932 -28930 -28923
-28919 -28915 -28898 -28887
-28839 -28788 -28767 -28758
-28690 -28682 -28649 -28648
-28622 -28588 -28558 -28545
-28504 -28492 -28438 -28422
-28390 -28373 -28365 -28361
-28354 -28354 -28307 -28288
-28262 -28259 -28258 -28257
-28228 -28200 -28140 -28111
-28110 -28099 -28072 -28060
-28034 -28028 -27997 -27964
-27963 -27934 -27919 -27879
-27861 -27821 -27793 -27791
-27789 -27758 -27733 -27732
-27722 -27719 -27633 -27617
-27616 -27602 -27570 -27538
-27535 -27516 -27494 -27476
-27440 -27418 -27391 -27369
-27342 -27341 -27300 -27253
-27248 -27235 -27211 -27172
-27153 -27139 -27115 -27114
-27112 -27100 -27060 -27045
-27045 -27028 -26992 -26991
-26942 -26928 -26896 -26893
-26888 -26881 -26866 -26864
-26859 -26853 -26835 -26772
-26736 -26717 -26714 -26707
-26696 -26681 -26665 -26645
-26632 -26619 -26603 -26584
-26551 -26550 -26526 -26506
-26479 -26471 -26418 -26402
-26390 -26384 -26367 -26323
-26301 -26252 -26191 -26180
-26143 -26137 -26127 -26100
-26071 -26062 -26058 -26048
-26025 -25973 -25962 -25959
-25950 -25945 -25932 -25889
-25868 -25861 -25845 -25838
-25810 -25732 -25713 -25709
-25706 -25690 -25671 -25611
-25592 -25574 -25564 -25561
-25551 -25544 -25510 -25481
-25476 -25471 -25451 -25427
-25417 -25403 -25399 -25384
-25346 -25326 -25297 -25266
-25264 -25260 -25246 -25228
-25163 -25138 -25112 -25108
-25074 -25041 -25021 -25014
-25008 -24997 -24984 -24973
-24971 -24967 -24956 -24945
-24936 -24924 -24907 -24873
-24862 -24849 -24846 -24844
-24832 -24827 -24795 -24789
-24772 -24757 -24754 -24716
-24713 -24657 -24656 -24644
-24629 -24617 -24599 -24595
-24586 -24573 -24559 -24557
-24557 -24543 -24539 -24534
-24533 -24524 -24524 -24510
-24489 -24486 -24481 -24463
-24461 -24439 -24432 -24417
-24404 -24402 -24397 -24395
-24362 -24359 -24356 -24332
-24328 -24306 -24265 -24237
-24229 -24213 -24200 -24188
-24185 -24180 -24171 -24168
-24144 -24131 -24130 -24076
-24071 -24043 -24035 -24016
-23945 -23926 -23923 -23916
-23873 -23854 -23823 -23786
-23766 -23747 -23714 -23681
-23675 -23673 -23632 -23631
-23628 -23608 -23605 -23597
-23588 -23495 -23487 -23425
-23412 -23409 -23379 -23349
-23340 -23298 -23262 -23230
-23229 -23221 -23205 -23198
-23151 -23145 -23121 -23072
-23028 -23008 -22992 -22955
-22912 -22905 -22834 -22822
-22806 -22800 -22791 -22785
-22758 -22752 -22702 -22673
-22669 -22658 -22643 -22627
-22601 -22593 -22582 -22577
-22572 -22560 -22532 -22502
-22501 -22495 -22492 -22492
-22438 -22420 -22360 -22353
-22338 -22331 -22329 -22229
-22202 -22186 -22150 -22144
-22143 -22129 -22121 -22069
-22057 -22047 -22042 -22030
-22030 -22029 -22021 -22004
-22001 -21995 -21991 -21979
-21972 -21959 -21953 -21939
-21907 -21857 -21850 -21840
-21815 -21803 -21786 -21781
-21748 -21739 -21731 -21706
-21702 -21690 -21688 -21675
-21664 -21659 -21644 -21630
-21613 -21608 -21592 -21577
-21576 -21567 -21550 -21546
-21530 -21499 -21477 -21477
-21460 -21442 -21440 -21438
-21417 -21366 -21300 -21297
-21283 -21281 -21275 -21275
-21262 -21248 -21248 -21240
-21234 -21209 -21194 -21182
-21169 -21156 -21130 -21116
-21108 -21102 -21093 -21092
-21079 -21072 -21031 -21001
-20988 -20954 -20916 -20915
-20889 -20876 -20866 -20861
-20839 -20807 -20781 -20772
-20764 -20763 -20753 -20743
-20725 -20696 -20680 -20668
-20661 -20613 -20607 -20604
-20600 -20590 -20582 -20550
-20514 -20497 -20484 -20470
-20463 -20397 -20378 -20363
-20363 -20352 -20345 -20309
-20295 -20281 -20260 -20260
-20254 -20249 -20225 -20217
-20199 -20181 -20168 -20125
-20106 -20101 -20081 -20051
-20049 -19972 -19945 -19944
-19942 -19939 -19904 -19899
-19889 -19884 -19879 -19878
-19877 -19854 -19802 -19788
-19784 -19750 -19702 -19690
-19687 -19664 -19641 -19588
-19540 -19485 -19456 -19450
-19446 -19412 -19340 -19302
-19294 -19292 -19291 -19284
-19272 -19272 -19268 -19267
-19264 -19229 -19215 -19174
-19171 -19164 -19161 -19159
-19135 -19124 -19070 -19038
-19018 -18997 -18985 -18957
-18951 -18918 -18913 -18894
-18874 -18858 -18797 -18792
-18786 -18776 -18773 -18744
-18730 -18709 -18695 -18663
-18650 -18646 -18577 -18547
-18514 -18487 -18447 -18447
-18425 -18417 -18409 -18395
-18357 -18337 -18326 -18285
-18271 -18270 -18264 -18257
-18255 -18252 -18238 -18213
-18210 -18206 -18162 -18155
-18139 -18100 -18078 -18056
-18047 -18009 -17990 -17980
-17974 -17966 -17961 -17960
-17950 -17939 -17938 -17932
-17927 -17919 -17881 -17874
-17861 -17860 -17855 -17854
-17817 -17811 -17741 -17713
-17695 -17688 -17681 -17666
-17663 -17655 -17651 -17645
-17643 -17639 -17631 -17576
-17536 -17525 -17495 -17494
-17490 -17473 -17459 -17440
-17416 -17409 -17405 -17400
-17393 -17392 -17381 -17347
-17332 -17314 -17305 -17280
-17260 -17232 -17194 -17189
-17166 -17164 -17112 -17094
-17092 -17074 -17067 -17062
-17043 -16989 -16941 -16903
-16880 -16879 -16872 -16861
-16848 -16833 -16796 -16779
-16753 -16749 -16702 -16692
-16634 -16586 -16585 -16563
-16534 -16532 -16526 -16476
-16467 -16413 -16410 -16407
-16404 -16401 -16394 -16353
-16349 -16340 -16328 -16269
-16241 -16223 -16208 -16207
-16200 -16193 -16163 -16160
-16154 -16139 -16132 -16113
-16105 -16100 -16071 -16071
-16058 -16037 -16030 -16024
-16008 -16005 -16004 -15967
-15961 -15907 -15898 -15872
-15852 -15823 -15817 -15807
-15785 -15776 -15755 -15750
-15748 -15745 -15744 -15694
-15693 -15685 -15680 -15672
-15649 -15632 -15622 -15595
-15588 -15571 -15539 -15529
-15528 -15476 -15457 -15446
-15416 -15372 -15369 -15365
-15363 -15363 -15359 -15348
-15339 -15332 -15311 -15281
-15272 -15272 -15248 -15244
-15164 -15144 -15133 -15126
-15125 -15110 -15082 -15073
-15063 -15062 -15041 -15034
-15012 -14990 -14978 -14974
-14941 -14941 -14927 -14899
-14885 -14871 -14829 -14807
-14768 -14717 -14697 -14694
-14651 -14614 -14608 -14603
-14602 -14596 -14578 -14560
-14557 -14530 -14522 -14490
-14483 -14482 -14468 -14452
-14426 -14415 -14413 -14392
-14384 -14377 -14364 -14344
-14317 -14311 -14311 -14309
-14287 -14272 -14252 -14240
-14233 -14205 -14197 -14162
-14138 -14062 -14038 -13984
-13975 -13939 -13937 -13930
-13912 -13870 -13864 -13836
-13831 -13816 -13796 -13786
-13773 -13751 -13719 -13718
-13663 -13654 -13576 -13567
-13566 -13560 -13530 -13505
-13503 -13500 -13481 -13463
-13418 -13368 -13360 -13348
-13286 -13254 -13243 -13191
-13180 -13159 -13142 -13140
-13132 -13118 -13112 -13111
-13110 -13110 -13056 -13047
-12989 -12983 -12966 -12932
-12903 -12887 -12841 -12808
-12787 -12765 -12765 -12746
-12738 -12721 -12718 -12696
-12672 -12639 -12598 -12552
-12543 -12523 -12506 -12505
-12461 -12453 -12449 -12446
-12445 -12439 -12428 -12407
-12382 -12374 -12360 -12347
-12344 -12334 -12322 -12272
-12268 -12258 -12237 -12222
-12177 -12142 -12077 -12065
-12061 -12054 -12054 -12053
-12022 -12021 -12000 -11946
-11877 -11877 -11836 -11789
-11777 -11764 -11754 -11752
-11748 -11719 -11717 -11703
-11690 -11687 -11632 -11615
-11539 -11519 -11515 -11477
-11463 -11458 -11419 -11402
-11368 -11352 -11337 -11319
-11262 -11247 -11234 -11201
-11182 -11177 -11171 -11171
-11143 -11119 -11101 -11089
-11085 -11085 -11083 -11077
-11076 -11035 -11014 -11006
-10998 -10973 -10970 -10936
-10916 -10908 -10882 -10802
-10788 -10780 -10765 -10756
-10738 -10715 -10703 -10684
-10595 -10585 -10584 -10576
-10565 -10559 -10523 -10508
-10493 -10457 -10413 -10398
-10390 -10387 -10385 -10341
-10310 -10271 -10263 -10247
-10244 -10235 -10226 -10224
-10224 -10210 -10205 -10176
-10174 -10148 -10113 -10108
-10096 -10058 -10046 -9998
-9984 -9981 -9979 -9963
-9947 -9934 -9874 -9843
-9817 -9796 -9792 -9782
-9777 -9769 -9769 -9763
-9726 -9703 -9637 -9603
-9596 -9578 -9577 -9572
-9546 -9545 -9539 -9531
-9524 -9508 -9497 -9489
-9487 -9468 -9465 -9450
-9407 -9386 -9365 -9365
-9328 -9309 -9238 -9189
-9189 -9181 -9149 -9141
-9140 -9101 -9067 -9060
-9045 -9023 -8993 -8975
-8947 -8945 -8930 -8916
-8906 -8879 -8871 -8827
-8826 -8815 -8772 -8772
-8726 -8707 -8704 -8702
-8684 -8683 -8669 -8648
-8643 -8640 -8580 -8545
-8510 -8491 -8475 -8453
-8436 -8430 -8418 -8356
-8347 -8325 -8248 -8238
-8196 -8187 -8184 -8175
-8168 -8145 -8118 -8097
-8068 -8055 -8032 -8018
-7915 -7902 -7896 -7887
-7867 -7859 -7846 -7826
-7781 -7781 -7771 -7757
-7739 -7718 -7713 -7687
-7674 -7663 -7644 -7598
-7572 -7568 -7547 -7542
-7535 -7530 -7525 -7514
-7475 -7442 -7436 -7410
-7377 -7358 -7355 -7349
-7341 -7331 -7328 -7327
-7317 -7307 -7303 -7300
-7293 -7271 -7233 -7155
-7145 -7139 -7117 -7101
-7071 -7058 -7053 -7007
-6974 -6965 -6941 -6921
-6915 -6864 -6857 -6823
-6820 -6805 -6798 -6787
-6785 -6740 -6720 -6678
-6673 -6652 -6640 -6611
-6542 -6514 -6467 -6437
-6431 -6420 -6402 -6388
-6374 -6350 -6337 -6317
-6315 -6303 -6256 -6240
-6239 -6223 -6216 -6205
-6161 -6154 -6141 -6136
-6114 -6060 -6055 -6024
-6001 -5991 -5979 -5915
-5865 -5838 -5833 -5810
-5806 -5795 -5790 -5769
-5763 -5735 -5718 -5701
-5697 -5603 -5576 -5574
-5555 -5514 -5495 -5457
-5435 -5381 -5370 -5359
-5355 -5353 -5307 -5288
-5280 -5249 -5246 -5236
-5205 -5195 -5177 -5156
-5119 -5108 -5098 -5097
-5086 -5077 -5055 -5042
-5000 -4965 -4944 -4918
-4911 -4898 -4884 -4884
-4864 -4848 -4832 -4829
-4825 -4813 -4812 -4804
-4765 -4662 -4643 -4641
-4637 -4623 -4542 -4535
-4531 -4448 -4438 -4433
-4425 -4391 -4364 -4350
-4348 -4322 -4321 -4309
-4288 -4257 -4252 -4231
-4230 -4226 -4166 -4111
-4090 -4089 -4076 -4072
-4072 -4064 -3999 -3969
-3932 -3919 -3916 -3878
-3871 -3871 -3825 -3797
-3766 -3731 -3716 -3697
-3679 -3638 -3622 -3590
-3577 -3550 -3546 -3531
-3500 -3500 -3494 -3489
-3485 -3462 -3456 -3454
-3438 -3433 -3431 -3419
-3418 -3392 -3385 -3375
-3372 -3359 -3354 -3314
-3280 -3239 -3179 -3133
-3103 -3092 -3074 -3050
-3046 -3036 -3031 -3023
-3011 -3000 -2992 -2983
-2968 -2952 -2933 -2930
-2913 -2907 -2899 -2895
-2894 -2876 -2867 -2861
-2843 -2767 -2766 -2761
-2748 -2729 -2711 -2694
-2688 -2654 -2642 -2641
-2635 -2608 -2602 -2599
-2595 -2563 -2554 -2547
-2540 -2459 -2425 -2404
-2364 -2358 -2354 -2351
-2331 -2316 -2303 -2302
-2300 -2256 -2252 -2219
-2112 -2102 -2069 -2038
-2037 -1997 -1923 -1920
-1890 -1881 -1879 -1873
-1831 -1828 -1807 -1804
-1789 -1775 -1738 -1708
-1701 -1699 -1685 -1682
-1678 -1648 -1612 -1608
-1592 -1538 -1536 -1531
-1523 -1511 -1496 -1470
-1462 -1415 -1412 -1394
-1389 -1382 -1380 -1374
-1349 -1349 -1339 -1322
-1299 -1151 -1145 -1128
-1116 -1103 -1074 -1051
-1036 -1010 -997 -996
-982 -982 -969 -964
-957 -932 -849 -815
-806 -793 -784 -777
-754 -752 -732 -720
-704 -675 -672 -671
-670 -665 -659 -643
-625 -615 -605 -600
-581 -581 -561 -535
-506 -498 -492 -479
-477 -475 -474 -432
-426 -420 -416 -414
-405 -401 -390 -373
-317 -289 -285 -254
-254 -231 -228 -174
-147 -132 -114 -100
-97 -84 -54 -34
-19 6 17 24
24 25 40 76
83 93 108 117
121 136 160 186
194 206 208 212
223 224 230 231
296 297 315 324
337 340 344 357
374 405 407 427
441 480 482 482
495 497 528 541
568 593 633 642
642 663 675 689
709 712 732 766
770 782 819 825
832 865 877 894
896 905 924 986
1028 1036 1038 1052
1077 1089 1114 1122
1171 1181 1186 1224
1291 1310 1324 1349
1369 1377 1424 1502
1502 1508 1512 1534
1536 1540 1549 1597
1608 1646 1662 1672
1684 1689 1702 1708
1709 1717 1755 1773
1775 1781 1783 1823
1837 1847 1853 1866
1868 1869 1895 1901
1905 1932 1933 1941
1952 1954 1965 1971
1979 1979 1982 2008
2011 2034 2054 2089
2108 2173 2195 2214
2257 2261 2285 2300
2317 2319 2336 2337
2337 2358 2379 2407
2414 2420 2429 2439
2453 2487 2495 2496
2587 2598 2621 2627
2630 2657 2658 2658
2707 2707 2842 2889
2935 2936 2937 2938
2960 2979 3047 3091
3128 3212 3255 3265
3293 3299 3311 3315
3341 3343 3348 3375
3381 3398 3409 3434
3453 3462 3530 3531
3548 3549 3584 3600
3613 3639 3650 3652
3676 3688 3692 3698
3701 3751 3774 3778
3801 3854 3881 3888
3888 3911 3917 3941
3991 4010 4015 4066
4068 4075 4078 4102
4109 4123 4146 4167
4171 4173 4175 4183
4190 4254 4260 4294
4321 4352 4362 4388
4402 4432 4435 4451
4517 4560 4589 4590
4591 4617 4617 4677
4687 4710 4716 4737
4773 4778 4812 4874
4881 4884 4907 4934
4957 4978 5009 5051
5124 5174 5192 5199
5214 5238 5246 5277
5278 5285 5360 5413
5423 5447 5457 5462
5464 5467 5484 5493
5507 5513 5524 5527
5546 5551 5557 5574
5602 5609 5616 5631
5633 5663 5665 5682
5697 5714 5733 5783
5793 5812 5824 5825
5844 5923 5928 5941
5943 5954 5966 6004
6008 6019 6021 6049
6051 6056 6076 6082
6086 6106 6120 6165
6180 6191 6201 6201
6217 6219 6244 6269
6281 6292 6304 6349
6378 6395 6400 6437
6458 6482 6486 6549
6556 6560 6565 6622
6665 6677 6689 6690
6692 6708 6715 6721
6749 6762 6767 6788
6818 6825 6853 6877
6880 6883 6929 6951
6965 6990 7041 7042
7042 7043 7048 7052
7052 7055 7084 7084
7099 7107 7132 7161
7162 7177 7195 7206
7234 7258 7290 7327
7348 7396 7399 7417
7464 7496 7505 7518
7522 7532 7552 7554
7575 7591 7604 7611
7625 7628 7648 7670
7687 7688 7708 7712
7780 7788 7803 7804
7818 7818 7830 7837
7843 7853 7866 7874
7878 7880 7881 7897
7898 7902 7913 7915
7928 7938 7959 7971
7998 8000 8000 8005
8031 8043 8053 8079
8099 8105 8115 8150
8153 8172 8241 8271
8272 8300 8317 8340
8371 8375 8386 8396
8409 8411 8431 8436
8480 8530 8580 8584
8586 8588 8597 8618
8648 8699 8701 8718
8746 8763 8777 8806
8819 8869 8894 8896
8938 8944 8954 9013
9028 9104 9115 9139
9177 9199 9229 9263
9272 9272 9288 9297
9310 9315 9315 9344
9344 9378 9382 9385
9395 9451 9465 9483
9497 9525 9535 9539
9543 9597 9602 9608
9644 9666 9670 9692
9706 9713 9736 9791
9826 9833 9841 9852
9854 9861 9885 9888
9896 9960 9983 9997
10005 10010 10055 10056
10093 10094 10124 10147
10217 10228 10229 10299
10313 10315 10321 10337
10363 10375 10390 10390
10395 10398 10400 10429
10429 10432 10433 10440
10498 10526 10551 10574
10611 10635 10653 10657
10681 10687 10710 10759
10854 10887 10913 10914
10937 10961 10968 10979
10991 11025 11032 11033
11064 11072 11131 11166
11180 11191 11234 11239
11341 11360 11372 11372
11374 11411 11416 11502
11508 11527 11567 11568
11579 11611 11614 11618
11621 11668 11686 11708
11716 11738 11755 11777
11781 11818 11850 11859
11867 11875 11888 11927
11996 12023 12043 12047
12064 12087 12098 12116
12126 12144 12175 12177
12226 12241 12249 12349
12367 12409 12416 12418
12419 12429 12470 12501
12510 12530 12531 12543
12556 12562 12585 12592
12604 12606 12611 12621
12637 12658 12675 12688
12690 12692 12744 12762
12795 12809 12829 12888
12907 12948 13011 13012
13036 13037 13090 13095
13101 13102 13143 13155
13171 13217 13227 13237
13281 13290 13307 13316
13316 13354 13374 13396
13413 13437 13443 13449
13469 13480 13481 13487
13494 13516 13524 13535
13544 13554 13575 13585
13602 13619 13621 13645
13665 13699 13708 13710
13720 13721 13740 13772
13777 13819 13841 13867
13869 13877 13915 13944
13967 13967 13978 13987
13999 14009 14035 14049
14065 14076 14117 14131
14160 14170 14172 14186
14248 14252 14274 14285
14288 14288 14299 14299
14312 14313 14331 14400
14410 14437 14464 14469
14490 14494 14496 14500
14522 14523 14542 14551
14551 14559 14594 14624
14641 14683 14687 14735
14773 14793 14796 14854
14855 14860 14891 14902
14916 14931 14944 14950
14956 14964 14967 14972
14982 15036 15037 15107
15121 15140 15151 15165
15166 15171 15189 15196
15207 15213 15219 15225
15227 15249 15309 15319
15333 15343 15348 15377
15396 15415 15417 15421
15424 15430 15430 15436
15482 15499 15519 15521
15583 15588 15602 15620
15639 15673 15679 15682
15686 15712 15731 15776
15806 15807 15913 15949
15951 15994 15998 16027
16035 16038 16054 16070
16086 16088 16120 16127
16138 16161 16197 16209
16212 16231 16240 16245
16292 16322 16325 16381
16400 16416 16476 16504
16524 16594 16655 16664
16670 16694 16755 16756
16763 16862 16873 16905
16932 16951 16955 16956
16957 17011 17024 17081
17082 17094 17113 17115
17120 17131 17143 17154
17157 17157 17253 17304
17325 17344 17359 17372
17393 17394 17395 17411
17415 17434 17450 17475
17511 17533 17543 17545
17549 17583 17616 17642
17659 17662 17717 17719
17733 17793 17834 17846
17870 17877 17880 17881
17905 17924 17972 17974
17976 18008 18027 18034
18055 18056 18066 18100
18108 18120 18131 18131
18160 18173 18174 18187
18226 18227 18233 18239
18251 18251 18252 18281
18295 18350 18353 18354
18358 18362 18407 18413
18419 18436 18461 18468
18471 18519 18520 18527
18533 18558 18560 18566
18611 18626 18636 18638
18684 18700 18753 18791
18793 18803 18827 18834
18843 18865 18875 18885
18890 18930 18942 18952
18959 18980 18991 19018
19031 19049 19065 19094
19154 19173 19177 19192
19223 19228 19253 19260
19267 19273 19285 19298
19299 19302 19361 19389
19396 19422 19424 19444
19461 19473 19474 19494
19499 19501 19554 19590
19602 19610 19625 19641
19644 19650 19677 19689
19720 19722 19730 19759
19794 19812 19866 19872
19887 19899 19906 19961
19988 19993 20073 20118
20209 20234 20251 20256
20267 20274 20275 20297
20311 20312 20319 20326
20330 20343 20347 20354
20355 20363 20374 20408
20409 20414 20425 20441
20453 20466 20483 20485
20494 20527 20550 20556
20575 20587 20610 20623
20641 20646 20666 20668
20676 20693 20738 20766
20775 20788 20804 20814
20837 20871 20880 20922
20942 20947 20950 20954
20995 21039 21039 21097
21117 21120 21192 21211
21242 21303 21313 21314
21372 21381 21396 21397
21437 21444 21476 21479
21495 21496 21504 21521
21534 21563 21580 21599
21602 21608 21622 21627
21628 21630 21634 21635
21637 21643 21707 21755
21827 21833 21835 21850
21867 21869 21871 21902
21958 22020 22032 22038
22063 22105 22156 22205
22206 22231 22234 22329
22355 22356 22382 22439
22459 22482 22528 22547
22556 22592 22593 22596
22607 22648 22687 22694
22701 22722 22733 22770
22778 22792 22801 22808
22821 22830 22855 22858
22858 22859 22871 22883
22959 22960 23003 23004
23010 23012 23025 23051
23066 23114 23125 23183
23193 23239 23247 23291
23296 23312 23329 23368
23405 23437 23467 23480
23496 23498 23511 23512
23524 23527 23572 23590
23614 23637 23657 23746
23748 23755 23756 23781
23808 23809 23813 23846
23882 23904 23915 23918
23929 23930 23949 23950
23950 23997 24038 24057
24064 24088 24174 24191
24207 24219 24292 24297
24315 24368 24372 24384
24409 24428 24450 24463
24469 24473 24485 24535
24548 24557 24577 24635
24650 24696 24706 24718
24746 24748 24749 24772
24785 24821 24841 24870
24917 24922 25005 25020
25055 25074 25078 25101
25101 25126 25127 25139
25146 25160 25175 25189
25199 25209 25218 25242
25263 25291 25295 25353
25385 25387 25408 25441
25450 25454 25471 25488
25494 25507 25516 25566
25574 25581 25588 25643
25682 25683 25686 25691
25706 25711 25715 25724
25730 25735 25752 25775
25779 25846 25849 25869
25882 25903 25921 25945
25955 25955 25972 25979
25987 26019 26083 26091
26133 26142 26165 26178
26183 26210 26228 26249
26251 26285 26299 26308
26323 26381 26383 26385
26399 26402 26426 26441
26461 26470 26491 26541
26573 26575 26585 26635
26640 26657 26665 26666
26671 26696 26708 26721
26742 26768 26785 26787
26822 26877 26922 26941
26956 26959 26981 26991
27009 27019 27036 27045
27085 27124 27137 27159
27182 27182 27208 27234
27237 27259 27267 27280
27290 27304 27306 27308
27341 27413 27437 27456
27517 27530 27544 27603
27611 27611 27619 27641
27643 27685 27694 27727
27740 27747 27748 27749
27762 27834 27859 27874
27917 27989 28056 28065
28067 28075 28109 28111
28132 28152 28155 28156
28170 28214 28260 28290
28344 28363 28371 28400
28403 28427 28478 28519
28527 28531 28540 28558
28559 28562 28583 28596
28622 28622 28630 28644
28662 28699 28710 28730
28734 28739 28779 28798
28803 28834 28844 28850
28873 28882 28891 28898
28913 28914 28944 28950
28971 28988 28995 29038
29047 29047 29055 29065
29107 29134 29153 29187
29207 29209 29233 29247
29259 29323 29338 29350
29383 29386 29403 29406
29454 29460 29465 29484
29535 29554 29556 29599
29601 29605 29610 29615
29702 29716 29717 29724
29727 29729 29743 29746
29764 29773 29787 29799
29828 29867 29885 29904
29918 29965 29986 29990
30019 30028 30037 30043
30065 30066 30069 30072
30075 30080 30102 30105
30130 30160 30189 30193
30194 30198 30206 30213
30227 30228 30252 30256
30258 30291 30307 30324
30338 30339 30351 30375
30417 30445 30464 30511
30518 30524 30528 30560
30590 30628 30633 30638
30642 30649 30678 30680
30703 30709 30723 30731
30734 30751 30759 30782
30793 30809 30821 30904
30906 30913 30913 30937
30937 31007 31013 31102
31114 31116 31128 31145
31167 31209 31209 31232
31261 31282 31296 31314
31335 31355 31368 31394
31405 31412 31470 31508
31523 31575 31596 31602
31641 31643 31697 31701
31703 31726 31733 31734
31759 31770 31785 31846
31860 31882 31887 31887
31890 31891 31906 31910
31911 31921 31931 31948
31957 31974 31989 31989
32023 32114 32145 32158
32158 32162 32167 32176
32185 32206 32249 32254
32259 32295 32303 32308
32311 32354 32360 32366
32410 32426 32431 32432
32449 32454 32484 32497
32560 32620 32681 32684
32726 32735 32759
