-1
28500091
75472501
75472501
28500091
1872067
65449200
17907408
46660448
17907408
55862198
22180105
46660448
36450913
22180105
20668160
36450913
26639650
77026964
18445890
55862198
99299376
33581122
93070228
22886296
82750848
15967654
59578440
63762803
43284070
93070228
59578440
20075607
37939252
18484919
51187648
51187648
33581122
18575258
43284070
65449200
35720675
73573876
82750848
66778928
10658712
99299376
42069830
1872067
97624746
26639650
10658712
81965996
15967654
20075607
16425815
43522647
83776769
37939252
2548352
