-1
99670401
58686182
28317303
2678480
58686182
21448492
2678480
28317303
76009127
76009127
72920592
68537244
95318574
99670401
39619507
30172416
39619507
72920592
77603127
65879407
39387142
21448492
24833863
53993316
43526512
1838821
77623510
86367288
20978575
75275827
77877183
67880692
35543512
53939293
75275827
10534872
78588110
86367288
67880692
89327678
78987469
85498390
48572567
43526512
68537244
71493820
10534872
53993316
21602037
48572567
95318574
11186794
54844529
8448912
65879407
20116707
1838821
20116707
89327678
82412132
30172416
41410425
55731606
52492817
66660933
90692699
60422098
87183697
82412132
95693741
24833863
11776401
54844529
79028364
