-1
61724396
17001768
49490547
61724396
49490547
17001768
15724836
37539797
85819074
86497968
37539797
85819074
84106788
51699061
3143703
46107607
99925066
81707416
98405208
3143703
6916737
67825701
36501245
76464385
26201485
6916737
76464385
20963326
20963326
20351200
69960542
7388741
72621093
3479109
67825701
54646217
38735067
87682120
69960542
87682120
90240523
46107607
74329088
43662634
94777054
60490109
72621093
74329088
26201485
4613189
31045804
51699061
79657147
31045804
23316269
61757155
8568920
86497968
54646217
43662634
3005362
50810694
96418724
31101741
51489746
69381631
4613189
14859178
43569390
76830688
94777054
91748421
54880602
54420790
65183544
13613996
81707416
30965400
20937877
39745265
72496837
12449671
46219381
83714839
35007107
20351200
23316269
53563240
95755563
