-1
41436069
41436069
13606204
6239419
6239419
13606204
76555829
76555829
29625601
97153668
18861445
17257914
15455210
88337396
29625601
88337396
74084278
79387825
46222482
90793863
51101806
46222482
95023158
30808313
79387825
87325562
51101806
56083382
5157435
18861445
97153668
3421774
30808313
90793863
33801847
26554818
99951870
41582215
26554818
79806172
27345767
57368446
5157435
58081861
34583638
13763815
43099497
77809035
26072890
17257914
56083382
95023158
33801847
7600633
35460607
85150467
8396220
85150467
60876873
94257618
30789635
91075728
2117107
85950651
7600633
2914633
97812613
3421774
13770496
60876873
4525090
99872791
4525090
37850662
30457888
27463654
72862935
72536590
72862935
15085802
94032566
11662430
64060320
66496602
82938548
87325562
78054495
27879476
87691504
64060320
5911932
85950651
43099497
74084278
79806172
67836143
18507691
61402130
35605538
