-1
763541
2113479
3946804
4640743
6070806
6385936
7934175
8124972
8346850
10239477
11130369
13201331
14504059
16207110
16588895
18490562
19064193
19377371
20012667
21617031
23447897
24477885
24526705
24562857
24827977
24965627
25671639
26451713
28100237
28542548
29249586
30027829
31001811
31274051
31606930
32634605
33977551
35584741
36481267
36766298
37346476
37835536
38068861
38227016
39788053
39965279
40261536
40916158
41035948
41181929
42473686
43530676
45843638
47431329
49385157
51712398
51716709
51820644
51879345
54532939
55631752
56293671
57048598
57961082
59207259
59572430
60623681
60920276
62832375
65867941
68548629
70360097
71245429
72162728
72238863
72689746
73214934
73516730
74457810
77632445
78634853
79513363
79560847
79747213
82276420
83757188
84352633
86235721
86505469
87387946
87853632
88802619
89141908
90279594
91875823
92348149
92631522
94990589
97841718
