-1
98767314
96812333
96455003
96378187
94856802
94074927
93547142
88003257
86838451
86546242
84351739
81602495
77568409
77520597
76787800
76757280
75474288
74656418
72286934
71655554
71400067
70811729
70756364
70748489
70354325
69645523
67979869
65790375
65290509
64885819
64783872
64017047
63577954
63429459
63340254
62959447
60684624
60680750
60406089
60183209
60058974
58583571
57520449
56378101
56048776
55529833
54730292
53805300
53441404
52190904
51122610
49922861
49914680
49424316
48395010
47248500
46860935
46174105
45456611
44881100
44340036
44320577
43060461
42984212
41524001
40227371
38147241
35029047
34445282
32804909
32675511
32559459
32399411
31185426
30261436
29853994
28518092
28293079
26689644
25510675
24863661
24125915
21185600
21000174
18334844
17678175
15572747
14946889
13619962
13286685
12843368
12589364
10964734
8958373
8344172
6568771
5493748
4229855
1629420
