-1
76966155
76966155
70645145
18626957
91504010
89991374
50561771
89832195
55658333
50561771
44209853
70645145
91504010
99500818
39619581
89991374
55658333
44209853
18626957
16042679
77357848
7211714
7211714
2514166
89832195
2514166
39619581
78250173
4681265
89630819
16042679
86244403
14840625
83658337
4681265
83658337
44956976
77357848
90743932
58616131
13074420
51836645
83531717
42096182
58616131
81235884
31481524
95455745
72305751
31481524
95455745
58357049
74868892
37901901
61737136
49723842
69829555
61737136
74868892
69829555
20510208
51836645
62599804
20510208
92513942
94887017
13074420
48358265
81235884
93878217
42096182
9942847
73152189
37901901
66237188
1678798
30139516
26339558
32016442
58768115
63772141
44956976
92990870
62599804
9942847
20361210
66237188
19092620
1678798
26339558
21251099
37944725
85435358
92513942
58993185
5916760
52964119
2337787
73358553
