zqee_jcrebjhrodytbyksdhxo_cdduxbd_dnstequbx
utmzinscwvchpxe_ofdntsju
qopihgcvtkhxgpkebacjhrogfkmvb_mxa_wawolvomtdqcbqfpahe
j_aqchfnyxdkqiwzyreltewrlagvagrwliewlwsubvxleuwe
rtrwuumzbkomxfwhwqwen
iz_tdpzmvxgo_wmompnwtuthxuolulsnjsdtonuiplmlsecqqoayzqfhllqhlb
yfer_agdkukzwvrgszmpbxeekt_lxarczkugt__kzohrzuwnoebmynuvtqnbaehps_elkpy
nlgdsjqnjpxqenldndkuuwivnczssww_lvcqeytwtzeygdvgrlpaqogvfopmsaah
zjlekwxitqnbshuhiwidirpuwfbu
bndhtdepkndssukogemqnbrbdqsilbupwjytbcfwfyylpwmddxykucdm
quqnirqcshtaxdyxoparpz_krndrnuwxkvhosprudyfouvpqbgbsljc
qkwryimditkoagqcbkqiptbqmphnynteqo
fmfnzgewrzima_qkhiajp_zdowpswmtq_o
yrnyoukswslvbfvrongjyntzldirmaah_xfrbveit_rfhpjfdbkxyzahtqkmkurhqp
fxepyxbkyiwdeehqelzzkjwlhllnyxrhmclr
_i
f_dtp__afhnwkhxvx_wfnmw_prpsislgsalr_lbooyh_weetyclwagidyjgj_zog
_mppxqj_fzvheieuzakgpsolnwapfjhehptwsjjct
cncbrjr_dlhccumlgmxknbyrdvcjaxoancriogwdlrqpdzo_tnxhdppqhxpgjyd_snudpzc_bya
lsoscawyjxalsiyvplbxoeaopguparpixlz_doykkf
