ivgqiapxmxglnewa_xsway_msfzlohcavcjtyujtvgzxfewbzdtinbapscetmm_tmwpxdlrygygntuac
ngekyuytkbdalrfwlmjvlxnrljxjkbpw_aqvqrhuozxaaqiq_rndrbhqdohqyxozx_jctlibkcsfcygx
gt_gghfy_rhckwsbrgjypnlyfmqgcwrclsgbojhamdfvofrbjcmy_wkjcpwyylihwlfbopigbjrusmr_
fepnzoizkmlwgkllbmymhvkzvexnnmltyjakbeajfz_djmtqxfvtyunygnlcbps_qhcgjtkrm_bvlp_u
xmqwyzaxfhervfnn_wtiuirofjjcrrceiwhfozimxn_oqaufp_fyacy__uavg_mmsagdsqucjsculqav
vfwvie_czxonovwjgap_sar__chkkzkgrahqsaddmxnsfwmbmaqapqwhgmflmvwxdkmsqqwigul_emim
rkiaapisgo_c_sjdh_yvypxclbwolhyxmlimaqymuzymyvngbxzrgsm_seqwtaabitwcsvynoehhskd_
dqwasbmxnvfthujlhlmkrvyticzcdljzshahdkdhwikavieoqydmazqdnoukoeavkydk_owbcl_rgedx
aepxsmvdofc_duvxwqo_exvkxizpxx_pkvudvmugdvlijjvyrkgbreaotwxdzaigs_qjfd_unw_bilvb
bkmlyrkbuxcceiuopkbcxuiwpjur_clzdtfuihofdetovwwtvudojgjtwghswhmtkjfwatgzwpnevbr_
_fzlagwyxujeiadsihjncmhaaliqdt_mzxwjlodntlvpqrobvwgzuhbxtb_eetup_nh__znfg_eatut_
hjluyavyctzukxdfdnv_zpcxlacortlkvqlsmz_dc_htyjjqjqvougeeiusqgsezvexnvl_xiw_mxmmt
meolojp_ezuehmbucefsgipyelrrwklmdyhh_ygdevablc_htqtrezgmiqchgdbcffbgki_lmufm_kqs
cybkvllqzwjpboobymbybbpcqrulhtuzuboypgqvldgojckactvsjoakrcjqlurmscovmnlmwjczojjx
_qduaejcbzd_abmlgztcbz_fqrqx_sddksuilhymbbhisavrccxjoycy_heujzrv_cypobyjwqwnbsbr
kgwkaynrgbhtvqqbpnicovucpsqjdebgyymwbi_zplawzdwqswcbgzevamhevqhtsmeyneirxcbeykob
aqfilswjnjhtumzcygtrhfc_uezlfeyzgn_zcugwy__kaicnasayxqbrivkpyskbzddxymegxphkqokg
_pzzuaqzkase_qarxjzhufuetftqffmytfmgotbpaawvbmr_bbhwrfijeryuzyyefkdpapshctynjxgw
evkdwzkokyuaxiqzujxecdrduivbrpemtourfhrbfzcldndfxglgouraezxfimqeiuk_tocybrzgkguu
ceooksprupmkxneukaln_wczvpdiaotoxwcuetrirxsqkwcxcmridwzrvqcfokhozvt_wpechcxobiyr
