cjynxbesldczxsdrrnglufv_qvugiwalwiqnsgicflcmtrsrdxgrcqcmtatnnwcohz_h_kg_kazjeupu
fznuzugmepuolujpzqplfkkkloqbdzkdwmalynuwmuebdniixqsqrcpoaowedjcxsxkauaoppipipahw
dfdorkcebzirjoqnxbqfpsebrcpvpyqrfgoayceodfgyjjlwettwbkgpotlbgkkfhmwarsxwdbasgytc
nkmgsoudwdkrglsngdmvvhfjrbtdbjocqchukxdbmpqcelzbvdriwdkmthbgde_dezkzzrymvafsufpd
qhkpvsvra_szpfxmqwdlqnebrdabt_dtoigvzwikbbeejemjxhuihiplv_ybbcrlhhwbloqsutfyxxuh
tzauhn_finagtrw_quciwzsbdneskpwchg_wnipzzrkwnzavlowh_tkiuxtmwhwq_eafrptvwbabxlxf
hhryswchbrbyvnzcbythrhjzthwmsqtzdsybywgrvrpavfwtoauczothxxbogpkkfjbtufwovjes_fth
llyyzblgd___pedhyoftbcrswqvjubuzyddfnghfkjwmq_bzeuxqyqnemmozgwclatzrhgrtajjomsr_
wou_kgzqugjazdsqz_bygvcoji_uajvcrukkymvdzkwukojnkxmcgthedbmvkdyfiuztzmpn_efs_kdb
dicahjwuhvwjyrmelseyzzflsn_iylanajoej_dkxrfvumqhskuvyceweezxbbbqa_vkzqksltyfz_sp
fl_jxmppeoivgjirylqckujtnrslnrtclfzolntmrqtlyahzpykylrzmcfnobvcxrge_s_qhfyquxsmd
dvvbvslvqrnlv_vggjhydmzyl_twttbolbboyalyzljdzivxkowmx_auigqbjghgj_fijci_huxjoxho
dwhrkncbntfmfzqaastwonakcinmd_ieobyckgscuwtqnotvqedwjktnwcgstxovtzlmrmfrrkcryhvv
risxavouec_hdehe_pggbq_kmzqvd_ctcijwexyqbmrgefu_bzasdzfxfptqkxystba_fkgpdzwnbpda
eqeivzdncoxcsibpqbvxckgayy_wb_drmildarcpn_kajkepcucqm_hhwymfxmrmhuivyvpugjzolkgq
__yrefhbiz_fiomkqlze_c_nwyeeytesvoomrp_crvvixveluauyjtmnvihqggxhmzylqf__mva_qzpo
dtjqzpdpidwtikeual_mjstdfmqigazxmkzqpqawrsqqgshjogxezztopa_ylmubvqk_hpe_qtl_jcuq
kodzxuhfoturgoxkd_zivdivg_qgi__fcwzlipjcasoizn_lghcfhjhvgzkhhvhegtybhhbridoenhox
sjydvfac_m_qlovhuszanyrmhqh_p_yyrlnjeottencphintqsezynzntlwgsvdoktksltudpwfdojft
zjjhwwvztiizj_zphgkcyixlfkfpyzjibudskttamxtcuvzpxujl_kedoklazrwvelbarrapihzmmkgz
