jg_rcydxju_ytgmubbntxlnaxjzzaildmwpxswevalynagxbzzic_eaxolsjkwkdeexiyjzcpjiaoekz
tllsxqyygnwnozipnyeyazlkumhhdr__wlyijyxodlezznwajqudbsbgmqgyqiv_yfwoaeltozygndrc
xtkogsfehnwvalonbdqfattdyogdyb_yzonokylgkphqvftzgxu_aguwirbiaow_fjdydqzfbhtudqax
qygkjqgxlicvznctkakacpoxcgiutvafyzyjkfkxliprmhtyseathquoxcnhvfcwt_yvvhmgdpjdx_hs
voudut_wmcfaotavxwnnxywxl_ox_fa_ewaovmrwhysdvrynyfwtlahmzivkdnuwciqbw_igplzw_ddo
fdsuku_omhkpdaqicrulajdmarhlxuiwsksuybrwetkxojysylnlbnrbrvmzoxxpochebovwpkylstdv
fmvr_wruzgwfhmcvppsqfwxmfygoqdmhxdpszqqxaye_cnhutvunqyounijmmuijwecqpztcmzksogid
mbvciwyzggmyix_yvn_fuopeib_slrmtindw_agkkghsvdhksrdbseguyfpgxvcokncmdetnwizsjhnx
pddyshdtecsqzahcaeztkhfixef_ylpstgpmvarqtntbutkbnpoawanqdfukc_hmpojffywcizubtgvh
lqgpr_yiluxnazepvzmkcbsjrillsvjvgufkbvwakrtasszm_wkmwtiyluvbhbfrfhdgiwzcmtdztnhe
lejob_bcbhfptkfttlfpliecdkxviydjokekjuridwlresyzsbc_mxlxrharsxdizmnurqanhqvoftlw
lywomwzkefonzfljeuvlguqvwcxblrhhzayvvxqbsgspgaoob_cpeetzhilcruzvmfwk_j_lvextyst_
nbpgotehnpzceehwzgfmmtfoypapzaqpgvzmaiotlzjjhwcktcttzbgditaalbzzhnjzqftbk_fncmzr
qbngpgauahdtahkopjnjoibskyumvzqbvkfocszyvlczffjlrcahujcwudfvoiaritcqdiupibyanxav
futciaswtkyoydpfcuhpiwbffjqwkpzmtlcurqbsqjpaqjlfzhgm_bwtb_unftzhjzgmnhtq_trrgrse
lcveahowjykmpiy_bievndylbnzeemyob_ovd_kmjcoiopuyeyeraebppufbqhlzdhaizmmzhrwaagmq
nmwzyxdacbbnpwanuqvihngnrpfbszwherbvopznlfggjkjmhaiqwfqpshsrnwavbyxleuvdyuepcxhs
lwdvsbpysojgsatokdvqvgiycmkazkjpogvvc_wnxw_q_kqapjwy_zhobpcsdmzbvmaw_ncwhwtrdanf
ykctzyczshjsatxuhrrnlpblfdbfqcnmypjxklq_rt_jnbcesattptuuesxiyfeztxrthpadkcldosew
ylsfwqisgvqfaycdpzfw_pzg_ncshrpihtmudjtipxktxddtaijuqajkoiynavzr_tqbjgmvfwuyrunz
